warning: unused import: `ExampleType`
  --> src/docs/tutorial.rs:21:46
   |
21 |     CodeExample, DifficultyLevel, DocConfig, ExampleType, Exercise, Tutorial, Tuto...
   |                                              ^^^^^^^^^^^
   |
   = note: `#[warn(unused_imports)]` (part of `#[warn(unused)]`) on by default

warning: unused import: `std::path::Path`
  --> src/error/enhancement.rs:24:5
   |
24 | use std::path::Path;
   |     ^^^^^^^^^^^^^^^

warning: unused import: `BehavioralSpec`
  --> src/error/intent_analysis.rs:22:33
   |
22 | use crate::semantic::metadata::{BehavioralSpec, IntentSpec};
   |                                 ^^^^^^^^^^^^^^

warning: unused imports: `Expression`, `Statement`, and `TypeSpecifier`
  --> src/error/structured.rs:20:18
   |
20 | use crate::ast::{Expression, Statement, TypeSpecifier};
   |                  ^^^^^^^^^^  ^^^^^^^^^  ^^^^^^^^^^^^^

warning: unused import: `HashSet`
  --> src/llvm_backend/mod.rs:37:33
   |
37 | use std::collections::{HashMap, HashSet};
   |                                 ^^^^^^^

warning: unused import: `std::path::Path`
  --> src/lsp/server.rs:20:5
   |
20 | use std::path::Path;
   |     ^^^^^^^^^^^^^^^

warning: unused import: `BasicBlockId`
  --> src/optimizations/constant_propagation.rs:21:18
   |
21 | use crate::mir::{BasicBlockId, ConstantValue, Function, LocalId, Operand, Rvalue, ...
   |                  ^^^^^^^^^^^^

warning: unused imports: `BasicBlockId`, `LocalId`, `Place`, and `SourceInfo`
  --> src/optimizations/inlining.rs:22:5
   |
22 |     BasicBlockId, Function, LocalId, Operand, Place, Program, Rvalue, SourceInfo, S...
   |     ^^^^^^^^^^^^            ^^^^^^^           ^^^^^                   ^^^^^^^^^^

warning: unused import: `std::collections::HashMap`
  --> src/optimizations/inlining.rs:25:5
   |
25 | use std::collections::HashMap;
   |     ^^^^^^^^^^^^^^^^^^^^^^^^^

warning: unused import: `Constant`
  --> src/optimizations/interprocedural.rs:22:17
   |
22 |     BasicBlock, Constant, Function, Operand, Place, Program, Rvalue, Statement, Te...
   |                 ^^^^^^^^

warning: unused import: `BuildConfiguration`
  --> src/package/builder.rs:21:32
   |
21 | use crate::package::manifest::{BuildConfiguration, PackageManifest};
   |                                ^^^^^^^^^^^^^^^^^^

warning: unused import: `CacheStats`
  --> src/package/builder.rs:22:35
   |
22 | use crate::package::{BuildConfig, CacheStats};
   |                                   ^^^^^^^^^^

warning: unused imports: `BinaryOp` and `Expression as ContractExpr`
  --> src/patterns/catalog.rs:20:38
   |
20 | use crate::verification::contracts::{BinaryOp, Expression as ContractExpr};
   |                                      ^^^^^^^^  ^^^^^^^^^^^^^^^^^^^^^^^^^^

warning: unused imports: `Block`, `Expression`, `Function`, and `Statement`
  --> src/patterns/composition.rs:20:18
   |
20 | use crate::ast::{Block, Expression, Function, Statement};
   |                  ^^^^^  ^^^^^^^^^^  ^^^^^^^^  ^^^^^^^^^

warning: unused import: `crate::error::SourceLocation`
  --> src/patterns/composition.rs:21:5
   |
21 | use crate::error::SourceLocation;
   |     ^^^^^^^^^^^^^^^^^^^^^^^^^^^^

warning: unused import: `Function`
  --> src/patterns/mod.rs:23:37
   |
23 | use crate::ast::{Block, Expression, Function, Statement};
   |                                     ^^^^^^^^

warning: unused import: `crate::error::SourceLocation`
  --> src/patterns/mod.rs:24:5
   |
24 | use crate::error::SourceLocation;
   |     ^^^^^^^^^^^^^^^^^^^^^^^^^^^^

warning: unused imports: `FailoverConfig`, `FailoverThreshold`, `RecoveryConfig`, and `self`
  --> src/release/distribution.rs:23:22
   |
23 | ...::{self, DistributionConfig, FailoverConfig, FailoverThreshold, RecoveryConfig};
   |       ^^^^                      ^^^^^^^^^^^^^^  ^^^^^^^^^^^^^^^^^  ^^^^^^^^^^^^^^

warning: unused import: `crate::error::SemanticError`
  --> src/release/mod.rs:26:5
   |
26 | use crate::error::SemanticError;
   |     ^^^^^^^^^^^^^^^^^^^^^^^^^^^

warning: unused import: `OwnershipKind`
  --> src/semantic/mod.rs:32:20
   |
32 | use crate::types::{OwnershipKind, Type, TypeChecker};
   |                    ^^^^^^^^^^^^^

warning: unused import: `crate::types::Type`
  --> src/verification/contract_to_smt.rs:20:5
   |
20 | use crate::types::Type;
   |     ^^^^^^^^^^^^^^^^^^

warning: unused imports: `AggregateOp` and `TemporalOp`
  --> src/verification/contract_to_smt.rs:22:5
   |
22 |     AggregateOp, BinaryOp, ConstantValue, Expression, QuantifierKind, TemporalOp, U...
   |     ^^^^^^^^^^^                                                       ^^^^^^^^^^

warning: unused imports: `Deserialize` and `Serialize`
  --> src/verification/contracts.rs:30:13
   |
30 | use serde::{Deserialize, Serialize};
   |             ^^^^^^^^^^^  ^^^^^^^^^

warning: unused import: `crate::ast::PrimitiveType`
  --> src/verification/vcgen.rs:23:5
   |
23 | use crate::ast::PrimitiveType;
   |     ^^^^^^^^^^^^^^^^^^^^^^^^^

warning: unused import: `crate::types::Type`
  --> src/verification/vcgen.rs:26:5
   |
26 | use crate::types::Type;
   |     ^^^^^^^^^^^^^^^^^^

warning: unused variable: `receiver`
   --> src/concurrency/actors.rs:377:22
    |
377 |         let (sender, receiver) = mpsc::channel();
    |                      ^^^^^^^^ help: if this is intentional, prefix it with an underscore: `_receiver`
    |
    = note: `#[warn(unused_variables)]` (part of `#[warn(unused)]`) on by default

warning: unused variable: `strategy`
   --> src/concurrency/actors.rs:622:12
    |
622 |     fn new(strategy: SupervisionStrategy) -> Self {
    |            ^^^^^^^^ help: if this is intentional, prefix it with an underscore: `_strategy`

warning: unused variable: `worker_id`
   --> src/concurrency/async_runtime.rs:350:13
    |
350 |         for worker_id in 0..self.config.worker_threads {
    |             ^^^^^^^^^ help: if this is intentional, prefix it with an underscore: `_worker_id`

warning: unused variable: `start_time`
   --> src/concurrency/sync_primitives.rs:568:13
    |
568 |         let start_time = Instant::now();
    |             ^^^^^^^^^^ help: if this is intentional, prefix it with an underscore: `_start_time`

warning: unused variable: `metrics`
   --> src/concurrency/sync_primitives.rs:711:23
    |
711 |         if let Ok(mut metrics) = self.rw_lock.metrics.lock() {}
    |                       ^^^^^^^ help: if this is intentional, prefix it with an underscore: `_metrics`

warning: variable does not need to be mutable
   --> src/concurrency/sync_primitives.rs:711:19
    |
711 |         if let Ok(mut metrics) = self.rw_lock.metrics.lock() {}
    |                   ----^^^^^^^
    |                   |
    |                   help: remove this `mut`
    |
    = note: `#[warn(unused_mut)]` (part of `#[warn(unused)]`) on by default

warning: unused variable: `metrics`
   --> src/concurrency/sync_primitives.rs:718:23
    |
718 |         if let Ok(mut metrics) = self.rw_lock.metrics.lock() {}
    |                       ^^^^^^^ help: if this is intentional, prefix it with an underscore: `_metrics`

warning: variable does not need to be mutable
   --> src/concurrency/sync_primitives.rs:718:19
    |
718 |         if let Ok(mut metrics) = self.rw_lock.metrics.lock() {}
    |                   ----^^^^^^^
    |                   |
    |                   help: remove this `mut`

warning: unused variable: `response_receiver`
   --> src/debug/debugger.rs:390:31
    |
390 |         let (response_sender, response_receiver) = channel();
    |                               ^^^^^^^^^^^^^^^^^ help: if this is intentional, prefix it with an underscore: `_response_receiver`

warning: unused variable: `debugger_process`
   --> src/debug/debugger.rs:393:13
    |
393 |         let debugger_process = self.start_debugger_process(&program_path)?;
    |             ^^^^^^^^^^^^^^^^ help: if this is intentional, prefix it with an underscore: `_debugger_process`

warning: unused variable: `target_info`
   --> src/debug/debugger.rs:401:13
    |
401 |         let target_info = TargetInfo {
    |             ^^^^^^^^^^^ help: if this is intentional, prefix it with an underscore: `_target_info`

warning: unused variable: `diagnostic`
   --> src/debug/lsp.rs:593:21
    |
593 |                 let diagnostic = Diagnostic {
    |                     ^^^^^^^^^^ help: if this is intentional, prefix it with an underscore: `_diagnostic`

warning: unused variable: `name`
   --> src/debug/lsp.rs:636:18
    |
636 |             for (name, symbol) in &semantic_info.symbols {
    |                  ^^^^ help: if this is intentional, prefix it with an underscore: `_name`

warning: unused variable: `uri`
   --> src/debug/lsp.rs:789:35
    |
789 |     pub fn get_diagnostics(&self, uri: &str) -> Vec<Diagnostic> {
    |                                   ^^^ help: if this is intentional, prefix it with an underscore: `_uri`

warning: unused variable: `categories`
   --> src/docs/examples.rs:132:13
    |
132 |         let categories = Self::create_example_categories();
    |             ^^^^^^^^^^ help: if this is intentional, prefix it with an underscore: `_categories`

warning: unused variable: `templates`
   --> src/docs/examples.rs:133:13
    |
133 |         let templates = Self::create_example_templates();
    |             ^^^^^^^^^ help: if this is intentional, prefix it with an underscore: `_templates`

warning: unused variable: `config`
   --> src/docs/examples.rs:131:16
    |
131 |     pub fn new(config: &DocConfig) -> Result<Self, SemanticError> {
    |                ^^^^^^ help: if this is intentional, prefix it with an underscore: `_config`

warning: unused variable: `output_dir`
  --> src/docs/generator.rs:21:16
   |
21 |     pub fn new(output_dir: String) -> Self {
   |                ^^^^^^^^^^ help: if this is intentional, prefix it with an underscore: `_output_dir`

warning: unused variable: `comment_parser`
   --> src/docs/parser.rs:132:13
    |
132 |         let comment_parser = CommentParser::new();
    |             ^^^^^^^^^^^^^^ help: if this is intentional, prefix it with an underscore: `_comment_parser`

warning: unused variable: `signature_parser`
   --> src/docs/parser.rs:133:13
    |
133 |         let signature_parser = SignatureParser::new();
    |             ^^^^^^^^^^^^^^^^ help: if this is intentional, prefix it with an underscore: `_signature_parser`

warning: unused variable: `config`
   --> src/docs/parser.rs:131:16
    |
131 |     pub fn new(config: &DocConfig) -> Result<Self, SemanticError> {
    |                ^^^^^^ help: if this is intentional, prefix it with an underscore: `_config`

warning: unused variable: `themes`
   --> src/docs/renderer.rs:368:13
    |
368 |         let themes = ThemeManager::new()?;
    |             ^^^^^^ help: if this is intentional, prefix it with an underscore: `_themes`

warning: unused variable: `search_paths`
   --> src/docs/renderer.rs:539:13
    |
539 |         let search_paths = vec![base_dir.join("templates"), PathBuf::from("templa...
    |             ^^^^^^^^^^^^ help: if this is intentional, prefix it with an underscore: `_search_paths`

warning: unused variable: `helpers`
   --> src/docs/renderer.rs:558:13
    |
558 |         let helpers = Self::create_default_helpers();
    |             ^^^^^^^ help: if this is intentional, prefix it with an underscore: `_helpers`

warning: unused variable: `processors`
   --> src/docs/renderer.rs:879:13
    |
879 |         let processors: Vec<&dyn Fn(&str) -> String> = vec![];
    |             ^^^^^^^^^^ help: if this is intentional, prefix it with an underscore: `_processors`

warning: unused variable: `options`
    --> src/docs/renderer.rs:1185:13
     |
1185 |         let options = MarkdownOptions {
     |             ^^^^^^^ help: if this is intentional, prefix it with an underscore: `_options`

warning: unused variable: `toc_generator`
    --> src/docs/renderer.rs:1192:13
     |
1192 |         let toc_generator = TocGenerator {};
     |             ^^^^^^^^^^^^^ help: if this is intentional, prefix it with an underscore: `_toc_generator`

warning: unused variable: `options`
    --> src/docs/renderer.rs:1347:13
     |
1347 |         let options = PdfOptions {
     |             ^^^^^^^ help: if this is intentional, prefix it with an underscore: `_options`

warning: unused variable: `layout`
    --> src/docs/renderer.rs:1354:13
     |
1354 |         let layout = PageLayout {
     |             ^^^^^^ help: if this is intentional, prefix it with an underscore: `_layout`

warning: unused variable: `templates`
  --> src/docs/tutorial.rs:98:13
   |
98 |         let templates = Self::create_tutorial_templates();
   |             ^^^^^^^^^ help: if this is intentional, prefix it with an underscore: `_templates`

warning: unused variable: `config`
  --> src/docs/tutorial.rs:97:16
   |
97 |     pub fn new(config: &DocConfig) -> Result<Self, SemanticError> {
   |                ^^^^^^ help: if this is intentional, prefix it with an underscore: `_config`

warning: unused variable: `function`
   --> src/error/intent_analysis.rs:142:9
    |
142 |         function: &Function,
    |         ^^^^^^^^ help: if this is intentional, prefix it with an underscore: `_function`

warning: unused variable: `error`
   --> src/error/structured.rs:434:26
    |
434 |     fn fix_type_mismatch(error: &CompilerError) -> Vec<FixSuggestion> {
    |                          ^^^^^ help: if this is intentional, prefix it with an underscore: `_error`

warning: unused variable: `error`
   --> src/error/structured.rs:455:29
    |
455 |     fn fix_undefined_symbol(error: &CompilerError) -> Vec<FixSuggestion> {
    |                             ^^^^^ help: if this is intentional, prefix it with an underscore: `_error`

warning: unreachable pattern
   --> src/lexer/mod.rs:716:17
    |
685 |                 Some('\'') => {
    |                 ---------- matches all the relevant values
...
716 |                 Some('\'') => {
    |                 ^^^^^^^^^^ no value can reach this
    |
    = note: `#[warn(unreachable_patterns)]` (part of `#[warn(unused)]`) on by default

warning: unused variable: `function`
   --> src/llvm_backend/codegen.rs:157:13
    |
157 |         let function = self.module.add_function(name, fn_type, None);
    |             ^^^^^^^^ help: if this is intentional, prefix it with an underscore: `_function`

warning: unused variable: `i`
   --> src/llvm_backend/mod.rs:625:18
    |
625 |             for (i, stmt) in mir_block.statements.iter().enumerate() {
    |                  ^ help: if this is intentional, prefix it with an underscore: `_i`

warning: unnecessary `unsafe` block
   --> src/llvm_backend/mod.rs:919:41
    |
919 |                         let field_ptr = unsafe {
    |                                         ^^^^^^ unnecessary `unsafe` block
    |
    = note: `#[warn(unused_unsafe)]` (part of `#[warn(unused)]`) on by default

warning: unreachable pattern
    --> src/llvm_backend/mod.rs:2437:13
     |
 986 |             mir::Rvalue::AddressOf(place) => {
     |             ----------------------------- matches all the relevant values
...
2437 |             &mir::Rvalue::AddressOf(_) => todo!(),
     |             ^^^^^^^^^^^^^^^^^^^^^^^^^^ no value can reach this

warning: unused variable: `int_val`
    --> src/llvm_backend/mod.rs:1541:58
     |
1541 | ...                   BasicValueEnum::IntValue(int_val) => {
     |                                                ^^^^^^^ help: if this is intentional, prefix it with an underscore: `_int_val`

warning: unused variable: `field_names`
    --> src/llvm_backend/mod.rs:1836:61
     |
1836 |                     mir::AggregateKind::Struct(struct_name, field_names) => {
     |                                                             ^^^^^^^^^^^ help: if this is intentional, prefix it with an underscore: `_field_names`

warning: value assigned to `struct_size` is never read
    --> src/llvm_backend/mod.rs:1860:33
     |
1860 |                         let mut struct_size = 0u64;
     |                                 ^^^^^^^^^^^
     |
     = help: maybe it is overwritten before being read?
     = note: `#[warn(unused_assignments)]` (part of `#[warn(unused)]`) on by default

warning: variable does not need to be mutable
    --> src/llvm_backend/mod.rs:2152:29
     |
2152 |                         let mut current_type =
     |                             ----^^^^^^^^^^^^
     |                             |
     |                             help: remove this `mut`

warning: unused variable: `i64_type`
    --> src/llvm_backend/mod.rs:3210:13
     |
3210 |         let i64_type = self.context.i64_type();
     |             ^^^^^^^^ help: if this is intentional, prefix it with an underscore: `_i64_type`

warning: unused variable: `void_type`
    --> src/llvm_backend/mod.rs:3213:13
     |
3213 |         let void_type = self.context.void_type();
     |             ^^^^^^^^^ help: if this is intentional, prefix it with an underscore: `_void_type`

warning: unnecessary `unsafe` block
    --> src/llvm_backend/mod.rs:3662:33
     |
3662 |                 let field_ptr = unsafe {
     |                                 ^^^^^^ unnecessary `unsafe` block

warning: unused variable: `parent`
   --> src/memory/mod.rs:110:37
    |
110 |     pub fn create_region(&mut self, parent: Option<RegionId>) -> RegionId {
    |                                     ^^^^^^ help: if this is intentional, prefix it with an underscore: `_parent`

warning: unused variable: `operand`
   --> src/memory/mod.rs:307:48
    |
307 |                 if let Expression::AddressOf { operand, .. } = &**expr {
    |                                                ^^^^^^^-
    |                                                |
    |                                                help: try removing the field

warning: unused variable: `region_id`
   --> src/memory/mod.rs:441:38
    |
441 |     fn get_region_allocations(&self, region_id: &RegionId) -> Vec<AllocationInfo> {
    |                                      ^^^^^^^^^ help: if this is intentional, prefix it with an underscore: `_region_id`

warning: unused variable: `source_location`
   --> src/mir/lowering.rs:608:17
    |
608 |                 source_location,
    |                 ^^^^^^^^^^^^^^^ help: try ignoring the field: `source_location: _`

warning: unused variable: `source_location`
   --> src/mir/lowering.rs:621:17
    |
621 |                 source_location,
    |                 ^^^^^^^^^^^^^^^ help: try ignoring the field: `source_location: _`

warning: unused variable: `source_location`
   --> src/mir/lowering.rs:675:17
    |
675 |                 source_location,
    |                 ^^^^^^^^^^^^^^^ help: try ignoring the field: `source_location: _`

warning: unused variable: `source_location`
   --> src/mir/lowering.rs:685:17
    |
685 |                 source_location,
    |                 ^^^^^^^^^^^^^^^ help: try ignoring the field: `source_location: _`

warning: unused variable: `module`
    --> src/mir/lowering.rs:2544:33
     |
2544 |             Type::Named { name, module } => {
     |                                 ^^^^^^ help: try ignoring the field: `module: _`

warning: unused variable: `map`
    --> src/mir/lowering.rs:2668:47
     |
2668 |             ast::AssignmentTarget::MapValue { map, key } => {
     |                                               ^^^ help: try ignoring the field: `map: _`

warning: unused variable: `key`
    --> src/mir/lowering.rs:2668:52
     |
2668 |             ast::AssignmentTarget::MapValue { map, key } => {
     |                                                    ^^^ help: try ignoring the field: `key: _`

warning: unreachable pattern
    --> src/mir/lowering.rs:3998:13
     |
3934 |               ast::Pattern::Wildcard { binding, .. } => {
     |               -------------------------------------- matches all the relevant values
...
3998 | /             ast::Pattern::Wildcard {
3999 | |                 binding: Some(binding_name),
4000 | |                 source_location,
4001 | |             } => {
     | |_____________^ no value can reach this

warning: unreachable pattern
    --> src/mir/lowering.rs:4061:13
     |
3934 |             ast::Pattern::Wildcard { binding, .. } => {
     |             -------------------------------------- matches all the relevant values
...
4061 |             ast::Pattern::Wildcard { binding: None, .. } => {
     |             ^^^^^^^^^^^^^^^^^^^^^^^^^^^^^^^^^^^^^^^^^^^^ no value can reach this

warning: unused variable: `st`
    --> src/mir/lowering.rs:3792:49
     |
3792 |                     let data_type = if let Some(st) = &self.symbol_table {
     |                                                 ^^ help: if this is intentional, prefix it with an underscore: `_st`

warning: unused variable: `inner_variant`
    --> src/mir/lowering.rs:3819:43
     |
3819 | ...                   variant_name: inner_variant,
     |                                     ^^^^^^^^^^^^^ help: if this is intentional, prefix it with an underscore: `_inner_variant`

warning: unused variable: `target_type`
    --> src/mir/lowering.rs:4665:13
     |
4665 |         let target_type = match pointer_type {
     |             ^^^^^^^^^^^ help: if this is intentional, prefix it with an underscore: `_target_type`

warning: unused variable: `cycle`
   --> src/module_loader.rs:280:17
    |
280 |             let cycle: Vec<String> = stack[cycle_start..].to_vec();
    |                 ^^^^^ help: if this is intentional, prefix it with an underscore: `_cycle`

warning: unused variable: `depth`
  --> src/optimizations/inlining.rs:52:44
   |
52 |     pub fn set_max_inline_depth(&mut self, depth: usize) {}
   |                                            ^^^^^ help: if this is intentional, prefix it with an underscore: `_depth`

warning: unused variable: `function_name`
   --> src/optimizations/interprocedural.rs:667:14
    |
667 |         for (function_name, summary) in summaries {
    |              ^^^^^^^^^^^^^ help: if this is intentional, prefix it with an underscore: `_function_name`

warning: unused variable: `function_name`
   --> src/optimizations/interprocedural.rs:782:14
    |
782 |         for (function_name, function) in &program.functions {
    |              ^^^^^^^^^^^^^ help: if this is intentional, prefix it with an underscore: `_function_name`

warning: unused variable: `function`
   --> src/optimizations/interprocedural.rs:782:29
    |
782 |         for (function_name, function) in &program.functions {
    |                             ^^^^^^^^ help: if this is intentional, prefix it with an underscore: `_function`

warning: unused variable: `function_name`
   --> src/optimizations/interprocedural.rs:799:14
    |
799 |         for (function_name, function) in &program.functions {
    |              ^^^^^^^^^^^^^ help: if this is intentional, prefix it with an underscore: `_function_name`

warning: unused variable: `function_name`
   --> src/optimizations/interprocedural.rs:821:14
    |
821 |         for (function_name, function) in &program.functions {
    |              ^^^^^^^^^^^^^ help: if this is intentional, prefix it with an underscore: `_function_name`

warning: unused variable: `constant`
   --> src/optimizations/interprocedural.rs:856:21
    |
856 |         for (place, constant) in assignments {
    |                     ^^^^^^^^ help: if this is intentional, prefix it with an underscore: `_constant`

warning: unused variable: `var_name`
   --> src/optimizations/interprocedural.rs:857:17
    |
857 |             let var_name = format!("{}::{}", function.name, place.local);
    |                 ^^^^^^^^ help: if this is intentional, prefix it with an underscore: `_var_name`

warning: unused variable: `end_loc`
    --> src/parser/v2.rs:2883:17
     |
2883 |             let end_loc = self.current_location();
     |                 ^^^^^^^ help: if this is intentional, prefix it with an underscore: `_end_loc`

warning: unused variable: `field_location`
    --> src/parser/mod.rs:1420:17
     |
1420 |             let field_location = field_keyword.location.clone();
     |                 ^^^^^^^^^^^^^^ help: if this is intentional, prefix it with an underscore: `_field_location`

warning: variable does not need to be mutable
    --> src/parser/mod.rs:1875:13
     |
1875 |         let mut constraints = Vec::new();
     |             ----^^^^^^^^^^^
     |             |
     |             help: remove this `mut`

warning: variable `generic_parameters` is assigned to, but never used
    --> src/parser/mod.rs:1927:17
     |
1927 |         let mut generic_parameters = Vec::new();
     |                 ^^^^^^^^^^^^^^^^^^
     |
     = note: consider using `_generic_parameters` instead

warning: variable `lifetime_parameters` is assigned to, but never used
    --> src/parser/mod.rs:1928:17
     |
1928 |         let mut lifetime_parameters = Vec::new();
     |                 ^^^^^^^^^^^^^^^^^^^
     |
     = note: consider using `_lifetime_parameters` instead

warning: value assigned to `generic_parameters` is never read
    --> src/parser/mod.rs:1977:29
     |
1977 | ...                   generic_parameters = self.parse_generic_parameters()?;
     |                       ^^^^^^^^^^^^^^^^^^
     |
     = help: maybe it is overwritten before being read?

warning: value assigned to `lifetime_parameters` is never read
    --> src/parser/mod.rs:1981:29
     |
1981 | ...                   lifetime_parameters = self.parse_lifetime_parameters()?;
     |                       ^^^^^^^^^^^^^^^^^^^
     |
     = help: maybe it is overwritten before being read?

warning: variable does not need to be mutable
    --> src/parser/mod.rs:1926:13
     |
1926 |         let mut intent = None;
     |             ----^^^^^^
     |             |
     |             help: remove this `mut`

warning: unused variable: `nested_pattern`
    --> src/parser/mod.rs:4182:22
     |
4182 |                 let (nested_pattern, binding) = if let Some(token) = self.curren...
     |                      ^^^^^^^^^^^^^^ help: if this is intentional, prefix it with an underscore: `_nested_pattern`

warning: variable does not need to be mutable
    --> src/parser/mod.rs:4599:13
     |
4599 |         let mut invariants = Vec::new();
     |             ----^^^^^^^^^^
     |             |
     |             help: remove this `mut`

warning: variable does not need to be mutable
   --> src/patterns/catalog.rs:132:21
    |
132 |                 let mut contract = create_pattern_contract("safe_array_access");
    |                     ----^^^^^^^^
    |                     |
    |                     help: remove this `mut`

warning: variable does not need to be mutable
   --> src/patterns/catalog.rs:392:21
    |
392 |                 let mut contract = create_pattern_contract("binary_search");
    |                     ----^^^^^^^^
    |                     |
    |                     help: remove this `mut`

warning: variable does not need to be mutable
   --> src/patterns/catalog.rs:536:21
    |
536 |                 let mut contract = create_pattern_contract("map_filter_reduce");
    |                     ----^^^^^^^^
    |                     |
    |                     help: remove this `mut`

warning: variable does not need to be mutable
   --> src/patterns/catalog.rs:804:21
    |
804 |                 let mut contract = create_pattern_contract("raii_wrapper");
    |                     ----^^^^^^^^
    |                     |
    |                     help: remove this `mut`

warning: variable does not need to be mutable
   --> src/patterns/catalog.rs:931:21
    |
931 |                 let mut contract = create_pattern_contract("result_type");
    |                     ----^^^^^^^^
    |                     |
    |                     help: remove this `mut`

warning: variable does not need to be mutable
    --> src/patterns/catalog.rs:1049:21
     |
1049 |                 let mut contract = create_pattern_contract("input_validation");
     |                     ----^^^^^^^^
     |                     |
     |                     help: remove this `mut`

warning: unused variable: `data_flow`
   --> src/patterns/composition.rs:519:9
    |
519 |         data_flow: &DataFlowSpec,
    |         ^^^^^^^^^ help: if this is intentional, prefix it with an underscore: `_data_flow`

warning: unused variable: `config`
   --> src/release/distribution.rs:947:16
    |
947 |     pub fn new(config: DistributionConfig) -> Result<Self, SemanticError> {
    |                ^^^^^^ help: if this is intentional, prefix it with an underscore: `_config`

warning: unused variable: `cache_config`
    --> src/release/distribution.rs:1135:13
     |
1135 |         let cache_config = CacheConfig {
     |             ^^^^^^^^^^^^ help: if this is intentional, prefix it with an underscore: `_cache_config`

warning: unused variable: `c_string`
   --> src/runtime/mod.rs:170:9
    |
170 |     let c_string = result.as_ptr() as *mut c_char;
    |         ^^^^^^^^ help: if this is intentional, prefix it with an underscore: `_c_string`

warning: unused variable: `constraint`
   --> src/semantic/metadata.rs:462:25
    |
462 |             if let Some(constraint) = &sem_type.constraint {
    |                         ^^^^^^^^^^ help: if this is intentional, prefix it with an underscore: `_constraint`

warning: unused variable: `e`
  --> src/semantic/ownership.rs:41:32
   |
41 | ...t Err(e) = self.symbol_table.mark_variable_moved(&name.name) {
   |          ^ help: if this is intentional, prefix it with an underscore: `_e`

warning: unused variable: `e`
  --> src/semantic/ownership.rs:66:36
   |
66 | ...t Err(e) = self.symbol_table.mark_variable_moved(&name.name) {
   |          ^ help: if this is intentional, prefix it with an underscore: `_e`

warning: unused variable: `enum_name`
    --> src/semantic/mod.rs:1549:17
     |
1549 |                 enum_name,
     |                 ^^^^^^^^^ help: try ignoring the field: `enum_name: _`

warning: unused variable: `source_location`
    --> src/semantic/mod.rs:1726:17
     |
1726 |                 source_location,
     |                 ^^^^^^^^^^^^^^^ help: try ignoring the field: `source_location: _`

warning: unused variable: `source_location`
    --> src/semantic/mod.rs:1921:17
     |
1921 |                 source_location,
     |                 ^^^^^^^^^^^^^^^ help: try ignoring the field: `source_location: _`

warning: unused variable: `size_type`
  --> src/stdlib/network.rs:41:9
   |
41 |     let size_type = TypeSpecifier::Primitive {
   |         ^^^^^^^^^ help: if this is intentional, prefix it with an underscore: `_size_type`

warning: unused variable: `contract`
   --> src/verification/contracts.rs:811:13
    |
811 |     let mut contract = FunctionContract::new(function.name.name.clone());
    |             ^^^^^^^^ help: if this is intentional, prefix it with an underscore: `_contract`

warning: variable does not need to be mutable
   --> src/verification/contracts.rs:811:9
    |
811 |     let mut contract = FunctionContract::new(function.name.name.clone());
    |         ----^^^^^^^^
    |         |
    |         help: remove this `mut`

warning: unused variable: `place`
   --> src/verification/vcgen.rs:382:25
    |
382 |             Rvalue::Len(place) => {
    |                         ^^^^^ help: if this is intentional, prefix it with an underscore: `_place`

warning: field `associated_mutex` is never read
  --> src/concurrency/sync_primitives.rs:89:5
   |
84 | pub struct AetherCondVar {
   |            ------------- field in this struct
...
89 |     associated_mutex: Option<String>,
   |     ^^^^^^^^^^^^^^^^
   |
   = note: `AetherCondVar` has a derived impl for the trait `Debug`, but this is intentionally ignored during dead code analysis
   = note: `#[warn(dead_code)]` (part of `#[warn(unused)]`) on by default

warning: struct `BarrierState` is never constructed
   --> src/concurrency/sync_primitives.rs:137:8
    |
137 | struct BarrierState {
    |        ^^^^^^^^^^^^

warning: field `barrier_cycles` is never read
   --> src/concurrency/sync_primitives.rs:200:5
    |
198 | struct BarrierMetrics {
    |        -------------- field in this struct
199 |     wait_count: u64,
200 |     barrier_cycles: u64,
    |     ^^^^^^^^^^^^^^
    |
    = note: `BarrierMetrics` has a derived impl for the trait `Debug`, but this is intentionally ignored during dead code analysis

warning: field `acquired_at` is never read
   --> src/concurrency/sync_primitives.rs:236:5
    |
234 | pub struct ReadGuard<'a> {
    |            --------- field in this struct
235 |     rw_lock: &'a AetherRwLock,
236 |     acquired_at: Instant,
    |     ^^^^^^^^^^^

warning: field `acquired_at` is never read
   --> src/concurrency/sync_primitives.rs:242:5
    |
240 | pub struct WriteGuard<'a> {
    |            ---------- field in this struct
241 |     rw_lock: &'a AetherRwLock,
242 |     acquired_at: Instant,
    |     ^^^^^^^^^^^

warning: fields `target_pid` and `breakpoints` are never read
  --> src/debug/debugger.rs:51:5
   |
49 | pub struct DebugSession {
   |            ------------ fields in this struct
50 |     /// Target process ID
51 |     target_pid: Option<u32>,
   |     ^^^^^^^^^^
...
57 |     breakpoints: Arc<Mutex<HashMap<String, Vec<Breakpoint>>>>,
   |     ^^^^^^^^^^^
   |
   = note: `DebugSession` has a derived impl for the trait `Debug`, but this is intentionally ignored during dead code analysis

warning: fields `diagnostics_provider` and `shutdown` are never read
  --> src/debug/lsp.rs:45:5
   |
34 | pub struct LanguageServer {
   |            -------------- fields in this struct
...
45 |     diagnostics_provider: DiagnosticsProvider,
   |     ^^^^^^^^^^^^^^^^^^^^
...
51 |     shutdown: Arc<AtomicBool>,
   |     ^^^^^^^^
   |
   = note: `LanguageServer` has a derived impl for the trait `Debug`, but this is intentionally ignored during dead code analysis

warning: field `diagnostics` is never read
   --> src/debug/lsp.rs:333:5
    |
331 | pub struct DiagnosticEngine {
    |            ---------------- field in this struct
332 |     /// Active diagnostics by document
333 |     diagnostics: HashMap<String, Vec<Diagnostic>>,
    |     ^^^^^^^^^^^
    |
    = note: `DiagnosticEngine` has a derived impl for the trait `Debug`, but this is intentionally ignored during dead code analysis

warning: field `snippets` is never read
   --> src/debug/lsp.rs:343:5
    |
338 | pub struct CompletionProvider {
    |            ------------------ field in this struct
...
343 |     snippets: HashMap<String, String>,
    |     ^^^^^^^^
    |
    = note: `CompletionProvider` has a derived impl for the trait `Debug`, but this is intentionally ignored during dead code analysis

warning: fields `source_parser` and `markdown_parser` are never read
  --> src/docs/parser.rs:39:5
   |
37 | pub struct DocParser {
   |            --------- fields in this struct
38 |     /// Source code parser
39 |     source_parser: SourceParser,
   |     ^^^^^^^^^^^^^
...
42 |     markdown_parser: MarkdownParser,
   |     ^^^^^^^^^^^^^^^
   |
   = note: `DocParser` has a derived impl for the trait `Debug`, but this is intentionally ignored during dead code analysis

warning: field `patterns` is never read
  --> src/docs/parser.rs:74:5
   |
72 | pub struct CommentParser {
   |            ------------- field in this struct
73 |     /// Comment prefix patterns
74 |     patterns: CommentPatterns,
   |     ^^^^^^^^
   |
   = note: `CommentParser` has a derived impl for the trait `Debug`, but this is intentionally ignored during dead code analysis

warning: field `location` is never read
   --> src/docs/parser.rs:725:5
    |
714 | struct ParsedItem {
    |        ---------- field in this struct
...
725 |     location: SourceLocation,
    |     ^^^^^^^^
    |
    = note: `ParsedItem` has derived impls for the traits `Clone` and `Debug`, but these are intentionally ignored during dead code analysis

warning: variants `Module`, `Enum`, `Trait`, `TypeAlias`, `Import`, and `Macro` are never constructed
   --> src/docs/parser.rs:731:5
    |
730 | enum ItemType {
    |      -------- variants in this enum
731 |     Module,
    |     ^^^^^^
...
734 |     Enum,
    |     ^^^^
735 |     Trait,
    |     ^^^^^
736 |     TypeAlias,
    |     ^^^^^^^^^
737 |     Constant,
738 |     Import,
    |     ^^^^^^
739 |     Macro,
    |     ^^^^^
    |
    = note: `ItemType` has derived impls for the traits `Clone` and `Debug`, but these are intentionally ignored during dead code analysis

warning: methods `parse_documentation`, `clean_comment_line`, `extract_tag`, `tag_to_section`, and `finalize_section` are never used
   --> src/docs/parser.rs:774:8
    |
761 | impl CommentParser {
    | ------------------ methods in this implementation
...
774 |     fn parse_documentation(&self, raw_docs: &str) -> Result<ParsedDoc, SemanticEr...
    |        ^^^^^^^^^^^^^^^^^^^
...
837 |     fn clean_comment_line(&self, line: &str) -> String {
    |        ^^^^^^^^^^^^^^^^^^
...
850 |     fn extract_tag(&self, line: &str) -> Option<String> {
    |        ^^^^^^^^^^^
...
862 |     fn tag_to_section(&self, tag: &str) -> DocSection {
    |        ^^^^^^^^^^^^^^
...
872 |     fn finalize_section(
    |        ^^^^^^^^^^^^^^^^

warning: variant `Tag` is never constructed
   --> src/docs/parser.rs:933:5
    |
927 | enum DocSection {
    |      ---------- variant in this enum
...
933 |     Tag(String),
    |     ^^^
    |
    = note: `DocSection` has derived impls for the traits `Clone` and `Debug`, but these are intentionally ignored during dead code analysis

warning: methods `parse_function_signature`, `parse_type_definition`, `extract_function_name`, and `extract_type_name` are never used
   --> src/docs/parser.rs:941:8
    |
936 | impl SignatureParser {
    | -------------------- methods in this implementation
...
941 |     fn parse_function_signature(&self, source: &str) -> Result<FunctionSignature,...
    |        ^^^^^^^^^^^^^^^^^^^^^^^^
...
957 |     fn parse_type_definition(&self, source: &str) -> Result<TypeInfo, SemanticErr...
    |        ^^^^^^^^^^^^^^^^^^^^^
...
970 |     fn extract_function_name(&self, source: &str) -> String {
    |        ^^^^^^^^^^^^^^^^^^^^^
...
981 |     fn extract_type_name(&self, source: &str) -> String {
    |        ^^^^^^^^^^^^^^^^^

warning: fields `template_engine` and `output_format` are never read
  --> src/docs/renderer.rs:32:5
   |
30 | pub struct DocRenderer {
   |            ----------- fields in this struct
31 |     /// Template engine for rendering
32 |     template_engine: TemplateEngine,
   |     ^^^^^^^^^^^^^^^
...
38 |     output_format: OutputFormat,
   |     ^^^^^^^^^^^^^
   |
   = note: `DocRenderer` has a derived impl for the trait `Debug`, but this is intentionally ignored during dead code analysis

warning: field `templates` is never read
  --> src/docs/renderer.rs:45:5
   |
43 | pub struct TemplateEngine {
   |            -------------- field in this struct
44 |     /// Loaded templates
45 |     templates: HashMap<String, String>,
   |     ^^^^^^^^^
   |
   = note: `TemplateEngine` has a derived impl for the trait `Debug`, but this is intentionally ignored during dead code analysis

warning: field `doc` is never read
   --> src/docs/renderer.rs:227:5
    |
225 | pub struct HtmlRenderer<'a> {
    |            ------------ field in this struct
226 |     /// Documentation to render
227 |     doc: &'a Documentation,
    |     ^^^
    |
    = note: `HtmlRenderer` has a derived impl for the trait `Debug`, but this is intentionally ignored during dead code analysis

warning: method `render_template` is never used
   --> src/docs/renderer.rs:849:8
    |
536 | impl TemplateEngine {
    | ------------------- method in this implementation
...
849 |     fn render_template(
    |        ^^^^^^^^^^^^^^^

warning: field `intent_keywords` is never read
   --> src/error/intent_analysis.rs:234:5
    |
233 | struct IntentPattern {
    |        ------------- field in this struct
234 |     intent_keywords: Vec<String>,
    |     ^^^^^^^^^^^^^^^

warning: field `patterns` is never read
   --> src/error/structured.rs:397:5
    |
396 | pub struct ErrorPatterns {
    |            ------------- field in this struct
397 |     patterns: HashMap<String, ErrorPattern>,
    |     ^^^^^^^^

warning: fields `code_prefix`, `matcher`, and `fixer` are never read
   --> src/error/structured.rs:402:5
    |
401 | struct ErrorPattern {
    |        ------------ fields in this struct
402 |     code_prefix: String,
    |     ^^^^^^^^^^^
403 |     matcher: fn(&CompilerError) -> bool,
    |     ^^^^^^^
404 |     fixer: fn(&CompilerError) -> Vec<FixSuggestion>,
    |     ^^^^^
    |
    = note: `ErrorPattern` has a derived impl for the trait `Clone`, but this is intentionally ignored during dead code analysis

warning: field `include_snippets` is never read
   --> src/error/structured.rs:510:5
    |
509 | pub struct LLMErrorFormatter {
    |            ----------------- field in this struct
510 |     include_snippets: bool,
    |     ^^^^^^^^^^^^^^^^

warning: method `read_quoted_identifier` is never used
   --> src/lexer/mod.rs:506:8
    |
 90 | impl Lexer {
    | ---------- method in this implementation
...
506 |     fn read_quoted_identifier(&mut self) -> Result<Token, LexerError> {
    |        ^^^^^^^^^^^^^^^^^^^^^^

warning: method `get_type_id` is never used
  --> src/llvm_backend/mod.rs:96:8
   |
65 | impl CleanupInfo {
   | ---------------- method in this implementation
...
96 |     fn get_type_id(&self, local_id: &mir::LocalId) -> TypeId {
   |        ^^^^^^^^^^^

warning: field `module` is never read
  --> src/lsp/server.rs:36:5
   |
34 | struct DocumentState {
   |        ------------- field in this struct
35 |     text: String,
36 |     module: Option<Module>,
   |     ^^^^^^
   |
   = note: `DocumentState` has a derived impl for the trait `Debug`, but this is intentionally ignored during dead code analysis

warning: fields `start`, `size`, `permissions`, and `status` are never read
  --> src/memory/mod.rs:61:5
   |
59 | struct MemoryRegion {
   |        ------------ fields in this struct
60 |     /// Start address
61 |     start: usize,
   |     ^^^^^
...
64 |     size: usize,
   |     ^^^^
...
67 |     permissions: MemoryPermissions,
   |     ^^^^^^^^^^^
...
70 |     status: AllocationStatus,
   |     ^^^^^^
   |
   = note: `MemoryRegion` has a derived impl for the trait `Debug`, but this is intentionally ignored during dead code analysis

warning: method `analyze_expression_memory` is never used
   --> src/memory/mod.rs:151:8
    |
 95 | impl MemoryAnalyzer {
    | ------------------- method in this implementation
...
151 |     fn analyze_expression_memory(
    |        ^^^^^^^^^^^^^^^^^^^^^^^^^

warning: field `parent` is never read
   --> src/mir/mod.rs:446:5
    |
445 | struct Scope {
    |        ----- field in this struct
446 |     parent: Option<ScopeId>,
    |     ^^^^^^

warning: method `get_enum_variant_associated_type` is never used
    --> src/mir/lowering.rs:4089:8
     |
  74 | impl LoweringContext {
     | -------------------- method in this implementation
...
4089 |     fn get_enum_variant_associated_type(
     |        ^^^^^^^^^^^^^^^^^^^^^^^^^^^^^^^^

warning: field `inlined_functions` is never read
  --> src/optimizations/inlining.rs:35:5
   |
30 | pub struct InliningPass {
   |            ------------ field in this struct
...
35 |     inlined_functions: HashSet<String>,
   |     ^^^^^^^^^^^^^^^^^
   |
   = note: `InliningPass` has a derived impl for the trait `Debug`, but this is intentionally ignored during dead code analysis

warning: fields `summaries` and `global_constants` are never read
  --> src/optimizations/interprocedural.rs:34:5
   |
29 | pub struct InterproceduralAnalysisPass {
   |            --------------------------- fields in this struct
...
34 |     summaries: HashMap<String, FunctionSummary>,
   |     ^^^^^^^^^
...
37 |     global_constants: GlobalConstantAnalysis,
   |     ^^^^^^^^^^^^^^^^
   |
   = note: `InterproceduralAnalysisPass` has a derived impl for the trait `Debug`, but this is intentionally ignored during dead code analysis

warning: fields `pure_functions`, `readonly_functions`, `modifying_functions`, `throwing_functions`, and `nonterminating_functions` are never read
  --> src/optimizations/interprocedural.rs:63:5
   |
61 | pub struct SideEffectAnalysis {
   |            ------------------ fields in this struct
62 |     /// Functions that are pure (no side effects)
63 |     pure_functions: HashSet<String>,
   |     ^^^^^^^^^^^^^^
...
66 |     readonly_functions: HashSet<String>,
   |     ^^^^^^^^^^^^^^^^^^
...
69 |     modifying_functions: HashSet<String>,
   |     ^^^^^^^^^^^^^^^^^^^
...
72 |     throwing_functions: HashSet<String>,
   |     ^^^^^^^^^^^^^^^^^^
...
75 |     nonterminating_functions: HashSet<String>,
   |     ^^^^^^^^^^^^^^^^^^^^^^^^
   |
   = note: `SideEffectAnalysis` has a derived impl for the trait `Debug`, but this is intentionally ignored during dead code analysis

warning: field `induction_variable` is never read
   --> src/optimizations/vectorization.rs:662:5
    |
659 | struct LoopInfo {
    |        -------- field in this struct
...
662 |     induction_variable: Option<Place>,
    |     ^^^^^^^^^^^^^^^^^^
    |
    = note: `LoopInfo` has derived impls for the traits `Clone` and `Debug`, but these are intentionally ignored during dead code analysis

warning: field `artifacts` is never read
  --> src/package/builder.rs:35:5
   |
30 | pub struct PackageBuilder {
   |            -------------- field in this struct
...
35 |     artifacts: Vec<BuildArtifact>,
   |     ^^^^^^^^^
   |
   = note: `PackageBuilder` has a derived impl for the trait `Debug`, but this is intentionally ignored during dead code analysis

warning: fields `artifacts`, `source_timestamps`, `dependency_timestamps`, `config_hash`, and `stats` are never read
  --> src/package/builder.rs:51:5
   |
49 | pub struct BuildCache {
   |            ---------- fields in this struct
50 |     /// Cached build artifacts
51 |     artifacts: HashMap<String, CachedArtifact>,
   |     ^^^^^^^^^
...
54 |     source_timestamps: HashMap<PathBuf, std::time::SystemTime>,
   |     ^^^^^^^^^^^^^^^^^
...
57 |     dependency_timestamps: HashMap<String, std::time::SystemTime>,
   |     ^^^^^^^^^^^^^^^^^^^^^
...
60 |     config_hash: Option<String>,
   |     ^^^^^^^^^^^
...
63 |     stats: BuildCacheStats,
   |     ^^^^^
   |
   = note: `BuildCache` has a derived impl for the trait `Debug`, but this is intentionally ignored during dead code analysis

warning: field `sandbox_config` is never read
   --> src/package/builder.rs:284:5
    |
282 | pub struct BuildScriptRunner {
    |            ----------------- field in this struct
283 |     /// Sandbox configuration
284 |     sandbox_config: SandboxConfig,
    |     ^^^^^^^^^^^^^^
    |
    = note: `BuildScriptRunner` has a derived impl for the trait `Debug`, but this is intentionally ignored during dead code analysis

warning: method `clear` is never used
   --> src/package/builder.rs:882:8
    |
881 | impl BuildCache {
    | --------------- method in this implementation
882 |     fn clear(&mut self) {
    |        ^^^^^

warning: methods `execute_shell_script`, `execute_python_script`, `execute_node_script`, `execute_custom_script`, and `execute_external_script` are never used
   --> src/package/builder.rs:949:8
    |
891 | impl BuildScriptRunner {
    | ---------------------- methods in this implementation
...
949 |     fn execute_shell_script(
    |        ^^^^^^^^^^^^^^^^^^^^
...
960 |     fn execute_python_script(
    |        ^^^^^^^^^^^^^^^^^^^^^
...
971 |     fn execute_node_script(
    |        ^^^^^^^^^^^^^^^^^^^
...
982 |     fn execute_custom_script(
    |        ^^^^^^^^^^^^^^^^^^^^^
...
994 |     fn execute_external_script(
    |        ^^^^^^^^^^^^^^^^^^^^^^^

warning: field `client` is never read
   --> src/package/registry.rs:109:5
    |
107 | pub struct HttpClient {
    |            ---------- field in this struct
108 |     /// HTTP client
109 |     client: reqwest::Client,
    |     ^^^^^^
    |
    = note: `HttpClient` has a derived impl for the trait `Debug`, but this is intentionally ignored during dead code analysis

warning: method `peek_keyword` is never used
   --> src/parser/mod.rs:555:8
    |
255 | impl Parser {
    | ----------- method in this implementation
...
555 |     fn peek_keyword(&self, expected: KeywordType) -> bool {
    |        ^^^^^^^^^^^^

warning: multiple methods are never used
   --> src/parser/v2.rs:210:8
    |
 80 | impl Parser {
    | ----------- methods in this implementation
...
210 |     fn synchronize(&mut self) {
    |        ^^^^^^^^^^^
...
245 |     fn synchronize_to_block_end(&mut self) {
    |        ^^^^^^^^^^^^^^^^^^^^^^^^
...
384 |     fn syntax_error(&self, message: &str, suggestion: Option<&str>) -> ParserError {
    |        ^^^^^^^^^^^^
...
393 |     fn missing_semicolon_error(&self) -> ParserError {
    |        ^^^^^^^^^^^^^^^^^^^^^^^
...
401 |     fn missing_type_error(&self, context: &str) -> ParserError {
    |        ^^^^^^^^^^^^^^^^^^
...
409 |     fn unexpected_token_error(&self, context: &str) -> ParserError {
    |        ^^^^^^^^^^^^^^^^^^^^^^
...
443 |     fn expected_expression_hint(&self) -> &'static str {
    |        ^^^^^^^^^^^^^^^^^^^^^^^^

warning: fields `cache` and `resolver` are never read
  --> src/patterns/composition.rs:31:5
   |
26 | pub struct CompositionEngine {
   |            ----------------- fields in this struct
...
31 |     cache: HashMap<String, ComposedPattern>,
   |     ^^^^^
...
34 |     resolver: ConflictResolver,
   |     ^^^^^^^^

warning: field `strategies` is never read
   --> src/patterns/composition.rs:149:5
    |
147 | pub struct ConflictResolver {
    |            ---------------- field in this struct
148 |     /// Resolution strategies
149 |     strategies: HashMap<ConflictType, ResolutionStrategy>,
    |     ^^^^^^^^^^

warning: variant `Sequential` is never constructed
    --> src/patterns/composition.rs:1075:5
     |
1073 | enum PatternRelationship {
     |      ------------------- variant in this enum
1074 |     Independent,
1075 |     Sequential,
     |     ^^^^^^^^^^
     |
     = note: `PatternRelationship` has derived impls for the traits `Clone` and `Debug`, but these are intentionally ignored during dead code analysis

warning: field `stdlib` is never read
   --> src/pipeline/mod.rs:183:5
    |
181 | pub struct CompilationPipeline {
    |            ------------------- field in this struct
182 |     options: CompileOptions,
183 |     stdlib: StandardLibrary,
    |     ^^^^^^

warning: fields `project_info`, `history`, `automation`, `artifacts`, `distribution`, and `packaging` are never read
  --> src/release/mod.rs:38:5
   |
36 | pub struct ReleaseManager {
   |            -------------- fields in this struct
37 |     /// Project information
38 |     project_info: ProjectInfo,
   |     ^^^^^^^^^^^^
...
41 |     history: ReleaseHistory,
   |     ^^^^^^^
...
44 |     automation: automation::AutomationPipeline,
   |     ^^^^^^^^^^
...
47 |     artifacts: artifacts::ArtifactManager,
   |     ^^^^^^^^^
...
50 |     distribution: distribution::DistributionManager,
   |     ^^^^^^^^^^^^
...
53 |     packaging: packaging::PackageBuilder,
   |     ^^^^^^^^^
   |
   = note: `ReleaseManager` has a derived impl for the trait `Debug`, but this is intentionally ignored during dead code analysis

warning: method `get_content_type` is never used
    --> src/release/distribution.rs:1077:8
     |
 945 | impl DistributionManager {
     | ------------------------ method in this implementation
...
1077 |     fn get_content_type(&self, format: &PackageFormat) -> String {
     |        ^^^^^^^^^^^^^^^^

warning: fields `formats` and `compression` are never read
  --> src/release/packaging.rs:38:5
   |
27 | pub struct PackageBuilder {
   |            -------------- fields in this struct
...
38 |     formats: Vec<PackageFormat>,
   |     ^^^^^^^
...
41 |     compression: CompressionSettings,
   |     ^^^^^^^^^^^
   |
   = note: `PackageBuilder` has a derived impl for the trait `Debug`, but this is intentionally ignored during dead code analysis

warning: field `settings` is never read
   --> src/release/updates.rs:644:5
    |
633 | pub struct UpdateCache<T> {
    |            ----------- field in this struct
...
644 |     settings: CacheSettings,
    |     ^^^^^^^^
    |
    = note: `UpdateCache` has a derived impl for the trait `Debug`, but this is intentionally ignored during dead code analysis

warning: fields `trusted_certs`, `signature_verification`, and `cert_validation` are never read
   --> src/release/updates.rs:878:5
    |
873 | pub struct UpdateSecurity {
    |            -------------- fields in this struct
...
878 |     trusted_certs: Vec<Certificate>,
    |     ^^^^^^^^^^^^^
...
881 |     signature_verification: SignatureVerificationConfig,
    |     ^^^^^^^^^^^^^^^^^^^^^^
...
884 |     cert_validation: CertificateValidation,
    |     ^^^^^^^^^^^^^^^
    |
    = note: `UpdateSecurity` has a derived impl for the trait `Debug`, but this is intentionally ignored during dead code analysis

warning: field `pools` is never read
  --> src/resource/analysis.rs:37:5
   |
26 | pub struct ResourceAnalyzer {
   |            ---------------- field in this struct
...
37 |     pools: HashMap<String, ResourcePool>,
   |     ^^^^^

warning: fields `depth` and `location` are never read
  --> src/resource/analysis.rs:48:5
   |
45 | struct ScopeInfo {
   |        --------- fields in this struct
...
48 |     depth: usize,
   |     ^^^^^
49 |     location: SourceLocation,
   |     ^^^^^^^^
   |
   = note: `ScopeInfo` has derived impls for the traits `Clone` and `Debug`, but these are intentionally ignored during dead code analysis

warning: function `create_external_function` is never used
  --> src/stdlib/mod.rs:95:15
   |
95 | pub(crate) fn create_external_function(
   |               ^^^^^^^^^^^^^^^^^^^^^^^^

warning: fields `assertions` and `variables` are never read
  --> src/verification/solver.rs:26:5
   |
24 | pub struct SmtSolver {
   |            --------- fields in this struct
25 |     /// SMT-LIB assertions
26 |     assertions: Vec<String>,
   |     ^^^^^^^^^^
...
29 |     variables: HashMap<String, String>,
   |     ^^^^^^^^^
   |
   = note: `SmtSolver` has a derived impl for the trait `Debug`, but this is intentionally ignored during dead code analysis

warning: hiding a lifetime that's elided elsewhere is confusing
   --> src/concurrency/sync_primitives.rs:395:17
    |
395 |     pub fn lock(&self) -> LockResult<MutexGuard> {
    |                 ^^^^^                ^^^^^^^^^^ the same lifetime is hidden here
    |                 |
    |                 the lifetime is elided here
    |
    = help: the same lifetime is referred to in inconsistent ways, making the signature confusing
    = note: `#[warn(mismatched_lifetime_syntaxes)]` on by default
help: use `'_` for type paths
    |
395 |     pub fn lock(&self) -> LockResult<MutexGuard<'_>> {
    |                                                ++++

warning: hiding a lifetime that's elided elsewhere is confusing
   --> src/concurrency/sync_primitives.rs:434:21
    |
434 |     pub fn try_lock(&self) -> LockResult<MutexGuard> {
    |                     ^^^^^                ^^^^^^^^^^ the same lifetime is hidden here
    |                     |
    |                     the lifetime is elided here
    |
    = help: the same lifetime is referred to in inconsistent ways, making the signature confusing
help: use `'_` for type paths
    |
434 |     pub fn try_lock(&self) -> LockResult<MutexGuard<'_>> {
    |                                                    ++++

warning: hiding a lifetime that's elided elsewhere is confusing
   --> src/concurrency/sync_primitives.rs:615:17
    |
615 |     pub fn read(&self) -> LockResult<ReadGuard> {
    |                 ^^^^^                ^^^^^^^^^ the same lifetime is hidden here
    |                 |
    |                 the lifetime is elided here
    |
    = help: the same lifetime is referred to in inconsistent ways, making the signature confusing
help: use `'_` for type paths
    |
615 |     pub fn read(&self) -> LockResult<ReadGuard<'_>> {
    |                                               ++++

warning: hiding a lifetime that's elided elsewhere is confusing
   --> src/concurrency/sync_primitives.rs:634:18
    |
634 |     pub fn write(&self) -> LockResult<WriteGuard> {
    |                  ^^^^^                ^^^^^^^^^^ the same lifetime is hidden here
    |                  |
    |                  the lifetime is elided here
    |
    = help: the same lifetime is referred to in inconsistent ways, making the signature confusing
help: use `'_` for type paths
    |
634 |     pub fn write(&self) -> LockResult<WriteGuard<'_>> {
    |                                                 ++++

warning: unused `Result` that must be used
   --> src/llvm_backend/mod.rs:453:29
    |
453 | ...                   builder.build_return(Some(&return_value));
    |                       ^^^^^^^^^^^^^^^^^^^^^^^^^^^^^^^^^^^^^^^^^
    |
    = note: this `Result` may be an `Err` variant, which should be handled
    = note: `#[warn(unused_must_use)]` (part of `#[warn(unused)]`) on by default
help: use `let _ = ...` to ignore the resulting value
    |
453 |                             let _ = builder.build_return(Some(&return_value));
    |                             +++++++

warning: unused `Result` that must be used
   --> src/llvm_backend/mod.rs:462:29
    |
462 | ...                   builder.build_return(Some(&i32_type.const_int(0, false)));
    |                       ^^^^^^^^^^^^^^^^^^^^^^^^^^^^^^^^^^^^^^^^^^^^^^^^^^^^^^^^^
    |
    = note: this `Result` may be an `Err` variant, which should be handled
help: use `let _ = ...` to ignore the resulting value
    |
462 |                             let _ = builder.build_return(Some(&i32_type.const_int(0, false)));
    |                             +++++++

warning: hiding a lifetime that's elided elsewhere is confusing
  --> src/llvm_backend/context.rs:47:26
   |
47 |     pub fn create_module(&self, name: &str) -> Module {
   |                          ^^^^^                 ^^^^^^ the same lifetime is hidden here
   |                          |
   |                          the lifetime is elided here
   |
   = help: the same lifetime is referred to in inconsistent ways, making the signature confusing
help: use `'_` for type paths
   |
47 |     pub fn create_module(&self, name: &str) -> Module<'_> {
   |                                                      ++++

warning: hiding a lifetime that's elided elsewhere is confusing
  --> src/llvm_backend/context.rs:58:27
   |
58 |     pub fn create_builder(&self) -> Builder {
   |                           ^^^^^     ^^^^^^^ the same lifetime is hidden here
   |                           |
   |                           the lifetime is elided here
   |
   = help: the same lifetime is referred to in inconsistent ways, making the signature confusing
help: use `'_` for type paths
   |
58 |     pub fn create_builder(&self) -> Builder<'_> {
   |                                            ++++

warning: using `.clone()` on a double reference, which returns `&version::Version` instead of cloning the inner type
   --> src/package/resolver.rs:538:61
    |
538 |                 Ok(compatible_versions.iter().max().unwrap().clone().clone())
    |                                                             ^^^^^^^^
    |
    = note: `#[warn(suspicious_double_ref_op)]` on by default

warning: using `.clone()` on a double reference, which returns `&version::Version` instead of cloning the inner type
   --> src/package/resolver.rs:541:61
    |
541 |                 Ok(compatible_versions.iter().min().unwrap().clone().clone())
    |                                                             ^^^^^^^^

warning: using `.clone()` on a double reference, which returns `&version::Version` instead of cloning the inner type
   --> src/package/resolver.rs:545:61
    |
545 |                 Ok(compatible_versions.iter().min().unwrap().clone().clone())
    |                                                             ^^^^^^^^

warning: using `.clone()` on a double reference, which returns `&version::Version` instead of cloning the inner type
   --> src/package/resolver.rs:549:61
    |
549 |                 Ok(compatible_versions.iter().max().unwrap().clone().clone())
    |                                                             ^^^^^^^^

warning: hiding a lifetime that's elided elsewhere is confusing
  --> src/profiling/mod.rs:91:24
   |
91 |     pub fn start_phase(&mut self, phase_name: &str) -> PhaseTimer {
   |                        ^^^^^^^^^                       ^^^^^^^^^^ the same lifetime is hidden here
   |                        |
   |                        the lifetime is elided here
   |
   = help: the same lifetime is referred to in inconsistent ways, making the signature confusing
help: use `'_` for type paths
   |
91 |     pub fn start_phase(&mut self, phase_name: &str) -> PhaseTimer<'_> {
   |                                                                  ++++

warning: unused `Result` that must be used
    --> src/semantic/mod.rs:2918:9
     |
2918 |         self.symbol_table.exit_scope();
     |         ^^^^^^^^^^^^^^^^^^^^^^^^^^^^^^
     |
     = note: this `Result` may be an `Err` variant, which should be handled
help: use `let _ = ...` to ignore the resulting value
     |
2918 |         let _ = self.symbol_table.exit_scope();
     |         +++++++

warning: `aether` (lib) generated 195 warnings (run `cargo fix --lib -p aether` to apply 46 suggestions)
warning: unused import: `std::path::PathBuf`
  --> tests/test_pointer_codegen.rs:20:5
   |
20 | use std::path::PathBuf;
   |     ^^^^^^^^^^^^^^^^^^
   |
   = note: `#[warn(unused_imports)]` (part of `#[warn(unused)]`) on by default

warning: unused variable: `result`
  --> tests/test_pointer_codegen.rs:45:9
   |
45 |     let result = compiler.compile_file(test_file)?;
   |         ^^^^^^ help: if this is intentional, prefix it with an underscore: `_result`
   |
   = note: `#[warn(unused_variables)]` (part of `#[warn(unused)]`) on by default

warning: unused variable: `result`
  --> tests/test_pointer_codegen.rs:69:9
   |
69 |     let result = compiler.compile_file(test_file)?;
   |         ^^^^^^ help: if this is intentional, prefix it with an underscore: `_result`

warning: unused variable: `result`
  --> tests/test_pointer_codegen.rs:92:9
   |
92 |     let result = compiler.compile_file(test_file)?;
   |         ^^^^^^ help: if this is intentional, prefix it with an underscore: `_result`

warning: unused variable: `result`
  --> tests/test_stdlib_io.rs:30:9
   |
30 |     let result = compiler.compile_file(test_file)?;
   |         ^^^^^^ help: if this is intentional, prefix it with an underscore: `_result`
   |
   = note: `#[warn(unused_variables)]` (part of `#[warn(unused)]`) on by default

warning: unused import: `aether::ast`
  --> tests/test_enhanced_verification.rs:16:5
   |
16 | use aether::ast;
   |     ^^^^^^^^^^^
   |
   = note: `#[warn(unused_imports)]` (part of `#[warn(unused)]`) on by default

warning: unused import: `aether::types::Type`
  --> tests/test_enhanced_verification.rs:19:5
   |
19 | use aether::types::Type;
   |     ^^^^^^^^^^^^^^^^^^^

warning: unused variable: `stdout`
   --> tests/cli_integration_tests.rs:136:10
    |
136 |     let (stdout, stderr, exit_code) =
    |          ^^^^^^ help: if this is intentional, prefix it with an underscore: `_stdout`
    |
    = note: `#[warn(unused_variables)]` (part of `#[warn(unused)]`) on by default

warning: unused variable: `stdout`
   --> tests/cli_integration_tests.rs:162:10
    |
162 |     let (stdout, stderr, exit_code) = run_aether_cli(&[
    |          ^^^^^^ help: if this is intentional, prefix it with an underscore: `_stdout`

warning: unused variable: `stdout`
   --> tests/cli_integration_tests.rs:206:10
    |
206 |     let (stdout, stderr, exit_code) = run_aether_cli(&[
    |          ^^^^^^ help: if this is intentional, prefix it with an underscore: `_stdout`

warning: unused variable: `stdout`
   --> tests/cli_integration_tests.rs:281:10
    |
281 |     let (stdout, stderr, exit_code) =
    |          ^^^^^^ help: if this is intentional, prefix it with an underscore: `_stdout`

warning: unused variable: `stderr`
   --> tests/cli_integration_tests.rs:298:19
    |
298 |     let (_stdout, stderr, exit_code) = run_aether_cli(&["invalid_command"]);
    |                   ^^^^^^ help: if this is intentional, prefix it with an underscore: `_stderr`

warning: function `count_constants` is never used
   --> tests/optimization_tests.rs:443:4
    |
443 | fn count_constants(function: &Function) -> usize {
    |    ^^^^^^^^^^^^^^^
    |
    = note: `#[warn(dead_code)]` (part of `#[warn(unused)]`) on by default

warning: unused import: `std::path::Path`
  --> tests/ownership_integration_test.rs:18:9
   |
18 |     use std::path::Path;
   |         ^^^^^^^^^^^^^^^
   |
   = note: `#[warn(unused_imports)]` (part of `#[warn(unused)]`) on by default

warning: `aether` (test "test_pointer_codegen") generated 4 warnings (run `cargo fix --test "test_pointer_codegen"` to apply 1 suggestion)
warning: `aether` (test "test_stdlib_io") generated 1 warning
warning: `aether` (test "test_enhanced_verification") generated 2 warnings (run `cargo fix --test "test_enhanced_verification"` to apply 2 suggestions)
warning: `aether` (test "cli_integration_tests") generated 5 warnings
warning: `aether` (test "optimization_tests") generated 1 warning
warning: `aether` (test "ownership_integration_test") generated 1 warning (run `cargo fix --test "ownership_integration_test"` to apply 1 suggestion)
warning: unused variable: `result`
  --> tests/test_stdlib_math.rs:30:9
   |
30 |     let result = compiler.compile_file(test_file)?;
   |         ^^^^^^ help: if this is intentional, prefix it with an underscore: `_result`
   |
   = note: `#[warn(unused_variables)]` (part of `#[warn(unused)]`) on by default

warning: unused import: `aether::lsp::server::Backend`
  --> tests/lsp_test.rs:17:9
   |
17 |     use aether::lsp::server::Backend;
   |         ^^^^^^^^^^^^^^^^^^^^^^^^^^^^
   |
   = note: `#[warn(unused_imports)]` (part of `#[warn(unused)]`) on by default

warning: unused import: `tower_lsp::LanguageServer`
  --> tests/lsp_test.rs:19:9
   |
19 |     use tower_lsp::LanguageServer;
   |         ^^^^^^^^^^^^^^^^^^^^^^^^^

warning: unused imports: `Builder` and `Program`
   --> src/debug/dwarf.rs:546:22
    |
546 |     use crate::mir::{Builder, Program};
    |                      ^^^^^^^  ^^^^^^^
    |
    = note: `#[warn(unused_imports)]` (part of `#[warn(unused)]`) on by default

warning: unused import: `std::collections::HashMap`
   --> src/debug/dwarf.rs:548:9
    |
548 |     use std::collections::HashMap;
    |         ^^^^^^^^^^^^^^^^^^^^^^^^^

warning: unused import: `Builder`
   --> src/debug/source_map.rs:489:22
    |
489 |     use crate::mir::{Builder, Program};
    |                      ^^^^^^^

warning: unused import: `ExampleType`
  --> src/docs/tutorial.rs:21:46
   |
21 |     CodeExample, DifficultyLevel, DocConfig, ExampleType, Exercise, Tutorial, Tuto...
   |                                              ^^^^^^^^^^^

warning: unused imports: `FunctionCall` and `FunctionReference`
   --> src/error/intent_analysis.rs:596:16
    |
596 | ...   Block, FunctionCall, FunctionReference, Identifier, PrimitiveType, TypeSpec...
    |              ^^^^^^^^^^^^  ^^^^^^^^^^^^^^^^^

warning: unused import: `Identifier`
    --> src/mir/lowering.rs:4941:28
     |
4941 |     use crate::ast::{self, Identifier};
     |                            ^^^^^^^^^^

warning: unused import: `crate::error::SourceLocation`
    --> src/optimizations/loop_optimizations.rs:1301:9
     |
1301 |     use crate::error::SourceLocation;
     |         ^^^^^^^^^^^^^^^^^^^^^^^^^^^^

warning: unused imports: `Builder`, `Rvalue`, and `SourceInfo`
    --> src/optimizations/loop_optimizations.rs:1303:9
     |
1303 | ...   Builder, Constant, ConstantValue, Operand, Place, Rvalue, SourceInfo, Stat...
     |       ^^^^^^^                                           ^^^^^^  ^^^^^^^^^^

warning: unused import: `crate::error::SourceLocation`
   --> src/optimizations/vectorization.rs:787:9
    |
787 |     use crate::error::SourceLocation;
    |         ^^^^^^^^^^^^^^^^^^^^^^^^^^^^

warning: unused imports: `Rvalue`, `SourceInfo`, and `Statement`
   --> src/optimizations/vectorization.rs:789:59
    |
789 | ...tValue, Operand, Place, Rvalue, SourceInfo, Statement,
    |                            ^^^^^^  ^^^^^^^^^^  ^^^^^^^^^

warning: unused import: `VersionRequirement`
   --> src/package/resolver.rs:776:44
    |
776 |     use crate::package::version::{Version, VersionRequirement};
    |                                            ^^^^^^^^^^^^^^^^^^

warning: unused import: `self`
  --> src/release/distribution.rs:23:22
   |
23 | use crate::release::{self, DistributionConfig, FailoverConfig, FailoverThreshold, ...
   |                      ^^^^

warning: unused imports: `AudienceConfig`, `AuthConfig`, `ChannelMetadata`, `ChannelType`, `ChannelVisibility`, `HealthCheckConfig`, and `OptOutConfig`
    --> src/release/distribution.rs:1318:29
     |
1318 | ...   AnnouncementConfig, AudienceConfig, AuthConfig, ChangelogConfig, ChangelogFormat,
     |                           ^^^^^^^^^^^^^^  ^^^^^^^^^^
1319 | ...   ChannelMetadata, ChannelType, ChannelVisibility, CommitParsingConfig, HealthCheckConfig,
     |       ^^^^^^^^^^^^^^^  ^^^^^^^^^^^  ^^^^^^^^^^^^^^^^^                       ^^^^^^^^^^^^^^^^^
1320 | ...   LoadBalancingConfig, LoadBalancingStrategy, MirrorConfig, OptOutConfig, ReleaseNotesConfig,
     |                                                                 ^^^^^^^^^^^^

warning: unused import: `UploadConfig as ReleaseUploadConfig`
    --> src/release/distribution.rs:1326:61
     |
1326 | ... ReleaseRetryConfig, UploadConfig as ReleaseUploadConfig};
     |                         ^^^^^^^^^^^^^^^^^^^^^^^^^^^^^^^^^^^

warning: unused import: `super::*`
    --> src/release/updates.rs:2156:9
     |
2156 |     use super::*;
     |         ^^^^^^^^

warning: unused imports: `FunctionCall` and `FunctionReference`
   --> src/resource/analysis.rs:630:22
    |
630 |     use crate::ast::{FunctionCall, FunctionReference, Identifier};
    |                      ^^^^^^^^^^^^  ^^^^^^^^^^^^^^^^^

warning: unused imports: `Identifier` and `Module`
   --> src/resource/mod.rs:217:22
    |
217 |     use crate::ast::{Identifier, Module};
    |                      ^^^^^^^^^^  ^^^^^^

warning: unused import: `Identifier`
    --> src/types/mod.rs:1597:26
     |
1597 |         use crate::ast::{Identifier, TypeSpecifier};
     |                          ^^^^^^^^^^

warning: unused variable: `id1`
   --> src/debug/breakpoints.rs:887:13
    |
887 |         let id1 = manager
    |             ^^^ help: if this is intentional, prefix it with an underscore: `_id1`

warning: unused variable: `parser`
    --> src/docs/parser.rs:1020:17
     |
1020 |         let mut parser = DocParser::new(&config).unwrap();
     |                 ^^^^^^ help: if this is intentional, prefix it with an underscore: `_parser`

warning: variable does not need to be mutable
    --> src/docs/parser.rs:1020:13
     |
1020 |         let mut parser = DocParser::new(&config).unwrap();
     |             ----^^^^^^
     |             |
     |             help: remove this `mut`

warning: unused variable: `manager`
    --> src/docs/renderer.rs:1431:13
     |
1431 |         let manager = AssetManager::new(&base_dir).unwrap();
     |             ^^^^^^^ help: if this is intentional, prefix it with an underscore: `_manager`

warning: unused variable: `renderer`
    --> src/docs/renderer.rs:1444:13
     |
1444 |         let renderer = MarkdownRenderer::new().unwrap();
     |             ^^^^^^^^ help: if this is intentional, prefix it with an underscore: `_renderer`

warning: unused variable: `renderer`
    --> src/docs/renderer.rs:1450:13
     |
1450 |         let renderer = PdfRenderer::new().unwrap();
     |             ^^^^^^^^ help: if this is intentional, prefix it with an underscore: `_renderer`

warning: variable does not need to be mutable
   --> src/llvm_backend/context.rs:153:13
    |
153 |         let mut ctx = LLVMContext::new();
    |             ----^^^
    |             |
    |             help: remove this `mut`

warning: variable does not need to be mutable
   --> src/llvm_backend/types.rs:294:13
    |
294 |         let mut converter = TypeConverter::new(&context);
    |             ----^^^^^^^^^
    |             |
    |             help: remove this `mut`

warning: variable does not need to be mutable
   --> src/mir/validation.rs:428:13
    |
428 |         let mut block = BasicBlock {
    |             ----^^^^^
    |             |
    |             help: remove this `mut`

warning: variable does not need to be mutable
   --> src/module_loader.rs:316:13
    |
316 |         let mut loader = ModuleLoader::new();
    |             ----^^^^^^
    |             |
    |             help: remove this `mut`

warning: unused variable: `builder`
   --> src/optimizations/vectorization.rs:899:17
    |
899 |         let mut builder = Builder::new();
    |                 ^^^^^^^ help: if this is intentional, prefix it with an underscore: `_builder`

warning: variable does not need to be mutable
   --> src/optimizations/vectorization.rs:899:13
    |
899 |         let mut builder = Builder::new();
    |             ----^^^^^^^
    |             |
    |             help: remove this `mut`

warning: unused variable: `builder`
    --> src/package/builder.rs:1034:13
     |
1034 |         let builder = PackageBuilder::new(config);
     |             ^^^^^^^ help: if this is intentional, prefix it with an underscore: `_builder`

warning: unused variable: `condition`
    --> src/release/automation.rs:1272:13
     |
1272 |         let condition = StageCondition {
     |             ^^^^^^^^^ help: if this is intentional, prefix it with an underscore: `_condition`

warning: unused variable: `array_ptr`
   --> src/runtime/mod.rs:292:17
    |
292 |             let array_ptr = array as *mut AetherArray;
    |                 ^^^^^^^^^ help: if this is intentional, prefix it with an underscore: `_array_ptr`

warning: unused variable: `checker`
    --> src/types/mod.rs:1523:13
     |
1523 |         let checker = TypeChecker::new();
     |             ^^^^^^^ help: if this is intentional, prefix it with an underscore: `_checker`

warning: methods `parse_function_signature`, `parse_type_definition`, and `extract_type_name` are never used
   --> src/docs/parser.rs:941:8
    |
936 | impl SignatureParser {
    | -------------------- methods in this implementation
...
941 |     fn parse_function_signature(&self, source: &str) -> Result<FunctionSignature,...
    |        ^^^^^^^^^^^^^^^^^^^^^^^^
...
957 |     fn parse_type_definition(&self, source: &str) -> Result<TypeInfo, SemanticErr...
    |        ^^^^^^^^^^^^^^^^^^^^^
...
981 |     fn extract_type_name(&self, source: &str) -> String {
    |        ^^^^^^^^^^^^^^^^^

warning: function `create_test_type` is never used
   --> src/memory/mod.rs:576:8
    |
576 |     fn create_test_type() -> Type {
    |        ^^^^^^^^^^^^^^^^

warning: field `resolver` is never read
  --> src/patterns/composition.rs:34:5
   |
26 | pub struct CompositionEngine {
   |            ----------------- field in this struct
...
34 |     resolver: ConflictResolver,
   |     ^^^^^^^^

warning: using `.clone()` on a double reference, which returns `&package::version::Version` instead of cloning the inner type
   --> src/package/resolver.rs:538:61
    |
538 |                 Ok(compatible_versions.iter().max().unwrap().clone().clone())
    |                                                             ^^^^^^^^
    |
    = note: `#[warn(suspicious_double_ref_op)]` on by default

warning: using `.clone()` on a double reference, which returns `&package::version::Version` instead of cloning the inner type
   --> src/package/resolver.rs:541:61
    |
541 |                 Ok(compatible_versions.iter().min().unwrap().clone().clone())
    |                                                             ^^^^^^^^

warning: using `.clone()` on a double reference, which returns `&package::version::Version` instead of cloning the inner type
   --> src/package/resolver.rs:545:61
    |
545 |                 Ok(compatible_versions.iter().min().unwrap().clone().clone())
    |                                                             ^^^^^^^^

warning: using `.clone()` on a double reference, which returns `&package::version::Version` instead of cloning the inner type
   --> src/package/resolver.rs:549:61
    |
549 |                 Ok(compatible_versions.iter().max().unwrap().clone().clone())
    |                                                             ^^^^^^^^

warning: unused variable: `result`
  --> tests/test_stdlib_collections.rs:30:9
   |
30 |     let result = compiler.compile_file(test_file)?;
   |         ^^^^^^ help: if this is intentional, prefix it with an underscore: `_result`
   |
   = note: `#[warn(unused_variables)]` (part of `#[warn(unused)]`) on by default

warning: unused import: `aether::types::TypeChecker`
  --> tests/test_ffi_struct_codegen.rs:25:5
   |
25 | use aether::types::TypeChecker;
   |     ^^^^^^^^^^^^^^^^^^^^^^^^^^
   |
   = note: `#[warn(unused_imports)]` (part of `#[warn(unused)]`) on by default

warning: unused import: `std::cell::RefCell`
  --> tests/test_ffi_struct_codegen.rs:26:5
   |
26 | use std::cell::RefCell;
   |     ^^^^^^^^^^^^^^^^^^

warning: unused import: `std::rc::Rc`
  --> tests/test_ffi_struct_codegen.rs:27:5
   |
27 | use std::rc::Rc;
   |     ^^^^^^^^^^^

warning: variable does not need to be mutable
   --> tests/test_ffi_struct_codegen.rs:157:9
    |
157 |     let mut program = Program {
    |         ----^^^^^^^
    |         |
    |         help: remove this `mut`
    |
    = note: `#[warn(unused_mut)]` (part of `#[warn(unused)]`) on by default

warning: variable does not need to be mutable
   --> tests/test_ffi_struct_codegen.rs:205:9
    |
205 |     let mut program = Program {
    |         ----^^^^^^^
    |         |
    |         help: remove this `mut`

warning: variable does not need to be mutable
   --> tests/test_ffi_struct_codegen.rs:248:9
    |
248 |     let mut program = Program {
    |         ----^^^^^^^
    |         |
    |         help: remove this `mut`

warning: variable does not need to be mutable
   --> tests/test_ffi_struct_codegen.rs:303:9
    |
303 |     let mut module = Module {
    |         ----^^^^^^
    |         |
    |         help: remove this `mut`

warning: variable does not need to be mutable
   --> tests/test_ffi_struct_codegen.rs:376:9
    |
376 |     let mut program = Program {
    |         ----^^^^^^^
    |         |
    |         help: remove this `mut`

warning: unused import: `aether::ast::*`
  --> tests/test_parser_contracts.rs:17:9
   |
17 |     use aether::ast::*;
   |         ^^^^^^^^^^^^^^
   |
   = note: `#[warn(unused_imports)]` (part of `#[warn(unused)]`) on by default

warning: unused import: `aether::error::SourceLocation`
  --> tests/test_parser_contracts.rs:18:9
   |
18 |     use aether::error::SourceLocation;
   |         ^^^^^^^^^^^^^^^^^^^^^^^^^^^^^

warning: unused import: `aether::pipeline::CompileOptions`
  --> tests/integration/../utils/compiler_wrapper.rs:19:5
   |
19 | use aether::pipeline::CompileOptions;
   |     ^^^^^^^^^^^^^^^^^^^^^^^^^^^^^^^^
   |
   = note: `#[warn(unused_imports)]` (part of `#[warn(unused)]`) on by default

warning: unused import: `Output`
  --> tests/integration/../utils/compiler_wrapper.rs:23:29
   |
23 | use std::process::{Command, Output};
   |                             ^^^^^^

warning: unused macro definition: `test_result`
   --> tests/integration/../utils/test_runner.rs:332:14
    |
332 | macro_rules! test_result {
    |              ^^^^^^^^^^^
    |
    = note: `#[warn(unused_macros)]` (part of `#[warn(unused)]`) on by default

warning: unused import: `test_runner::TestResult`
  --> tests/integration/multi_file_tests.rs:21:60
   |
21 | use utils::{assertions::*, compiler_wrapper::TestCompiler, test_runner::TestResult};
   |                                                            ^^^^^^^^^^^^^^^^^^^^^^^

warning: unused variable: `compilation_result`
   --> tests/integration/../utils/assertions.rs:163:17
    |
163 |     if let Some(compilation_result) = result.success() {
    |                 ^^^^^^^^^^^^^^^^^^ help: if this is intentional, prefix it with an underscore: `_compilation_result`
    |
    = note: `#[warn(unused_variables)]` (part of `#[warn(unused)]`) on by default

warning: unused variable: `compilation_result`
   --> tests/integration/../utils/assertions.rs:178:17
    |
178 |     if let Some(compilation_result) = result.success() {
    |                 ^^^^^^^^^^^^^^^^^^ help: if this is intentional, prefix it with an underscore: `_compilation_result`

warning: unused variable: `compilation_result`
   --> tests/integration/../utils/assertions.rs:163:17
    |
163 |     if let Some(compilation_result) = result.success() {
    |                 ^^^^^^^^^^^^^^^^^^ help: if this is intentional, prefix it with an underscore: `_compilation_result`

warning: unused variable: `compilation_result`
   --> tests/integration/llm_workflow_tests.rs:148:21
    |
148 |         if let Some(compilation_result) = result.success() {
    |                     ^^^^^^^^^^^^^^^^^^ help: if this is intentional, prefix it with an underscore: `_compilation_result`

warning: unused variable: `execution`
   --> tests/integration/llm_workflow_tests.rs:255:13
    |
255 |         let execution = result_v1.execute();
    |             ^^^^^^^^^ help: if this is intentional, prefix it with an underscore: `_execution`

warning: unused variable: `compilation_result`
   --> tests/integration/llm_workflow_tests.rs:456:21
    |
456 |         if let Some(compilation_result) = result.success() {
    |                     ^^^^^^^^^^^^^^^^^^ help: if this is intentional, prefix it with an underscore: `_compilation_result`

warning: unused variable: `compilation_result`
   --> tests/integration/llm_workflow_tests.rs:768:21
    |
768 |         if let Some(compilation_result) = result.success() {
    |                     ^^^^^^^^^^^^^^^^^^ help: if this is intentional, prefix it with an underscore: `_compilation_result`

warning: unused variable: `compilation_result`
   --> tests/integration/pattern_tests.rs:554:21
    |
554 |         if let Some(compilation_result) = result.success() {
    |                     ^^^^^^^^^^^^^^^^^^ help: if this is intentional, prefix it with an underscore: `_compilation_result`

warning: unused variable: `compilation_result`
   --> tests/integration/resource_tests.rs:452:17
    |
452 |     if let Some(compilation_result) = result.success() {
    |                 ^^^^^^^^^^^^^^^^^^ help: if this is intentional, prefix it with an underscore: `_compilation_result`

warning: function `fixture_path` is never used
  --> tests/integration/../utils/mod.rs:25:8
   |
25 | pub fn fixture_path(filename: &str) -> PathBuf {
   |        ^^^^^^^^^^^^
   |
   = note: `#[warn(dead_code)]` (part of `#[warn(unused)]`) on by default

warning: function `load_fixture` is never used
  --> tests/integration/../utils/mod.rs:30:8
   |
30 | pub fn load_fixture(filename: &str) -> String {
   |        ^^^^^^^^^^^^

warning: function `create_test_project` is never used
  --> tests/integration/../utils/mod.rs:50:8
   |
50 | pub fn create_test_project(project_name: &str, files: &[(&str, &str)]) -> PathBuf {
   |        ^^^^^^^^^^^^^^^^^^^

warning: function `test_id` is never used
  --> tests/integration/../utils/mod.rs:65:8
   |
65 | pub fn test_id() -> String {
   |        ^^^^^^^

warning: function `assert_compilation_error` is never used
  --> tests/integration/../utils/assertions.rs:37:8
   |
37 | pub fn assert_compilation_error(
   |        ^^^^^^^^^^^^^^^^^^^^^^^^

warning: function `assert_execution_failure` is never used
  --> tests/integration/../utils/assertions.rs:68:8
   |
68 | pub fn assert_execution_failure(result: &ExecutionResult, message: &str) {
   |        ^^^^^^^^^^^^^^^^^^^^^^^^

warning: function `assert_output_equals` is never used
  --> tests/integration/../utils/assertions.rs:87:8
   |
87 | pub fn assert_output_equals(result: &ExecutionResult, expected: &str, message: &st...
   |        ^^^^^^^^^^^^^^^^^^^^

warning: function `assert_compilation_time_under` is never used
  --> tests/integration/../utils/assertions.rs:99:8
   |
99 | pub fn assert_compilation_time_under(
   |        ^^^^^^^^^^^^^^^^^^^^^^^^^^^^^

warning: function `assert_execution_time_under` is never used
   --> tests/integration/../utils/assertions.rs:113:8
    |
113 | pub fn assert_execution_time_under(
    |        ^^^^^^^^^^^^^^^^^^^^^^^^^^^

warning: function `assert_output_file_exists` is never used
   --> tests/integration/../utils/assertions.rs:127:8
    |
127 | pub fn assert_output_file_exists(result: &TestCompilationResult, message: &str) {
    |        ^^^^^^^^^^^^^^^^^^^^^^^^^

warning: function `assert_output_file_size_min` is never used
   --> tests/integration/../utils/assertions.rs:142:8
    |
142 | pub fn assert_output_file_size_min(result: &TestCompilationResult, min_size: u64,...
    |        ^^^^^^^^^^^^^^^^^^^^^^^^^^^

warning: function `assert_warning_count` is never used
   --> tests/integration/../utils/assertions.rs:160:8
    |
160 | pub fn assert_warning_count(result: &TestCompilationResult, expected_count: usize...
    |        ^^^^^^^^^^^^^^^^^^^^

warning: function `assert_no_warnings` is never used
   --> tests/integration/../utils/assertions.rs:186:8
    |
186 | pub fn assert_no_warnings(result: &TestCompilationResult, message: &str) {
    |        ^^^^^^^^^^^^^^^^^^

warning: function `assert_compile_and_execute` is never used
   --> tests/integration/../utils/assertions.rs:191:8
    |
191 | pub fn assert_compile_and_execute(
    |        ^^^^^^^^^^^^^^^^^^^^^^^^^^

warning: function `assert_compile_and_execute_exact` is never used
   --> tests/integration/../utils/assertions.rs:209:8
    |
209 | pub fn assert_compile_and_execute_exact(
    |        ^^^^^^^^^^^^^^^^^^^^^^^^^^^^^^^^

warning: methods `verbose`, `compile_file`, and `temp_dir` are never used
   --> tests/integration/../utils/compiler_wrapper.rs:47:12
    |
 33 | impl TestCompiler {
    | ----------------- methods in this implementation
...
 47 |     pub fn verbose(mut self) -> Self {
    |            ^^^^^^^
...
 53 |     pub fn compile_file<P: AsRef<Path>>(&self, input: P) -> TestCompilationResult {
    |            ^^^^^^^^^^^^
...
119 |     pub fn temp_dir(&self) -> &Path {
    |            ^^^^^^^^

warning: fields `compilation_time`, `temp_dir`, and `verbose` are never read
   --> tests/integration/../utils/compiler_wrapper.rs:135:9
    |
133 | pub struct TestCompilationResult {
    |            --------------------- fields in this struct
134 |     pub result: Result<CompilationResult, CompilerError>,
135 |     pub compilation_time: std::time::Duration,
    |         ^^^^^^^^^^^^^^^^
136 |     pub temp_dir: PathBuf,
    |         ^^^^^^^^
137 |     pub verbose: bool,
    |         ^^^^^^^

warning: methods `result` and `print_details` are never used
   --> tests/integration/../utils/compiler_wrapper.rs:152:12
    |
140 | impl TestCompilationResult {
    | -------------------------- methods in this implementation
...
152 |     pub fn result(&self) -> &Result<CompilationResult, CompilerError> {
    |            ^^^^^^
...
219 |     pub fn print_details(&self) {
    |            ^^^^^^^^^^^^^

warning: field `execution_time` is never read
   --> tests/integration/../utils/compiler_wrapper.rs:243:9
    |
238 | pub struct ExecutionResult {
    |            --------------- field in this struct
...
243 |     pub execution_time: std::time::Duration,
    |         ^^^^^^^^^^^^^^

warning: method `print_details` is never used
   --> tests/integration/../utils/compiler_wrapper.rs:268:12
    |
246 | impl ExecutionResult {
    | -------------------- method in this implementation
...
268 |     pub fn print_details(&self) {
    |            ^^^^^^^^^^^^^

warning: struct `TestSuite` is never constructed
  --> tests/integration/../utils/test_runner.rs:21:12
   |
21 | pub struct TestSuite {
   |            ^^^^^^^^^

warning: struct `Test` is never constructed
  --> tests/integration/../utils/test_runner.rs:29:12
   |
29 | pub struct Test {
   |            ^^^^

warning: struct `TestResult` is never constructed
  --> tests/integration/../utils/test_runner.rs:38:12
   |
38 | pub struct TestResult {
   |            ^^^^^^^^^^

warning: struct `TestRunner` is never constructed
  --> tests/integration/../utils/test_runner.rs:46:12
   |
46 | pub struct TestRunner {
   |            ^^^^^^^^^^

warning: associated items `new`, `add_test`, `add_test_with_timeout`, `add_test_expected_fail`, `setup`, and `teardown` are never used
   --> tests/integration/../utils/test_runner.rs:54:12
    |
 52 | impl TestSuite {
    | -------------- associated items in this implementation
 53 |     /// Create a new test suite
 54 |     pub fn new(name: &str) -> Self {
    |            ^^^
...
 64 |     pub fn add_test<F>(mut self, name: &str, test_fn: F) -> Self
    |            ^^^^^^^^
...
 78 |     pub fn add_test_with_timeout<F>(mut self, name: &str, timeout: Duration, test...
    |            ^^^^^^^^^^^^^^^^^^^^^
...
 92 |     pub fn add_test_expected_fail<F>(mut self, name: &str, test_fn: F) -> Self
    |            ^^^^^^^^^^^^^^^^^^^^^^
...
106 |     pub fn setup<F>(mut self, setup_fn: F) -> Self
    |            ^^^^^
...
115 |     pub fn teardown<F>(mut self, teardown_fn: F) -> Self
    |            ^^^^^^^^

warning: associated items `success`, `success_with_details`, `failure`, `failure_with_details`, and `with_time` are never used
   --> tests/integration/../utils/test_runner.rs:126:12
    |
124 | impl TestResult {
    | --------------- associated items in this implementation
125 |     /// Create a successful test result
126 |     pub fn success(message: &str) -> Self {
    |            ^^^^^^^
...
136 |     pub fn success_with_details(message: &str, details: &str) -> Self {
    |            ^^^^^^^^^^^^^^^^^^^^
...
146 |     pub fn failure(message: &str) -> Self {
    |            ^^^^^^^
...
156 |     pub fn failure_with_details(message: &str, details: &str) -> Self {
    |            ^^^^^^^^^^^^^^^^^^^^
...
166 |     pub fn with_time(mut self, time: Duration) -> Self {
    |            ^^^^^^^^^

warning: associated items `new`, `verbose`, `parallel`, `add_suite`, and `run` are never used
   --> tests/integration/../utils/test_runner.rs:174:12
    |
172 | impl TestRunner {
    | --------------- associated items in this implementation
173 |     /// Create a new test runner
174 |     pub fn new() -> Self {
    |            ^^^
...
183 |     pub fn verbose(mut self) -> Self {
    |            ^^^^^^^
...
189 |     pub fn parallel(mut self) -> Self {
    |            ^^^^^^^^
...
195 |     pub fn add_suite(mut self, suite: TestSuite) -> Self {
    |            ^^^^^^^^^
...
201 |     pub fn run(&self) -> TestRunResults {
    |            ^^^

warning: struct `TestRunResults` is never constructed
   --> tests/integration/../utils/test_runner.rs:261:12
    |
261 | pub struct TestRunResults {
    |            ^^^^^^^^^^^^^^

warning: multiple associated items are never used
   --> tests/integration/../utils/test_runner.rs:268:12
    |
266 | impl TestRunResults {
    | ------------------- associated items in this implementation
267 |     /// Create new results
268 |     pub fn new() -> Self {
    |            ^^^
...
276 |     pub fn add_result(&mut self, suite_name: &str, test_name: &str, result: TestR...
    |            ^^^^^^^^^^
...
284 |     pub fn total_tests(&self) -> usize {
    |            ^^^^^^^^^^^
...
289 |     pub fn passed_tests(&self) -> usize {
    |            ^^^^^^^^^^^^
...
298 |     pub fn failed_tests(&self) -> usize {
    |            ^^^^^^^^^^^^
...
303 |     pub fn all_passed(&self) -> bool {
    |            ^^^^^^^^^^
...
308 |     pub fn print_summary(&self) {
    |            ^^^^^^^^^^^^^

warning: function `fixture_path` is never used
  --> tests/integration/../utils/mod.rs:25:8
   |
25 | pub fn fixture_path(filename: &str) -> PathBuf {
   |        ^^^^^^^^^^^^

warning: function `assert_warning_contains` is never used
   --> tests/integration/../utils/assertions.rs:171:8
    |
171 | pub fn assert_warning_contains(
    |        ^^^^^^^^^^^^^^^^^^^^^^^

warning: methods `verbose`, `compile_file`, `compile_project`, and `temp_dir` are never used
   --> tests/integration/../utils/compiler_wrapper.rs:47:12
    |
 33 | impl TestCompiler {
    | ----------------- methods in this implementation
...
 47 |     pub fn verbose(mut self) -> Self {
    |            ^^^^^^^
...
 53 |     pub fn compile_file<P: AsRef<Path>>(&self, input: P) -> TestCompilationResult {
    |            ^^^^^^^^^^^^
...
102 |     pub fn compile_project(&self, files: &[(&str, &str)]) -> TestCompilationResult {
    |            ^^^^^^^^^^^^^^^
...
119 |     pub fn temp_dir(&self) -> &Path {
    |            ^^^^^^^^

warning: methods `verbose`, `compile_file`, `compile_source`, and `temp_dir` are never used
   --> tests/integration/../utils/compiler_wrapper.rs:47:12
    |
 33 | impl TestCompiler {
    | ----------------- methods in this implementation
...
 47 |     pub fn verbose(mut self) -> Self {
    |            ^^^^^^^
...
 53 |     pub fn compile_file<P: AsRef<Path>>(&self, input: P) -> TestCompilationResult {
    |            ^^^^^^^^^^^^
...
 95 |     pub fn compile_source(&self, source: &str, filename: &str) -> TestCompilation...
    |            ^^^^^^^^^^^^^^
...
119 |     pub fn temp_dir(&self) -> &Path {
    |            ^^^^^^^^

warning: function `assert_execution_success` is never used
  --> tests/integration/../utils/assertions.rs:56:8
   |
56 | pub fn assert_execution_success(result: &ExecutionResult, message: &str) {
   |        ^^^^^^^^^^^^^^^^^^^^^^^^

warning: function `assert_output_contains` is never used
  --> tests/integration/../utils/assertions.rs:75:8
   |
75 | pub fn assert_output_contains(result: &ExecutionResult, expected: &str, message: &...
   |        ^^^^^^^^^^^^^^^^^^^^^^

warning: methods `result`, `execute`, and `print_details` are never used
   --> tests/integration/../utils/compiler_wrapper.rs:152:12
    |
140 | impl TestCompilationResult {
    | -------------------------- methods in this implementation
...
152 |     pub fn result(&self) -> &Result<CompilationResult, CompilerError> {
    |            ^^^^^^
...
173 |     pub fn execute(&self) -> ExecutionResult {
    |            ^^^^^^^
...
219 |     pub fn print_details(&self) {
    |            ^^^^^^^^^^^^^

warning: struct `ExecutionResult` is never constructed
   --> tests/integration/../utils/compiler_wrapper.rs:238:12
    |
238 | pub struct ExecutionResult {
    |            ^^^^^^^^^^^^^^^

warning: methods `is_success`, `stdout`, `stderr`, `exit_code`, and `print_details` are never used
   --> tests/integration/../utils/compiler_wrapper.rs:248:12
    |
246 | impl ExecutionResult {
    | -------------------- methods in this implementation
247 |     /// Check if execution was successful
248 |     pub fn is_success(&self) -> bool {
    |            ^^^^^^^^^^
...
253 |     pub fn stdout(&self) -> &str {
    |            ^^^^^^
...
258 |     pub fn stderr(&self) -> &str {
    |            ^^^^^^
...
263 |     pub fn exit_code(&self) -> i32 {
    |            ^^^^^^^^^
...
268 |     pub fn print_details(&self) {
    |            ^^^^^^^^^^^^^

warning: `aether` (test "test_stdlib_math") generated 1 warning
warning: `aether` (test "lsp_test") generated 2 warnings (run `cargo fix --test "lsp_test"` to apply 2 suggestions)
warning: `aether` (lib test) generated 218 warnings (177 duplicates) (run `cargo fix --lib -p aether --tests` to apply 24 suggestions)
warning: `aether` (test "test_stdlib_collections") generated 1 warning
warning: `aether` (test "test_ffi_struct_codegen") generated 8 warnings (run `cargo fix --test "test_ffi_struct_codegen"` to apply 8 suggestions)
warning: `aether` (test "test_parser_contracts") generated 2 warnings (run `cargo fix --test "test_parser_contracts"` to apply 2 suggestions)
warning: `aether` (test "integration_tests") generated 188 warnings (137 duplicates) (run `cargo fix --test "integration_tests"` to apply 3 suggestions)
warning: unused doc comment
  --> tests/property_based_tests.rs:46:1
   |
46 | /// Property test: Valid identifiers should always tokenize successfully
   | ^^^^^^^^^^^^^^^^^^^^^^^^^^^^^^^^^^^^^^^^^^^^^^^^^^^^^^^^^^^^^^^^^^^^^^^^ rustdoc does not generate documentation for macro invocations
   |
   = help: to document an item produced by a macro, the macro must produce the documentation as part of its expansion
   = note: `#[warn(unused_doc_comments)]` (part of `#[warn(unused)]`) on by default

warning: unused doc comment
  --> tests/property_based_tests.rs:69:1
   |
69 | /// Property test: Valid integers should always tokenize and parse correctly
   | ^^^^^^^^^^^^^^^^^^^^^^^^^^^^^^^^^^^^^^^^^^^^^^^^^^^^^^^^^^^^^^^^^^^^^^^^^^^^ rustdoc does not generate documentation for macro invocations
   |
   = help: to document an item produced by a macro, the macro must produce the documentation as part of its expansion

warning: unused doc comment
   --> tests/property_based_tests.rs:101:1
    |
101 | /// Property test: Valid floats should always tokenize and parse correctly
    | ^^^^^^^^^^^^^^^^^^^^^^^^^^^^^^^^^^^^^^^^^^^^^^^^^^^^^^^^^^^^^^^^^^^^^^^^^^ rustdoc does not generate documentation for macro invocations
    |
    = help: to document an item produced by a macro, the macro must produce the documentation as part of its expansion

warning: unused doc comment
   --> tests/property_based_tests.rs:133:1
    |
133 | /// Property test: String literals should always tokenize correctly
    | ^^^^^^^^^^^^^^^^^^^^^^^^^^^^^^^^^^^^^^^^^^^^^^^^^^^^^^^^^^^^^^^^^^^ rustdoc does not generate documentation for macro invocations
    |
    = help: to document an item produced by a macro, the macro must produce the documentation as part of its expansion

warning: unused doc comment
   --> tests/property_based_tests.rs:156:1
    |
156 | /// Property test: Well-formed modules should always parse successfully
    | ^^^^^^^^^^^^^^^^^^^^^^^^^^^^^^^^^^^^^^^^^^^^^^^^^^^^^^^^^^^^^^^^^^^^^^^ rustdoc does not generate documentation for macro invocations
    |
    = help: to document an item produced by a macro, the macro must produce the documentation as part of its expansion

warning: unused doc comment
   --> tests/property_based_tests.rs:194:1
    |
194 | /// Property test: Lexer should never crash on any input
    | ^^^^^^^^^^^^^^^^^^^^^^^^^^^^^^^^^^^^^^^^^^^^^^^^^^^^^^^^ rustdoc does not generate documentation for macro invocations
    |
    = help: to document an item produced by a macro, the macro must produce the documentation as part of its expansion

warning: unused doc comment
   --> tests/property_based_tests.rs:208:1
    |
208 | /// Property test: Parser should never crash on valid tokens
    | ^^^^^^^^^^^^^^^^^^^^^^^^^^^^^^^^^^^^^^^^^^^^^^^^^^^^^^^^^^^^ rustdoc does not generate documentation for macro invocations
    |
    = help: to document an item produced by a macro, the macro must produce the documentation as part of its expansion

warning: unused doc comment
   --> tests/property_based_tests.rs:246:1
    |
246 | /// Property test: Semantic analyzer should never crash on valid ASTs
    | ^^^^^^^^^^^^^^^^^^^^^^^^^^^^^^^^^^^^^^^^^^^^^^^^^^^^^^^^^^^^^^^^^^^^^ rustdoc does not generate documentation for macro invocations
    |
    = help: to document an item produced by a macro, the macro must produce the documentation as part of its expansion

warning: unused doc comment
   --> tests/property_based_tests.rs:295:1
    |
295 | /// Property test: Type checking should be consistent
    | ^^^^^^^^^^^^^^^^^^^^^^^^^^^^^^^^^^^^^^^^^^^^^^^^^^^^^ rustdoc does not generate documentation for macro invocations
    |
    = help: to document an item produced by a macro, the macro must produce the documentation as part of its expansion

warning: unused doc comment
   --> tests/property_based_tests.rs:351:1
    |
351 | /// Property test: Simple integer constants should be consistent
    | ^^^^^^^^^^^^^^^^^^^^^^^^^^^^^^^^^^^^^^^^^^^^^^^^^^^^^^^^^^^^^^^^ rustdoc does not generate documentation for macro invocations
    |
    = help: to document an item produced by a macro, the macro must produce the documentation as part of its expansion

warning: unused doc comment
   --> tests/property_based_tests.rs:384:1
    |
384 | /// Property test: Module names should be preserved through the entire pipeline
    | ^^^^^^^^^^^^^^^^^^^^^^^^^^^^^^^^^^^^^^^^^^^^^^^^^^^^^^^^^^^^^^^^^^^^^^^^^^^^^^^ rustdoc does not generate documentation for macro invocations
    |
    = help: to document an item produced by a macro, the macro must produce the documentation as part of its expansion

warning: function `valid_string_literal` is never used
  --> tests/property_based_tests.rs:26:4
   |
26 | fn valid_string_literal() -> impl Strategy<Value = String> {
   |    ^^^^^^^^^^^^^^^^^^^^
   |
   = note: `#[warn(dead_code)]` (part of `#[warn(unused)]`) on by default

warning: function `valid_float` is never used
  --> tests/property_based_tests.rs:36:4
   |
36 | fn valid_float() -> impl Strategy<Value = f64> {
   |    ^^^^^^^^^^^

warning: `aether` (test "property_based_tests") generated 13 warnings
    Finished `test` profile [unoptimized + debuginfo] target(s) in 0.15s
     Running unittests src/lib.rs (target/debug/deps/aether-19f6da1efa394f4c)

running 723 tests
test ast::tests::test_identifier_creation ... ok
test concurrency::async_runtime::tests::test_runtime_config ... ok
test concurrency::actors::tests::test_supervision_strategy ... ok
test ast::resource::tests::test_cleanup_sequence ... ok
test ast::resource::tests::test_resource_scope_builder ... ok
test concurrency::actors::tests::test_message_dispatcher ... ok
test concurrency::actors::tests::test_actor_system_creation ... ok
test concurrency::actors::tests::test_actor_system_start_stop ... ok
test ast::tests::test_ast_pretty_printer ... ok
test concurrency::actors::tests::test_message_priority ... ok
test ast::tests::test_expression_serialization ... ok
test concurrency::async_runtime::tests::test_runtime_creation ... ok
test concurrency::actors::tests::test_actor_handle_messaging ... ok
test concurrency::actors::tests::test_actor_creation ... ok
test concurrency::async_runtime::tests::test_task_priority_ordering ... ok
test concurrency::async_runtime::tests::test_task_scheduling ... ok
test concurrency::channels::tests::test_bounded_channel_capacity ... ok
test concurrency::channels::tests::test_bounded_channel_creation ... ok
test concurrency::channels::tests::test_channel_registry_creation ... ok
test concurrency::channels::tests::test_channel_sender_cloning ... ok
test concurrency::channels::tests::test_duplicate_channel_names ... ok
test concurrency::channels::tests::test_message_sending_receiving ... ok
test concurrency::channels::tests::test_unbounded_channel_creation ... ok
test concurrency::sync_primitives::tests::test_barrier_creation ... ok
test concurrency::sync_primitives::tests::test_mutex_creation ... ok
test concurrency::sync_primitives::tests::test_duplicate_names ... ok
test concurrency::sync_primitives::tests::test_mutex_locking ... ok
test concurrency::async_runtime::tests::test_runtime_start_stop ... ok
test concurrency::sync_primitives::tests::test_rw_lock_creation ... ok
test concurrency::sync_primitives::tests::test_rw_lock_read_write ... ok
test concurrency::sync_primitives::tests::test_semaphore_acquire_release ... ok
test concurrency::sync_primitives::tests::test_semaphore_creation ... ok
test concurrency::sync_primitives::tests::test_sync_primitive_manager_creation ... ok
test concurrency::tests::test_access_pattern_synchronization ... ok
test concurrency::tests::test_channel_type_analysis ... ok
test concurrency::tests::test_concurrency_analyzer ... ok
test concurrency::tests::test_concurrency_manager_creation ... ok
test concurrency::tests::test_thread_safety_analysis ... ok
test concurrency::thread_safe::tests::test_atomic_bool_creation ... ok
test concurrency::thread_safe::tests::test_atomic_bool_operations ... ok
test concurrency::thread_safe::tests::test_atomic_i64_creation ... ok
test concurrency::thread_safe::tests::test_atomic_i64_operations ... ok
test concurrency::thread_safe::tests::test_concurrent_hashmap_creation ... ok
test concurrency::thread_safe::tests::test_concurrent_hashmap_operations ... ok
test concurrency::thread_safe::tests::test_lock_free_queue_operations ... ok
test concurrency::thread_safe::tests::test_memory_ordering_conversion ... ok
test concurrency::thread_safe::tests::test_thread_safe_manager_creation ... ok
test concurrency::thread_safe::tests::test_thread_safe_vector_creation ... ok
test concurrency::thread_safe::tests::test_thread_safe_vector_operations ... ok
test contracts::tests::test_algorithm_hint_validation ... ok
test contracts::tests::test_complexity_expectation_validation ... ok
test contracts::tests::test_contract_validator_creation ... ok
test contracts::tests::test_expression_type_inference ... ok
test contracts::tests::test_performance_expectation_validation ... ok
test contracts::tests::test_runtime_assertion_generation ... ok
test debug::breakpoints::tests::test_breakpoint_enable_disable ... ok
test debug::breakpoints::tests::test_breakpoint_creation ... ok
test debug::breakpoints::tests::test_breakpoint_removal ... ok
test debug::breakpoints::tests::test_breakpoint_statistics ... ok
test debug::breakpoints::tests::test_conditional_breakpoint ... ok
test debug::breakpoints::tests::test_function_breakpoint ... ok
test debug::breakpoints::tests::test_line_breakpoint ... ok
test debug::breakpoints::tests::test_watchpoint ... ok
test debug::debugger::tests::test_breakpoint_management ... ok
test debug::debugger::tests::test_debugger_config ... ok
test debug::debugger::tests::test_debugger_interface_creation ... ok
test debug::debugger::tests::test_execution_states ... ok
test debug::debugger::tests::test_stack_frame ... ok
test debug::debugger::tests::test_variable_watching ... ok
test debug::dwarf::tests::test_die_creation ... ok
test debug::dwarf::tests::test_dwarf_generator_creation ... ok
test debug::dwarf::tests::test_line_program ... ok
test debug::dwarf::tests::test_source_file_management ... ok
test debug::dwarf::tests::test_type_reference ... ok
test debug::lsp::tests::test_completion_items ... ok
test debug::dwarf::tests::test_compilation_unit_creation ... ok
test debug::lsp::tests::test_diagnostic_creation ... ok
test debug::lsp::tests::test_language_server_creation ... ok
test debug::lsp::tests::test_symbol_info ... ok
test debug::source_map::tests::test_address_map ... ok
test debug::source_map::tests::test_line_map ... ok
test debug::source_map::tests::test_source_map_generator ... ok
test debug::source_map::tests::test_source_mapping ... ok
test debug::source_map::tests::test_variable_map ... ok
test debug::source_map::tests::test_source_map_json ... ok
test debug::tests::test_debug_config_default ... ok
test debug::tests::test_debug_support_creation ... ok
test debug::tests::test_debug_support_with_lsp ... ok
test debug::tests::test_lsp_config_default ... ok
test debug::lsp::tests::test_document_management ... ok
test docs::examples::tests::test_example_categories ... ok
test docs::examples::tests::test_example_difficulty_levels ... ok
test docs::examples::tests::test_example_manager_creation ... ok
test docs::examples::tests::test_syntax_examples_generation ... ok
test docs::parser::tests::test_comment_parser ... ok
test docs::parser::tests::test_function_name_extraction ... ok
test docs::parser::tests::test_module_name_extraction ... ok
test docs::parser::tests::test_source_file_discovery ... ok
test docs::renderer::tests::test_asset_manager ... ok
test docs::renderer::tests::test_html_renderer_creation ... ok
test docs::renderer::tests::test_markdown_renderer ... ok
test docs::renderer::tests::test_pdf_renderer ... ok
test docs::renderer::tests::test_template_engine_creation ... ok
test docs::tests::test_doc_config_default ... ok
test docs::tests::test_output_formats ... ok
test docs::tests::test_documentation_structure ... ok
test docs::tests::test_search_config ... ok
test docs::tutorial::tests::test_basic_tutorial_generation ... ok
test docs::tests::test_tutorial_creation ... ok
test docs::tutorial::tests::test_difficulty_levels ... ok
test docs::tutorial::tests::test_tutorial_generator_creation ... ok
test docs::tutorial::tests::test_tutorial_structure ... ok
test error::enhancement::tests::test_error_enhancement ... ok
test error::enhancement::tests::test_type_error_enhancement ... ok
test error::structured::tests::test_error_formatter ... ok
test error::intent_analysis::tests::test_intent_analysis ... ok
test error::structured::tests::test_structured_error_builder ... ok
test error::tests::test_diagnostic_creation ... ok
test error::tests::test_edit_distance ... ok
test error::tests::test_source_location_display ... ok
test ffi::tests::test_c_header_generation ... ok
test ffi::tests::test_callback_c_generation ... ok
test error::tests::test_error_suggestion ... ok
test ffi::tests::test_callback_registry ... ok
test ffi::tests::test_binding_generator ... ok
test ffi::tests::test_enum_handler ... ok
test ffi::tests::test_ffi_analyzer ... ok
test ffi::tests::test_ffi_type_mapper ... ok
test ffi::tests::test_ownership_validation ... ok
test ffi::tests::test_pointer_type_mapping ... ok
test ffi::tests::test_rust_bindings_generation ... ok
test ffi::tests::test_target_language_display ... ok
test ffi::tests::test_struct_handler ... ok
test lexer::tests::test_comments ... ok
test lexer::tests::test_identifiers_and_keywords ... ok
test lexer::tests::test_numbers ... ok
test lexer::tests::test_peek_token ... ok
test lexer::tests::test_simple_tokens ... ok
test lexer::tests::test_quoted_identifiers ... ok
test lexer::v2::tests::test_amp_amp_token ... ok
test lexer::v2::tests::test_ampersand_token ... ok
test lexer::tests::test_error_cases ... ok
test lexer::v2::tests::test_arrow_token ... ok
test lexer::tests::test_source_locations ... ok
test lexer::v2::tests::test_at_token ... ok
test lexer::v2::tests::test_bang_equal_token ... ok
test lexer::v2::tests::test_bang_token ... ok
test lexer::v2::tests::test_bool_literal_false_token ... ok
test lexer::v2::tests::test_bool_literal_true_token ... ok
test lexer::v2::tests::test_caret_token ... ok
test lexer::tests::test_strings ... ok
test lexer::v2::tests::test_char_literal_token ... ok
test lexer::v2::tests::test_colon_token ... ok
test lexer::v2::tests::test_comma_token ... ok
test lexer::v2::tests::test_dot_token ... ok
test lexer::v2::tests::test_eof_token ... ok
test lexer::v2::tests::test_equal_equal_token ... ok
test lexer::v2::tests::test_equal_token ... ok
test lexer::v2::tests::test_float_literal_token ... ok
test lexer::v2::tests::test_greater_equal_token ... ok
test lexer::v2::tests::test_greater_token ... ok
test lexer::v2::tests::test_identifier_token ... ok
test lexer::v2::tests::test_integer_literal_token ... ok
test lexer::v2::tests::test_keyword_func ... ok
test lexer::v2::tests::test_keyword_let ... ok
test lexer::v2::tests::test_keyword_module ... ok
test lexer::v2::tests::test_keyword_return ... ok
test lexer::v2::tests::test_keyword_when ... ok
test lexer::v2::tests::test_left_brace_token ... ok
test lexer::v2::tests::test_left_bracket_token ... ok
test lexer::v2::tests::test_left_paren_token ... ok
test lexer::v2::tests::test_less_equal_token ... ok
test lexer::v2::tests::test_less_token ... ok
test lexer::v2::tests::test_lexer_all_keywords_count ... ok
test lexer::v2::tests::test_lexer_comment_at_end_of_file ... ok
test lexer::v2::tests::test_lexer_comment_with_special_chars ... ok
test lexer::v2::tests::test_lexer_comment_does_not_break_lines ... ok
test lexer::v2::tests::test_lexer_disambiguate_ampersand_vs_ampamp ... ok
test lexer::v2::tests::test_lexer_disambiguate_bang_vs_bangequal ... ok
test lexer::v2::tests::test_lexer_disambiguate_equal_vs_equalequal ... ok
test lexer::v2::tests::test_lexer_disambiguate_greater_vs_greaterequal ... ok
test lexer::v2::tests::test_lexer_disambiguate_less_vs_lessequal ... ok
test lexer::v2::tests::test_lexer_disambiguate_minus_vs_arrow ... ok
test lexer::v2::tests::test_lexer_empty_comment ... ok
test lexer::v2::tests::test_lexer_error_invalid_escape_sequence ... ok
test lexer::v2::tests::test_lexer_error_unterminated_char ... ok
test lexer::v2::tests::test_lexer_error_unterminated_string ... ok
test lexer::v2::tests::test_lexer_error_unterminated_string_newline ... ok
test lexer::v2::tests::test_lexer_integration_complex_expressions ... ok
test lexer::v2::tests::test_lexer_integration_error_handling ... ok
test lexer::v2::tests::test_lexer_integration_extern_function ... ok
test lexer::v2::tests::test_lexer_integration_for_loop ... ok
test lexer::v2::tests::test_lexer_integration_function_with_params ... ok
test lexer::v2::tests::test_lexer_integration_hello_world ... ok
test lexer::v2::tests::test_lexer_integration_ownership_types ... ok
test lexer::v2::tests::test_lexer_integration_struct_definition ... ok
test lexer::v2::tests::test_lexer_keyword_lookup_control_flow ... ok
test lexer::v2::tests::test_lexer_integration_when_statement ... ok
test lexer::v2::tests::test_lexer_keyword_lookup_declaration ... ok
test lexer::v2::tests::test_lexer_keyword_lookup_error_handling ... ok
test lexer::v2::tests::test_lexer_keyword_lookup_literals ... ok
test lexer::v2::tests::test_lexer_keyword_lookup_modifiers ... ok
test lexer::v2::tests::test_lexer_keyword_lookup_not_keyword ... ok
test lexer::v2::tests::test_lexer_keyword_lookup_other ... ok
test lexer::v2::tests::test_lexer_keyword_lookup_resource ... ok
test lexer::v2::tests::test_lexer_keyword_lookup_types ... ok
test lexer::v2::tests::test_lexer_skip_doc_comment ... ok
test lexer::v2::tests::test_lexer_skip_doc_comment_with_function ... ok
test lexer::v2::tests::test_lexer_skip_line_comment ... ok
test lexer::v2::tests::test_lexer_skip_line_comment_with_code_after ... ok
test lexer::v2::tests::test_lexer_skip_line_comment_with_code_before ... ok
test lexer::v2::tests::test_lexer_skip_multiple_line_comments ... ok
test lexer::v2::tests::test_lexer_slash_not_comment ... ok
test lexer::v2::tests::test_lexer_tokenize_annotation ... ok
test lexer::v2::tests::test_lexer_tokenize_arithmetic_operators ... ok
test lexer::v2::tests::test_lexer_tokenize_arrow_operator ... ok
test lexer::v2::tests::test_lexer_tokenize_assignment_operator ... ok
test lexer::v2::tests::test_lexer_tokenize_braced_expression ... ok
test lexer::v2::tests::test_lexer_tokenize_char_escape_backslash ... ok
test lexer::v2::tests::test_lexer_tokenize_char_escape_newline ... ok
test lexer::v2::tests::test_lexer_tokenize_char_escape_single_quote ... ok
test lexer::v2::tests::test_lexer_tokenize_char_escape_tab ... ok
test lexer::v2::tests::test_lexer_tokenize_char_simple ... ok
test lexer::v2::tests::test_lexer_tokenize_comparison_expression ... ok
test lexer::v2::tests::test_lexer_tokenize_comparison_operators ... ok
test lexer::v2::tests::test_lexer_tokenize_complex_expression ... ok
test lexer::v2::tests::test_lexer_tokenize_control_flow_keywords ... ok
test lexer::v2::tests::test_lexer_tokenize_delimiters ... ok
test lexer::v2::tests::test_lexer_tokenize_float_leading_zero ... ok
test lexer::v2::tests::test_lexer_tokenize_float_literal ... ok
test lexer::v2::tests::test_lexer_tokenize_function_signature ... ok
test lexer::v2::tests::test_lexer_tokenize_generic_type ... ok
test lexer::v2::tests::test_lexer_tokenize_identifier_with_underscore ... ok
test lexer::v2::tests::test_lexer_tokenize_integer_literal ... ok
test lexer::v2::tests::test_lexer_tokenize_integer_zero ... ok
test lexer::v2::tests::test_lexer_tokenize_keywords_and_identifiers ... ok
test lexer::v2::tests::test_lexer_tokenize_large_integer ... ok
test lexer::v2::tests::test_lexer_tokenize_literals_with_keywords ... ok
test lexer::v2::tests::test_lexer_tokenize_logical_operators ... ok
test lexer::v2::tests::test_lexer_tokenize_mixed_literals ... ok
test lexer::v2::tests::test_lexer_tokenize_multiple_keywords ... ok
test lexer::v2::tests::test_lexer_tokenize_multiple_numbers ... ok
test lexer::v2::tests::test_lexer_tokenize_ownership_sigils ... ok
test lexer::v2::tests::test_lexer_tokenize_single_keyword ... ok
test lexer::v2::tests::test_lexer_tokenize_string_empty ... ok
test lexer::v2::tests::test_lexer_tokenize_string_escape_backslash ... ok
test lexer::v2::tests::test_lexer_tokenize_string_escape_newline ... ok
test lexer::v2::tests::test_lexer_tokenize_string_escape_quote ... ok
test lexer::v2::tests::test_lexer_tokenize_string_escape_tab ... ok
test lexer::v2::tests::test_lexer_tokenize_string_simple ... ok
test lexer::v2::tests::test_lexer_tokenize_string_with_spaces ... ok
test lexer::v2::tests::test_lexer_tokenize_true_false ... ok
test lexer::v2::tests::test_lexer_tokenize_type_keywords ... ok
test lexer::v2::tests::test_lexer_tokenize_variable_declaration ... ok
test lexer::v2::tests::test_minus_token ... ok
test lexer::v2::tests::test_lexer_tokenize_with_newlines ... ok
test lexer::v2::tests::test_percent_token ... ok
test lexer::v2::tests::test_pipe_pipe_token ... ok
test lexer::v2::tests::test_plus_token ... ok
test lexer::v2::tests::test_right_brace_token ... ok
test lexer::v2::tests::test_right_bracket_token ... ok
test lexer::v2::tests::test_right_paren_token ... ok
test lexer::v2::tests::test_semicolon_token ... ok
test lexer::v2::tests::test_slash_token ... ok
test lexer::v2::tests::test_star_token ... ok
test lexer::v2::tests::test_string_literal_token ... ok
test lexer::v2::tests::test_tilde_token ... ok
test lexer::v2::tests::test_token_type_equality ... ok
test llvm_backend::context::tests::test_context_builder ... ok
test llvm_backend::context::tests::test_builder_creation ... ok
test llvm_backend::context::tests::test_clear_modules ... ok
test llvm_backend::context::tests::test_context_creation ... ok
test llvm_backend::context::tests::test_module_management ... ok
test llvm_backend::tests::test_llvm_backend_creation ... ok
test llvm_backend::tests::test_target_arch_native ... ok
test llvm_backend::types::tests::test_array_type_conversion ... ok
test llvm_backend::types::tests::test_function_type_conversion ... ok
test llvm_backend::types::tests::test_named_type_conversion ... ok
test llvm_backend::types::tests::test_pointer_type_conversion ... ok
test llvm_backend::types::tests::test_primitive_type_conversion ... ok
test llvm_backend::values::tests::test_const_array_integers ... ok
test llvm_backend::values::tests::test_const_helpers ... ok
test llvm_backend::values::tests::test_convert_boolean_constant ... ok
test llvm_backend::values::tests::test_const_struct ... ok
test llvm_backend::values::tests::test_convert_float_constant ... ok
test llvm_backend::values::tests::test_convert_integer_constant ... ok
test llvm_backend::values::tests::test_convert_null_constant ... ok
test llvm_backend::values::tests::test_convert_string_constant ... ok
test memory::tests::test_allocation_strategy_determination ... ok
test memory::tests::test_linear_type_wrapper ... ok
test memory::tests::test_memory_analyzer_creation ... ok
test memory::tests::test_ref_counted_wrapper ... ok
test memory::tests::test_region_creation ... ok
test mir::dataflow::tests::test_liveness_analysis ... ok
test memory::tests::test_linear_type_double_consume - should panic ... ok
test mir::tests::test_cfg_analysis ... ok
test mir::lowering::tests::test_simple_function_lowering ... ok
test mir::tests::test_constant_values ... ok
test mir::tests::test_mir_builder_basic ... ok
test mir::validation::tests::test_validator_undefined_local ... ok
test mir::validation::tests::test_validator_valid_function ... ok
test optimizations::common_subexpression::tests::test_common_subexpression_elimination ... ok
test optimizations::common_subexpression::tests::test_cse_with_invalidation ... ok
test llvm_backend::tests::test_target_triple_setting ... ok
test optimizations::constant_folding::tests::test_boolean_constant_folding ... ok
test optimizations::constant_folding::tests::test_integer_constant_folding ... ok
test optimizations::constant_folding::tests::test_unary_constant_folding ... ok
test optimizations::constant_propagation::tests::test_constant_propagation ... ok
test llvm_backend::tests::test_llvm_backend_empty_program ... ok
test optimizations::dead_code_elimination::tests::test_dead_assignment_removal ... ok
test optimizations::dead_code_elimination::tests::test_unreachable_block_removal ... ok
test optimizations::inlining::tests::test_function_cost_calculation ... ok
test optimizations::inlining::tests::test_program_inlining ... ok
test optimizations::inlining::tests::test_should_inline_small_function ... ok
test optimizations::interprocedural::tests::test_abstract_location ... ok
test optimizations::interprocedural::tests::test_function_summary ... ok
test optimizations::interprocedural::tests::test_call_graph_building ... ok
test optimizations::interprocedural::tests::test_interprocedural_analysis_pass ... ok
test optimizations::loop_optimizations::tests::test_basic_induction_variable ... ok
test optimizations::interprocedural::tests::test_side_effect_analysis ... ok
test optimizations::loop_optimizations::tests::test_dependence_analysis ... ok
test optimizations::loop_optimizations::tests::test_derived_induction_variable ... ok
test optimizations::loop_optimizations::tests::test_invariant_statement ... ok
test optimizations::loop_optimizations::tests::test_loop_info_creation ... ok
test optimizations::loop_optimizations::tests::test_loop_optimization_pass ... ok
test optimizations::profile_guided::tests::test_block_layout_optimization ... ok
test optimizations::profile_guided::tests::test_branch_probability_calculation ... ok
test optimizations::profile_guided::tests::test_inlining_decision ... ok
test optimizations::profile_guided::tests::test_loop_profile ... ok
test optimizations::profile_guided::tests::test_profile_guided_optimization_pass ... ok
test optimizations::profile_guided::tests::test_profile_statistics ... ok
test optimizations::profile_guided::tests::test_profile_data_parsing ... ok
test optimizations::tests::test_optimization_manager ... ok
test optimizations::tests::test_default_pipeline ... ok
test module_loader::tests::test_stdlib_module_loading ... ok
test optimizations::vectorization::tests::test_benefit_score_calculation ... ok
test module_loader::tests::test_module_caching ... ok
test optimizations::vectorization::tests::test_dependency_analyzer ... ok
test optimizations::vectorization::tests::test_memory_access_pattern_analysis ... ok
test optimizations::vectorization::tests::test_vector_width_determination ... ok
test optimizations::vectorization::tests::test_vectorizable_type_detection ... ok
test optimizations::vectorization::tests::test_vectorization_pass_creation ... ok
test optimizations::whole_program::tests::test_call_graph_building ... ok
test optimizations::whole_program::tests::test_dead_function_detection ... ok
test optimizations::whole_program::tests::test_function_analysis ... ok
test package::builder::tests::test_build_artifact_types ... ok
test optimizations::whole_program::tests::test_whole_program_optimization_pass ... ok
test package::builder::tests::test_build_stage_status ... ok
test package::builder::tests::test_package_builder_creation ... ok
test package::builder::tests::test_build_stages_creation ... ok
test package::builder::tests::test_script_interpreter_types ... ok
test package::manifest::tests::test_default_edition ... ok
test package::manifest::tests::test_build_config_default ... ok
test package::manifest::tests::test_dependency_validation ... ok
test package::manifest::tests::test_invalid_package_names ... ok
test package::manifest::tests::test_manifest_parsing ... ok
test package::manifest::tests::test_valid_package_names ... ok
test package::registry::tests::test_auth_methods ... ok
test package::registry::tests::test_cached_response_expiry ... ok
test package::registry::tests::test_dependency_info ... ok
test package::registry::tests::test_registry_config_creation ... ok
test package::resolver::tests::test_cache_stats ... ok
test package::resolver::tests::test_conflict_strategy ... ok
test package::resolver::tests::test_dependency_graph ... ok
test package::resolver::tests::test_resolution_key ... ok
test package::resolver::tests::test_resolved_dependency ... ok
test package::resolver::tests::test_resolver_config ... ok
test package::resolver::tests::test_resolver_creation ... ok
test package::tests::test_cache_stats ... ok
test package::tests::test_install_options_default ... ok
test package::tests::test_package_config_default ... ok
test package::tests::test_package_info_creation ... ok
test package::version::tests::test_prerelease_precedence ... ok
test package::version::tests::test_version_comparison ... ok
test package::version::tests::test_version_compatibility ... ok
test package::version::tests::test_version_display ... ok
test package::version::tests::test_version_increment ... ok
test package::version::tests::test_version_parsing ... ok
test package::version::tests::test_version_requirement_caret ... ok
test package::version::tests::test_version_requirement_exact ... ok
test package::version::tests::test_version_requirement_parsing ... ok
test package::version::tests::test_version_requirement_tilde ... ok
test package::version::tests::test_version_with_build ... ok
test package::version::tests::test_version_with_prerelease ... ok
test parser::tests::test_keyword_mapping ... ok
test parser::tests::test_parser_creation ... ok
test parser::tests::test_expression_parsing ... ok
test parser::tests::test_parser_error_handling ... ok
test parser::tests::test_module_with_constant_parsing ... ok
test parser::v2::tests::test_closure_capture_by_mut_reference ... ok
test parser::tests::test_simple_module_parsing ... ok
test parser::v2::tests::test_closure_multiple_captures ... ok
test parser::v2::tests::test_closure_empty_captures ... ok
test parser::v2::tests::test_closure_single_capture_by_reference ... ok
test parser::v2::tests::test_closure_single_capture_by_value ... ok
test parser::v2::tests::test_closure_with_block_body ... ok
test parser::v2::tests::test_closure_with_return_type ... ok
test parser::v2::tests::test_combined_for_range ... ok
test parser::v2::tests::test_combined_match_multiple_cases ... ok
test parser::v2::tests::test_combined_nested_for_range ... ok
test parser::v2::tests::test_combined_method_with_lambda ... ok
test parser::v2::tests::test_dotdot_token ... ok
test parser::v2::tests::test_complex_expression_chain ... ok
test parser::v2::tests::test_dotdotequal_token ... ok
test parser::v2::tests::test_error_recovery_inline_module ... ok
test parser::v2::tests::test_error_recovery_unexpected_token ... ok
test parser::v2::tests::test_error_recovery_with_valid_first_function ... ok
test parser::v2::tests::test_fat_arrow_token ... ok
test parser::v2::tests::test_field_access_still_works ... ok
test parser::v2::tests::test_for_loop_in_statement ... ok
test parser::v2::tests::test_for_loop_nested ... ok
test parser::v2::tests::test_for_loop_simple ... ok
test parser::v2::tests::test_for_loop_with_function_call_collection ... ok
test parser::v2::tests::test_for_loop_with_body ... ok
test parser::v2::tests::test_for_loop_with_inclusive_range ... ok
test parser::v2::tests::test_for_loop_with_type_annotation ... ok
test parser::v2::tests::test_for_loop_with_range ... ok
test parser::v2::tests::test_function_call_with_labeled_arguments ... ok
test parser::v2::tests::test_has_errors_and_take_errors ... ok
test parser::v2::tests::test_integration_borrowed_types ... ok
test parser::v2::tests::test_integration_array_operations ... ok
test parser::v2::tests::test_integration_complex_expressions ... ok
test parser::v2::tests::test_integration_external_function ... ok
test parser::v2::tests::test_integration_function_with_body ... ok
test parser::v2::tests::test_integration_function_with_control_flow ... ok
test parser::v2::tests::test_integration_module_with_import ... ok
test parser::v2::tests::test_integration_function_with_loop ... ok
test parser::v2::tests::test_integration_nested_control_flow ... ok
test parser::v2::tests::test_integration_ownership_types ... ok
test parser::v2::tests::test_integration_struct_and_function ... ok
test parser::v2::tests::test_lambda_multiple_params ... ok
test parser::v2::tests::test_integration_struct_field_access ... ok
test parser::v2::tests::test_lambda_single_param_typed ... ok
test parser::v2::tests::test_lambda_typed_param_direct ... ok
test parser::v2::tests::test_lambda_untyped_param_direct ... ok
test parser::v2::tests::test_lambda_with_block_body ... ok
test parser::v2::tests::test_lambda_with_block_body_direct ... ok
test parser::v2::tests::test_lambda_with_return_type ... ok
test parser::v2::tests::test_lambda_without_captures_still_works ... ok
test parser::v2::tests::test_lambda_zero_params ... ok
test parser::v2::tests::test_match_with_bool_patterns ... ok
test parser::v2::tests::test_match_simple ... ok
test parser::v2::tests::test_match_with_bool_result ... ok
test parser::v2::tests::test_match_with_enum_variant ... ok
test parser::v2::tests::test_match_with_literal_patterns ... ok
test parser::v2::tests::test_match_with_multiple_enum_variants ... ok
test parser::v2::tests::test_match_with_variable_binding ... ok
test parser::v2::tests::test_method_call_chained ... ok
test parser::v2::tests::test_method_call_deeply_chained ... ok
test parser::v2::tests::test_method_call_in_braced_expression ... ok
test parser::v2::tests::test_method_call_multiple_args ... ok
test parser::v2::tests::test_method_call_no_args ... ok
test parser::v2::tests::test_method_call_result ... ok
test parser::v2::tests::test_method_call_on_field ... ok
test parser::v2::tests::test_method_call_with_args ... ok
test parser::v2::tests::test_method_call_with_expression_arg ... ok
test parser::v2::tests::test_parenthesized_binary_expression ... ok
test parser::v2::tests::test_parenthesized_expression ... ok
test parser::v2::tests::test_parse_annotation_empty_parens ... ok
test parser::v2::tests::test_parse_annotation_error_missing_close_paren ... ok
test parser::v2::tests::test_parse_annotation_error_missing_name ... ok
test parser::v2::tests::test_parse_annotation_simple ... ok
test parser::v2::tests::test_parse_annotation_with_boolean_value ... ok
test parser::v2::tests::test_parse_annotation_with_braced_expression ... ok
test parser::v2::tests::test_parse_annotation_with_identifier_value ... ok
test parser::v2::tests::test_parse_annotation_with_integer_value ... ok
test parser::v2::tests::test_parse_annotation_with_labeled_string_arg ... ok
test parser::v2::tests::test_parse_annotation_with_multiple_args ... ok
test parser::v2::tests::test_parse_assignment_array_element ... ok
test parser::v2::tests::test_parse_assignment_error_missing_equals ... ok
test parser::v2::tests::test_parse_assignment_error_missing_semicolon ... ok
test parser::v2::tests::test_parse_assignment_error_missing_value ... ok
test parser::v2::tests::test_parse_assignment_simple ... ok
test parser::v2::tests::test_parse_assignment_string_value ... ok
test parser::v2::tests::test_parse_assignment_struct_field ... ok
test parser::v2::tests::test_parse_assignment_variable_value ... ok
test parser::v2::tests::test_parse_binary_add ... ok
test parser::v2::tests::test_parse_binary_and ... ok
test parser::v2::tests::test_parse_binary_divide ... ok
test parser::v2::tests::test_parse_binary_equals ... ok
test parser::v2::tests::test_parse_binary_error_missing_close_brace ... ok
test parser::v2::tests::test_parse_binary_error_missing_right_operand ... ok
test parser::v2::tests::test_parse_binary_error_missing_operator ... ok
test parser::v2::tests::test_parse_binary_greater_equal ... ok
test parser::v2::tests::test_parse_binary_greater_than ... ok
test parser::v2::tests::test_parse_binary_less_equal ... ok
test parser::v2::tests::test_parse_binary_modulo ... ok
test parser::v2::tests::test_parse_binary_multiply ... ok
test parser::v2::tests::test_parse_binary_less_than ... ok
test parser::v2::tests::test_parse_binary_nested ... ok
test parser::v2::tests::test_parse_binary_not_equals ... ok
test parser::v2::tests::test_parse_binary_or ... ok
test parser::v2::tests::test_parse_binary_subtract ... ok
test parser::v2::tests::test_parse_binary_with_variables ... ok
test parser::v2::tests::test_parse_break ... ok
test parser::v2::tests::test_parse_continue ... ok
test parser::v2::tests::test_parse_block_with_statements ... ok
test parser::v2::tests::test_parse_empty_module ... ok
test parser::v2::tests::test_parse_block_empty ... ok
test parser::v2::tests::test_parse_enum_error_missing_case ... ok
test parser::v2::tests::test_parse_enum_error_missing_semicolon ... ok
test parser::v2::tests::test_parse_enum_empty ... ok
test parser::v2::tests::test_parse_enum_mixed_variants ... ok
test parser::v2::tests::test_parse_enum_simple ... ok
test parser::v2::tests::test_parse_enum_with_associated_type ... ok
test parser::v2::tests::test_parse_expression_boolean ... ok
test parser::v2::tests::test_parse_expression_float ... ok
test parser::v2::tests::test_parse_expression_identifier ... ok
test parser::v2::tests::test_parse_expression_integer ... ok
test parser::v2::tests::test_parse_expression_string ... ok
test parser::v2::tests::test_parse_external_function_basic ... ok
test parser::v2::tests::test_parse_external_function_error_missing_semicolon ... ok
test parser::v2::tests::test_parse_external_function_multiple_params ... ok
test parser::v2::tests::test_parse_external_function_with_symbol ... ok
test parser::v2::tests::test_parse_function_complex_types ... ok
test parser::v2::tests::test_parse_function_error_missing_body ... ok
test parser::v2::tests::test_parse_function_error_missing_close_paren ... ok
test parser::v2::tests::test_parse_function_error_missing_name ... ok
test parser::v2::tests::test_parse_function_error_missing_open_paren ... ok
test parser::v2::tests::test_parse_function_error_missing_param_type ... ok
test parser::v2::tests::test_parse_function_multiline ... ok
test parser::v2::tests::test_parse_function_multiple_params ... ok
test parser::v2::tests::test_parse_function_no_params_no_return ... ok
test parser::v2::tests::test_parse_function_ownership_types ... ok
test parser::v2::tests::test_parse_function_single_param ... ok
test parser::v2::tests::test_parse_function_pointer_return ... ok
test parser::v2::tests::test_parse_function_with_body_content ... ok
test parser::v2::tests::test_parse_function_with_return_type ... ok
test parser::v2::tests::test_parse_import_error_missing_semicolon ... ok
test parser::v2::tests::test_parse_module_error_missing_close_brace ... ok
test parser::v2::tests::test_parse_module_error_missing_name ... ok
test parser::v2::tests::test_parse_module_error_missing_open_brace ... ok
test parser::v2::tests::test_parse_module_multiline ... ok
test parser::v2::tests::test_parse_module_with_comments ... ok
test parser::v2::tests::test_parse_module_with_deeply_nested_import ... ok
test parser::v2::tests::test_parse_module_with_dotted_import ... ok
test parser::v2::tests::test_parse_module_with_single_import ... ok
test parser::v2::tests::test_parse_module_with_multiple_imports ... ok
test parser::v2::tests::test_parse_return_with_expression ... ok
test parser::v2::tests::test_parse_return_without_value ... ok
test parser::v2::tests::test_parse_return_with_value ... ok
test parser::v2::tests::test_parse_statement_assignment ... ok
test parser::v2::tests::test_parse_statement_let ... ok
test parser::v2::tests::test_parse_statement_return ... ok
test parser::v2::tests::test_parse_statement_while ... ok
test parser::v2::tests::test_parse_statement_when ... ok
test parser::v2::tests::test_parse_struct_empty ... ok
test parser::v2::tests::test_parse_struct_error_missing_brace ... ok
test parser::v2::tests::test_parse_struct_complex_types ... ok
test parser::v2::tests::test_parse_struct_error_missing_field_type ... ok
test parser::v2::tests::test_parse_struct_simple ... ok
test parser::v2::tests::test_parse_struct_single_field ... ok
test parser::v2::tests::test_parse_struct_single_field_no_trailing_comma ... ok
test parser::v2::tests::test_parse_type_array ... ok
test parser::v2::tests::test_parse_type_bool ... ok
test parser::v2::tests::test_parse_type_borrowed ... ok
test parser::v2::tests::test_parse_type_borrowed_mut ... ok
test parser::v2::tests::test_parse_type_complex_ownership ... ok
test parser::v2::tests::test_parse_type_error_missing_generic_close ... ok
test parser::v2::tests::test_parse_type_float ... ok
test parser::v2::tests::test_parse_type_error_missing_map_comma ... ok
test parser::v2::tests::test_parse_type_int ... ok
test parser::v2::tests::test_parse_type_generic_named ... ok
test parser::v2::tests::test_parse_type_int64 ... ok
test parser::v2::tests::test_parse_type_map ... ok
test parser::v2::tests::test_parse_type_mut_pointer ... ok
test parser::v2::tests::test_parse_type_named ... ok
test parser::v2::tests::test_parse_type_nested_array ... ok
test parser::v2::tests::test_parse_type_owned ... ok
test parser::v2::tests::test_parse_type_pointer ... ok
test parser::v2::tests::test_parse_type_shared ... ok
test parser::v2::tests::test_parse_type_string ... ok
test parser::v2::tests::test_parse_type_sizet ... ok
test parser::v2::tests::test_parse_type_void ... ok
test parser::v2::tests::test_parse_variable_declaration_bool_value ... ok
test parser::v2::tests::test_parse_variable_declaration_char_value ... ok
test parser::v2::tests::test_parse_variable_declaration_error_missing_name ... ok
test parser::v2::tests::test_parse_variable_declaration_error_missing_semicolon ... ok
test parser::v2::tests::test_parse_variable_declaration_float_value ... ok
test parser::v2::tests::test_parse_variable_declaration_mutable ... ok
test parser::v2::tests::test_parse_variable_declaration_no_initializer ... ok
test parser::v2::tests::test_parse_variable_declaration_string_value ... ok
test parser::v2::tests::test_parse_variable_declaration_type_inference ... ok
test parser::v2::tests::test_parse_variable_declaration_variable_reference ... ok
test parser::v2::tests::test_parse_variable_declaration_with_type_and_value ... ok
test parser::v2::tests::test_parse_when_simple ... ok
test parser::v2::tests::test_parse_when_with_body ... ok
test parser::v2::tests::test_parse_when_with_else ... ok
test parser::v2::tests::test_parse_when_with_else_when ... ok
test parser::v2::tests::test_parse_while_loop ... ok
test parser::v2::tests::test_parse_while_with_body ... ok
test parser::v2::tests::test_parse_while_with_condition ... ok
test parser::v2::tests::test_parser_add_error ... ok
test parser::v2::tests::test_parser_advance ... ok
test parser::v2::tests::test_parser_check ... ok
test parser::v2::tests::test_parser_check_keyword ... ok
test parser::v2::tests::test_parser_current_location ... ok
test parser::v2::tests::test_parser_empty_input ... ok
test parser::v2::tests::test_parser_expect_failure ... ok
test parser::v2::tests::test_parser_expect_keyword_failure ... ok
test parser::v2::tests::test_parser_expect_keyword_success ... ok
test parser::v2::tests::test_parser_expect_success ... ok
test parser::v2::tests::test_parser_is_at_end ... ok
test parser::v2::tests::test_parser_match_any ... ok
test parser::v2::tests::test_parser_multiline_input ... ok
test parser::v2::tests::test_parser_peek ... ok
test parser::v2::tests::test_parser_new ... ok
test parser::v2::tests::test_parser_peek_next ... ok
test parser::v2::tests::test_parser_previous ... ok
test parser::v2::tests::test_parser_with_comments ... ok
test parser::v2::tests::test_range_exclusive ... ok
test parser::v2::tests::test_range_postfix ... ok
test parser::v2::tests::test_range_prefix_in_expression ... ok
test parser::v2::tests::test_range_prefix_inclusive ... ok
test parser::v2::tests::test_range_prefix ... ok
test parser::v2::tests::test_range_inclusive ... ok
test parser::v2::tests::test_synchronization_methods ... ok
test parser::v2::tests::test_return_lambda_direct ... ok
test parser::v2::tests::test_synchronize_simple ... ok
test parser::v2::tests::test_underscore_in_identifier ... ok
test parser::v2::tests::test_underscore_token ... ok
test patterns::composition::tests::test_composition_engine ... ok
test patterns::tests::test_pattern_library_creation ... ok
test pipeline::tests::test_compilation_stats ... ok
test pipeline::tests::test_compile_options_default ... ok
test pipeline::tests::test_parse_source_v2_with_function ... ok
test pipeline::tests::test_parse_source_v2 ... ok
test release::automation::tests::test_pipeline_creation ... ok
test release::automation::tests::test_quality_gate_evaluation ... ok
test release::automation::tests::test_variable_expansion ... ok
test release::distribution::tests::test_channel_addition ... ok
test pipeline::tests::test_pipeline_creation ... ok
test release::distribution::tests::test_content_type_detection ... ok
test release::distribution::tests::test_distribution_manager_creation ... ok
test release::automation::tests::test_condition_evaluation ... ok
test release::distribution::tests::test_release_metadata_update ... ok
test release::packaging::tests::test_deb_control_generation ... ok
test release::packaging::tests::test_package_name_generation ... ok
test release::packaging::tests::test_package_builder_creation ... ok
test resource::analysis::tests::test_double_release_detection ... ok
test resource::analysis::tests::test_resource_leak_detection ... ok
test runtime::tests::test_array_operations ... ok
test resource::tests::test_resource_report_sexp ... ok
test runtime::tests::test_string_operations ... ok
test resource::tests::test_resource_manager_creation ... ok
test semantic::capture_analysis::tests::test_capture_simple ... ok
test semantic::capture_analysis::tests::test_capture_nested ... ok
test semantic::tests::test_contract_validation_failures ... ok
test semantic::tests::test_contract_validation_integration ... ok
test semantic::tests::test_constant_declaration_analysis ... ok
test semantic::tests::test_expression_type_analysis ... ok
test semantic::tests::test_semantic_analyzer_creation ... ok
test release::packaging::tests::test_checksum_calculation ... ok
test stdlib::collections::tests::test_array_function_signatures ... ok
test semantic::tests::test_variable_initialization_checking ... ok
test semantic::tests::test_type_mismatch_detection ... ok
test stdlib::collections::tests::test_collections_module_creation ... ok
test stdlib::collections::tests::test_map_function_signatures ... ok
test stdlib::console::tests::test_console_control_functions ... ok
test semantic::ownership_tests::tests::test_ownership_transfer ... ok
test stdlib::console::tests::test_console_module_creation ... ok
test stdlib::console::tests::test_console_input_functions ... ok
test stdlib::console::tests::test_console_output_functions ... ok
test stdlib::io::tests::test_external_function_signatures ... ok
test stdlib::http::tests::test_http_module_creation ... ok
test stdlib::io::tests::test_io_module_creation ... ok
test stdlib::http::tests::test_http_function_signatures ... ok
test stdlib::console::tests::test_high_level_functions ... ok
test stdlib::json::tests::test_json_module_creation ... ok
test stdlib::json::tests::test_json_function_signatures ... ok
test stdlib::math::tests::test_math_module_creation ... ok
test stdlib::math::tests::test_math_constants ... ok
test stdlib::memory::tests::test_memory_function_signatures ... ok
test stdlib::memory::tests::test_memory_module_creation ... ok
test stdlib::math::tests::test_trigonometric_functions ... ok
test stdlib::network::tests::test_network_module_creation ... ok
test stdlib::string::tests::test_string_manipulation_functions ... ok
test stdlib::string::tests::test_string_module_creation ... ok
test stdlib::network::tests::test_socket_function_signatures ... ok
test stdlib::string::tests::test_string_function_signatures ... ok
test stdlib::string::tests::test_string_validation_functions ... ok
test stdlib::math::tests::test_utility_functions ... ok
test symbols::tests::test_hierarchical_lookup ... ok
test symbols::tests::test_scope_kind_checking ... ok
test symbols::tests::test_scope_management ... ok
test symbols::tests::test_symbol_addition_and_lookup ... ok
test stdlib::tests::test_module_listing ... ok
test symbols::tests::test_symbol_table_creation ... ok
test symbols::tests::test_type_definitions ... ok
test symbols::tests::test_variable_initialization_tracking ... ok
test types::tests::test_ast_to_type_ownership ... ok
test types::tests::test_compound_types ... ok
test stdlib::tests::test_module_retrieval ... ok
test stdlib::tests::test_stdlib_creation ... ok
test types::tests::test_constraint_checking ... ok
test types::tests::test_generic_instantiation ... ok
test types::tests::test_generic_types ... ok
test types::tests::test_generic_unification ... ok
test types::tests::test_ownership_compatibility ... ok
test types::tests::test_ownership_types ... ok
test types::tests::test_primitive_types ... ok
test types::tests::test_ownership_display ... ok
test types::tests::test_type_compatibility ... ok
test types::tests::test_type_display ... ok
test verification::contract_to_smt::tests::test_quantifier_conversion ... ok
test verification::contract_to_smt::tests::test_simple_expression_conversion ... ok
test types::tests::test_type_unification ... ok
test verification::contracts::tests::test_aggregate_expressions ... ok
test verification::contracts::tests::test_enhanced_contract_creation ... ok
test verification::contracts::tests::test_contract_creation ... ok
test verification::contracts::tests::test_proof_obligation_generation ... ok
test verification::contracts::tests::test_expression_to_string ... ok
test verification::contracts::tests::test_semantic_predicate ... ok
test verification::contracts::tests::test_temporal_expressions ... ok
test verification::invariants::tests::test_array_bounds_pattern ... ok
test verification::invariants::tests::test_loop_invariant ... ok
test verification::tests::test_verification_engine_creation ... ok
test verification::solver::tests::test_simple_verification ... ok
test verification::vcgen::tests::test_vc_generator_creation ... ok
test verification::vcgen::tests::test_simple_function_vcs ... ok
test profiling::tests::test_repeated_phases ... ok
test release::automation::tests::test_stage_execution ... ok
test profiling::tests::test_basic_profiling ... ok

test result: ok. 723 passed; 0 failed; 0 ignored; 0 measured; 0 filtered out; finished in 0.06s

     Running unittests src/main.rs (target/debug/deps/aether_compiler-b126115d0ee81e25)

running 0 tests

test result: ok. 0 passed; 0 failed; 0 ignored; 0 measured; 0 filtered out; finished in 0.00s

     Running tests/cli_integration_tests.rs (target/debug/deps/cli_integration_tests-3a2e66bfed5fcd36)

running 21 tests
test test_cli_check_debug_mode ... FAILED
test test_cli_global_verbose_flag ... FAILED
test test_cli_ast_command ... FAILED
test test_cli_global_debug_flag ... FAILED
test test_cli_check_invalid_file ... FAILED
test test_cli_ast_output_to_directory ... FAILED
test test_cli_check_nonexistent_file ... ok
test test_cli_check_multiple_files ... FAILED
test test_cli_compile_command ... FAILED
test test_cli_check_verbose_mode ... FAILED
test test_cli_check_mixed_files ... FAILED
test test_cli_compile_with_output ... FAILED
test test_cli_check_valid_file ... FAILED
test test_cli_help_command ... ok
test test_cli_tokens_output_to_directory ... FAILED
test test_cli_invalid_subcommand ... ok
test test_performance_large_file ... FAILED
test test_cli_version_flag ... ok
test test_cli_no_subcommand ... ok
test test_cli_tokens_command ... FAILED
test test_cli_error_exit_codes ... ok

failures:

---- test_cli_check_debug_mode stdout ----

thread 'test_cli_check_debug_mode' (7563088) panicked at tests/cli_integration_tests.rs:139:5:
assertion `left == right` failed: Stderr:     Blocking waiting for file lock on package cache
    Blocking waiting for file lock on package cache
    Blocking waiting for file lock on package cache
    Blocking waiting for file lock on package cache
    Blocking waiting for file lock on build directory
warning: unused import: `ExampleType`
  --> src/docs/tutorial.rs:21:46
   |
21 |     CodeExample, DifficultyLevel, DocConfig, ExampleType, Exercise, Tutorial, TutorialSection,
   |                                              ^^^^^^^^^^^
   |
   = note: `#[warn(unused_imports)]` (part of `#[warn(unused)]`) on by default

warning: unused import: `std::path::Path`
  --> src/error/enhancement.rs:24:5
   |
24 | use std::path::Path;
   |     ^^^^^^^^^^^^^^^

warning: unused import: `BehavioralSpec`
  --> src/error/intent_analysis.rs:22:33
   |
22 | use crate::semantic::metadata::{BehavioralSpec, IntentSpec};
   |                                 ^^^^^^^^^^^^^^

warning: unused imports: `Expression`, `Statement`, and `TypeSpecifier`
  --> src/error/structured.rs:20:18
   |
20 | use crate::ast::{Expression, Statement, TypeSpecifier};
   |                  ^^^^^^^^^^  ^^^^^^^^^  ^^^^^^^^^^^^^

warning: unused import: `HashSet`
  --> src/llvm_backend/mod.rs:37:33
   |
37 | use std::collections::{HashMap, HashSet};
   |                                 ^^^^^^^

warning: unused import: `std::path::Path`
  --> src/lsp/server.rs:20:5
   |
20 | use std::path::Path;
   |     ^^^^^^^^^^^^^^^

warning: unused import: `BasicBlockId`
  --> src/optimizations/constant_propagation.rs:21:18
   |
21 | use crate::mir::{BasicBlockId, ConstantValue, Function, LocalId, Operand, Rvalue, Statement};
   |                  ^^^^^^^^^^^^

warning: unused imports: `BasicBlockId`, `LocalId`, `Place`, and `SourceInfo`
  --> src/optimizations/inlining.rs:22:5
   |
22 |     BasicBlockId, Function, LocalId, Operand, Place, Program, Rvalue, SourceInfo, Statement,
   |     ^^^^^^^^^^^^            ^^^^^^^           ^^^^^                   ^^^^^^^^^^

warning: unused import: `std::collections::HashMap`
  --> src/optimizations/inlining.rs:25:5
   |
25 | use std::collections::HashMap;
   |     ^^^^^^^^^^^^^^^^^^^^^^^^^

warning: unused import: `Constant`
  --> src/optimizations/interprocedural.rs:22:17
   |
22 |     BasicBlock, Constant, Function, Operand, Place, Program, Rvalue, Statement, Terminator,
   |                 ^^^^^^^^

warning: unused import: `BuildConfiguration`
  --> src/package/builder.rs:21:32
   |
21 | use crate::package::manifest::{BuildConfiguration, PackageManifest};
   |                                ^^^^^^^^^^^^^^^^^^

warning: unused import: `CacheStats`
  --> src/package/builder.rs:22:35
   |
22 | use crate::package::{BuildConfig, CacheStats};
   |                                   ^^^^^^^^^^

warning: unused imports: `BinaryOp` and `Expression as ContractExpr`
  --> src/patterns/catalog.rs:20:38
   |
20 | use crate::verification::contracts::{BinaryOp, Expression as ContractExpr};
   |                                      ^^^^^^^^  ^^^^^^^^^^^^^^^^^^^^^^^^^^

warning: unused imports: `Block`, `Expression`, `Function`, and `Statement`
  --> src/patterns/composition.rs:20:18
   |
20 | use crate::ast::{Block, Expression, Function, Statement};
   |                  ^^^^^  ^^^^^^^^^^  ^^^^^^^^  ^^^^^^^^^

warning: unused import: `crate::error::SourceLocation`
  --> src/patterns/composition.rs:21:5
   |
21 | use crate::error::SourceLocation;
   |     ^^^^^^^^^^^^^^^^^^^^^^^^^^^^

warning: unused import: `Function`
  --> src/patterns/mod.rs:23:37
   |
23 | use crate::ast::{Block, Expression, Function, Statement};
   |                                     ^^^^^^^^

warning: unused import: `crate::error::SourceLocation`
  --> src/patterns/mod.rs:24:5
   |
24 | use crate::error::SourceLocation;
   |     ^^^^^^^^^^^^^^^^^^^^^^^^^^^^

warning: unused imports: `FailoverConfig`, `FailoverThreshold`, `RecoveryConfig`, and `self`
  --> src/release/distribution.rs:23:22
   |
23 | use crate::release::{self, DistributionConfig, FailoverConfig, FailoverThreshold, RecoveryConfig};
   |                      ^^^^                      ^^^^^^^^^^^^^^  ^^^^^^^^^^^^^^^^^  ^^^^^^^^^^^^^^

warning: unused import: `crate::error::SemanticError`
  --> src/release/mod.rs:26:5
   |
26 | use crate::error::SemanticError;
   |     ^^^^^^^^^^^^^^^^^^^^^^^^^^^

warning: unused import: `OwnershipKind`
  --> src/semantic/mod.rs:32:20
   |
32 | use crate::types::{OwnershipKind, Type, TypeChecker};
   |                    ^^^^^^^^^^^^^

warning: unused import: `crate::types::Type`
  --> src/verification/contract_to_smt.rs:20:5
   |
20 | use crate::types::Type;
   |     ^^^^^^^^^^^^^^^^^^

warning: unused imports: `AggregateOp` and `TemporalOp`
  --> src/verification/contract_to_smt.rs:22:5
   |
22 |     AggregateOp, BinaryOp, ConstantValue, Expression, QuantifierKind, TemporalOp, UnaryOp,
   |     ^^^^^^^^^^^                                                       ^^^^^^^^^^

warning: unused imports: `Deserialize` and `Serialize`
  --> src/verification/contracts.rs:30:13
   |
30 | use serde::{Deserialize, Serialize};
   |             ^^^^^^^^^^^  ^^^^^^^^^

warning: unused import: `crate::ast::PrimitiveType`
  --> src/verification/vcgen.rs:23:5
   |
23 | use crate::ast::PrimitiveType;
   |     ^^^^^^^^^^^^^^^^^^^^^^^^^

warning: unused import: `crate::types::Type`
  --> src/verification/vcgen.rs:26:5
   |
26 | use crate::types::Type;
   |     ^^^^^^^^^^^^^^^^^^

warning: unused variable: `receiver`
   --> src/concurrency/actors.rs:377:22
    |
377 |         let (sender, receiver) = mpsc::channel();
    |                      ^^^^^^^^ help: if this is intentional, prefix it with an underscore: `_receiver`
    |
    = note: `#[warn(unused_variables)]` (part of `#[warn(unused)]`) on by default

warning: unused variable: `strategy`
   --> src/concurrency/actors.rs:622:12
    |
622 |     fn new(strategy: SupervisionStrategy) -> Self {
    |            ^^^^^^^^ help: if this is intentional, prefix it with an underscore: `_strategy`

warning: unused variable: `worker_id`
   --> src/concurrency/async_runtime.rs:350:13
    |
350 |         for worker_id in 0..self.config.worker_threads {
    |             ^^^^^^^^^ help: if this is intentional, prefix it with an underscore: `_worker_id`

warning: unused variable: `start_time`
   --> src/concurrency/sync_primitives.rs:568:13
    |
568 |         let start_time = Instant::now();
    |             ^^^^^^^^^^ help: if this is intentional, prefix it with an underscore: `_start_time`

warning: unused variable: `metrics`
   --> src/concurrency/sync_primitives.rs:711:23
    |
711 |         if let Ok(mut metrics) = self.rw_lock.metrics.lock() {}
    |                       ^^^^^^^ help: if this is intentional, prefix it with an underscore: `_metrics`

warning: variable does not need to be mutable
   --> src/concurrency/sync_primitives.rs:711:19
    |
711 |         if let Ok(mut metrics) = self.rw_lock.metrics.lock() {}
    |                   ----^^^^^^^
    |                   |
    |                   help: remove this `mut`
    |
    = note: `#[warn(unused_mut)]` (part of `#[warn(unused)]`) on by default

warning: unused variable: `metrics`
   --> src/concurrency/sync_primitives.rs:718:23
    |
718 |         if let Ok(mut metrics) = self.rw_lock.metrics.lock() {}
    |                       ^^^^^^^ help: if this is intentional, prefix it with an underscore: `_metrics`

warning: variable does not need to be mutable
   --> src/concurrency/sync_primitives.rs:718:19
    |
718 |         if let Ok(mut metrics) = self.rw_lock.metrics.lock() {}
    |                   ----^^^^^^^
    |                   |
    |                   help: remove this `mut`

warning: unused variable: `response_receiver`
   --> src/debug/debugger.rs:390:31
    |
390 |         let (response_sender, response_receiver) = channel();
    |                               ^^^^^^^^^^^^^^^^^ help: if this is intentional, prefix it with an underscore: `_response_receiver`

warning: unused variable: `debugger_process`
   --> src/debug/debugger.rs:393:13
    |
393 |         let debugger_process = self.start_debugger_process(&program_path)?;
    |             ^^^^^^^^^^^^^^^^ help: if this is intentional, prefix it with an underscore: `_debugger_process`

warning: unused variable: `target_info`
   --> src/debug/debugger.rs:401:13
    |
401 |         let target_info = TargetInfo {
    |             ^^^^^^^^^^^ help: if this is intentional, prefix it with an underscore: `_target_info`

warning: unused variable: `diagnostic`
   --> src/debug/lsp.rs:593:21
    |
593 |                 let diagnostic = Diagnostic {
    |                     ^^^^^^^^^^ help: if this is intentional, prefix it with an underscore: `_diagnostic`

warning: unused variable: `name`
   --> src/debug/lsp.rs:636:18
    |
636 |             for (name, symbol) in &semantic_info.symbols {
    |                  ^^^^ help: if this is intentional, prefix it with an underscore: `_name`

warning: unused variable: `uri`
   --> src/debug/lsp.rs:789:35
    |
789 |     pub fn get_diagnostics(&self, uri: &str) -> Vec<Diagnostic> {
    |                                   ^^^ help: if this is intentional, prefix it with an underscore: `_uri`

warning: unused variable: `categories`
   --> src/docs/examples.rs:132:13
    |
132 |         let categories = Self::create_example_categories();
    |             ^^^^^^^^^^ help: if this is intentional, prefix it with an underscore: `_categories`

warning: unused variable: `templates`
   --> src/docs/examples.rs:133:13
    |
133 |         let templates = Self::create_example_templates();
    |             ^^^^^^^^^ help: if this is intentional, prefix it with an underscore: `_templates`

warning: unused variable: `config`
   --> src/docs/examples.rs:131:16
    |
131 |     pub fn new(config: &DocConfig) -> Result<Self, SemanticError> {
    |                ^^^^^^ help: if this is intentional, prefix it with an underscore: `_config`

warning: unused variable: `output_dir`
  --> src/docs/generator.rs:21:16
   |
21 |     pub fn new(output_dir: String) -> Self {
   |                ^^^^^^^^^^ help: if this is intentional, prefix it with an underscore: `_output_dir`

warning: unused variable: `comment_parser`
   --> src/docs/parser.rs:132:13
    |
132 |         let comment_parser = CommentParser::new();
    |             ^^^^^^^^^^^^^^ help: if this is intentional, prefix it with an underscore: `_comment_parser`

warning: unused variable: `signature_parser`
   --> src/docs/parser.rs:133:13
    |
133 |         let signature_parser = SignatureParser::new();
    |             ^^^^^^^^^^^^^^^^ help: if this is intentional, prefix it with an underscore: `_signature_parser`

warning: unused variable: `config`
   --> src/docs/parser.rs:131:16
    |
131 |     pub fn new(config: &DocConfig) -> Result<Self, SemanticError> {
    |                ^^^^^^ help: if this is intentional, prefix it with an underscore: `_config`

warning: unused variable: `themes`
   --> src/docs/renderer.rs:368:13
    |
368 |         let themes = ThemeManager::new()?;
    |             ^^^^^^ help: if this is intentional, prefix it with an underscore: `_themes`

warning: unused variable: `search_paths`
   --> src/docs/renderer.rs:539:13
    |
539 |         let search_paths = vec![base_dir.join("templates"), PathBuf::from("templates")];
    |             ^^^^^^^^^^^^ help: if this is intentional, prefix it with an underscore: `_search_paths`

warning: unused variable: `helpers`
   --> src/docs/renderer.rs:558:13
    |
558 |         let helpers = Self::create_default_helpers();
    |             ^^^^^^^ help: if this is intentional, prefix it with an underscore: `_helpers`

warning: unused variable: `processors`
   --> src/docs/renderer.rs:879:13
    |
879 |         let processors: Vec<&dyn Fn(&str) -> String> = vec![];
    |             ^^^^^^^^^^ help: if this is intentional, prefix it with an underscore: `_processors`

warning: unused variable: `options`
    --> src/docs/renderer.rs:1185:13
     |
1185 |         let options = MarkdownOptions {
     |             ^^^^^^^ help: if this is intentional, prefix it with an underscore: `_options`

warning: unused variable: `toc_generator`
    --> src/docs/renderer.rs:1192:13
     |
1192 |         let toc_generator = TocGenerator {};
     |             ^^^^^^^^^^^^^ help: if this is intentional, prefix it with an underscore: `_toc_generator`

warning: unused variable: `options`
    --> src/docs/renderer.rs:1347:13
     |
1347 |         let options = PdfOptions {
     |             ^^^^^^^ help: if this is intentional, prefix it with an underscore: `_options`

warning: unused variable: `layout`
    --> src/docs/renderer.rs:1354:13
     |
1354 |         let layout = PageLayout {
     |             ^^^^^^ help: if this is intentional, prefix it with an underscore: `_layout`

warning: unused variable: `templates`
  --> src/docs/tutorial.rs:98:13
   |
98 |         let templates = Self::create_tutorial_templates();
   |             ^^^^^^^^^ help: if this is intentional, prefix it with an underscore: `_templates`

warning: unused variable: `config`
  --> src/docs/tutorial.rs:97:16
   |
97 |     pub fn new(config: &DocConfig) -> Result<Self, SemanticError> {
   |                ^^^^^^ help: if this is intentional, prefix it with an underscore: `_config`

warning: unused variable: `function`
   --> src/error/intent_analysis.rs:142:9
    |
142 |         function: &Function,
    |         ^^^^^^^^ help: if this is intentional, prefix it with an underscore: `_function`

warning: unused variable: `error`
   --> src/error/structured.rs:434:26
    |
434 |     fn fix_type_mismatch(error: &CompilerError) -> Vec<FixSuggestion> {
    |                          ^^^^^ help: if this is intentional, prefix it with an underscore: `_error`

warning: unused variable: `error`
   --> src/error/structured.rs:455:29
    |
455 |     fn fix_undefined_symbol(error: &CompilerError) -> Vec<FixSuggestion> {
    |                             ^^^^^ help: if this is intentional, prefix it with an underscore: `_error`

warning: unreachable pattern
   --> src/lexer/mod.rs:716:17
    |
685 |                 Some('\'') => {
    |                 ---------- matches all the relevant values
...
716 |                 Some('\'') => {
    |                 ^^^^^^^^^^ no value can reach this
    |
    = note: `#[warn(unreachable_patterns)]` (part of `#[warn(unused)]`) on by default

warning: unused variable: `function`
   --> src/llvm_backend/codegen.rs:157:13
    |
157 |         let function = self.module.add_function(name, fn_type, None);
    |             ^^^^^^^^ help: if this is intentional, prefix it with an underscore: `_function`

warning: unused variable: `i`
   --> src/llvm_backend/mod.rs:625:18
    |
625 |             for (i, stmt) in mir_block.statements.iter().enumerate() {
    |                  ^ help: if this is intentional, prefix it with an underscore: `_i`

warning: unnecessary `unsafe` block
   --> src/llvm_backend/mod.rs:919:41
    |
919 |                         let field_ptr = unsafe {
    |                                         ^^^^^^ unnecessary `unsafe` block
    |
    = note: `#[warn(unused_unsafe)]` (part of `#[warn(unused)]`) on by default

warning: unreachable pattern
    --> src/llvm_backend/mod.rs:2437:13
     |
 986 |             mir::Rvalue::AddressOf(place) => {
     |             ----------------------------- matches all the relevant values
...
2437 |             &mir::Rvalue::AddressOf(_) => todo!(),
     |             ^^^^^^^^^^^^^^^^^^^^^^^^^^ no value can reach this

warning: unused variable: `int_val`
    --> src/llvm_backend/mod.rs:1541:58
     |
1541 | ...                   BasicValueEnum::IntValue(int_val) => {
     |                                                ^^^^^^^ help: if this is intentional, prefix it with an underscore: `_int_val`

warning: unused variable: `field_names`
    --> src/llvm_backend/mod.rs:1836:61
     |
1836 |                     mir::AggregateKind::Struct(struct_name, field_names) => {
     |                                                             ^^^^^^^^^^^ help: if this is intentional, prefix it with an underscore: `_field_names`

warning: value assigned to `struct_size` is never read
    --> src/llvm_backend/mod.rs:1860:33
     |
1860 |                         let mut struct_size = 0u64;
     |                                 ^^^^^^^^^^^
     |
     = help: maybe it is overwritten before being read?
     = note: `#[warn(unused_assignments)]` (part of `#[warn(unused)]`) on by default

warning: variable does not need to be mutable
    --> src/llvm_backend/mod.rs:2152:29
     |
2152 |                         let mut current_type =
     |                             ----^^^^^^^^^^^^
     |                             |
     |                             help: remove this `mut`

warning: unused variable: `i64_type`
    --> src/llvm_backend/mod.rs:3210:13
     |
3210 |         let i64_type = self.context.i64_type();
     |             ^^^^^^^^ help: if this is intentional, prefix it with an underscore: `_i64_type`

warning: unused variable: `void_type`
    --> src/llvm_backend/mod.rs:3213:13
     |
3213 |         let void_type = self.context.void_type();
     |             ^^^^^^^^^ help: if this is intentional, prefix it with an underscore: `_void_type`

warning: unnecessary `unsafe` block
    --> src/llvm_backend/mod.rs:3662:33
     |
3662 |                 let field_ptr = unsafe {
     |                                 ^^^^^^ unnecessary `unsafe` block

warning: unused variable: `parent`
   --> src/memory/mod.rs:110:37
    |
110 |     pub fn create_region(&mut self, parent: Option<RegionId>) -> RegionId {
    |                                     ^^^^^^ help: if this is intentional, prefix it with an underscore: `_parent`

warning: unused variable: `operand`
   --> src/memory/mod.rs:307:48
    |
307 |                 if let Expression::AddressOf { operand, .. } = &**expr {
    |                                                ^^^^^^^-
    |                                                |
    |                                                help: try removing the field

warning: unused variable: `region_id`
   --> src/memory/mod.rs:441:38
    |
441 |     fn get_region_allocations(&self, region_id: &RegionId) -> Vec<AllocationInfo> {
    |                                      ^^^^^^^^^ help: if this is intentional, prefix it with an underscore: `_region_id`

warning: unused variable: `source_location`
   --> src/mir/lowering.rs:608:17
    |
608 |                 source_location,
    |                 ^^^^^^^^^^^^^^^ help: try ignoring the field: `source_location: _`

warning: unused variable: `source_location`
   --> src/mir/lowering.rs:621:17
    |
621 |                 source_location,
    |                 ^^^^^^^^^^^^^^^ help: try ignoring the field: `source_location: _`

warning: unused variable: `source_location`
   --> src/mir/lowering.rs:675:17
    |
675 |                 source_location,
    |                 ^^^^^^^^^^^^^^^ help: try ignoring the field: `source_location: _`

warning: unused variable: `source_location`
   --> src/mir/lowering.rs:685:17
    |
685 |                 source_location,
    |                 ^^^^^^^^^^^^^^^ help: try ignoring the field: `source_location: _`

warning: unused variable: `module`
    --> src/mir/lowering.rs:2544:33
     |
2544 |             Type::Named { name, module } => {
     |                                 ^^^^^^ help: try ignoring the field: `module: _`

warning: unused variable: `map`
    --> src/mir/lowering.rs:2668:47
     |
2668 |             ast::AssignmentTarget::MapValue { map, key } => {
     |                                               ^^^ help: try ignoring the field: `map: _`

warning: unused variable: `key`
    --> src/mir/lowering.rs:2668:52
     |
2668 |             ast::AssignmentTarget::MapValue { map, key } => {
     |                                                    ^^^ help: try ignoring the field: `key: _`

warning: unreachable pattern
    --> src/mir/lowering.rs:3998:13
     |
3934 |               ast::Pattern::Wildcard { binding, .. } => {
     |               -------------------------------------- matches all the relevant values
...
3998 | /             ast::Pattern::Wildcard {
3999 | |                 binding: Some(binding_name),
4000 | |                 source_location,
4001 | |             } => {
     | |_____________^ no value can reach this

warning: unreachable pattern
    --> src/mir/lowering.rs:4061:13
     |
3934 |             ast::Pattern::Wildcard { binding, .. } => {
     |             -------------------------------------- matches all the relevant values
...
4061 |             ast::Pattern::Wildcard { binding: None, .. } => {
     |             ^^^^^^^^^^^^^^^^^^^^^^^^^^^^^^^^^^^^^^^^^^^^ no value can reach this

warning: unused variable: `st`
    --> src/mir/lowering.rs:3792:49
     |
3792 |                     let data_type = if let Some(st) = &self.symbol_table {
     |                                                 ^^ help: if this is intentional, prefix it with an underscore: `_st`

warning: unused variable: `inner_variant`
    --> src/mir/lowering.rs:3819:43
     |
3819 | ...                   variant_name: inner_variant,
     |                                     ^^^^^^^^^^^^^ help: if this is intentional, prefix it with an underscore: `_inner_variant`

warning: unused variable: `target_type`
    --> src/mir/lowering.rs:4665:13
     |
4665 |         let target_type = match pointer_type {
     |             ^^^^^^^^^^^ help: if this is intentional, prefix it with an underscore: `_target_type`

warning: unused variable: `cycle`
   --> src/module_loader.rs:280:17
    |
280 |             let cycle: Vec<String> = stack[cycle_start..].to_vec();
    |                 ^^^^^ help: if this is intentional, prefix it with an underscore: `_cycle`

warning: unused variable: `depth`
  --> src/optimizations/inlining.rs:52:44
   |
52 |     pub fn set_max_inline_depth(&mut self, depth: usize) {}
   |                                            ^^^^^ help: if this is intentional, prefix it with an underscore: `_depth`

warning: unused variable: `function_name`
   --> src/optimizations/interprocedural.rs:667:14
    |
667 |         for (function_name, summary) in summaries {
    |              ^^^^^^^^^^^^^ help: if this is intentional, prefix it with an underscore: `_function_name`

warning: unused variable: `function_name`
   --> src/optimizations/interprocedural.rs:782:14
    |
782 |         for (function_name, function) in &program.functions {
    |              ^^^^^^^^^^^^^ help: if this is intentional, prefix it with an underscore: `_function_name`

warning: unused variable: `function`
   --> src/optimizations/interprocedural.rs:782:29
    |
782 |         for (function_name, function) in &program.functions {
    |                             ^^^^^^^^ help: if this is intentional, prefix it with an underscore: `_function`

warning: unused variable: `function_name`
   --> src/optimizations/interprocedural.rs:799:14
    |
799 |         for (function_name, function) in &program.functions {
    |              ^^^^^^^^^^^^^ help: if this is intentional, prefix it with an underscore: `_function_name`

warning: unused variable: `function_name`
   --> src/optimizations/interprocedural.rs:821:14
    |
821 |         for (function_name, function) in &program.functions {
    |              ^^^^^^^^^^^^^ help: if this is intentional, prefix it with an underscore: `_function_name`

warning: unused variable: `constant`
   --> src/optimizations/interprocedural.rs:856:21
    |
856 |         for (place, constant) in assignments {
    |                     ^^^^^^^^ help: if this is intentional, prefix it with an underscore: `_constant`

warning: unused variable: `var_name`
   --> src/optimizations/interprocedural.rs:857:17
    |
857 |             let var_name = format!("{}::{}", function.name, place.local);
    |                 ^^^^^^^^ help: if this is intentional, prefix it with an underscore: `_var_name`

warning: unused variable: `end_loc`
    --> src/parser/v2.rs:2883:17
     |
2883 |             let end_loc = self.current_location();
     |                 ^^^^^^^ help: if this is intentional, prefix it with an underscore: `_end_loc`

warning: unused variable: `field_location`
    --> src/parser/mod.rs:1420:17
     |
1420 |             let field_location = field_keyword.location.clone();
     |                 ^^^^^^^^^^^^^^ help: if this is intentional, prefix it with an underscore: `_field_location`

warning: variable does not need to be mutable
    --> src/parser/mod.rs:1875:13
     |
1875 |         let mut constraints = Vec::new();
     |             ----^^^^^^^^^^^
     |             |
     |             help: remove this `mut`

warning: variable `generic_parameters` is assigned to, but never used
    --> src/parser/mod.rs:1927:17
     |
1927 |         let mut generic_parameters = Vec::new();
     |                 ^^^^^^^^^^^^^^^^^^
     |
     = note: consider using `_generic_parameters` instead

warning: variable `lifetime_parameters` is assigned to, but never used
    --> src/parser/mod.rs:1928:17
     |
1928 |         let mut lifetime_parameters = Vec::new();
     |                 ^^^^^^^^^^^^^^^^^^^
     |
     = note: consider using `_lifetime_parameters` instead

warning: value assigned to `generic_parameters` is never read
    --> src/parser/mod.rs:1977:29
     |
1977 | ...                   generic_parameters = self.parse_generic_parameters()?;
     |                       ^^^^^^^^^^^^^^^^^^
     |
     = help: maybe it is overwritten before being read?

warning: value assigned to `lifetime_parameters` is never read
    --> src/parser/mod.rs:1981:29
     |
1981 | ...                   lifetime_parameters = self.parse_lifetime_parameters()?;
     |                       ^^^^^^^^^^^^^^^^^^^
     |
     = help: maybe it is overwritten before being read?

warning: variable does not need to be mutable
    --> src/parser/mod.rs:1926:13
     |
1926 |         let mut intent = None;
     |             ----^^^^^^
     |             |
     |             help: remove this `mut`

warning: unused variable: `nested_pattern`
    --> src/parser/mod.rs:4182:22
     |
4182 |                 let (nested_pattern, binding) = if let Some(token) = self.current_token() {
     |                      ^^^^^^^^^^^^^^ help: if this is intentional, prefix it with an underscore: `_nested_pattern`

warning: variable does not need to be mutable
    --> src/parser/mod.rs:4599:13
     |
4599 |         let mut invariants = Vec::new();
     |             ----^^^^^^^^^^
     |             |
     |             help: remove this `mut`

warning: variable does not need to be mutable
   --> src/patterns/catalog.rs:132:21
    |
132 |                 let mut contract = create_pattern_contract("safe_array_access");
    |                     ----^^^^^^^^
    |                     |
    |                     help: remove this `mut`

warning: variable does not need to be mutable
   --> src/patterns/catalog.rs:392:21
    |
392 |                 let mut contract = create_pattern_contract("binary_search");
    |                     ----^^^^^^^^
    |                     |
    |                     help: remove this `mut`

warning: variable does not need to be mutable
   --> src/patterns/catalog.rs:536:21
    |
536 |                 let mut contract = create_pattern_contract("map_filter_reduce");
    |                     ----^^^^^^^^
    |                     |
    |                     help: remove this `mut`

warning: variable does not need to be mutable
   --> src/patterns/catalog.rs:804:21
    |
804 |                 let mut contract = create_pattern_contract("raii_wrapper");
    |                     ----^^^^^^^^
    |                     |
    |                     help: remove this `mut`

warning: variable does not need to be mutable
   --> src/patterns/catalog.rs:931:21
    |
931 |                 let mut contract = create_pattern_contract("result_type");
    |                     ----^^^^^^^^
    |                     |
    |                     help: remove this `mut`

warning: variable does not need to be mutable
    --> src/patterns/catalog.rs:1049:21
     |
1049 |                 let mut contract = create_pattern_contract("input_validation");
     |                     ----^^^^^^^^
     |                     |
     |                     help: remove this `mut`

warning: unused variable: `data_flow`
   --> src/patterns/composition.rs:519:9
    |
519 |         data_flow: &DataFlowSpec,
    |         ^^^^^^^^^ help: if this is intentional, prefix it with an underscore: `_data_flow`

warning: unused variable: `config`
   --> src/release/distribution.rs:947:16
    |
947 |     pub fn new(config: DistributionConfig) -> Result<Self, SemanticError> {
    |                ^^^^^^ help: if this is intentional, prefix it with an underscore: `_config`

warning: unused variable: `cache_config`
    --> src/release/distribution.rs:1135:13
     |
1135 |         let cache_config = CacheConfig {
     |             ^^^^^^^^^^^^ help: if this is intentional, prefix it with an underscore: `_cache_config`

warning: unused variable: `c_string`
   --> src/runtime/mod.rs:170:9
    |
170 |     let c_string = result.as_ptr() as *mut c_char;
    |         ^^^^^^^^ help: if this is intentional, prefix it with an underscore: `_c_string`

warning: unused variable: `constraint`
   --> src/semantic/metadata.rs:462:25
    |
462 |             if let Some(constraint) = &sem_type.constraint {
    |                         ^^^^^^^^^^ help: if this is intentional, prefix it with an underscore: `_constraint`

warning: unused variable: `e`
  --> src/semantic/ownership.rs:41:32
   |
41 |                     if let Err(e) = self.symbol_table.mark_variable_moved(&name.name) {
   |                                ^ help: if this is intentional, prefix it with an underscore: `_e`

warning: unused variable: `e`
  --> src/semantic/ownership.rs:66:36
   |
66 |                         if let Err(e) = self.symbol_table.mark_variable_moved(&name.name) {
   |                                    ^ help: if this is intentional, prefix it with an underscore: `_e`

warning: unused variable: `enum_name`
    --> src/semantic/mod.rs:1549:17
     |
1549 |                 enum_name,
     |                 ^^^^^^^^^ help: try ignoring the field: `enum_name: _`

warning: unused variable: `source_location`
    --> src/semantic/mod.rs:1726:17
     |
1726 |                 source_location,
     |                 ^^^^^^^^^^^^^^^ help: try ignoring the field: `source_location: _`

warning: unused variable: `source_location`
    --> src/semantic/mod.rs:1921:17
     |
1921 |                 source_location,
     |                 ^^^^^^^^^^^^^^^ help: try ignoring the field: `source_location: _`

warning: unused variable: `size_type`
  --> src/stdlib/network.rs:41:9
   |
41 |     let size_type = TypeSpecifier::Primitive {
   |         ^^^^^^^^^ help: if this is intentional, prefix it with an underscore: `_size_type`

warning: unused variable: `contract`
   --> src/verification/contracts.rs:811:13
    |
811 |     let mut contract = FunctionContract::new(function.name.name.clone());
    |             ^^^^^^^^ help: if this is intentional, prefix it with an underscore: `_contract`

warning: variable does not need to be mutable
   --> src/verification/contracts.rs:811:9
    |
811 |     let mut contract = FunctionContract::new(function.name.name.clone());
    |         ----^^^^^^^^
    |         |
    |         help: remove this `mut`

warning: unused variable: `place`
   --> src/verification/vcgen.rs:382:25
    |
382 |             Rvalue::Len(place) => {
    |                         ^^^^^ help: if this is intentional, prefix it with an underscore: `_place`

warning: field `associated_mutex` is never read
  --> src/concurrency/sync_primitives.rs:89:5
   |
84 | pub struct AetherCondVar {
   |            ------------- field in this struct
...
89 |     associated_mutex: Option<String>,
   |     ^^^^^^^^^^^^^^^^
   |
   = note: `AetherCondVar` has a derived impl for the trait `Debug`, but this is intentionally ignored during dead code analysis
   = note: `#[warn(dead_code)]` (part of `#[warn(unused)]`) on by default

warning: struct `BarrierState` is never constructed
   --> src/concurrency/sync_primitives.rs:137:8
    |
137 | struct BarrierState {
    |        ^^^^^^^^^^^^

warning: field `barrier_cycles` is never read
   --> src/concurrency/sync_primitives.rs:200:5
    |
198 | struct BarrierMetrics {
    |        -------------- field in this struct
199 |     wait_count: u64,
200 |     barrier_cycles: u64,
    |     ^^^^^^^^^^^^^^
    |
    = note: `BarrierMetrics` has a derived impl for the trait `Debug`, but this is intentionally ignored during dead code analysis

warning: field `acquired_at` is never read
   --> src/concurrency/sync_primitives.rs:236:5
    |
234 | pub struct ReadGuard<'a> {
    |            --------- field in this struct
235 |     rw_lock: &'a AetherRwLock,
236 |     acquired_at: Instant,
    |     ^^^^^^^^^^^

warning: field `acquired_at` is never read
   --> src/concurrency/sync_primitives.rs:242:5
    |
240 | pub struct WriteGuard<'a> {
    |            ---------- field in this struct
241 |     rw_lock: &'a AetherRwLock,
242 |     acquired_at: Instant,
    |     ^^^^^^^^^^^

warning: fields `target_pid` and `breakpoints` are never read
  --> src/debug/debugger.rs:51:5
   |
49 | pub struct DebugSession {
   |            ------------ fields in this struct
50 |     /// Target process ID
51 |     target_pid: Option<u32>,
   |     ^^^^^^^^^^
...
57 |     breakpoints: Arc<Mutex<HashMap<String, Vec<Breakpoint>>>>,
   |     ^^^^^^^^^^^
   |
   = note: `DebugSession` has a derived impl for the trait `Debug`, but this is intentionally ignored during dead code analysis

warning: fields `diagnostics_provider` and `shutdown` are never read
  --> src/debug/lsp.rs:45:5
   |
34 | pub struct LanguageServer {
   |            -------------- fields in this struct
...
45 |     diagnostics_provider: DiagnosticsProvider,
   |     ^^^^^^^^^^^^^^^^^^^^
...
51 |     shutdown: Arc<AtomicBool>,
   |     ^^^^^^^^
   |
   = note: `LanguageServer` has a derived impl for the trait `Debug`, but this is intentionally ignored during dead code analysis

warning: field `diagnostics` is never read
   --> src/debug/lsp.rs:333:5
    |
331 | pub struct DiagnosticEngine {
    |            ---------------- field in this struct
332 |     /// Active diagnostics by document
333 |     diagnostics: HashMap<String, Vec<Diagnostic>>,
    |     ^^^^^^^^^^^
    |
    = note: `DiagnosticEngine` has a derived impl for the trait `Debug`, but this is intentionally ignored during dead code analysis

warning: field `snippets` is never read
   --> src/debug/lsp.rs:343:5
    |
338 | pub struct CompletionProvider {
    |            ------------------ field in this struct
...
343 |     snippets: HashMap<String, String>,
    |     ^^^^^^^^
    |
    = note: `CompletionProvider` has a derived impl for the trait `Debug`, but this is intentionally ignored during dead code analysis

warning: fields `source_parser` and `markdown_parser` are never read
  --> src/docs/parser.rs:39:5
   |
37 | pub struct DocParser {
   |            --------- fields in this struct
38 |     /// Source code parser
39 |     source_parser: SourceParser,
   |     ^^^^^^^^^^^^^
...
42 |     markdown_parser: MarkdownParser,
   |     ^^^^^^^^^^^^^^^
   |
   = note: `DocParser` has a derived impl for the trait `Debug`, but this is intentionally ignored during dead code analysis

warning: field `patterns` is never read
  --> src/docs/parser.rs:74:5
   |
72 | pub struct CommentParser {
   |            ------------- field in this struct
73 |     /// Comment prefix patterns
74 |     patterns: CommentPatterns,
   |     ^^^^^^^^
   |
   = note: `CommentParser` has a derived impl for the trait `Debug`, but this is intentionally ignored during dead code analysis

warning: field `location` is never read
   --> src/docs/parser.rs:725:5
    |
714 | struct ParsedItem {
    |        ---------- field in this struct
...
725 |     location: SourceLocation,
    |     ^^^^^^^^
    |
    = note: `ParsedItem` has derived impls for the traits `Clone` and `Debug`, but these are intentionally ignored during dead code analysis

warning: variants `Module`, `Enum`, `Trait`, `TypeAlias`, `Import`, and `Macro` are never constructed
   --> src/docs/parser.rs:731:5
    |
730 | enum ItemType {
    |      -------- variants in this enum
731 |     Module,
    |     ^^^^^^
...
734 |     Enum,
    |     ^^^^
735 |     Trait,
    |     ^^^^^
736 |     TypeAlias,
    |     ^^^^^^^^^
737 |     Constant,
738 |     Import,
    |     ^^^^^^
739 |     Macro,
    |     ^^^^^
    |
    = note: `ItemType` has derived impls for the traits `Clone` and `Debug`, but these are intentionally ignored during dead code analysis

warning: methods `parse_documentation`, `clean_comment_line`, `extract_tag`, `tag_to_section`, and `finalize_section` are never used
   --> src/docs/parser.rs:774:8
    |
761 | impl CommentParser {
    | ------------------ methods in this implementation
...
774 |     fn parse_documentation(&self, raw_docs: &str) -> Result<ParsedDoc, SemanticError> {
    |        ^^^^^^^^^^^^^^^^^^^
...
837 |     fn clean_comment_line(&self, line: &str) -> String {
    |        ^^^^^^^^^^^^^^^^^^
...
850 |     fn extract_tag(&self, line: &str) -> Option<String> {
    |        ^^^^^^^^^^^
...
862 |     fn tag_to_section(&self, tag: &str) -> DocSection {
    |        ^^^^^^^^^^^^^^
...
872 |     fn finalize_section(
    |        ^^^^^^^^^^^^^^^^

warning: variant `Tag` is never constructed
   --> src/docs/parser.rs:933:5
    |
927 | enum DocSection {
    |      ---------- variant in this enum
...
933 |     Tag(String),
    |     ^^^
    |
    = note: `DocSection` has derived impls for the traits `Clone` and `Debug`, but these are intentionally ignored during dead code analysis

warning: methods `parse_function_signature`, `parse_type_definition`, `extract_function_name`, and `extract_type_name` are never used
   --> src/docs/parser.rs:941:8
    |
936 | impl SignatureParser {
    | -------------------- methods in this implementation
...
941 |     fn parse_function_signature(&self, source: &str) -> Result<FunctionSignature, SemanticError> {
    |        ^^^^^^^^^^^^^^^^^^^^^^^^
...
957 |     fn parse_type_definition(&self, source: &str) -> Result<TypeInfo, SemanticError> {
    |        ^^^^^^^^^^^^^^^^^^^^^
...
970 |     fn extract_function_name(&self, source: &str) -> String {
    |        ^^^^^^^^^^^^^^^^^^^^^
...
981 |     fn extract_type_name(&self, source: &str) -> String {
    |        ^^^^^^^^^^^^^^^^^

warning: fields `template_engine` and `output_format` are never read
  --> src/docs/renderer.rs:32:5
   |
30 | pub struct DocRenderer {
   |            ----------- fields in this struct
31 |     /// Template engine for rendering
32 |     template_engine: TemplateEngine,
   |     ^^^^^^^^^^^^^^^
...
38 |     output_format: OutputFormat,
   |     ^^^^^^^^^^^^^
   |
   = note: `DocRenderer` has a derived impl for the trait `Debug`, but this is intentionally ignored during dead code analysis

warning: field `templates` is never read
  --> src/docs/renderer.rs:45:5
   |
43 | pub struct TemplateEngine {
   |            -------------- field in this struct
44 |     /// Loaded templates
45 |     templates: HashMap<String, String>,
   |     ^^^^^^^^^
   |
   = note: `TemplateEngine` has a derived impl for the trait `Debug`, but this is intentionally ignored during dead code analysis

warning: field `doc` is never read
   --> src/docs/renderer.rs:227:5
    |
225 | pub struct HtmlRenderer<'a> {
    |            ------------ field in this struct
226 |     /// Documentation to render
227 |     doc: &'a Documentation,
    |     ^^^
    |
    = note: `HtmlRenderer` has a derived impl for the trait `Debug`, but this is intentionally ignored during dead code analysis

warning: method `render_template` is never used
   --> src/docs/renderer.rs:849:8
    |
536 | impl TemplateEngine {
    | ------------------- method in this implementation
...
849 |     fn render_template(
    |        ^^^^^^^^^^^^^^^

warning: field `intent_keywords` is never read
   --> src/error/intent_analysis.rs:234:5
    |
233 | struct IntentPattern {
    |        ------------- field in this struct
234 |     intent_keywords: Vec<String>,
    |     ^^^^^^^^^^^^^^^

warning: field `patterns` is never read
   --> src/error/structured.rs:397:5
    |
396 | pub struct ErrorPatterns {
    |            ------------- field in this struct
397 |     patterns: HashMap<String, ErrorPattern>,
    |     ^^^^^^^^

warning: fields `code_prefix`, `matcher`, and `fixer` are never read
   --> src/error/structured.rs:402:5
    |
401 | struct ErrorPattern {
    |        ------------ fields in this struct
402 |     code_prefix: String,
    |     ^^^^^^^^^^^
403 |     matcher: fn(&CompilerError) -> bool,
    |     ^^^^^^^
404 |     fixer: fn(&CompilerError) -> Vec<FixSuggestion>,
    |     ^^^^^
    |
    = note: `ErrorPattern` has a derived impl for the trait `Clone`, but this is intentionally ignored during dead code analysis

warning: field `include_snippets` is never read
   --> src/error/structured.rs:510:5
    |
509 | pub struct LLMErrorFormatter {
    |            ----------------- field in this struct
510 |     include_snippets: bool,
    |     ^^^^^^^^^^^^^^^^

warning: method `read_quoted_identifier` is never used
   --> src/lexer/mod.rs:506:8
    |
 90 | impl Lexer {
    | ---------- method in this implementation
...
506 |     fn read_quoted_identifier(&mut self) -> Result<Token, LexerError> {
    |        ^^^^^^^^^^^^^^^^^^^^^^

warning: method `get_type_id` is never used
  --> src/llvm_backend/mod.rs:96:8
   |
65 | impl CleanupInfo {
   | ---------------- method in this implementation
...
96 |     fn get_type_id(&self, local_id: &mir::LocalId) -> TypeId {
   |        ^^^^^^^^^^^

warning: field `module` is never read
  --> src/lsp/server.rs:36:5
   |
34 | struct DocumentState {
   |        ------------- field in this struct
35 |     text: String,
36 |     module: Option<Module>,
   |     ^^^^^^
   |
   = note: `DocumentState` has a derived impl for the trait `Debug`, but this is intentionally ignored during dead code analysis

warning: fields `start`, `size`, `permissions`, and `status` are never read
  --> src/memory/mod.rs:61:5
   |
59 | struct MemoryRegion {
   |        ------------ fields in this struct
60 |     /// Start address
61 |     start: usize,
   |     ^^^^^
...
64 |     size: usize,
   |     ^^^^
...
67 |     permissions: MemoryPermissions,
   |     ^^^^^^^^^^^
...
70 |     status: AllocationStatus,
   |     ^^^^^^
   |
   = note: `MemoryRegion` has a derived impl for the trait `Debug`, but this is intentionally ignored during dead code analysis

warning: method `analyze_expression_memory` is never used
   --> src/memory/mod.rs:151:8
    |
 95 | impl MemoryAnalyzer {
    | ------------------- method in this implementation
...
151 |     fn analyze_expression_memory(
    |        ^^^^^^^^^^^^^^^^^^^^^^^^^

warning: field `parent` is never read
   --> src/mir/mod.rs:446:5
    |
445 | struct Scope {
    |        ----- field in this struct
446 |     parent: Option<ScopeId>,
    |     ^^^^^^

warning: method `get_enum_variant_associated_type` is never used
    --> src/mir/lowering.rs:4089:8
     |
  74 | impl LoweringContext {
     | -------------------- method in this implementation
...
4089 |     fn get_enum_variant_associated_type(
     |        ^^^^^^^^^^^^^^^^^^^^^^^^^^^^^^^^

warning: field `inlined_functions` is never read
  --> src/optimizations/inlining.rs:35:5
   |
30 | pub struct InliningPass {
   |            ------------ field in this struct
...
35 |     inlined_functions: HashSet<String>,
   |     ^^^^^^^^^^^^^^^^^
   |
   = note: `InliningPass` has a derived impl for the trait `Debug`, but this is intentionally ignored during dead code analysis

warning: fields `summaries` and `global_constants` are never read
  --> src/optimizations/interprocedural.rs:34:5
   |
29 | pub struct InterproceduralAnalysisPass {
   |            --------------------------- fields in this struct
...
34 |     summaries: HashMap<String, FunctionSummary>,
   |     ^^^^^^^^^
...
37 |     global_constants: GlobalConstantAnalysis,
   |     ^^^^^^^^^^^^^^^^
   |
   = note: `InterproceduralAnalysisPass` has a derived impl for the trait `Debug`, but this is intentionally ignored during dead code analysis

warning: fields `pure_functions`, `readonly_functions`, `modifying_functions`, `throwing_functions`, and `nonterminating_functions` are never read
  --> src/optimizations/interprocedural.rs:63:5
   |
61 | pub struct SideEffectAnalysis {
   |            ------------------ fields in this struct
62 |     /// Functions that are pure (no side effects)
63 |     pure_functions: HashSet<String>,
   |     ^^^^^^^^^^^^^^
...
66 |     readonly_functions: HashSet<String>,
   |     ^^^^^^^^^^^^^^^^^^
...
69 |     modifying_functions: HashSet<String>,
   |     ^^^^^^^^^^^^^^^^^^^
...
72 |     throwing_functions: HashSet<String>,
   |     ^^^^^^^^^^^^^^^^^^
...
75 |     nonterminating_functions: HashSet<String>,
   |     ^^^^^^^^^^^^^^^^^^^^^^^^
   |
   = note: `SideEffectAnalysis` has a derived impl for the trait `Debug`, but this is intentionally ignored during dead code analysis

warning: field `induction_variable` is never read
   --> src/optimizations/vectorization.rs:662:5
    |
659 | struct LoopInfo {
    |        -------- field in this struct
...
662 |     induction_variable: Option<Place>,
    |     ^^^^^^^^^^^^^^^^^^
    |
    = note: `LoopInfo` has derived impls for the traits `Clone` and `Debug`, but these are intentionally ignored during dead code analysis

warning: field `artifacts` is never read
  --> src/package/builder.rs:35:5
   |
30 | pub struct PackageBuilder {
   |            -------------- field in this struct
...
35 |     artifacts: Vec<BuildArtifact>,
   |     ^^^^^^^^^
   |
   = note: `PackageBuilder` has a derived impl for the trait `Debug`, but this is intentionally ignored during dead code analysis

warning: fields `artifacts`, `source_timestamps`, `dependency_timestamps`, `config_hash`, and `stats` are never read
  --> src/package/builder.rs:51:5
   |
49 | pub struct BuildCache {
   |            ---------- fields in this struct
50 |     /// Cached build artifacts
51 |     artifacts: HashMap<String, CachedArtifact>,
   |     ^^^^^^^^^
...
54 |     source_timestamps: HashMap<PathBuf, std::time::SystemTime>,
   |     ^^^^^^^^^^^^^^^^^
...
57 |     dependency_timestamps: HashMap<String, std::time::SystemTime>,
   |     ^^^^^^^^^^^^^^^^^^^^^
...
60 |     config_hash: Option<String>,
   |     ^^^^^^^^^^^
...
63 |     stats: BuildCacheStats,
   |     ^^^^^
   |
   = note: `BuildCache` has a derived impl for the trait `Debug`, but this is intentionally ignored during dead code analysis

warning: field `sandbox_config` is never read
   --> src/package/builder.rs:284:5
    |
282 | pub struct BuildScriptRunner {
    |            ----------------- field in this struct
283 |     /// Sandbox configuration
284 |     sandbox_config: SandboxConfig,
    |     ^^^^^^^^^^^^^^
    |
    = note: `BuildScriptRunner` has a derived impl for the trait `Debug`, but this is intentionally ignored during dead code analysis

warning: method `clear` is never used
   --> src/package/builder.rs:882:8
    |
881 | impl BuildCache {
    | --------------- method in this implementation
882 |     fn clear(&mut self) {
    |        ^^^^^

warning: methods `execute_shell_script`, `execute_python_script`, `execute_node_script`, `execute_custom_script`, and `execute_external_script` are never used
   --> src/package/builder.rs:949:8
    |
891 | impl BuildScriptRunner {
    | ---------------------- methods in this implementation
...
949 |     fn execute_shell_script(
    |        ^^^^^^^^^^^^^^^^^^^^
...
960 |     fn execute_python_script(
    |        ^^^^^^^^^^^^^^^^^^^^^
...
971 |     fn execute_node_script(
    |        ^^^^^^^^^^^^^^^^^^^
...
982 |     fn execute_custom_script(
    |        ^^^^^^^^^^^^^^^^^^^^^
...
994 |     fn execute_external_script(
    |        ^^^^^^^^^^^^^^^^^^^^^^^

warning: field `client` is never read
   --> src/package/registry.rs:109:5
    |
107 | pub struct HttpClient {
    |            ---------- field in this struct
108 |     /// HTTP client
109 |     client: reqwest::Client,
    |     ^^^^^^
    |
    = note: `HttpClient` has a derived impl for the trait `Debug`, but this is intentionally ignored during dead code analysis

warning: method `peek_keyword` is never used
   --> src/parser/mod.rs:555:8
    |
255 | impl Parser {
    | ----------- method in this implementation
...
555 |     fn peek_keyword(&self, expected: KeywordType) -> bool {
    |        ^^^^^^^^^^^^

warning: multiple methods are never used
   --> src/parser/v2.rs:210:8
    |
 80 | impl Parser {
    | ----------- methods in this implementation
...
210 |     fn synchronize(&mut self) {
    |        ^^^^^^^^^^^
...
245 |     fn synchronize_to_block_end(&mut self) {
    |        ^^^^^^^^^^^^^^^^^^^^^^^^
...
384 |     fn syntax_error(&self, message: &str, suggestion: Option<&str>) -> ParserError {
    |        ^^^^^^^^^^^^
...
393 |     fn missing_semicolon_error(&self) -> ParserError {
    |        ^^^^^^^^^^^^^^^^^^^^^^^
...
401 |     fn missing_type_error(&self, context: &str) -> ParserError {
    |        ^^^^^^^^^^^^^^^^^^
...
409 |     fn unexpected_token_error(&self, context: &str) -> ParserError {
    |        ^^^^^^^^^^^^^^^^^^^^^^
...
443 |     fn expected_expression_hint(&self) -> &'static str {
    |        ^^^^^^^^^^^^^^^^^^^^^^^^

warning: fields `cache` and `resolver` are never read
  --> src/patterns/composition.rs:31:5
   |
26 | pub struct CompositionEngine {
   |            ----------------- fields in this struct
...
31 |     cache: HashMap<String, ComposedPattern>,
   |     ^^^^^
...
34 |     resolver: ConflictResolver,
   |     ^^^^^^^^

warning: field `strategies` is never read
   --> src/patterns/composition.rs:149:5
    |
147 | pub struct ConflictResolver {
    |            ---------------- field in this struct
148 |     /// Resolution strategies
149 |     strategies: HashMap<ConflictType, ResolutionStrategy>,
    |     ^^^^^^^^^^

warning: variant `Sequential` is never constructed
    --> src/patterns/composition.rs:1075:5
     |
1073 | enum PatternRelationship {
     |      ------------------- variant in this enum
1074 |     Independent,
1075 |     Sequential,
     |     ^^^^^^^^^^
     |
     = note: `PatternRelationship` has derived impls for the traits `Clone` and `Debug`, but these are intentionally ignored during dead code analysis

warning: field `stdlib` is never read
   --> src/pipeline/mod.rs:183:5
    |
181 | pub struct CompilationPipeline {
    |            ------------------- field in this struct
182 |     options: CompileOptions,
183 |     stdlib: StandardLibrary,
    |     ^^^^^^

warning: fields `project_info`, `history`, `automation`, `artifacts`, `distribution`, and `packaging` are never read
  --> src/release/mod.rs:38:5
   |
36 | pub struct ReleaseManager {
   |            -------------- fields in this struct
37 |     /// Project information
38 |     project_info: ProjectInfo,
   |     ^^^^^^^^^^^^
...
41 |     history: ReleaseHistory,
   |     ^^^^^^^
...
44 |     automation: automation::AutomationPipeline,
   |     ^^^^^^^^^^
...
47 |     artifacts: artifacts::ArtifactManager,
   |     ^^^^^^^^^
...
50 |     distribution: distribution::DistributionManager,
   |     ^^^^^^^^^^^^
...
53 |     packaging: packaging::PackageBuilder,
   |     ^^^^^^^^^
   |
   = note: `ReleaseManager` has a derived impl for the trait `Debug`, but this is intentionally ignored during dead code analysis

warning: method `get_content_type` is never used
    --> src/release/distribution.rs:1077:8
     |
 945 | impl DistributionManager {
     | ------------------------ method in this implementation
...
1077 |     fn get_content_type(&self, format: &PackageFormat) -> String {
     |        ^^^^^^^^^^^^^^^^

warning: fields `formats` and `compression` are never read
  --> src/release/packaging.rs:38:5
   |
27 | pub struct PackageBuilder {
   |            -------------- fields in this struct
...
38 |     formats: Vec<PackageFormat>,
   |     ^^^^^^^
...
41 |     compression: CompressionSettings,
   |     ^^^^^^^^^^^
   |
   = note: `PackageBuilder` has a derived impl for the trait `Debug`, but this is intentionally ignored during dead code analysis

warning: field `settings` is never read
   --> src/release/updates.rs:644:5
    |
633 | pub struct UpdateCache<T> {
    |            ----------- field in this struct
...
644 |     settings: CacheSettings,
    |     ^^^^^^^^
    |
    = note: `UpdateCache` has a derived impl for the trait `Debug`, but this is intentionally ignored during dead code analysis

warning: fields `trusted_certs`, `signature_verification`, and `cert_validation` are never read
   --> src/release/updates.rs:878:5
    |
873 | pub struct UpdateSecurity {
    |            -------------- fields in this struct
...
878 |     trusted_certs: Vec<Certificate>,
    |     ^^^^^^^^^^^^^
...
881 |     signature_verification: SignatureVerificationConfig,
    |     ^^^^^^^^^^^^^^^^^^^^^^
...
884 |     cert_validation: CertificateValidation,
    |     ^^^^^^^^^^^^^^^
    |
    = note: `UpdateSecurity` has a derived impl for the trait `Debug`, but this is intentionally ignored during dead code analysis

warning: field `pools` is never read
  --> src/resource/analysis.rs:37:5
   |
26 | pub struct ResourceAnalyzer {
   |            ---------------- field in this struct
...
37 |     pools: HashMap<String, ResourcePool>,
   |     ^^^^^

warning: fields `depth` and `location` are never read
  --> src/resource/analysis.rs:48:5
   |
45 | struct ScopeInfo {
   |        --------- fields in this struct
...
48 |     depth: usize,
   |     ^^^^^
49 |     location: SourceLocation,
   |     ^^^^^^^^
   |
   = note: `ScopeInfo` has derived impls for the traits `Clone` and `Debug`, but these are intentionally ignored during dead code analysis

warning: function `create_external_function` is never used
  --> src/stdlib/mod.rs:95:15
   |
95 | pub(crate) fn create_external_function(
   |               ^^^^^^^^^^^^^^^^^^^^^^^^

warning: fields `assertions` and `variables` are never read
  --> src/verification/solver.rs:26:5
   |
24 | pub struct SmtSolver {
   |            --------- fields in this struct
25 |     /// SMT-LIB assertions
26 |     assertions: Vec<String>,
   |     ^^^^^^^^^^
...
29 |     variables: HashMap<String, String>,
   |     ^^^^^^^^^
   |
   = note: `SmtSolver` has a derived impl for the trait `Debug`, but this is intentionally ignored during dead code analysis

warning: hiding a lifetime that's elided elsewhere is confusing
   --> src/concurrency/sync_primitives.rs:395:17
    |
395 |     pub fn lock(&self) -> LockResult<MutexGuard> {
    |                 ^^^^^                ^^^^^^^^^^ the same lifetime is hidden here
    |                 |
    |                 the lifetime is elided here
    |
    = help: the same lifetime is referred to in inconsistent ways, making the signature confusing
    = note: `#[warn(mismatched_lifetime_syntaxes)]` on by default
help: use `'_` for type paths
    |
395 |     pub fn lock(&self) -> LockResult<MutexGuard<'_>> {
    |                                                ++++

warning: hiding a lifetime that's elided elsewhere is confusing
   --> src/concurrency/sync_primitives.rs:434:21
    |
434 |     pub fn try_lock(&self) -> LockResult<MutexGuard> {
    |                     ^^^^^                ^^^^^^^^^^ the same lifetime is hidden here
    |                     |
    |                     the lifetime is elided here
    |
    = help: the same lifetime is referred to in inconsistent ways, making the signature confusing
help: use `'_` for type paths
    |
434 |     pub fn try_lock(&self) -> LockResult<MutexGuard<'_>> {
    |                                                    ++++

warning: hiding a lifetime that's elided elsewhere is confusing
   --> src/concurrency/sync_primitives.rs:615:17
    |
615 |     pub fn read(&self) -> LockResult<ReadGuard> {
    |                 ^^^^^                ^^^^^^^^^ the same lifetime is hidden here
    |                 |
    |                 the lifetime is elided here
    |
    = help: the same lifetime is referred to in inconsistent ways, making the signature confusing
help: use `'_` for type paths
    |
615 |     pub fn read(&self) -> LockResult<ReadGuard<'_>> {
    |                                               ++++

warning: hiding a lifetime that's elided elsewhere is confusing
   --> src/concurrency/sync_primitives.rs:634:18
    |
634 |     pub fn write(&self) -> LockResult<WriteGuard> {
    |                  ^^^^^                ^^^^^^^^^^ the same lifetime is hidden here
    |                  |
    |                  the lifetime is elided here
    |
    = help: the same lifetime is referred to in inconsistent ways, making the signature confusing
help: use `'_` for type paths
    |
634 |     pub fn write(&self) -> LockResult<WriteGuard<'_>> {
    |                                                 ++++

warning: unused `Result` that must be used
   --> src/llvm_backend/mod.rs:453:29
    |
453 | ...                   builder.build_return(Some(&return_value));
    |                       ^^^^^^^^^^^^^^^^^^^^^^^^^^^^^^^^^^^^^^^^^
    |
    = note: this `Result` may be an `Err` variant, which should be handled
    = note: `#[warn(unused_must_use)]` (part of `#[warn(unused)]`) on by default
help: use `let _ = ...` to ignore the resulting value
    |
453 |                             let _ = builder.build_return(Some(&return_value));
    |                             +++++++

warning: unused `Result` that must be used
   --> src/llvm_backend/mod.rs:462:29
    |
462 | ...                   builder.build_return(Some(&i32_type.const_int(0, false)));
    |                       ^^^^^^^^^^^^^^^^^^^^^^^^^^^^^^^^^^^^^^^^^^^^^^^^^^^^^^^^^
    |
    = note: this `Result` may be an `Err` variant, which should be handled
help: use `let _ = ...` to ignore the resulting value
    |
462 |                             let _ = builder.build_return(Some(&i32_type.const_int(0, false)));
    |                             +++++++

warning: hiding a lifetime that's elided elsewhere is confusing
  --> src/llvm_backend/context.rs:47:26
   |
47 |     pub fn create_module(&self, name: &str) -> Module {
   |                          ^^^^^                 ^^^^^^ the same lifetime is hidden here
   |                          |
   |                          the lifetime is elided here
   |
   = help: the same lifetime is referred to in inconsistent ways, making the signature confusing
help: use `'_` for type paths
   |
47 |     pub fn create_module(&self, name: &str) -> Module<'_> {
   |                                                      ++++

warning: hiding a lifetime that's elided elsewhere is confusing
  --> src/llvm_backend/context.rs:58:27
   |
58 |     pub fn create_builder(&self) -> Builder {
   |                           ^^^^^     ^^^^^^^ the same lifetime is hidden here
   |                           |
   |                           the lifetime is elided here
   |
   = help: the same lifetime is referred to in inconsistent ways, making the signature confusing
help: use `'_` for type paths
   |
58 |     pub fn create_builder(&self) -> Builder<'_> {
   |                                            ++++

warning: using `.clone()` on a double reference, which returns `&version::Version` instead of cloning the inner type
   --> src/package/resolver.rs:538:61
    |
538 |                 Ok(compatible_versions.iter().max().unwrap().clone().clone())
    |                                                             ^^^^^^^^
    |
    = note: `#[warn(suspicious_double_ref_op)]` on by default

warning: using `.clone()` on a double reference, which returns `&version::Version` instead of cloning the inner type
   --> src/package/resolver.rs:541:61
    |
541 |                 Ok(compatible_versions.iter().min().unwrap().clone().clone())
    |                                                             ^^^^^^^^

warning: using `.clone()` on a double reference, which returns `&version::Version` instead of cloning the inner type
   --> src/package/resolver.rs:545:61
    |
545 |                 Ok(compatible_versions.iter().min().unwrap().clone().clone())
    |                                                             ^^^^^^^^

warning: using `.clone()` on a double reference, which returns `&version::Version` instead of cloning the inner type
   --> src/package/resolver.rs:549:61
    |
549 |                 Ok(compatible_versions.iter().max().unwrap().clone().clone())
    |                                                             ^^^^^^^^

warning: hiding a lifetime that's elided elsewhere is confusing
  --> src/profiling/mod.rs:91:24
   |
91 |     pub fn start_phase(&mut self, phase_name: &str) -> PhaseTimer {
   |                        ^^^^^^^^^                       ^^^^^^^^^^ the same lifetime is hidden here
   |                        |
   |                        the lifetime is elided here
   |
   = help: the same lifetime is referred to in inconsistent ways, making the signature confusing
help: use `'_` for type paths
   |
91 |     pub fn start_phase(&mut self, phase_name: &str) -> PhaseTimer<'_> {
   |                                                                  ++++

warning: unused `Result` that must be used
    --> src/semantic/mod.rs:2918:9
     |
2918 |         self.symbol_table.exit_scope();
     |         ^^^^^^^^^^^^^^^^^^^^^^^^^^^^^^
     |
     = note: this `Result` may be an `Err` variant, which should be handled
help: use `let _ = ...` to ignore the resulting value
     |
2918 |         let _ = self.symbol_table.exit_scope();
     |         +++++++

warning: `aether` (lib) generated 195 warnings (run `cargo fix --lib -p aether` to apply 46 suggestions)
    Finished `dev` profile [unoptimized + debuginfo] target(s) in 0.85s
     Running `target/debug/aether-compiler check tests/fixtures/simple_module.aether --debug`
[DEBUG] Starting syntax check for 1 files
Error in tests/fixtures/simple_module.aether: Lexer error: Unterminated string literal at tests/fixtures/simple_module.aether:2:9
Compilation failed: Semantic error occurred

  left: 1
 right: 0
note: run with `RUST_BACKTRACE=1` environment variable to display a backtrace

---- test_cli_global_verbose_flag stdout ----

thread 'test_cli_global_verbose_flag' (7563101) panicked at tests/cli_integration_tests.rs:275:5:
assertion `left == right` failed: Stderr:     Blocking waiting for file lock on package cache
    Blocking waiting for file lock on package cache
    Blocking waiting for file lock on package cache
    Blocking waiting for file lock on build directory
warning: unused import: `ExampleType`
  --> src/docs/tutorial.rs:21:46
   |
21 |     CodeExample, DifficultyLevel, DocConfig, ExampleType, Exercise, Tutorial, TutorialSection,
   |                                              ^^^^^^^^^^^
   |
   = note: `#[warn(unused_imports)]` (part of `#[warn(unused)]`) on by default

warning: unused import: `std::path::Path`
  --> src/error/enhancement.rs:24:5
   |
24 | use std::path::Path;
   |     ^^^^^^^^^^^^^^^

warning: unused import: `BehavioralSpec`
  --> src/error/intent_analysis.rs:22:33
   |
22 | use crate::semantic::metadata::{BehavioralSpec, IntentSpec};
   |                                 ^^^^^^^^^^^^^^

warning: unused imports: `Expression`, `Statement`, and `TypeSpecifier`
  --> src/error/structured.rs:20:18
   |
20 | use crate::ast::{Expression, Statement, TypeSpecifier};
   |                  ^^^^^^^^^^  ^^^^^^^^^  ^^^^^^^^^^^^^

warning: unused import: `HashSet`
  --> src/llvm_backend/mod.rs:37:33
   |
37 | use std::collections::{HashMap, HashSet};
   |                                 ^^^^^^^

warning: unused import: `std::path::Path`
  --> src/lsp/server.rs:20:5
   |
20 | use std::path::Path;
   |     ^^^^^^^^^^^^^^^

warning: unused import: `BasicBlockId`
  --> src/optimizations/constant_propagation.rs:21:18
   |
21 | use crate::mir::{BasicBlockId, ConstantValue, Function, LocalId, Operand, Rvalue, Statement};
   |                  ^^^^^^^^^^^^

warning: unused imports: `BasicBlockId`, `LocalId`, `Place`, and `SourceInfo`
  --> src/optimizations/inlining.rs:22:5
   |
22 |     BasicBlockId, Function, LocalId, Operand, Place, Program, Rvalue, SourceInfo, Statement,
   |     ^^^^^^^^^^^^            ^^^^^^^           ^^^^^                   ^^^^^^^^^^

warning: unused import: `std::collections::HashMap`
  --> src/optimizations/inlining.rs:25:5
   |
25 | use std::collections::HashMap;
   |     ^^^^^^^^^^^^^^^^^^^^^^^^^

warning: unused import: `Constant`
  --> src/optimizations/interprocedural.rs:22:17
   |
22 |     BasicBlock, Constant, Function, Operand, Place, Program, Rvalue, Statement, Terminator,
   |                 ^^^^^^^^

warning: unused import: `BuildConfiguration`
  --> src/package/builder.rs:21:32
   |
21 | use crate::package::manifest::{BuildConfiguration, PackageManifest};
   |                                ^^^^^^^^^^^^^^^^^^

warning: unused import: `CacheStats`
  --> src/package/builder.rs:22:35
   |
22 | use crate::package::{BuildConfig, CacheStats};
   |                                   ^^^^^^^^^^

warning: unused imports: `BinaryOp` and `Expression as ContractExpr`
  --> src/patterns/catalog.rs:20:38
   |
20 | use crate::verification::contracts::{BinaryOp, Expression as ContractExpr};
   |                                      ^^^^^^^^  ^^^^^^^^^^^^^^^^^^^^^^^^^^

warning: unused imports: `Block`, `Expression`, `Function`, and `Statement`
  --> src/patterns/composition.rs:20:18
   |
20 | use crate::ast::{Block, Expression, Function, Statement};
   |                  ^^^^^  ^^^^^^^^^^  ^^^^^^^^  ^^^^^^^^^

warning: unused import: `crate::error::SourceLocation`
  --> src/patterns/composition.rs:21:5
   |
21 | use crate::error::SourceLocation;
   |     ^^^^^^^^^^^^^^^^^^^^^^^^^^^^

warning: unused import: `Function`
  --> src/patterns/mod.rs:23:37
   |
23 | use crate::ast::{Block, Expression, Function, Statement};
   |                                     ^^^^^^^^

warning: unused import: `crate::error::SourceLocation`
  --> src/patterns/mod.rs:24:5
   |
24 | use crate::error::SourceLocation;
   |     ^^^^^^^^^^^^^^^^^^^^^^^^^^^^

warning: unused imports: `FailoverConfig`, `FailoverThreshold`, `RecoveryConfig`, and `self`
  --> src/release/distribution.rs:23:22
   |
23 | use crate::release::{self, DistributionConfig, FailoverConfig, FailoverThreshold, RecoveryConfig};
   |                      ^^^^                      ^^^^^^^^^^^^^^  ^^^^^^^^^^^^^^^^^  ^^^^^^^^^^^^^^

warning: unused import: `crate::error::SemanticError`
  --> src/release/mod.rs:26:5
   |
26 | use crate::error::SemanticError;
   |     ^^^^^^^^^^^^^^^^^^^^^^^^^^^

warning: unused import: `OwnershipKind`
  --> src/semantic/mod.rs:32:20
   |
32 | use crate::types::{OwnershipKind, Type, TypeChecker};
   |                    ^^^^^^^^^^^^^

warning: unused import: `crate::types::Type`
  --> src/verification/contract_to_smt.rs:20:5
   |
20 | use crate::types::Type;
   |     ^^^^^^^^^^^^^^^^^^

warning: unused imports: `AggregateOp` and `TemporalOp`
  --> src/verification/contract_to_smt.rs:22:5
   |
22 |     AggregateOp, BinaryOp, ConstantValue, Expression, QuantifierKind, TemporalOp, UnaryOp,
   |     ^^^^^^^^^^^                                                       ^^^^^^^^^^

warning: unused imports: `Deserialize` and `Serialize`
  --> src/verification/contracts.rs:30:13
   |
30 | use serde::{Deserialize, Serialize};
   |             ^^^^^^^^^^^  ^^^^^^^^^

warning: unused import: `crate::ast::PrimitiveType`
  --> src/verification/vcgen.rs:23:5
   |
23 | use crate::ast::PrimitiveType;
   |     ^^^^^^^^^^^^^^^^^^^^^^^^^

warning: unused import: `crate::types::Type`
  --> src/verification/vcgen.rs:26:5
   |
26 | use crate::types::Type;
   |     ^^^^^^^^^^^^^^^^^^

warning: unused variable: `receiver`
   --> src/concurrency/actors.rs:377:22
    |
377 |         let (sender, receiver) = mpsc::channel();
    |                      ^^^^^^^^ help: if this is intentional, prefix it with an underscore: `_receiver`
    |
    = note: `#[warn(unused_variables)]` (part of `#[warn(unused)]`) on by default

warning: unused variable: `strategy`
   --> src/concurrency/actors.rs:622:12
    |
622 |     fn new(strategy: SupervisionStrategy) -> Self {
    |            ^^^^^^^^ help: if this is intentional, prefix it with an underscore: `_strategy`

warning: unused variable: `worker_id`
   --> src/concurrency/async_runtime.rs:350:13
    |
350 |         for worker_id in 0..self.config.worker_threads {
    |             ^^^^^^^^^ help: if this is intentional, prefix it with an underscore: `_worker_id`

warning: unused variable: `start_time`
   --> src/concurrency/sync_primitives.rs:568:13
    |
568 |         let start_time = Instant::now();
    |             ^^^^^^^^^^ help: if this is intentional, prefix it with an underscore: `_start_time`

warning: unused variable: `metrics`
   --> src/concurrency/sync_primitives.rs:711:23
    |
711 |         if let Ok(mut metrics) = self.rw_lock.metrics.lock() {}
    |                       ^^^^^^^ help: if this is intentional, prefix it with an underscore: `_metrics`

warning: variable does not need to be mutable
   --> src/concurrency/sync_primitives.rs:711:19
    |
711 |         if let Ok(mut metrics) = self.rw_lock.metrics.lock() {}
    |                   ----^^^^^^^
    |                   |
    |                   help: remove this `mut`
    |
    = note: `#[warn(unused_mut)]` (part of `#[warn(unused)]`) on by default

warning: unused variable: `metrics`
   --> src/concurrency/sync_primitives.rs:718:23
    |
718 |         if let Ok(mut metrics) = self.rw_lock.metrics.lock() {}
    |                       ^^^^^^^ help: if this is intentional, prefix it with an underscore: `_metrics`

warning: variable does not need to be mutable
   --> src/concurrency/sync_primitives.rs:718:19
    |
718 |         if let Ok(mut metrics) = self.rw_lock.metrics.lock() {}
    |                   ----^^^^^^^
    |                   |
    |                   help: remove this `mut`

warning: unused variable: `response_receiver`
   --> src/debug/debugger.rs:390:31
    |
390 |         let (response_sender, response_receiver) = channel();
    |                               ^^^^^^^^^^^^^^^^^ help: if this is intentional, prefix it with an underscore: `_response_receiver`

warning: unused variable: `debugger_process`
   --> src/debug/debugger.rs:393:13
    |
393 |         let debugger_process = self.start_debugger_process(&program_path)?;
    |             ^^^^^^^^^^^^^^^^ help: if this is intentional, prefix it with an underscore: `_debugger_process`

warning: unused variable: `target_info`
   --> src/debug/debugger.rs:401:13
    |
401 |         let target_info = TargetInfo {
    |             ^^^^^^^^^^^ help: if this is intentional, prefix it with an underscore: `_target_info`

warning: unused variable: `diagnostic`
   --> src/debug/lsp.rs:593:21
    |
593 |                 let diagnostic = Diagnostic {
    |                     ^^^^^^^^^^ help: if this is intentional, prefix it with an underscore: `_diagnostic`

warning: unused variable: `name`
   --> src/debug/lsp.rs:636:18
    |
636 |             for (name, symbol) in &semantic_info.symbols {
    |                  ^^^^ help: if this is intentional, prefix it with an underscore: `_name`

warning: unused variable: `uri`
   --> src/debug/lsp.rs:789:35
    |
789 |     pub fn get_diagnostics(&self, uri: &str) -> Vec<Diagnostic> {
    |                                   ^^^ help: if this is intentional, prefix it with an underscore: `_uri`

warning: unused variable: `categories`
   --> src/docs/examples.rs:132:13
    |
132 |         let categories = Self::create_example_categories();
    |             ^^^^^^^^^^ help: if this is intentional, prefix it with an underscore: `_categories`

warning: unused variable: `templates`
   --> src/docs/examples.rs:133:13
    |
133 |         let templates = Self::create_example_templates();
    |             ^^^^^^^^^ help: if this is intentional, prefix it with an underscore: `_templates`

warning: unused variable: `config`
   --> src/docs/examples.rs:131:16
    |
131 |     pub fn new(config: &DocConfig) -> Result<Self, SemanticError> {
    |                ^^^^^^ help: if this is intentional, prefix it with an underscore: `_config`

warning: unused variable: `output_dir`
  --> src/docs/generator.rs:21:16
   |
21 |     pub fn new(output_dir: String) -> Self {
   |                ^^^^^^^^^^ help: if this is intentional, prefix it with an underscore: `_output_dir`

warning: unused variable: `comment_parser`
   --> src/docs/parser.rs:132:13
    |
132 |         let comment_parser = CommentParser::new();
    |             ^^^^^^^^^^^^^^ help: if this is intentional, prefix it with an underscore: `_comment_parser`

warning: unused variable: `signature_parser`
   --> src/docs/parser.rs:133:13
    |
133 |         let signature_parser = SignatureParser::new();
    |             ^^^^^^^^^^^^^^^^ help: if this is intentional, prefix it with an underscore: `_signature_parser`

warning: unused variable: `config`
   --> src/docs/parser.rs:131:16
    |
131 |     pub fn new(config: &DocConfig) -> Result<Self, SemanticError> {
    |                ^^^^^^ help: if this is intentional, prefix it with an underscore: `_config`

warning: unused variable: `themes`
   --> src/docs/renderer.rs:368:13
    |
368 |         let themes = ThemeManager::new()?;
    |             ^^^^^^ help: if this is intentional, prefix it with an underscore: `_themes`

warning: unused variable: `search_paths`
   --> src/docs/renderer.rs:539:13
    |
539 |         let search_paths = vec![base_dir.join("templates"), PathBuf::from("templates")];
    |             ^^^^^^^^^^^^ help: if this is intentional, prefix it with an underscore: `_search_paths`

warning: unused variable: `helpers`
   --> src/docs/renderer.rs:558:13
    |
558 |         let helpers = Self::create_default_helpers();
    |             ^^^^^^^ help: if this is intentional, prefix it with an underscore: `_helpers`

warning: unused variable: `processors`
   --> src/docs/renderer.rs:879:13
    |
879 |         let processors: Vec<&dyn Fn(&str) -> String> = vec![];
    |             ^^^^^^^^^^ help: if this is intentional, prefix it with an underscore: `_processors`

warning: unused variable: `options`
    --> src/docs/renderer.rs:1185:13
     |
1185 |         let options = MarkdownOptions {
     |             ^^^^^^^ help: if this is intentional, prefix it with an underscore: `_options`

warning: unused variable: `toc_generator`
    --> src/docs/renderer.rs:1192:13
     |
1192 |         let toc_generator = TocGenerator {};
     |             ^^^^^^^^^^^^^ help: if this is intentional, prefix it with an underscore: `_toc_generator`

warning: unused variable: `options`
    --> src/docs/renderer.rs:1347:13
     |
1347 |         let options = PdfOptions {
     |             ^^^^^^^ help: if this is intentional, prefix it with an underscore: `_options`

warning: unused variable: `layout`
    --> src/docs/renderer.rs:1354:13
     |
1354 |         let layout = PageLayout {
     |             ^^^^^^ help: if this is intentional, prefix it with an underscore: `_layout`

warning: unused variable: `templates`
  --> src/docs/tutorial.rs:98:13
   |
98 |         let templates = Self::create_tutorial_templates();
   |             ^^^^^^^^^ help: if this is intentional, prefix it with an underscore: `_templates`

warning: unused variable: `config`
  --> src/docs/tutorial.rs:97:16
   |
97 |     pub fn new(config: &DocConfig) -> Result<Self, SemanticError> {
   |                ^^^^^^ help: if this is intentional, prefix it with an underscore: `_config`

warning: unused variable: `function`
   --> src/error/intent_analysis.rs:142:9
    |
142 |         function: &Function,
    |         ^^^^^^^^ help: if this is intentional, prefix it with an underscore: `_function`

warning: unused variable: `error`
   --> src/error/structured.rs:434:26
    |
434 |     fn fix_type_mismatch(error: &CompilerError) -> Vec<FixSuggestion> {
    |                          ^^^^^ help: if this is intentional, prefix it with an underscore: `_error`

warning: unused variable: `error`
   --> src/error/structured.rs:455:29
    |
455 |     fn fix_undefined_symbol(error: &CompilerError) -> Vec<FixSuggestion> {
    |                             ^^^^^ help: if this is intentional, prefix it with an underscore: `_error`

warning: unreachable pattern
   --> src/lexer/mod.rs:716:17
    |
685 |                 Some('\'') => {
    |                 ---------- matches all the relevant values
...
716 |                 Some('\'') => {
    |                 ^^^^^^^^^^ no value can reach this
    |
    = note: `#[warn(unreachable_patterns)]` (part of `#[warn(unused)]`) on by default

warning: unused variable: `function`
   --> src/llvm_backend/codegen.rs:157:13
    |
157 |         let function = self.module.add_function(name, fn_type, None);
    |             ^^^^^^^^ help: if this is intentional, prefix it with an underscore: `_function`

warning: unused variable: `i`
   --> src/llvm_backend/mod.rs:625:18
    |
625 |             for (i, stmt) in mir_block.statements.iter().enumerate() {
    |                  ^ help: if this is intentional, prefix it with an underscore: `_i`

warning: unnecessary `unsafe` block
   --> src/llvm_backend/mod.rs:919:41
    |
919 |                         let field_ptr = unsafe {
    |                                         ^^^^^^ unnecessary `unsafe` block
    |
    = note: `#[warn(unused_unsafe)]` (part of `#[warn(unused)]`) on by default

warning: unreachable pattern
    --> src/llvm_backend/mod.rs:2437:13
     |
 986 |             mir::Rvalue::AddressOf(place) => {
     |             ----------------------------- matches all the relevant values
...
2437 |             &mir::Rvalue::AddressOf(_) => todo!(),
     |             ^^^^^^^^^^^^^^^^^^^^^^^^^^ no value can reach this

warning: unused variable: `int_val`
    --> src/llvm_backend/mod.rs:1541:58
     |
1541 | ...                   BasicValueEnum::IntValue(int_val) => {
     |                                                ^^^^^^^ help: if this is intentional, prefix it with an underscore: `_int_val`

warning: unused variable: `field_names`
    --> src/llvm_backend/mod.rs:1836:61
     |
1836 |                     mir::AggregateKind::Struct(struct_name, field_names) => {
     |                                                             ^^^^^^^^^^^ help: if this is intentional, prefix it with an underscore: `_field_names`

warning: value assigned to `struct_size` is never read
    --> src/llvm_backend/mod.rs:1860:33
     |
1860 |                         let mut struct_size = 0u64;
     |                                 ^^^^^^^^^^^
     |
     = help: maybe it is overwritten before being read?
     = note: `#[warn(unused_assignments)]` (part of `#[warn(unused)]`) on by default

warning: variable does not need to be mutable
    --> src/llvm_backend/mod.rs:2152:29
     |
2152 |                         let mut current_type =
     |                             ----^^^^^^^^^^^^
     |                             |
     |                             help: remove this `mut`

warning: unused variable: `i64_type`
    --> src/llvm_backend/mod.rs:3210:13
     |
3210 |         let i64_type = self.context.i64_type();
     |             ^^^^^^^^ help: if this is intentional, prefix it with an underscore: `_i64_type`

warning: unused variable: `void_type`
    --> src/llvm_backend/mod.rs:3213:13
     |
3213 |         let void_type = self.context.void_type();
     |             ^^^^^^^^^ help: if this is intentional, prefix it with an underscore: `_void_type`

warning: unnecessary `unsafe` block
    --> src/llvm_backend/mod.rs:3662:33
     |
3662 |                 let field_ptr = unsafe {
     |                                 ^^^^^^ unnecessary `unsafe` block

warning: unused variable: `parent`
   --> src/memory/mod.rs:110:37
    |
110 |     pub fn create_region(&mut self, parent: Option<RegionId>) -> RegionId {
    |                                     ^^^^^^ help: if this is intentional, prefix it with an underscore: `_parent`

warning: unused variable: `operand`
   --> src/memory/mod.rs:307:48
    |
307 |                 if let Expression::AddressOf { operand, .. } = &**expr {
    |                                                ^^^^^^^-
    |                                                |
    |                                                help: try removing the field

warning: unused variable: `region_id`
   --> src/memory/mod.rs:441:38
    |
441 |     fn get_region_allocations(&self, region_id: &RegionId) -> Vec<AllocationInfo> {
    |                                      ^^^^^^^^^ help: if this is intentional, prefix it with an underscore: `_region_id`

warning: unused variable: `source_location`
   --> src/mir/lowering.rs:608:17
    |
608 |                 source_location,
    |                 ^^^^^^^^^^^^^^^ help: try ignoring the field: `source_location: _`

warning: unused variable: `source_location`
   --> src/mir/lowering.rs:621:17
    |
621 |                 source_location,
    |                 ^^^^^^^^^^^^^^^ help: try ignoring the field: `source_location: _`

warning: unused variable: `source_location`
   --> src/mir/lowering.rs:675:17
    |
675 |                 source_location,
    |                 ^^^^^^^^^^^^^^^ help: try ignoring the field: `source_location: _`

warning: unused variable: `source_location`
   --> src/mir/lowering.rs:685:17
    |
685 |                 source_location,
    |                 ^^^^^^^^^^^^^^^ help: try ignoring the field: `source_location: _`

warning: unused variable: `module`
    --> src/mir/lowering.rs:2544:33
     |
2544 |             Type::Named { name, module } => {
     |                                 ^^^^^^ help: try ignoring the field: `module: _`

warning: unused variable: `map`
    --> src/mir/lowering.rs:2668:47
     |
2668 |             ast::AssignmentTarget::MapValue { map, key } => {
     |                                               ^^^ help: try ignoring the field: `map: _`

warning: unused variable: `key`
    --> src/mir/lowering.rs:2668:52
     |
2668 |             ast::AssignmentTarget::MapValue { map, key } => {
     |                                                    ^^^ help: try ignoring the field: `key: _`

warning: unreachable pattern
    --> src/mir/lowering.rs:3998:13
     |
3934 |               ast::Pattern::Wildcard { binding, .. } => {
     |               -------------------------------------- matches all the relevant values
...
3998 | /             ast::Pattern::Wildcard {
3999 | |                 binding: Some(binding_name),
4000 | |                 source_location,
4001 | |             } => {
     | |_____________^ no value can reach this

warning: unreachable pattern
    --> src/mir/lowering.rs:4061:13
     |
3934 |             ast::Pattern::Wildcard { binding, .. } => {
     |             -------------------------------------- matches all the relevant values
...
4061 |             ast::Pattern::Wildcard { binding: None, .. } => {
     |             ^^^^^^^^^^^^^^^^^^^^^^^^^^^^^^^^^^^^^^^^^^^^ no value can reach this

warning: unused variable: `st`
    --> src/mir/lowering.rs:3792:49
     |
3792 |                     let data_type = if let Some(st) = &self.symbol_table {
     |                                                 ^^ help: if this is intentional, prefix it with an underscore: `_st`

warning: unused variable: `inner_variant`
    --> src/mir/lowering.rs:3819:43
     |
3819 | ...                   variant_name: inner_variant,
     |                                     ^^^^^^^^^^^^^ help: if this is intentional, prefix it with an underscore: `_inner_variant`

warning: unused variable: `target_type`
    --> src/mir/lowering.rs:4665:13
     |
4665 |         let target_type = match pointer_type {
     |             ^^^^^^^^^^^ help: if this is intentional, prefix it with an underscore: `_target_type`

warning: unused variable: `cycle`
   --> src/module_loader.rs:280:17
    |
280 |             let cycle: Vec<String> = stack[cycle_start..].to_vec();
    |                 ^^^^^ help: if this is intentional, prefix it with an underscore: `_cycle`

warning: unused variable: `depth`
  --> src/optimizations/inlining.rs:52:44
   |
52 |     pub fn set_max_inline_depth(&mut self, depth: usize) {}
   |                                            ^^^^^ help: if this is intentional, prefix it with an underscore: `_depth`

warning: unused variable: `function_name`
   --> src/optimizations/interprocedural.rs:667:14
    |
667 |         for (function_name, summary) in summaries {
    |              ^^^^^^^^^^^^^ help: if this is intentional, prefix it with an underscore: `_function_name`

warning: unused variable: `function_name`
   --> src/optimizations/interprocedural.rs:782:14
    |
782 |         for (function_name, function) in &program.functions {
    |              ^^^^^^^^^^^^^ help: if this is intentional, prefix it with an underscore: `_function_name`

warning: unused variable: `function`
   --> src/optimizations/interprocedural.rs:782:29
    |
782 |         for (function_name, function) in &program.functions {
    |                             ^^^^^^^^ help: if this is intentional, prefix it with an underscore: `_function`

warning: unused variable: `function_name`
   --> src/optimizations/interprocedural.rs:799:14
    |
799 |         for (function_name, function) in &program.functions {
    |              ^^^^^^^^^^^^^ help: if this is intentional, prefix it with an underscore: `_function_name`

warning: unused variable: `function_name`
   --> src/optimizations/interprocedural.rs:821:14
    |
821 |         for (function_name, function) in &program.functions {
    |              ^^^^^^^^^^^^^ help: if this is intentional, prefix it with an underscore: `_function_name`

warning: unused variable: `constant`
   --> src/optimizations/interprocedural.rs:856:21
    |
856 |         for (place, constant) in assignments {
    |                     ^^^^^^^^ help: if this is intentional, prefix it with an underscore: `_constant`

warning: unused variable: `var_name`
   --> src/optimizations/interprocedural.rs:857:17
    |
857 |             let var_name = format!("{}::{}", function.name, place.local);
    |                 ^^^^^^^^ help: if this is intentional, prefix it with an underscore: `_var_name`

warning: unused variable: `end_loc`
    --> src/parser/v2.rs:2883:17
     |
2883 |             let end_loc = self.current_location();
     |                 ^^^^^^^ help: if this is intentional, prefix it with an underscore: `_end_loc`

warning: unused variable: `field_location`
    --> src/parser/mod.rs:1420:17
     |
1420 |             let field_location = field_keyword.location.clone();
     |                 ^^^^^^^^^^^^^^ help: if this is intentional, prefix it with an underscore: `_field_location`

warning: variable does not need to be mutable
    --> src/parser/mod.rs:1875:13
     |
1875 |         let mut constraints = Vec::new();
     |             ----^^^^^^^^^^^
     |             |
     |             help: remove this `mut`

warning: variable `generic_parameters` is assigned to, but never used
    --> src/parser/mod.rs:1927:17
     |
1927 |         let mut generic_parameters = Vec::new();
     |                 ^^^^^^^^^^^^^^^^^^
     |
     = note: consider using `_generic_parameters` instead

warning: variable `lifetime_parameters` is assigned to, but never used
    --> src/parser/mod.rs:1928:17
     |
1928 |         let mut lifetime_parameters = Vec::new();
     |                 ^^^^^^^^^^^^^^^^^^^
     |
     = note: consider using `_lifetime_parameters` instead

warning: value assigned to `generic_parameters` is never read
    --> src/parser/mod.rs:1977:29
     |
1977 | ...                   generic_parameters = self.parse_generic_parameters()?;
     |                       ^^^^^^^^^^^^^^^^^^
     |
     = help: maybe it is overwritten before being read?

warning: value assigned to `lifetime_parameters` is never read
    --> src/parser/mod.rs:1981:29
     |
1981 | ...                   lifetime_parameters = self.parse_lifetime_parameters()?;
     |                       ^^^^^^^^^^^^^^^^^^^
     |
     = help: maybe it is overwritten before being read?

warning: variable does not need to be mutable
    --> src/parser/mod.rs:1926:13
     |
1926 |         let mut intent = None;
     |             ----^^^^^^
     |             |
     |             help: remove this `mut`

warning: unused variable: `nested_pattern`
    --> src/parser/mod.rs:4182:22
     |
4182 |                 let (nested_pattern, binding) = if let Some(token) = self.current_token() {
     |                      ^^^^^^^^^^^^^^ help: if this is intentional, prefix it with an underscore: `_nested_pattern`

warning: variable does not need to be mutable
    --> src/parser/mod.rs:4599:13
     |
4599 |         let mut invariants = Vec::new();
     |             ----^^^^^^^^^^
     |             |
     |             help: remove this `mut`

warning: variable does not need to be mutable
   --> src/patterns/catalog.rs:132:21
    |
132 |                 let mut contract = create_pattern_contract("safe_array_access");
    |                     ----^^^^^^^^
    |                     |
    |                     help: remove this `mut`

warning: variable does not need to be mutable
   --> src/patterns/catalog.rs:392:21
    |
392 |                 let mut contract = create_pattern_contract("binary_search");
    |                     ----^^^^^^^^
    |                     |
    |                     help: remove this `mut`

warning: variable does not need to be mutable
   --> src/patterns/catalog.rs:536:21
    |
536 |                 let mut contract = create_pattern_contract("map_filter_reduce");
    |                     ----^^^^^^^^
    |                     |
    |                     help: remove this `mut`

warning: variable does not need to be mutable
   --> src/patterns/catalog.rs:804:21
    |
804 |                 let mut contract = create_pattern_contract("raii_wrapper");
    |                     ----^^^^^^^^
    |                     |
    |                     help: remove this `mut`

warning: variable does not need to be mutable
   --> src/patterns/catalog.rs:931:21
    |
931 |                 let mut contract = create_pattern_contract("result_type");
    |                     ----^^^^^^^^
    |                     |
    |                     help: remove this `mut`

warning: variable does not need to be mutable
    --> src/patterns/catalog.rs:1049:21
     |
1049 |                 let mut contract = create_pattern_contract("input_validation");
     |                     ----^^^^^^^^
     |                     |
     |                     help: remove this `mut`

warning: unused variable: `data_flow`
   --> src/patterns/composition.rs:519:9
    |
519 |         data_flow: &DataFlowSpec,
    |         ^^^^^^^^^ help: if this is intentional, prefix it with an underscore: `_data_flow`

warning: unused variable: `config`
   --> src/release/distribution.rs:947:16
    |
947 |     pub fn new(config: DistributionConfig) -> Result<Self, SemanticError> {
    |                ^^^^^^ help: if this is intentional, prefix it with an underscore: `_config`

warning: unused variable: `cache_config`
    --> src/release/distribution.rs:1135:13
     |
1135 |         let cache_config = CacheConfig {
     |             ^^^^^^^^^^^^ help: if this is intentional, prefix it with an underscore: `_cache_config`

warning: unused variable: `c_string`
   --> src/runtime/mod.rs:170:9
    |
170 |     let c_string = result.as_ptr() as *mut c_char;
    |         ^^^^^^^^ help: if this is intentional, prefix it with an underscore: `_c_string`

warning: unused variable: `constraint`
   --> src/semantic/metadata.rs:462:25
    |
462 |             if let Some(constraint) = &sem_type.constraint {
    |                         ^^^^^^^^^^ help: if this is intentional, prefix it with an underscore: `_constraint`

warning: unused variable: `e`
  --> src/semantic/ownership.rs:41:32
   |
41 |                     if let Err(e) = self.symbol_table.mark_variable_moved(&name.name) {
   |                                ^ help: if this is intentional, prefix it with an underscore: `_e`

warning: unused variable: `e`
  --> src/semantic/ownership.rs:66:36
   |
66 |                         if let Err(e) = self.symbol_table.mark_variable_moved(&name.name) {
   |                                    ^ help: if this is intentional, prefix it with an underscore: `_e`

warning: unused variable: `enum_name`
    --> src/semantic/mod.rs:1549:17
     |
1549 |                 enum_name,
     |                 ^^^^^^^^^ help: try ignoring the field: `enum_name: _`

warning: unused variable: `source_location`
    --> src/semantic/mod.rs:1726:17
     |
1726 |                 source_location,
     |                 ^^^^^^^^^^^^^^^ help: try ignoring the field: `source_location: _`

warning: unused variable: `source_location`
    --> src/semantic/mod.rs:1921:17
     |
1921 |                 source_location,
     |                 ^^^^^^^^^^^^^^^ help: try ignoring the field: `source_location: _`

warning: unused variable: `size_type`
  --> src/stdlib/network.rs:41:9
   |
41 |     let size_type = TypeSpecifier::Primitive {
   |         ^^^^^^^^^ help: if this is intentional, prefix it with an underscore: `_size_type`

warning: unused variable: `contract`
   --> src/verification/contracts.rs:811:13
    |
811 |     let mut contract = FunctionContract::new(function.name.name.clone());
    |             ^^^^^^^^ help: if this is intentional, prefix it with an underscore: `_contract`

warning: variable does not need to be mutable
   --> src/verification/contracts.rs:811:9
    |
811 |     let mut contract = FunctionContract::new(function.name.name.clone());
    |         ----^^^^^^^^
    |         |
    |         help: remove this `mut`

warning: unused variable: `place`
   --> src/verification/vcgen.rs:382:25
    |
382 |             Rvalue::Len(place) => {
    |                         ^^^^^ help: if this is intentional, prefix it with an underscore: `_place`

warning: field `associated_mutex` is never read
  --> src/concurrency/sync_primitives.rs:89:5
   |
84 | pub struct AetherCondVar {
   |            ------------- field in this struct
...
89 |     associated_mutex: Option<String>,
   |     ^^^^^^^^^^^^^^^^
   |
   = note: `AetherCondVar` has a derived impl for the trait `Debug`, but this is intentionally ignored during dead code analysis
   = note: `#[warn(dead_code)]` (part of `#[warn(unused)]`) on by default

warning: struct `BarrierState` is never constructed
   --> src/concurrency/sync_primitives.rs:137:8
    |
137 | struct BarrierState {
    |        ^^^^^^^^^^^^

warning: field `barrier_cycles` is never read
   --> src/concurrency/sync_primitives.rs:200:5
    |
198 | struct BarrierMetrics {
    |        -------------- field in this struct
199 |     wait_count: u64,
200 |     barrier_cycles: u64,
    |     ^^^^^^^^^^^^^^
    |
    = note: `BarrierMetrics` has a derived impl for the trait `Debug`, but this is intentionally ignored during dead code analysis

warning: field `acquired_at` is never read
   --> src/concurrency/sync_primitives.rs:236:5
    |
234 | pub struct ReadGuard<'a> {
    |            --------- field in this struct
235 |     rw_lock: &'a AetherRwLock,
236 |     acquired_at: Instant,
    |     ^^^^^^^^^^^

warning: field `acquired_at` is never read
   --> src/concurrency/sync_primitives.rs:242:5
    |
240 | pub struct WriteGuard<'a> {
    |            ---------- field in this struct
241 |     rw_lock: &'a AetherRwLock,
242 |     acquired_at: Instant,
    |     ^^^^^^^^^^^

warning: fields `target_pid` and `breakpoints` are never read
  --> src/debug/debugger.rs:51:5
   |
49 | pub struct DebugSession {
   |            ------------ fields in this struct
50 |     /// Target process ID
51 |     target_pid: Option<u32>,
   |     ^^^^^^^^^^
...
57 |     breakpoints: Arc<Mutex<HashMap<String, Vec<Breakpoint>>>>,
   |     ^^^^^^^^^^^
   |
   = note: `DebugSession` has a derived impl for the trait `Debug`, but this is intentionally ignored during dead code analysis

warning: fields `diagnostics_provider` and `shutdown` are never read
  --> src/debug/lsp.rs:45:5
   |
34 | pub struct LanguageServer {
   |            -------------- fields in this struct
...
45 |     diagnostics_provider: DiagnosticsProvider,
   |     ^^^^^^^^^^^^^^^^^^^^
...
51 |     shutdown: Arc<AtomicBool>,
   |     ^^^^^^^^
   |
   = note: `LanguageServer` has a derived impl for the trait `Debug`, but this is intentionally ignored during dead code analysis

warning: field `diagnostics` is never read
   --> src/debug/lsp.rs:333:5
    |
331 | pub struct DiagnosticEngine {
    |            ---------------- field in this struct
332 |     /// Active diagnostics by document
333 |     diagnostics: HashMap<String, Vec<Diagnostic>>,
    |     ^^^^^^^^^^^
    |
    = note: `DiagnosticEngine` has a derived impl for the trait `Debug`, but this is intentionally ignored during dead code analysis

warning: field `snippets` is never read
   --> src/debug/lsp.rs:343:5
    |
338 | pub struct CompletionProvider {
    |            ------------------ field in this struct
...
343 |     snippets: HashMap<String, String>,
    |     ^^^^^^^^
    |
    = note: `CompletionProvider` has a derived impl for the trait `Debug`, but this is intentionally ignored during dead code analysis

warning: fields `source_parser` and `markdown_parser` are never read
  --> src/docs/parser.rs:39:5
   |
37 | pub struct DocParser {
   |            --------- fields in this struct
38 |     /// Source code parser
39 |     source_parser: SourceParser,
   |     ^^^^^^^^^^^^^
...
42 |     markdown_parser: MarkdownParser,
   |     ^^^^^^^^^^^^^^^
   |
   = note: `DocParser` has a derived impl for the trait `Debug`, but this is intentionally ignored during dead code analysis

warning: field `patterns` is never read
  --> src/docs/parser.rs:74:5
   |
72 | pub struct CommentParser {
   |            ------------- field in this struct
73 |     /// Comment prefix patterns
74 |     patterns: CommentPatterns,
   |     ^^^^^^^^
   |
   = note: `CommentParser` has a derived impl for the trait `Debug`, but this is intentionally ignored during dead code analysis

warning: field `location` is never read
   --> src/docs/parser.rs:725:5
    |
714 | struct ParsedItem {
    |        ---------- field in this struct
...
725 |     location: SourceLocation,
    |     ^^^^^^^^
    |
    = note: `ParsedItem` has derived impls for the traits `Clone` and `Debug`, but these are intentionally ignored during dead code analysis

warning: variants `Module`, `Enum`, `Trait`, `TypeAlias`, `Import`, and `Macro` are never constructed
   --> src/docs/parser.rs:731:5
    |
730 | enum ItemType {
    |      -------- variants in this enum
731 |     Module,
    |     ^^^^^^
...
734 |     Enum,
    |     ^^^^
735 |     Trait,
    |     ^^^^^
736 |     TypeAlias,
    |     ^^^^^^^^^
737 |     Constant,
738 |     Import,
    |     ^^^^^^
739 |     Macro,
    |     ^^^^^
    |
    = note: `ItemType` has derived impls for the traits `Clone` and `Debug`, but these are intentionally ignored during dead code analysis

warning: methods `parse_documentation`, `clean_comment_line`, `extract_tag`, `tag_to_section`, and `finalize_section` are never used
   --> src/docs/parser.rs:774:8
    |
761 | impl CommentParser {
    | ------------------ methods in this implementation
...
774 |     fn parse_documentation(&self, raw_docs: &str) -> Result<ParsedDoc, SemanticError> {
    |        ^^^^^^^^^^^^^^^^^^^
...
837 |     fn clean_comment_line(&self, line: &str) -> String {
    |        ^^^^^^^^^^^^^^^^^^
...
850 |     fn extract_tag(&self, line: &str) -> Option<String> {
    |        ^^^^^^^^^^^
...
862 |     fn tag_to_section(&self, tag: &str) -> DocSection {
    |        ^^^^^^^^^^^^^^
...
872 |     fn finalize_section(
    |        ^^^^^^^^^^^^^^^^

warning: variant `Tag` is never constructed
   --> src/docs/parser.rs:933:5
    |
927 | enum DocSection {
    |      ---------- variant in this enum
...
933 |     Tag(String),
    |     ^^^
    |
    = note: `DocSection` has derived impls for the traits `Clone` and `Debug`, but these are intentionally ignored during dead code analysis

warning: methods `parse_function_signature`, `parse_type_definition`, `extract_function_name`, and `extract_type_name` are never used
   --> src/docs/parser.rs:941:8
    |
936 | impl SignatureParser {
    | -------------------- methods in this implementation
...
941 |     fn parse_function_signature(&self, source: &str) -> Result<FunctionSignature, SemanticError> {
    |        ^^^^^^^^^^^^^^^^^^^^^^^^
...
957 |     fn parse_type_definition(&self, source: &str) -> Result<TypeInfo, SemanticError> {
    |        ^^^^^^^^^^^^^^^^^^^^^
...
970 |     fn extract_function_name(&self, source: &str) -> String {
    |        ^^^^^^^^^^^^^^^^^^^^^
...
981 |     fn extract_type_name(&self, source: &str) -> String {
    |        ^^^^^^^^^^^^^^^^^

warning: fields `template_engine` and `output_format` are never read
  --> src/docs/renderer.rs:32:5
   |
30 | pub struct DocRenderer {
   |            ----------- fields in this struct
31 |     /// Template engine for rendering
32 |     template_engine: TemplateEngine,
   |     ^^^^^^^^^^^^^^^
...
38 |     output_format: OutputFormat,
   |     ^^^^^^^^^^^^^
   |
   = note: `DocRenderer` has a derived impl for the trait `Debug`, but this is intentionally ignored during dead code analysis

warning: field `templates` is never read
  --> src/docs/renderer.rs:45:5
   |
43 | pub struct TemplateEngine {
   |            -------------- field in this struct
44 |     /// Loaded templates
45 |     templates: HashMap<String, String>,
   |     ^^^^^^^^^
   |
   = note: `TemplateEngine` has a derived impl for the trait `Debug`, but this is intentionally ignored during dead code analysis

warning: field `doc` is never read
   --> src/docs/renderer.rs:227:5
    |
225 | pub struct HtmlRenderer<'a> {
    |            ------------ field in this struct
226 |     /// Documentation to render
227 |     doc: &'a Documentation,
    |     ^^^
    |
    = note: `HtmlRenderer` has a derived impl for the trait `Debug`, but this is intentionally ignored during dead code analysis

warning: method `render_template` is never used
   --> src/docs/renderer.rs:849:8
    |
536 | impl TemplateEngine {
    | ------------------- method in this implementation
...
849 |     fn render_template(
    |        ^^^^^^^^^^^^^^^

warning: field `intent_keywords` is never read
   --> src/error/intent_analysis.rs:234:5
    |
233 | struct IntentPattern {
    |        ------------- field in this struct
234 |     intent_keywords: Vec<String>,
    |     ^^^^^^^^^^^^^^^

warning: field `patterns` is never read
   --> src/error/structured.rs:397:5
    |
396 | pub struct ErrorPatterns {
    |            ------------- field in this struct
397 |     patterns: HashMap<String, ErrorPattern>,
    |     ^^^^^^^^

warning: fields `code_prefix`, `matcher`, and `fixer` are never read
   --> src/error/structured.rs:402:5
    |
401 | struct ErrorPattern {
    |        ------------ fields in this struct
402 |     code_prefix: String,
    |     ^^^^^^^^^^^
403 |     matcher: fn(&CompilerError) -> bool,
    |     ^^^^^^^
404 |     fixer: fn(&CompilerError) -> Vec<FixSuggestion>,
    |     ^^^^^
    |
    = note: `ErrorPattern` has a derived impl for the trait `Clone`, but this is intentionally ignored during dead code analysis

warning: field `include_snippets` is never read
   --> src/error/structured.rs:510:5
    |
509 | pub struct LLMErrorFormatter {
    |            ----------------- field in this struct
510 |     include_snippets: bool,
    |     ^^^^^^^^^^^^^^^^

warning: method `read_quoted_identifier` is never used
   --> src/lexer/mod.rs:506:8
    |
 90 | impl Lexer {
    | ---------- method in this implementation
...
506 |     fn read_quoted_identifier(&mut self) -> Result<Token, LexerError> {
    |        ^^^^^^^^^^^^^^^^^^^^^^

warning: method `get_type_id` is never used
  --> src/llvm_backend/mod.rs:96:8
   |
65 | impl CleanupInfo {
   | ---------------- method in this implementation
...
96 |     fn get_type_id(&self, local_id: &mir::LocalId) -> TypeId {
   |        ^^^^^^^^^^^

warning: field `module` is never read
  --> src/lsp/server.rs:36:5
   |
34 | struct DocumentState {
   |        ------------- field in this struct
35 |     text: String,
36 |     module: Option<Module>,
   |     ^^^^^^
   |
   = note: `DocumentState` has a derived impl for the trait `Debug`, but this is intentionally ignored during dead code analysis

warning: fields `start`, `size`, `permissions`, and `status` are never read
  --> src/memory/mod.rs:61:5
   |
59 | struct MemoryRegion {
   |        ------------ fields in this struct
60 |     /// Start address
61 |     start: usize,
   |     ^^^^^
...
64 |     size: usize,
   |     ^^^^
...
67 |     permissions: MemoryPermissions,
   |     ^^^^^^^^^^^
...
70 |     status: AllocationStatus,
   |     ^^^^^^
   |
   = note: `MemoryRegion` has a derived impl for the trait `Debug`, but this is intentionally ignored during dead code analysis

warning: method `analyze_expression_memory` is never used
   --> src/memory/mod.rs:151:8
    |
 95 | impl MemoryAnalyzer {
    | ------------------- method in this implementation
...
151 |     fn analyze_expression_memory(
    |        ^^^^^^^^^^^^^^^^^^^^^^^^^

warning: field `parent` is never read
   --> src/mir/mod.rs:446:5
    |
445 | struct Scope {
    |        ----- field in this struct
446 |     parent: Option<ScopeId>,
    |     ^^^^^^

warning: method `get_enum_variant_associated_type` is never used
    --> src/mir/lowering.rs:4089:8
     |
  74 | impl LoweringContext {
     | -------------------- method in this implementation
...
4089 |     fn get_enum_variant_associated_type(
     |        ^^^^^^^^^^^^^^^^^^^^^^^^^^^^^^^^

warning: field `inlined_functions` is never read
  --> src/optimizations/inlining.rs:35:5
   |
30 | pub struct InliningPass {
   |            ------------ field in this struct
...
35 |     inlined_functions: HashSet<String>,
   |     ^^^^^^^^^^^^^^^^^
   |
   = note: `InliningPass` has a derived impl for the trait `Debug`, but this is intentionally ignored during dead code analysis

warning: fields `summaries` and `global_constants` are never read
  --> src/optimizations/interprocedural.rs:34:5
   |
29 | pub struct InterproceduralAnalysisPass {
   |            --------------------------- fields in this struct
...
34 |     summaries: HashMap<String, FunctionSummary>,
   |     ^^^^^^^^^
...
37 |     global_constants: GlobalConstantAnalysis,
   |     ^^^^^^^^^^^^^^^^
   |
   = note: `InterproceduralAnalysisPass` has a derived impl for the trait `Debug`, but this is intentionally ignored during dead code analysis

warning: fields `pure_functions`, `readonly_functions`, `modifying_functions`, `throwing_functions`, and `nonterminating_functions` are never read
  --> src/optimizations/interprocedural.rs:63:5
   |
61 | pub struct SideEffectAnalysis {
   |            ------------------ fields in this struct
62 |     /// Functions that are pure (no side effects)
63 |     pure_functions: HashSet<String>,
   |     ^^^^^^^^^^^^^^
...
66 |     readonly_functions: HashSet<String>,
   |     ^^^^^^^^^^^^^^^^^^
...
69 |     modifying_functions: HashSet<String>,
   |     ^^^^^^^^^^^^^^^^^^^
...
72 |     throwing_functions: HashSet<String>,
   |     ^^^^^^^^^^^^^^^^^^
...
75 |     nonterminating_functions: HashSet<String>,
   |     ^^^^^^^^^^^^^^^^^^^^^^^^
   |
   = note: `SideEffectAnalysis` has a derived impl for the trait `Debug`, but this is intentionally ignored during dead code analysis

warning: field `induction_variable` is never read
   --> src/optimizations/vectorization.rs:662:5
    |
659 | struct LoopInfo {
    |        -------- field in this struct
...
662 |     induction_variable: Option<Place>,
    |     ^^^^^^^^^^^^^^^^^^
    |
    = note: `LoopInfo` has derived impls for the traits `Clone` and `Debug`, but these are intentionally ignored during dead code analysis

warning: field `artifacts` is never read
  --> src/package/builder.rs:35:5
   |
30 | pub struct PackageBuilder {
   |            -------------- field in this struct
...
35 |     artifacts: Vec<BuildArtifact>,
   |     ^^^^^^^^^
   |
   = note: `PackageBuilder` has a derived impl for the trait `Debug`, but this is intentionally ignored during dead code analysis

warning: fields `artifacts`, `source_timestamps`, `dependency_timestamps`, `config_hash`, and `stats` are never read
  --> src/package/builder.rs:51:5
   |
49 | pub struct BuildCache {
   |            ---------- fields in this struct
50 |     /// Cached build artifacts
51 |     artifacts: HashMap<String, CachedArtifact>,
   |     ^^^^^^^^^
...
54 |     source_timestamps: HashMap<PathBuf, std::time::SystemTime>,
   |     ^^^^^^^^^^^^^^^^^
...
57 |     dependency_timestamps: HashMap<String, std::time::SystemTime>,
   |     ^^^^^^^^^^^^^^^^^^^^^
...
60 |     config_hash: Option<String>,
   |     ^^^^^^^^^^^
...
63 |     stats: BuildCacheStats,
   |     ^^^^^
   |
   = note: `BuildCache` has a derived impl for the trait `Debug`, but this is intentionally ignored during dead code analysis

warning: field `sandbox_config` is never read
   --> src/package/builder.rs:284:5
    |
282 | pub struct BuildScriptRunner {
    |            ----------------- field in this struct
283 |     /// Sandbox configuration
284 |     sandbox_config: SandboxConfig,
    |     ^^^^^^^^^^^^^^
    |
    = note: `BuildScriptRunner` has a derived impl for the trait `Debug`, but this is intentionally ignored during dead code analysis

warning: method `clear` is never used
   --> src/package/builder.rs:882:8
    |
881 | impl BuildCache {
    | --------------- method in this implementation
882 |     fn clear(&mut self) {
    |        ^^^^^

warning: methods `execute_shell_script`, `execute_python_script`, `execute_node_script`, `execute_custom_script`, and `execute_external_script` are never used
   --> src/package/builder.rs:949:8
    |
891 | impl BuildScriptRunner {
    | ---------------------- methods in this implementation
...
949 |     fn execute_shell_script(
    |        ^^^^^^^^^^^^^^^^^^^^
...
960 |     fn execute_python_script(
    |        ^^^^^^^^^^^^^^^^^^^^^
...
971 |     fn execute_node_script(
    |        ^^^^^^^^^^^^^^^^^^^
...
982 |     fn execute_custom_script(
    |        ^^^^^^^^^^^^^^^^^^^^^
...
994 |     fn execute_external_script(
    |        ^^^^^^^^^^^^^^^^^^^^^^^

warning: field `client` is never read
   --> src/package/registry.rs:109:5
    |
107 | pub struct HttpClient {
    |            ---------- field in this struct
108 |     /// HTTP client
109 |     client: reqwest::Client,
    |     ^^^^^^
    |
    = note: `HttpClient` has a derived impl for the trait `Debug`, but this is intentionally ignored during dead code analysis

warning: method `peek_keyword` is never used
   --> src/parser/mod.rs:555:8
    |
255 | impl Parser {
    | ----------- method in this implementation
...
555 |     fn peek_keyword(&self, expected: KeywordType) -> bool {
    |        ^^^^^^^^^^^^

warning: multiple methods are never used
   --> src/parser/v2.rs:210:8
    |
 80 | impl Parser {
    | ----------- methods in this implementation
...
210 |     fn synchronize(&mut self) {
    |        ^^^^^^^^^^^
...
245 |     fn synchronize_to_block_end(&mut self) {
    |        ^^^^^^^^^^^^^^^^^^^^^^^^
...
384 |     fn syntax_error(&self, message: &str, suggestion: Option<&str>) -> ParserError {
    |        ^^^^^^^^^^^^
...
393 |     fn missing_semicolon_error(&self) -> ParserError {
    |        ^^^^^^^^^^^^^^^^^^^^^^^
...
401 |     fn missing_type_error(&self, context: &str) -> ParserError {
    |        ^^^^^^^^^^^^^^^^^^
...
409 |     fn unexpected_token_error(&self, context: &str) -> ParserError {
    |        ^^^^^^^^^^^^^^^^^^^^^^
...
443 |     fn expected_expression_hint(&self) -> &'static str {
    |        ^^^^^^^^^^^^^^^^^^^^^^^^

warning: fields `cache` and `resolver` are never read
  --> src/patterns/composition.rs:31:5
   |
26 | pub struct CompositionEngine {
   |            ----------------- fields in this struct
...
31 |     cache: HashMap<String, ComposedPattern>,
   |     ^^^^^
...
34 |     resolver: ConflictResolver,
   |     ^^^^^^^^

warning: field `strategies` is never read
   --> src/patterns/composition.rs:149:5
    |
147 | pub struct ConflictResolver {
    |            ---------------- field in this struct
148 |     /// Resolution strategies
149 |     strategies: HashMap<ConflictType, ResolutionStrategy>,
    |     ^^^^^^^^^^

warning: variant `Sequential` is never constructed
    --> src/patterns/composition.rs:1075:5
     |
1073 | enum PatternRelationship {
     |      ------------------- variant in this enum
1074 |     Independent,
1075 |     Sequential,
     |     ^^^^^^^^^^
     |
     = note: `PatternRelationship` has derived impls for the traits `Clone` and `Debug`, but these are intentionally ignored during dead code analysis

warning: field `stdlib` is never read
   --> src/pipeline/mod.rs:183:5
    |
181 | pub struct CompilationPipeline {
    |            ------------------- field in this struct
182 |     options: CompileOptions,
183 |     stdlib: StandardLibrary,
    |     ^^^^^^

warning: fields `project_info`, `history`, `automation`, `artifacts`, `distribution`, and `packaging` are never read
  --> src/release/mod.rs:38:5
   |
36 | pub struct ReleaseManager {
   |            -------------- fields in this struct
37 |     /// Project information
38 |     project_info: ProjectInfo,
   |     ^^^^^^^^^^^^
...
41 |     history: ReleaseHistory,
   |     ^^^^^^^
...
44 |     automation: automation::AutomationPipeline,
   |     ^^^^^^^^^^
...
47 |     artifacts: artifacts::ArtifactManager,
   |     ^^^^^^^^^
...
50 |     distribution: distribution::DistributionManager,
   |     ^^^^^^^^^^^^
...
53 |     packaging: packaging::PackageBuilder,
   |     ^^^^^^^^^
   |
   = note: `ReleaseManager` has a derived impl for the trait `Debug`, but this is intentionally ignored during dead code analysis

warning: method `get_content_type` is never used
    --> src/release/distribution.rs:1077:8
     |
 945 | impl DistributionManager {
     | ------------------------ method in this implementation
...
1077 |     fn get_content_type(&self, format: &PackageFormat) -> String {
     |        ^^^^^^^^^^^^^^^^

warning: fields `formats` and `compression` are never read
  --> src/release/packaging.rs:38:5
   |
27 | pub struct PackageBuilder {
   |            -------------- fields in this struct
...
38 |     formats: Vec<PackageFormat>,
   |     ^^^^^^^
...
41 |     compression: CompressionSettings,
   |     ^^^^^^^^^^^
   |
   = note: `PackageBuilder` has a derived impl for the trait `Debug`, but this is intentionally ignored during dead code analysis

warning: field `settings` is never read
   --> src/release/updates.rs:644:5
    |
633 | pub struct UpdateCache<T> {
    |            ----------- field in this struct
...
644 |     settings: CacheSettings,
    |     ^^^^^^^^
    |
    = note: `UpdateCache` has a derived impl for the trait `Debug`, but this is intentionally ignored during dead code analysis

warning: fields `trusted_certs`, `signature_verification`, and `cert_validation` are never read
   --> src/release/updates.rs:878:5
    |
873 | pub struct UpdateSecurity {
    |            -------------- fields in this struct
...
878 |     trusted_certs: Vec<Certificate>,
    |     ^^^^^^^^^^^^^
...
881 |     signature_verification: SignatureVerificationConfig,
    |     ^^^^^^^^^^^^^^^^^^^^^^
...
884 |     cert_validation: CertificateValidation,
    |     ^^^^^^^^^^^^^^^
    |
    = note: `UpdateSecurity` has a derived impl for the trait `Debug`, but this is intentionally ignored during dead code analysis

warning: field `pools` is never read
  --> src/resource/analysis.rs:37:5
   |
26 | pub struct ResourceAnalyzer {
   |            ---------------- field in this struct
...
37 |     pools: HashMap<String, ResourcePool>,
   |     ^^^^^

warning: fields `depth` and `location` are never read
  --> src/resource/analysis.rs:48:5
   |
45 | struct ScopeInfo {
   |        --------- fields in this struct
...
48 |     depth: usize,
   |     ^^^^^
49 |     location: SourceLocation,
   |     ^^^^^^^^
   |
   = note: `ScopeInfo` has derived impls for the traits `Clone` and `Debug`, but these are intentionally ignored during dead code analysis

warning: function `create_external_function` is never used
  --> src/stdlib/mod.rs:95:15
   |
95 | pub(crate) fn create_external_function(
   |               ^^^^^^^^^^^^^^^^^^^^^^^^

warning: fields `assertions` and `variables` are never read
  --> src/verification/solver.rs:26:5
   |
24 | pub struct SmtSolver {
   |            --------- fields in this struct
25 |     /// SMT-LIB assertions
26 |     assertions: Vec<String>,
   |     ^^^^^^^^^^
...
29 |     variables: HashMap<String, String>,
   |     ^^^^^^^^^
   |
   = note: `SmtSolver` has a derived impl for the trait `Debug`, but this is intentionally ignored during dead code analysis

warning: hiding a lifetime that's elided elsewhere is confusing
   --> src/concurrency/sync_primitives.rs:395:17
    |
395 |     pub fn lock(&self) -> LockResult<MutexGuard> {
    |                 ^^^^^                ^^^^^^^^^^ the same lifetime is hidden here
    |                 |
    |                 the lifetime is elided here
    |
    = help: the same lifetime is referred to in inconsistent ways, making the signature confusing
    = note: `#[warn(mismatched_lifetime_syntaxes)]` on by default
help: use `'_` for type paths
    |
395 |     pub fn lock(&self) -> LockResult<MutexGuard<'_>> {
    |                                                ++++

warning: hiding a lifetime that's elided elsewhere is confusing
   --> src/concurrency/sync_primitives.rs:434:21
    |
434 |     pub fn try_lock(&self) -> LockResult<MutexGuard> {
    |                     ^^^^^                ^^^^^^^^^^ the same lifetime is hidden here
    |                     |
    |                     the lifetime is elided here
    |
    = help: the same lifetime is referred to in inconsistent ways, making the signature confusing
help: use `'_` for type paths
    |
434 |     pub fn try_lock(&self) -> LockResult<MutexGuard<'_>> {
    |                                                    ++++

warning: hiding a lifetime that's elided elsewhere is confusing
   --> src/concurrency/sync_primitives.rs:615:17
    |
615 |     pub fn read(&self) -> LockResult<ReadGuard> {
    |                 ^^^^^                ^^^^^^^^^ the same lifetime is hidden here
    |                 |
    |                 the lifetime is elided here
    |
    = help: the same lifetime is referred to in inconsistent ways, making the signature confusing
help: use `'_` for type paths
    |
615 |     pub fn read(&self) -> LockResult<ReadGuard<'_>> {
    |                                               ++++

warning: hiding a lifetime that's elided elsewhere is confusing
   --> src/concurrency/sync_primitives.rs:634:18
    |
634 |     pub fn write(&self) -> LockResult<WriteGuard> {
    |                  ^^^^^                ^^^^^^^^^^ the same lifetime is hidden here
    |                  |
    |                  the lifetime is elided here
    |
    = help: the same lifetime is referred to in inconsistent ways, making the signature confusing
help: use `'_` for type paths
    |
634 |     pub fn write(&self) -> LockResult<WriteGuard<'_>> {
    |                                                 ++++

warning: unused `Result` that must be used
   --> src/llvm_backend/mod.rs:453:29
    |
453 | ...                   builder.build_return(Some(&return_value));
    |                       ^^^^^^^^^^^^^^^^^^^^^^^^^^^^^^^^^^^^^^^^^
    |
    = note: this `Result` may be an `Err` variant, which should be handled
    = note: `#[warn(unused_must_use)]` (part of `#[warn(unused)]`) on by default
help: use `let _ = ...` to ignore the resulting value
    |
453 |                             let _ = builder.build_return(Some(&return_value));
    |                             +++++++

warning: unused `Result` that must be used
   --> src/llvm_backend/mod.rs:462:29
    |
462 | ...                   builder.build_return(Some(&i32_type.const_int(0, false)));
    |                       ^^^^^^^^^^^^^^^^^^^^^^^^^^^^^^^^^^^^^^^^^^^^^^^^^^^^^^^^^
    |
    = note: this `Result` may be an `Err` variant, which should be handled
help: use `let _ = ...` to ignore the resulting value
    |
462 |                             let _ = builder.build_return(Some(&i32_type.const_int(0, false)));
    |                             +++++++

warning: hiding a lifetime that's elided elsewhere is confusing
  --> src/llvm_backend/context.rs:47:26
   |
47 |     pub fn create_module(&self, name: &str) -> Module {
   |                          ^^^^^                 ^^^^^^ the same lifetime is hidden here
   |                          |
   |                          the lifetime is elided here
   |
   = help: the same lifetime is referred to in inconsistent ways, making the signature confusing
help: use `'_` for type paths
   |
47 |     pub fn create_module(&self, name: &str) -> Module<'_> {
   |                                                      ++++

warning: hiding a lifetime that's elided elsewhere is confusing
  --> src/llvm_backend/context.rs:58:27
   |
58 |     pub fn create_builder(&self) -> Builder {
   |                           ^^^^^     ^^^^^^^ the same lifetime is hidden here
   |                           |
   |                           the lifetime is elided here
   |
   = help: the same lifetime is referred to in inconsistent ways, making the signature confusing
help: use `'_` for type paths
   |
58 |     pub fn create_builder(&self) -> Builder<'_> {
   |                                            ++++

warning: using `.clone()` on a double reference, which returns `&version::Version` instead of cloning the inner type
   --> src/package/resolver.rs:538:61
    |
538 |                 Ok(compatible_versions.iter().max().unwrap().clone().clone())
    |                                                             ^^^^^^^^
    |
    = note: `#[warn(suspicious_double_ref_op)]` on by default

warning: using `.clone()` on a double reference, which returns `&version::Version` instead of cloning the inner type
   --> src/package/resolver.rs:541:61
    |
541 |                 Ok(compatible_versions.iter().min().unwrap().clone().clone())
    |                                                             ^^^^^^^^

warning: using `.clone()` on a double reference, which returns `&version::Version` instead of cloning the inner type
   --> src/package/resolver.rs:545:61
    |
545 |                 Ok(compatible_versions.iter().min().unwrap().clone().clone())
    |                                                             ^^^^^^^^

warning: using `.clone()` on a double reference, which returns `&version::Version` instead of cloning the inner type
   --> src/package/resolver.rs:549:61
    |
549 |                 Ok(compatible_versions.iter().max().unwrap().clone().clone())
    |                                                             ^^^^^^^^

warning: hiding a lifetime that's elided elsewhere is confusing
  --> src/profiling/mod.rs:91:24
   |
91 |     pub fn start_phase(&mut self, phase_name: &str) -> PhaseTimer {
   |                        ^^^^^^^^^                       ^^^^^^^^^^ the same lifetime is hidden here
   |                        |
   |                        the lifetime is elided here
   |
   = help: the same lifetime is referred to in inconsistent ways, making the signature confusing
help: use `'_` for type paths
   |
91 |     pub fn start_phase(&mut self, phase_name: &str) -> PhaseTimer<'_> {
   |                                                                  ++++

warning: unused `Result` that must be used
    --> src/semantic/mod.rs:2918:9
     |
2918 |         self.symbol_table.exit_scope();
     |         ^^^^^^^^^^^^^^^^^^^^^^^^^^^^^^
     |
     = note: this `Result` may be an `Err` variant, which should be handled
help: use `let _ = ...` to ignore the resulting value
     |
2918 |         let _ = self.symbol_table.exit_scope();
     |         +++++++

warning: `aether` (lib) generated 195 warnings (run `cargo fix --lib -p aether` to apply 46 suggestions)
    Finished `dev` profile [unoptimized + debuginfo] target(s) in 0.88s
     Running `target/debug/aether-compiler --verbose check tests/fixtures/simple_module.aether`
[VERBOSE] Type checking 1 file(s)
Error in tests/fixtures/simple_module.aether: Lexer error: Unterminated string literal at tests/fixtures/simple_module.aether:2:9
Compilation failed: Semantic error occurred

  left: 1
 right: 0

---- test_cli_ast_command stdout ----

thread 'test_cli_ast_command' (7563086) panicked at tests/cli_integration_tests.rs:148:5:
assertion `left == right` failed: Stderr:     Blocking waiting for file lock on package cache
    Blocking waiting for file lock on package cache
    Blocking waiting for file lock on package cache
    Blocking waiting for file lock on package cache
    Blocking waiting for file lock on build directory
warning: unused import: `ExampleType`
  --> src/docs/tutorial.rs:21:46
   |
21 |     CodeExample, DifficultyLevel, DocConfig, ExampleType, Exercise, Tutorial, TutorialSection,
   |                                              ^^^^^^^^^^^
   |
   = note: `#[warn(unused_imports)]` (part of `#[warn(unused)]`) on by default

warning: unused import: `std::path::Path`
  --> src/error/enhancement.rs:24:5
   |
24 | use std::path::Path;
   |     ^^^^^^^^^^^^^^^

warning: unused import: `BehavioralSpec`
  --> src/error/intent_analysis.rs:22:33
   |
22 | use crate::semantic::metadata::{BehavioralSpec, IntentSpec};
   |                                 ^^^^^^^^^^^^^^

warning: unused imports: `Expression`, `Statement`, and `TypeSpecifier`
  --> src/error/structured.rs:20:18
   |
20 | use crate::ast::{Expression, Statement, TypeSpecifier};
   |                  ^^^^^^^^^^  ^^^^^^^^^  ^^^^^^^^^^^^^

warning: unused import: `HashSet`
  --> src/llvm_backend/mod.rs:37:33
   |
37 | use std::collections::{HashMap, HashSet};
   |                                 ^^^^^^^

warning: unused import: `std::path::Path`
  --> src/lsp/server.rs:20:5
   |
20 | use std::path::Path;
   |     ^^^^^^^^^^^^^^^

warning: unused import: `BasicBlockId`
  --> src/optimizations/constant_propagation.rs:21:18
   |
21 | use crate::mir::{BasicBlockId, ConstantValue, Function, LocalId, Operand, Rvalue, Statement};
   |                  ^^^^^^^^^^^^

warning: unused imports: `BasicBlockId`, `LocalId`, `Place`, and `SourceInfo`
  --> src/optimizations/inlining.rs:22:5
   |
22 |     BasicBlockId, Function, LocalId, Operand, Place, Program, Rvalue, SourceInfo, Statement,
   |     ^^^^^^^^^^^^            ^^^^^^^           ^^^^^                   ^^^^^^^^^^

warning: unused import: `std::collections::HashMap`
  --> src/optimizations/inlining.rs:25:5
   |
25 | use std::collections::HashMap;
   |     ^^^^^^^^^^^^^^^^^^^^^^^^^

warning: unused import: `Constant`
  --> src/optimizations/interprocedural.rs:22:17
   |
22 |     BasicBlock, Constant, Function, Operand, Place, Program, Rvalue, Statement, Terminator,
   |                 ^^^^^^^^

warning: unused import: `BuildConfiguration`
  --> src/package/builder.rs:21:32
   |
21 | use crate::package::manifest::{BuildConfiguration, PackageManifest};
   |                                ^^^^^^^^^^^^^^^^^^

warning: unused import: `CacheStats`
  --> src/package/builder.rs:22:35
   |
22 | use crate::package::{BuildConfig, CacheStats};
   |                                   ^^^^^^^^^^

warning: unused imports: `BinaryOp` and `Expression as ContractExpr`
  --> src/patterns/catalog.rs:20:38
   |
20 | use crate::verification::contracts::{BinaryOp, Expression as ContractExpr};
   |                                      ^^^^^^^^  ^^^^^^^^^^^^^^^^^^^^^^^^^^

warning: unused imports: `Block`, `Expression`, `Function`, and `Statement`
  --> src/patterns/composition.rs:20:18
   |
20 | use crate::ast::{Block, Expression, Function, Statement};
   |                  ^^^^^  ^^^^^^^^^^  ^^^^^^^^  ^^^^^^^^^

warning: unused import: `crate::error::SourceLocation`
  --> src/patterns/composition.rs:21:5
   |
21 | use crate::error::SourceLocation;
   |     ^^^^^^^^^^^^^^^^^^^^^^^^^^^^

warning: unused import: `Function`
  --> src/patterns/mod.rs:23:37
   |
23 | use crate::ast::{Block, Expression, Function, Statement};
   |                                     ^^^^^^^^

warning: unused import: `crate::error::SourceLocation`
  --> src/patterns/mod.rs:24:5
   |
24 | use crate::error::SourceLocation;
   |     ^^^^^^^^^^^^^^^^^^^^^^^^^^^^

warning: unused imports: `FailoverConfig`, `FailoverThreshold`, `RecoveryConfig`, and `self`
  --> src/release/distribution.rs:23:22
   |
23 | use crate::release::{self, DistributionConfig, FailoverConfig, FailoverThreshold, RecoveryConfig};
   |                      ^^^^                      ^^^^^^^^^^^^^^  ^^^^^^^^^^^^^^^^^  ^^^^^^^^^^^^^^

warning: unused import: `crate::error::SemanticError`
  --> src/release/mod.rs:26:5
   |
26 | use crate::error::SemanticError;
   |     ^^^^^^^^^^^^^^^^^^^^^^^^^^^

warning: unused import: `OwnershipKind`
  --> src/semantic/mod.rs:32:20
   |
32 | use crate::types::{OwnershipKind, Type, TypeChecker};
   |                    ^^^^^^^^^^^^^

warning: unused import: `crate::types::Type`
  --> src/verification/contract_to_smt.rs:20:5
   |
20 | use crate::types::Type;
   |     ^^^^^^^^^^^^^^^^^^

warning: unused imports: `AggregateOp` and `TemporalOp`
  --> src/verification/contract_to_smt.rs:22:5
   |
22 |     AggregateOp, BinaryOp, ConstantValue, Expression, QuantifierKind, TemporalOp, UnaryOp,
   |     ^^^^^^^^^^^                                                       ^^^^^^^^^^

warning: unused imports: `Deserialize` and `Serialize`
  --> src/verification/contracts.rs:30:13
   |
30 | use serde::{Deserialize, Serialize};
   |             ^^^^^^^^^^^  ^^^^^^^^^

warning: unused import: `crate::ast::PrimitiveType`
  --> src/verification/vcgen.rs:23:5
   |
23 | use crate::ast::PrimitiveType;
   |     ^^^^^^^^^^^^^^^^^^^^^^^^^

warning: unused import: `crate::types::Type`
  --> src/verification/vcgen.rs:26:5
   |
26 | use crate::types::Type;
   |     ^^^^^^^^^^^^^^^^^^

warning: unused variable: `receiver`
   --> src/concurrency/actors.rs:377:22
    |
377 |         let (sender, receiver) = mpsc::channel();
    |                      ^^^^^^^^ help: if this is intentional, prefix it with an underscore: `_receiver`
    |
    = note: `#[warn(unused_variables)]` (part of `#[warn(unused)]`) on by default

warning: unused variable: `strategy`
   --> src/concurrency/actors.rs:622:12
    |
622 |     fn new(strategy: SupervisionStrategy) -> Self {
    |            ^^^^^^^^ help: if this is intentional, prefix it with an underscore: `_strategy`

warning: unused variable: `worker_id`
   --> src/concurrency/async_runtime.rs:350:13
    |
350 |         for worker_id in 0..self.config.worker_threads {
    |             ^^^^^^^^^ help: if this is intentional, prefix it with an underscore: `_worker_id`

warning: unused variable: `start_time`
   --> src/concurrency/sync_primitives.rs:568:13
    |
568 |         let start_time = Instant::now();
    |             ^^^^^^^^^^ help: if this is intentional, prefix it with an underscore: `_start_time`

warning: unused variable: `metrics`
   --> src/concurrency/sync_primitives.rs:711:23
    |
711 |         if let Ok(mut metrics) = self.rw_lock.metrics.lock() {}
    |                       ^^^^^^^ help: if this is intentional, prefix it with an underscore: `_metrics`

warning: variable does not need to be mutable
   --> src/concurrency/sync_primitives.rs:711:19
    |
711 |         if let Ok(mut metrics) = self.rw_lock.metrics.lock() {}
    |                   ----^^^^^^^
    |                   |
    |                   help: remove this `mut`
    |
    = note: `#[warn(unused_mut)]` (part of `#[warn(unused)]`) on by default

warning: unused variable: `metrics`
   --> src/concurrency/sync_primitives.rs:718:23
    |
718 |         if let Ok(mut metrics) = self.rw_lock.metrics.lock() {}
    |                       ^^^^^^^ help: if this is intentional, prefix it with an underscore: `_metrics`

warning: variable does not need to be mutable
   --> src/concurrency/sync_primitives.rs:718:19
    |
718 |         if let Ok(mut metrics) = self.rw_lock.metrics.lock() {}
    |                   ----^^^^^^^
    |                   |
    |                   help: remove this `mut`

warning: unused variable: `response_receiver`
   --> src/debug/debugger.rs:390:31
    |
390 |         let (response_sender, response_receiver) = channel();
    |                               ^^^^^^^^^^^^^^^^^ help: if this is intentional, prefix it with an underscore: `_response_receiver`

warning: unused variable: `debugger_process`
   --> src/debug/debugger.rs:393:13
    |
393 |         let debugger_process = self.start_debugger_process(&program_path)?;
    |             ^^^^^^^^^^^^^^^^ help: if this is intentional, prefix it with an underscore: `_debugger_process`

warning: unused variable: `target_info`
   --> src/debug/debugger.rs:401:13
    |
401 |         let target_info = TargetInfo {
    |             ^^^^^^^^^^^ help: if this is intentional, prefix it with an underscore: `_target_info`

warning: unused variable: `diagnostic`
   --> src/debug/lsp.rs:593:21
    |
593 |                 let diagnostic = Diagnostic {
    |                     ^^^^^^^^^^ help: if this is intentional, prefix it with an underscore: `_diagnostic`

warning: unused variable: `name`
   --> src/debug/lsp.rs:636:18
    |
636 |             for (name, symbol) in &semantic_info.symbols {
    |                  ^^^^ help: if this is intentional, prefix it with an underscore: `_name`

warning: unused variable: `uri`
   --> src/debug/lsp.rs:789:35
    |
789 |     pub fn get_diagnostics(&self, uri: &str) -> Vec<Diagnostic> {
    |                                   ^^^ help: if this is intentional, prefix it with an underscore: `_uri`

warning: unused variable: `categories`
   --> src/docs/examples.rs:132:13
    |
132 |         let categories = Self::create_example_categories();
    |             ^^^^^^^^^^ help: if this is intentional, prefix it with an underscore: `_categories`

warning: unused variable: `templates`
   --> src/docs/examples.rs:133:13
    |
133 |         let templates = Self::create_example_templates();
    |             ^^^^^^^^^ help: if this is intentional, prefix it with an underscore: `_templates`

warning: unused variable: `config`
   --> src/docs/examples.rs:131:16
    |
131 |     pub fn new(config: &DocConfig) -> Result<Self, SemanticError> {
    |                ^^^^^^ help: if this is intentional, prefix it with an underscore: `_config`

warning: unused variable: `output_dir`
  --> src/docs/generator.rs:21:16
   |
21 |     pub fn new(output_dir: String) -> Self {
   |                ^^^^^^^^^^ help: if this is intentional, prefix it with an underscore: `_output_dir`

warning: unused variable: `comment_parser`
   --> src/docs/parser.rs:132:13
    |
132 |         let comment_parser = CommentParser::new();
    |             ^^^^^^^^^^^^^^ help: if this is intentional, prefix it with an underscore: `_comment_parser`

warning: unused variable: `signature_parser`
   --> src/docs/parser.rs:133:13
    |
133 |         let signature_parser = SignatureParser::new();
    |             ^^^^^^^^^^^^^^^^ help: if this is intentional, prefix it with an underscore: `_signature_parser`

warning: unused variable: `config`
   --> src/docs/parser.rs:131:16
    |
131 |     pub fn new(config: &DocConfig) -> Result<Self, SemanticError> {
    |                ^^^^^^ help: if this is intentional, prefix it with an underscore: `_config`

warning: unused variable: `themes`
   --> src/docs/renderer.rs:368:13
    |
368 |         let themes = ThemeManager::new()?;
    |             ^^^^^^ help: if this is intentional, prefix it with an underscore: `_themes`

warning: unused variable: `search_paths`
   --> src/docs/renderer.rs:539:13
    |
539 |         let search_paths = vec![base_dir.join("templates"), PathBuf::from("templates")];
    |             ^^^^^^^^^^^^ help: if this is intentional, prefix it with an underscore: `_search_paths`

warning: unused variable: `helpers`
   --> src/docs/renderer.rs:558:13
    |
558 |         let helpers = Self::create_default_helpers();
    |             ^^^^^^^ help: if this is intentional, prefix it with an underscore: `_helpers`

warning: unused variable: `processors`
   --> src/docs/renderer.rs:879:13
    |
879 |         let processors: Vec<&dyn Fn(&str) -> String> = vec![];
    |             ^^^^^^^^^^ help: if this is intentional, prefix it with an underscore: `_processors`

warning: unused variable: `options`
    --> src/docs/renderer.rs:1185:13
     |
1185 |         let options = MarkdownOptions {
     |             ^^^^^^^ help: if this is intentional, prefix it with an underscore: `_options`

warning: unused variable: `toc_generator`
    --> src/docs/renderer.rs:1192:13
     |
1192 |         let toc_generator = TocGenerator {};
     |             ^^^^^^^^^^^^^ help: if this is intentional, prefix it with an underscore: `_toc_generator`

warning: unused variable: `options`
    --> src/docs/renderer.rs:1347:13
     |
1347 |         let options = PdfOptions {
     |             ^^^^^^^ help: if this is intentional, prefix it with an underscore: `_options`

warning: unused variable: `layout`
    --> src/docs/renderer.rs:1354:13
     |
1354 |         let layout = PageLayout {
     |             ^^^^^^ help: if this is intentional, prefix it with an underscore: `_layout`

warning: unused variable: `templates`
  --> src/docs/tutorial.rs:98:13
   |
98 |         let templates = Self::create_tutorial_templates();
   |             ^^^^^^^^^ help: if this is intentional, prefix it with an underscore: `_templates`

warning: unused variable: `config`
  --> src/docs/tutorial.rs:97:16
   |
97 |     pub fn new(config: &DocConfig) -> Result<Self, SemanticError> {
   |                ^^^^^^ help: if this is intentional, prefix it with an underscore: `_config`

warning: unused variable: `function`
   --> src/error/intent_analysis.rs:142:9
    |
142 |         function: &Function,
    |         ^^^^^^^^ help: if this is intentional, prefix it with an underscore: `_function`

warning: unused variable: `error`
   --> src/error/structured.rs:434:26
    |
434 |     fn fix_type_mismatch(error: &CompilerError) -> Vec<FixSuggestion> {
    |                          ^^^^^ help: if this is intentional, prefix it with an underscore: `_error`

warning: unused variable: `error`
   --> src/error/structured.rs:455:29
    |
455 |     fn fix_undefined_symbol(error: &CompilerError) -> Vec<FixSuggestion> {
    |                             ^^^^^ help: if this is intentional, prefix it with an underscore: `_error`

warning: unreachable pattern
   --> src/lexer/mod.rs:716:17
    |
685 |                 Some('\'') => {
    |                 ---------- matches all the relevant values
...
716 |                 Some('\'') => {
    |                 ^^^^^^^^^^ no value can reach this
    |
    = note: `#[warn(unreachable_patterns)]` (part of `#[warn(unused)]`) on by default

warning: unused variable: `function`
   --> src/llvm_backend/codegen.rs:157:13
    |
157 |         let function = self.module.add_function(name, fn_type, None);
    |             ^^^^^^^^ help: if this is intentional, prefix it with an underscore: `_function`

warning: unused variable: `i`
   --> src/llvm_backend/mod.rs:625:18
    |
625 |             for (i, stmt) in mir_block.statements.iter().enumerate() {
    |                  ^ help: if this is intentional, prefix it with an underscore: `_i`

warning: unnecessary `unsafe` block
   --> src/llvm_backend/mod.rs:919:41
    |
919 |                         let field_ptr = unsafe {
    |                                         ^^^^^^ unnecessary `unsafe` block
    |
    = note: `#[warn(unused_unsafe)]` (part of `#[warn(unused)]`) on by default

warning: unreachable pattern
    --> src/llvm_backend/mod.rs:2437:13
     |
 986 |             mir::Rvalue::AddressOf(place) => {
     |             ----------------------------- matches all the relevant values
...
2437 |             &mir::Rvalue::AddressOf(_) => todo!(),
     |             ^^^^^^^^^^^^^^^^^^^^^^^^^^ no value can reach this

warning: unused variable: `int_val`
    --> src/llvm_backend/mod.rs:1541:58
     |
1541 | ...                   BasicValueEnum::IntValue(int_val) => {
     |                                                ^^^^^^^ help: if this is intentional, prefix it with an underscore: `_int_val`

warning: unused variable: `field_names`
    --> src/llvm_backend/mod.rs:1836:61
     |
1836 |                     mir::AggregateKind::Struct(struct_name, field_names) => {
     |                                                             ^^^^^^^^^^^ help: if this is intentional, prefix it with an underscore: `_field_names`

warning: value assigned to `struct_size` is never read
    --> src/llvm_backend/mod.rs:1860:33
     |
1860 |                         let mut struct_size = 0u64;
     |                                 ^^^^^^^^^^^
     |
     = help: maybe it is overwritten before being read?
     = note: `#[warn(unused_assignments)]` (part of `#[warn(unused)]`) on by default

warning: variable does not need to be mutable
    --> src/llvm_backend/mod.rs:2152:29
     |
2152 |                         let mut current_type =
     |                             ----^^^^^^^^^^^^
     |                             |
     |                             help: remove this `mut`

warning: unused variable: `i64_type`
    --> src/llvm_backend/mod.rs:3210:13
     |
3210 |         let i64_type = self.context.i64_type();
     |             ^^^^^^^^ help: if this is intentional, prefix it with an underscore: `_i64_type`

warning: unused variable: `void_type`
    --> src/llvm_backend/mod.rs:3213:13
     |
3213 |         let void_type = self.context.void_type();
     |             ^^^^^^^^^ help: if this is intentional, prefix it with an underscore: `_void_type`

warning: unnecessary `unsafe` block
    --> src/llvm_backend/mod.rs:3662:33
     |
3662 |                 let field_ptr = unsafe {
     |                                 ^^^^^^ unnecessary `unsafe` block

warning: unused variable: `parent`
   --> src/memory/mod.rs:110:37
    |
110 |     pub fn create_region(&mut self, parent: Option<RegionId>) -> RegionId {
    |                                     ^^^^^^ help: if this is intentional, prefix it with an underscore: `_parent`

warning: unused variable: `operand`
   --> src/memory/mod.rs:307:48
    |
307 |                 if let Expression::AddressOf { operand, .. } = &**expr {
    |                                                ^^^^^^^-
    |                                                |
    |                                                help: try removing the field

warning: unused variable: `region_id`
   --> src/memory/mod.rs:441:38
    |
441 |     fn get_region_allocations(&self, region_id: &RegionId) -> Vec<AllocationInfo> {
    |                                      ^^^^^^^^^ help: if this is intentional, prefix it with an underscore: `_region_id`

warning: unused variable: `source_location`
   --> src/mir/lowering.rs:608:17
    |
608 |                 source_location,
    |                 ^^^^^^^^^^^^^^^ help: try ignoring the field: `source_location: _`

warning: unused variable: `source_location`
   --> src/mir/lowering.rs:621:17
    |
621 |                 source_location,
    |                 ^^^^^^^^^^^^^^^ help: try ignoring the field: `source_location: _`

warning: unused variable: `source_location`
   --> src/mir/lowering.rs:675:17
    |
675 |                 source_location,
    |                 ^^^^^^^^^^^^^^^ help: try ignoring the field: `source_location: _`

warning: unused variable: `source_location`
   --> src/mir/lowering.rs:685:17
    |
685 |                 source_location,
    |                 ^^^^^^^^^^^^^^^ help: try ignoring the field: `source_location: _`

warning: unused variable: `module`
    --> src/mir/lowering.rs:2544:33
     |
2544 |             Type::Named { name, module } => {
     |                                 ^^^^^^ help: try ignoring the field: `module: _`

warning: unused variable: `map`
    --> src/mir/lowering.rs:2668:47
     |
2668 |             ast::AssignmentTarget::MapValue { map, key } => {
     |                                               ^^^ help: try ignoring the field: `map: _`

warning: unused variable: `key`
    --> src/mir/lowering.rs:2668:52
     |
2668 |             ast::AssignmentTarget::MapValue { map, key } => {
     |                                                    ^^^ help: try ignoring the field: `key: _`

warning: unreachable pattern
    --> src/mir/lowering.rs:3998:13
     |
3934 |               ast::Pattern::Wildcard { binding, .. } => {
     |               -------------------------------------- matches all the relevant values
...
3998 | /             ast::Pattern::Wildcard {
3999 | |                 binding: Some(binding_name),
4000 | |                 source_location,
4001 | |             } => {
     | |_____________^ no value can reach this

warning: unreachable pattern
    --> src/mir/lowering.rs:4061:13
     |
3934 |             ast::Pattern::Wildcard { binding, .. } => {
     |             -------------------------------------- matches all the relevant values
...
4061 |             ast::Pattern::Wildcard { binding: None, .. } => {
     |             ^^^^^^^^^^^^^^^^^^^^^^^^^^^^^^^^^^^^^^^^^^^^ no value can reach this

warning: unused variable: `st`
    --> src/mir/lowering.rs:3792:49
     |
3792 |                     let data_type = if let Some(st) = &self.symbol_table {
     |                                                 ^^ help: if this is intentional, prefix it with an underscore: `_st`

warning: unused variable: `inner_variant`
    --> src/mir/lowering.rs:3819:43
     |
3819 | ...                   variant_name: inner_variant,
     |                                     ^^^^^^^^^^^^^ help: if this is intentional, prefix it with an underscore: `_inner_variant`

warning: unused variable: `target_type`
    --> src/mir/lowering.rs:4665:13
     |
4665 |         let target_type = match pointer_type {
     |             ^^^^^^^^^^^ help: if this is intentional, prefix it with an underscore: `_target_type`

warning: unused variable: `cycle`
   --> src/module_loader.rs:280:17
    |
280 |             let cycle: Vec<String> = stack[cycle_start..].to_vec();
    |                 ^^^^^ help: if this is intentional, prefix it with an underscore: `_cycle`

warning: unused variable: `depth`
  --> src/optimizations/inlining.rs:52:44
   |
52 |     pub fn set_max_inline_depth(&mut self, depth: usize) {}
   |                                            ^^^^^ help: if this is intentional, prefix it with an underscore: `_depth`

warning: unused variable: `function_name`
   --> src/optimizations/interprocedural.rs:667:14
    |
667 |         for (function_name, summary) in summaries {
    |              ^^^^^^^^^^^^^ help: if this is intentional, prefix it with an underscore: `_function_name`

warning: unused variable: `function_name`
   --> src/optimizations/interprocedural.rs:782:14
    |
782 |         for (function_name, function) in &program.functions {
    |              ^^^^^^^^^^^^^ help: if this is intentional, prefix it with an underscore: `_function_name`

warning: unused variable: `function`
   --> src/optimizations/interprocedural.rs:782:29
    |
782 |         for (function_name, function) in &program.functions {
    |                             ^^^^^^^^ help: if this is intentional, prefix it with an underscore: `_function`

warning: unused variable: `function_name`
   --> src/optimizations/interprocedural.rs:799:14
    |
799 |         for (function_name, function) in &program.functions {
    |              ^^^^^^^^^^^^^ help: if this is intentional, prefix it with an underscore: `_function_name`

warning: unused variable: `function_name`
   --> src/optimizations/interprocedural.rs:821:14
    |
821 |         for (function_name, function) in &program.functions {
    |              ^^^^^^^^^^^^^ help: if this is intentional, prefix it with an underscore: `_function_name`

warning: unused variable: `constant`
   --> src/optimizations/interprocedural.rs:856:21
    |
856 |         for (place, constant) in assignments {
    |                     ^^^^^^^^ help: if this is intentional, prefix it with an underscore: `_constant`

warning: unused variable: `var_name`
   --> src/optimizations/interprocedural.rs:857:17
    |
857 |             let var_name = format!("{}::{}", function.name, place.local);
    |                 ^^^^^^^^ help: if this is intentional, prefix it with an underscore: `_var_name`

warning: unused variable: `end_loc`
    --> src/parser/v2.rs:2883:17
     |
2883 |             let end_loc = self.current_location();
     |                 ^^^^^^^ help: if this is intentional, prefix it with an underscore: `_end_loc`

warning: unused variable: `field_location`
    --> src/parser/mod.rs:1420:17
     |
1420 |             let field_location = field_keyword.location.clone();
     |                 ^^^^^^^^^^^^^^ help: if this is intentional, prefix it with an underscore: `_field_location`

warning: variable does not need to be mutable
    --> src/parser/mod.rs:1875:13
     |
1875 |         let mut constraints = Vec::new();
     |             ----^^^^^^^^^^^
     |             |
     |             help: remove this `mut`

warning: variable `generic_parameters` is assigned to, but never used
    --> src/parser/mod.rs:1927:17
     |
1927 |         let mut generic_parameters = Vec::new();
     |                 ^^^^^^^^^^^^^^^^^^
     |
     = note: consider using `_generic_parameters` instead

warning: variable `lifetime_parameters` is assigned to, but never used
    --> src/parser/mod.rs:1928:17
     |
1928 |         let mut lifetime_parameters = Vec::new();
     |                 ^^^^^^^^^^^^^^^^^^^
     |
     = note: consider using `_lifetime_parameters` instead

warning: value assigned to `generic_parameters` is never read
    --> src/parser/mod.rs:1977:29
     |
1977 | ...                   generic_parameters = self.parse_generic_parameters()?;
     |                       ^^^^^^^^^^^^^^^^^^
     |
     = help: maybe it is overwritten before being read?

warning: value assigned to `lifetime_parameters` is never read
    --> src/parser/mod.rs:1981:29
     |
1981 | ...                   lifetime_parameters = self.parse_lifetime_parameters()?;
     |                       ^^^^^^^^^^^^^^^^^^^
     |
     = help: maybe it is overwritten before being read?

warning: variable does not need to be mutable
    --> src/parser/mod.rs:1926:13
     |
1926 |         let mut intent = None;
     |             ----^^^^^^
     |             |
     |             help: remove this `mut`

warning: unused variable: `nested_pattern`
    --> src/parser/mod.rs:4182:22
     |
4182 |                 let (nested_pattern, binding) = if let Some(token) = self.current_token() {
     |                      ^^^^^^^^^^^^^^ help: if this is intentional, prefix it with an underscore: `_nested_pattern`

warning: variable does not need to be mutable
    --> src/parser/mod.rs:4599:13
     |
4599 |         let mut invariants = Vec::new();
     |             ----^^^^^^^^^^
     |             |
     |             help: remove this `mut`

warning: variable does not need to be mutable
   --> src/patterns/catalog.rs:132:21
    |
132 |                 let mut contract = create_pattern_contract("safe_array_access");
    |                     ----^^^^^^^^
    |                     |
    |                     help: remove this `mut`

warning: variable does not need to be mutable
   --> src/patterns/catalog.rs:392:21
    |
392 |                 let mut contract = create_pattern_contract("binary_search");
    |                     ----^^^^^^^^
    |                     |
    |                     help: remove this `mut`

warning: variable does not need to be mutable
   --> src/patterns/catalog.rs:536:21
    |
536 |                 let mut contract = create_pattern_contract("map_filter_reduce");
    |                     ----^^^^^^^^
    |                     |
    |                     help: remove this `mut`

warning: variable does not need to be mutable
   --> src/patterns/catalog.rs:804:21
    |
804 |                 let mut contract = create_pattern_contract("raii_wrapper");
    |                     ----^^^^^^^^
    |                     |
    |                     help: remove this `mut`

warning: variable does not need to be mutable
   --> src/patterns/catalog.rs:931:21
    |
931 |                 let mut contract = create_pattern_contract("result_type");
    |                     ----^^^^^^^^
    |                     |
    |                     help: remove this `mut`

warning: variable does not need to be mutable
    --> src/patterns/catalog.rs:1049:21
     |
1049 |                 let mut contract = create_pattern_contract("input_validation");
     |                     ----^^^^^^^^
     |                     |
     |                     help: remove this `mut`

warning: unused variable: `data_flow`
   --> src/patterns/composition.rs:519:9
    |
519 |         data_flow: &DataFlowSpec,
    |         ^^^^^^^^^ help: if this is intentional, prefix it with an underscore: `_data_flow`

warning: unused variable: `config`
   --> src/release/distribution.rs:947:16
    |
947 |     pub fn new(config: DistributionConfig) -> Result<Self, SemanticError> {
    |                ^^^^^^ help: if this is intentional, prefix it with an underscore: `_config`

warning: unused variable: `cache_config`
    --> src/release/distribution.rs:1135:13
     |
1135 |         let cache_config = CacheConfig {
     |             ^^^^^^^^^^^^ help: if this is intentional, prefix it with an underscore: `_cache_config`

warning: unused variable: `c_string`
   --> src/runtime/mod.rs:170:9
    |
170 |     let c_string = result.as_ptr() as *mut c_char;
    |         ^^^^^^^^ help: if this is intentional, prefix it with an underscore: `_c_string`

warning: unused variable: `constraint`
   --> src/semantic/metadata.rs:462:25
    |
462 |             if let Some(constraint) = &sem_type.constraint {
    |                         ^^^^^^^^^^ help: if this is intentional, prefix it with an underscore: `_constraint`

warning: unused variable: `e`
  --> src/semantic/ownership.rs:41:32
   |
41 |                     if let Err(e) = self.symbol_table.mark_variable_moved(&name.name) {
   |                                ^ help: if this is intentional, prefix it with an underscore: `_e`

warning: unused variable: `e`
  --> src/semantic/ownership.rs:66:36
   |
66 |                         if let Err(e) = self.symbol_table.mark_variable_moved(&name.name) {
   |                                    ^ help: if this is intentional, prefix it with an underscore: `_e`

warning: unused variable: `enum_name`
    --> src/semantic/mod.rs:1549:17
     |
1549 |                 enum_name,
     |                 ^^^^^^^^^ help: try ignoring the field: `enum_name: _`

warning: unused variable: `source_location`
    --> src/semantic/mod.rs:1726:17
     |
1726 |                 source_location,
     |                 ^^^^^^^^^^^^^^^ help: try ignoring the field: `source_location: _`

warning: unused variable: `source_location`
    --> src/semantic/mod.rs:1921:17
     |
1921 |                 source_location,
     |                 ^^^^^^^^^^^^^^^ help: try ignoring the field: `source_location: _`

warning: unused variable: `size_type`
  --> src/stdlib/network.rs:41:9
   |
41 |     let size_type = TypeSpecifier::Primitive {
   |         ^^^^^^^^^ help: if this is intentional, prefix it with an underscore: `_size_type`

warning: unused variable: `contract`
   --> src/verification/contracts.rs:811:13
    |
811 |     let mut contract = FunctionContract::new(function.name.name.clone());
    |             ^^^^^^^^ help: if this is intentional, prefix it with an underscore: `_contract`

warning: variable does not need to be mutable
   --> src/verification/contracts.rs:811:9
    |
811 |     let mut contract = FunctionContract::new(function.name.name.clone());
    |         ----^^^^^^^^
    |         |
    |         help: remove this `mut`

warning: unused variable: `place`
   --> src/verification/vcgen.rs:382:25
    |
382 |             Rvalue::Len(place) => {
    |                         ^^^^^ help: if this is intentional, prefix it with an underscore: `_place`

warning: field `associated_mutex` is never read
  --> src/concurrency/sync_primitives.rs:89:5
   |
84 | pub struct AetherCondVar {
   |            ------------- field in this struct
...
89 |     associated_mutex: Option<String>,
   |     ^^^^^^^^^^^^^^^^
   |
   = note: `AetherCondVar` has a derived impl for the trait `Debug`, but this is intentionally ignored during dead code analysis
   = note: `#[warn(dead_code)]` (part of `#[warn(unused)]`) on by default

warning: struct `BarrierState` is never constructed
   --> src/concurrency/sync_primitives.rs:137:8
    |
137 | struct BarrierState {
    |        ^^^^^^^^^^^^

warning: field `barrier_cycles` is never read
   --> src/concurrency/sync_primitives.rs:200:5
    |
198 | struct BarrierMetrics {
    |        -------------- field in this struct
199 |     wait_count: u64,
200 |     barrier_cycles: u64,
    |     ^^^^^^^^^^^^^^
    |
    = note: `BarrierMetrics` has a derived impl for the trait `Debug`, but this is intentionally ignored during dead code analysis

warning: field `acquired_at` is never read
   --> src/concurrency/sync_primitives.rs:236:5
    |
234 | pub struct ReadGuard<'a> {
    |            --------- field in this struct
235 |     rw_lock: &'a AetherRwLock,
236 |     acquired_at: Instant,
    |     ^^^^^^^^^^^

warning: field `acquired_at` is never read
   --> src/concurrency/sync_primitives.rs:242:5
    |
240 | pub struct WriteGuard<'a> {
    |            ---------- field in this struct
241 |     rw_lock: &'a AetherRwLock,
242 |     acquired_at: Instant,
    |     ^^^^^^^^^^^

warning: fields `target_pid` and `breakpoints` are never read
  --> src/debug/debugger.rs:51:5
   |
49 | pub struct DebugSession {
   |            ------------ fields in this struct
50 |     /// Target process ID
51 |     target_pid: Option<u32>,
   |     ^^^^^^^^^^
...
57 |     breakpoints: Arc<Mutex<HashMap<String, Vec<Breakpoint>>>>,
   |     ^^^^^^^^^^^
   |
   = note: `DebugSession` has a derived impl for the trait `Debug`, but this is intentionally ignored during dead code analysis

warning: fields `diagnostics_provider` and `shutdown` are never read
  --> src/debug/lsp.rs:45:5
   |
34 | pub struct LanguageServer {
   |            -------------- fields in this struct
...
45 |     diagnostics_provider: DiagnosticsProvider,
   |     ^^^^^^^^^^^^^^^^^^^^
...
51 |     shutdown: Arc<AtomicBool>,
   |     ^^^^^^^^
   |
   = note: `LanguageServer` has a derived impl for the trait `Debug`, but this is intentionally ignored during dead code analysis

warning: field `diagnostics` is never read
   --> src/debug/lsp.rs:333:5
    |
331 | pub struct DiagnosticEngine {
    |            ---------------- field in this struct
332 |     /// Active diagnostics by document
333 |     diagnostics: HashMap<String, Vec<Diagnostic>>,
    |     ^^^^^^^^^^^
    |
    = note: `DiagnosticEngine` has a derived impl for the trait `Debug`, but this is intentionally ignored during dead code analysis

warning: field `snippets` is never read
   --> src/debug/lsp.rs:343:5
    |
338 | pub struct CompletionProvider {
    |            ------------------ field in this struct
...
343 |     snippets: HashMap<String, String>,
    |     ^^^^^^^^
    |
    = note: `CompletionProvider` has a derived impl for the trait `Debug`, but this is intentionally ignored during dead code analysis

warning: fields `source_parser` and `markdown_parser` are never read
  --> src/docs/parser.rs:39:5
   |
37 | pub struct DocParser {
   |            --------- fields in this struct
38 |     /// Source code parser
39 |     source_parser: SourceParser,
   |     ^^^^^^^^^^^^^
...
42 |     markdown_parser: MarkdownParser,
   |     ^^^^^^^^^^^^^^^
   |
   = note: `DocParser` has a derived impl for the trait `Debug`, but this is intentionally ignored during dead code analysis

warning: field `patterns` is never read
  --> src/docs/parser.rs:74:5
   |
72 | pub struct CommentParser {
   |            ------------- field in this struct
73 |     /// Comment prefix patterns
74 |     patterns: CommentPatterns,
   |     ^^^^^^^^
   |
   = note: `CommentParser` has a derived impl for the trait `Debug`, but this is intentionally ignored during dead code analysis

warning: field `location` is never read
   --> src/docs/parser.rs:725:5
    |
714 | struct ParsedItem {
    |        ---------- field in this struct
...
725 |     location: SourceLocation,
    |     ^^^^^^^^
    |
    = note: `ParsedItem` has derived impls for the traits `Clone` and `Debug`, but these are intentionally ignored during dead code analysis

warning: variants `Module`, `Enum`, `Trait`, `TypeAlias`, `Import`, and `Macro` are never constructed
   --> src/docs/parser.rs:731:5
    |
730 | enum ItemType {
    |      -------- variants in this enum
731 |     Module,
    |     ^^^^^^
...
734 |     Enum,
    |     ^^^^
735 |     Trait,
    |     ^^^^^
736 |     TypeAlias,
    |     ^^^^^^^^^
737 |     Constant,
738 |     Import,
    |     ^^^^^^
739 |     Macro,
    |     ^^^^^
    |
    = note: `ItemType` has derived impls for the traits `Clone` and `Debug`, but these are intentionally ignored during dead code analysis

warning: methods `parse_documentation`, `clean_comment_line`, `extract_tag`, `tag_to_section`, and `finalize_section` are never used
   --> src/docs/parser.rs:774:8
    |
761 | impl CommentParser {
    | ------------------ methods in this implementation
...
774 |     fn parse_documentation(&self, raw_docs: &str) -> Result<ParsedDoc, SemanticError> {
    |        ^^^^^^^^^^^^^^^^^^^
...
837 |     fn clean_comment_line(&self, line: &str) -> String {
    |        ^^^^^^^^^^^^^^^^^^
...
850 |     fn extract_tag(&self, line: &str) -> Option<String> {
    |        ^^^^^^^^^^^
...
862 |     fn tag_to_section(&self, tag: &str) -> DocSection {
    |        ^^^^^^^^^^^^^^
...
872 |     fn finalize_section(
    |        ^^^^^^^^^^^^^^^^

warning: variant `Tag` is never constructed
   --> src/docs/parser.rs:933:5
    |
927 | enum DocSection {
    |      ---------- variant in this enum
...
933 |     Tag(String),
    |     ^^^
    |
    = note: `DocSection` has derived impls for the traits `Clone` and `Debug`, but these are intentionally ignored during dead code analysis

warning: methods `parse_function_signature`, `parse_type_definition`, `extract_function_name`, and `extract_type_name` are never used
   --> src/docs/parser.rs:941:8
    |
936 | impl SignatureParser {
    | -------------------- methods in this implementation
...
941 |     fn parse_function_signature(&self, source: &str) -> Result<FunctionSignature, SemanticError> {
    |        ^^^^^^^^^^^^^^^^^^^^^^^^
...
957 |     fn parse_type_definition(&self, source: &str) -> Result<TypeInfo, SemanticError> {
    |        ^^^^^^^^^^^^^^^^^^^^^
...
970 |     fn extract_function_name(&self, source: &str) -> String {
    |        ^^^^^^^^^^^^^^^^^^^^^
...
981 |     fn extract_type_name(&self, source: &str) -> String {
    |        ^^^^^^^^^^^^^^^^^

warning: fields `template_engine` and `output_format` are never read
  --> src/docs/renderer.rs:32:5
   |
30 | pub struct DocRenderer {
   |            ----------- fields in this struct
31 |     /// Template engine for rendering
32 |     template_engine: TemplateEngine,
   |     ^^^^^^^^^^^^^^^
...
38 |     output_format: OutputFormat,
   |     ^^^^^^^^^^^^^
   |
   = note: `DocRenderer` has a derived impl for the trait `Debug`, but this is intentionally ignored during dead code analysis

warning: field `templates` is never read
  --> src/docs/renderer.rs:45:5
   |
43 | pub struct TemplateEngine {
   |            -------------- field in this struct
44 |     /// Loaded templates
45 |     templates: HashMap<String, String>,
   |     ^^^^^^^^^
   |
   = note: `TemplateEngine` has a derived impl for the trait `Debug`, but this is intentionally ignored during dead code analysis

warning: field `doc` is never read
   --> src/docs/renderer.rs:227:5
    |
225 | pub struct HtmlRenderer<'a> {
    |            ------------ field in this struct
226 |     /// Documentation to render
227 |     doc: &'a Documentation,
    |     ^^^
    |
    = note: `HtmlRenderer` has a derived impl for the trait `Debug`, but this is intentionally ignored during dead code analysis

warning: method `render_template` is never used
   --> src/docs/renderer.rs:849:8
    |
536 | impl TemplateEngine {
    | ------------------- method in this implementation
...
849 |     fn render_template(
    |        ^^^^^^^^^^^^^^^

warning: field `intent_keywords` is never read
   --> src/error/intent_analysis.rs:234:5
    |
233 | struct IntentPattern {
    |        ------------- field in this struct
234 |     intent_keywords: Vec<String>,
    |     ^^^^^^^^^^^^^^^

warning: field `patterns` is never read
   --> src/error/structured.rs:397:5
    |
396 | pub struct ErrorPatterns {
    |            ------------- field in this struct
397 |     patterns: HashMap<String, ErrorPattern>,
    |     ^^^^^^^^

warning: fields `code_prefix`, `matcher`, and `fixer` are never read
   --> src/error/structured.rs:402:5
    |
401 | struct ErrorPattern {
    |        ------------ fields in this struct
402 |     code_prefix: String,
    |     ^^^^^^^^^^^
403 |     matcher: fn(&CompilerError) -> bool,
    |     ^^^^^^^
404 |     fixer: fn(&CompilerError) -> Vec<FixSuggestion>,
    |     ^^^^^
    |
    = note: `ErrorPattern` has a derived impl for the trait `Clone`, but this is intentionally ignored during dead code analysis

warning: field `include_snippets` is never read
   --> src/error/structured.rs:510:5
    |
509 | pub struct LLMErrorFormatter {
    |            ----------------- field in this struct
510 |     include_snippets: bool,
    |     ^^^^^^^^^^^^^^^^

warning: method `read_quoted_identifier` is never used
   --> src/lexer/mod.rs:506:8
    |
 90 | impl Lexer {
    | ---------- method in this implementation
...
506 |     fn read_quoted_identifier(&mut self) -> Result<Token, LexerError> {
    |        ^^^^^^^^^^^^^^^^^^^^^^

warning: method `get_type_id` is never used
  --> src/llvm_backend/mod.rs:96:8
   |
65 | impl CleanupInfo {
   | ---------------- method in this implementation
...
96 |     fn get_type_id(&self, local_id: &mir::LocalId) -> TypeId {
   |        ^^^^^^^^^^^

warning: field `module` is never read
  --> src/lsp/server.rs:36:5
   |
34 | struct DocumentState {
   |        ------------- field in this struct
35 |     text: String,
36 |     module: Option<Module>,
   |     ^^^^^^
   |
   = note: `DocumentState` has a derived impl for the trait `Debug`, but this is intentionally ignored during dead code analysis

warning: fields `start`, `size`, `permissions`, and `status` are never read
  --> src/memory/mod.rs:61:5
   |
59 | struct MemoryRegion {
   |        ------------ fields in this struct
60 |     /// Start address
61 |     start: usize,
   |     ^^^^^
...
64 |     size: usize,
   |     ^^^^
...
67 |     permissions: MemoryPermissions,
   |     ^^^^^^^^^^^
...
70 |     status: AllocationStatus,
   |     ^^^^^^
   |
   = note: `MemoryRegion` has a derived impl for the trait `Debug`, but this is intentionally ignored during dead code analysis

warning: method `analyze_expression_memory` is never used
   --> src/memory/mod.rs:151:8
    |
 95 | impl MemoryAnalyzer {
    | ------------------- method in this implementation
...
151 |     fn analyze_expression_memory(
    |        ^^^^^^^^^^^^^^^^^^^^^^^^^

warning: field `parent` is never read
   --> src/mir/mod.rs:446:5
    |
445 | struct Scope {
    |        ----- field in this struct
446 |     parent: Option<ScopeId>,
    |     ^^^^^^

warning: method `get_enum_variant_associated_type` is never used
    --> src/mir/lowering.rs:4089:8
     |
  74 | impl LoweringContext {
     | -------------------- method in this implementation
...
4089 |     fn get_enum_variant_associated_type(
     |        ^^^^^^^^^^^^^^^^^^^^^^^^^^^^^^^^

warning: field `inlined_functions` is never read
  --> src/optimizations/inlining.rs:35:5
   |
30 | pub struct InliningPass {
   |            ------------ field in this struct
...
35 |     inlined_functions: HashSet<String>,
   |     ^^^^^^^^^^^^^^^^^
   |
   = note: `InliningPass` has a derived impl for the trait `Debug`, but this is intentionally ignored during dead code analysis

warning: fields `summaries` and `global_constants` are never read
  --> src/optimizations/interprocedural.rs:34:5
   |
29 | pub struct InterproceduralAnalysisPass {
   |            --------------------------- fields in this struct
...
34 |     summaries: HashMap<String, FunctionSummary>,
   |     ^^^^^^^^^
...
37 |     global_constants: GlobalConstantAnalysis,
   |     ^^^^^^^^^^^^^^^^
   |
   = note: `InterproceduralAnalysisPass` has a derived impl for the trait `Debug`, but this is intentionally ignored during dead code analysis

warning: fields `pure_functions`, `readonly_functions`, `modifying_functions`, `throwing_functions`, and `nonterminating_functions` are never read
  --> src/optimizations/interprocedural.rs:63:5
   |
61 | pub struct SideEffectAnalysis {
   |            ------------------ fields in this struct
62 |     /// Functions that are pure (no side effects)
63 |     pure_functions: HashSet<String>,
   |     ^^^^^^^^^^^^^^
...
66 |     readonly_functions: HashSet<String>,
   |     ^^^^^^^^^^^^^^^^^^
...
69 |     modifying_functions: HashSet<String>,
   |     ^^^^^^^^^^^^^^^^^^^
...
72 |     throwing_functions: HashSet<String>,
   |     ^^^^^^^^^^^^^^^^^^
...
75 |     nonterminating_functions: HashSet<String>,
   |     ^^^^^^^^^^^^^^^^^^^^^^^^
   |
   = note: `SideEffectAnalysis` has a derived impl for the trait `Debug`, but this is intentionally ignored during dead code analysis

warning: field `induction_variable` is never read
   --> src/optimizations/vectorization.rs:662:5
    |
659 | struct LoopInfo {
    |        -------- field in this struct
...
662 |     induction_variable: Option<Place>,
    |     ^^^^^^^^^^^^^^^^^^
    |
    = note: `LoopInfo` has derived impls for the traits `Clone` and `Debug`, but these are intentionally ignored during dead code analysis

warning: field `artifacts` is never read
  --> src/package/builder.rs:35:5
   |
30 | pub struct PackageBuilder {
   |            -------------- field in this struct
...
35 |     artifacts: Vec<BuildArtifact>,
   |     ^^^^^^^^^
   |
   = note: `PackageBuilder` has a derived impl for the trait `Debug`, but this is intentionally ignored during dead code analysis

warning: fields `artifacts`, `source_timestamps`, `dependency_timestamps`, `config_hash`, and `stats` are never read
  --> src/package/builder.rs:51:5
   |
49 | pub struct BuildCache {
   |            ---------- fields in this struct
50 |     /// Cached build artifacts
51 |     artifacts: HashMap<String, CachedArtifact>,
   |     ^^^^^^^^^
...
54 |     source_timestamps: HashMap<PathBuf, std::time::SystemTime>,
   |     ^^^^^^^^^^^^^^^^^
...
57 |     dependency_timestamps: HashMap<String, std::time::SystemTime>,
   |     ^^^^^^^^^^^^^^^^^^^^^
...
60 |     config_hash: Option<String>,
   |     ^^^^^^^^^^^
...
63 |     stats: BuildCacheStats,
   |     ^^^^^
   |
   = note: `BuildCache` has a derived impl for the trait `Debug`, but this is intentionally ignored during dead code analysis

warning: field `sandbox_config` is never read
   --> src/package/builder.rs:284:5
    |
282 | pub struct BuildScriptRunner {
    |            ----------------- field in this struct
283 |     /// Sandbox configuration
284 |     sandbox_config: SandboxConfig,
    |     ^^^^^^^^^^^^^^
    |
    = note: `BuildScriptRunner` has a derived impl for the trait `Debug`, but this is intentionally ignored during dead code analysis

warning: method `clear` is never used
   --> src/package/builder.rs:882:8
    |
881 | impl BuildCache {
    | --------------- method in this implementation
882 |     fn clear(&mut self) {
    |        ^^^^^

warning: methods `execute_shell_script`, `execute_python_script`, `execute_node_script`, `execute_custom_script`, and `execute_external_script` are never used
   --> src/package/builder.rs:949:8
    |
891 | impl BuildScriptRunner {
    | ---------------------- methods in this implementation
...
949 |     fn execute_shell_script(
    |        ^^^^^^^^^^^^^^^^^^^^
...
960 |     fn execute_python_script(
    |        ^^^^^^^^^^^^^^^^^^^^^
...
971 |     fn execute_node_script(
    |        ^^^^^^^^^^^^^^^^^^^
...
982 |     fn execute_custom_script(
    |        ^^^^^^^^^^^^^^^^^^^^^
...
994 |     fn execute_external_script(
    |        ^^^^^^^^^^^^^^^^^^^^^^^

warning: field `client` is never read
   --> src/package/registry.rs:109:5
    |
107 | pub struct HttpClient {
    |            ---------- field in this struct
108 |     /// HTTP client
109 |     client: reqwest::Client,
    |     ^^^^^^
    |
    = note: `HttpClient` has a derived impl for the trait `Debug`, but this is intentionally ignored during dead code analysis

warning: method `peek_keyword` is never used
   --> src/parser/mod.rs:555:8
    |
255 | impl Parser {
    | ----------- method in this implementation
...
555 |     fn peek_keyword(&self, expected: KeywordType) -> bool {
    |        ^^^^^^^^^^^^

warning: multiple methods are never used
   --> src/parser/v2.rs:210:8
    |
 80 | impl Parser {
    | ----------- methods in this implementation
...
210 |     fn synchronize(&mut self) {
    |        ^^^^^^^^^^^
...
245 |     fn synchronize_to_block_end(&mut self) {
    |        ^^^^^^^^^^^^^^^^^^^^^^^^
...
384 |     fn syntax_error(&self, message: &str, suggestion: Option<&str>) -> ParserError {
    |        ^^^^^^^^^^^^
...
393 |     fn missing_semicolon_error(&self) -> ParserError {
    |        ^^^^^^^^^^^^^^^^^^^^^^^
...
401 |     fn missing_type_error(&self, context: &str) -> ParserError {
    |        ^^^^^^^^^^^^^^^^^^
...
409 |     fn unexpected_token_error(&self, context: &str) -> ParserError {
    |        ^^^^^^^^^^^^^^^^^^^^^^
...
443 |     fn expected_expression_hint(&self) -> &'static str {
    |        ^^^^^^^^^^^^^^^^^^^^^^^^

warning: fields `cache` and `resolver` are never read
  --> src/patterns/composition.rs:31:5
   |
26 | pub struct CompositionEngine {
   |            ----------------- fields in this struct
...
31 |     cache: HashMap<String, ComposedPattern>,
   |     ^^^^^
...
34 |     resolver: ConflictResolver,
   |     ^^^^^^^^

warning: field `strategies` is never read
   --> src/patterns/composition.rs:149:5
    |
147 | pub struct ConflictResolver {
    |            ---------------- field in this struct
148 |     /// Resolution strategies
149 |     strategies: HashMap<ConflictType, ResolutionStrategy>,
    |     ^^^^^^^^^^

warning: variant `Sequential` is never constructed
    --> src/patterns/composition.rs:1075:5
     |
1073 | enum PatternRelationship {
     |      ------------------- variant in this enum
1074 |     Independent,
1075 |     Sequential,
     |     ^^^^^^^^^^
     |
     = note: `PatternRelationship` has derived impls for the traits `Clone` and `Debug`, but these are intentionally ignored during dead code analysis

warning: field `stdlib` is never read
   --> src/pipeline/mod.rs:183:5
    |
181 | pub struct CompilationPipeline {
    |            ------------------- field in this struct
182 |     options: CompileOptions,
183 |     stdlib: StandardLibrary,
    |     ^^^^^^

warning: fields `project_info`, `history`, `automation`, `artifacts`, `distribution`, and `packaging` are never read
  --> src/release/mod.rs:38:5
   |
36 | pub struct ReleaseManager {
   |            -------------- fields in this struct
37 |     /// Project information
38 |     project_info: ProjectInfo,
   |     ^^^^^^^^^^^^
...
41 |     history: ReleaseHistory,
   |     ^^^^^^^
...
44 |     automation: automation::AutomationPipeline,
   |     ^^^^^^^^^^
...
47 |     artifacts: artifacts::ArtifactManager,
   |     ^^^^^^^^^
...
50 |     distribution: distribution::DistributionManager,
   |     ^^^^^^^^^^^^
...
53 |     packaging: packaging::PackageBuilder,
   |     ^^^^^^^^^
   |
   = note: `ReleaseManager` has a derived impl for the trait `Debug`, but this is intentionally ignored during dead code analysis

warning: method `get_content_type` is never used
    --> src/release/distribution.rs:1077:8
     |
 945 | impl DistributionManager {
     | ------------------------ method in this implementation
...
1077 |     fn get_content_type(&self, format: &PackageFormat) -> String {
     |        ^^^^^^^^^^^^^^^^

warning: fields `formats` and `compression` are never read
  --> src/release/packaging.rs:38:5
   |
27 | pub struct PackageBuilder {
   |            -------------- fields in this struct
...
38 |     formats: Vec<PackageFormat>,
   |     ^^^^^^^
...
41 |     compression: CompressionSettings,
   |     ^^^^^^^^^^^
   |
   = note: `PackageBuilder` has a derived impl for the trait `Debug`, but this is intentionally ignored during dead code analysis

warning: field `settings` is never read
   --> src/release/updates.rs:644:5
    |
633 | pub struct UpdateCache<T> {
    |            ----------- field in this struct
...
644 |     settings: CacheSettings,
    |     ^^^^^^^^
    |
    = note: `UpdateCache` has a derived impl for the trait `Debug`, but this is intentionally ignored during dead code analysis

warning: fields `trusted_certs`, `signature_verification`, and `cert_validation` are never read
   --> src/release/updates.rs:878:5
    |
873 | pub struct UpdateSecurity {
    |            -------------- fields in this struct
...
878 |     trusted_certs: Vec<Certificate>,
    |     ^^^^^^^^^^^^^
...
881 |     signature_verification: SignatureVerificationConfig,
    |     ^^^^^^^^^^^^^^^^^^^^^^
...
884 |     cert_validation: CertificateValidation,
    |     ^^^^^^^^^^^^^^^
    |
    = note: `UpdateSecurity` has a derived impl for the trait `Debug`, but this is intentionally ignored during dead code analysis

warning: field `pools` is never read
  --> src/resource/analysis.rs:37:5
   |
26 | pub struct ResourceAnalyzer {
   |            ---------------- field in this struct
...
37 |     pools: HashMap<String, ResourcePool>,
   |     ^^^^^

warning: fields `depth` and `location` are never read
  --> src/resource/analysis.rs:48:5
   |
45 | struct ScopeInfo {
   |        --------- fields in this struct
...
48 |     depth: usize,
   |     ^^^^^
49 |     location: SourceLocation,
   |     ^^^^^^^^
   |
   = note: `ScopeInfo` has derived impls for the traits `Clone` and `Debug`, but these are intentionally ignored during dead code analysis

warning: function `create_external_function` is never used
  --> src/stdlib/mod.rs:95:15
   |
95 | pub(crate) fn create_external_function(
   |               ^^^^^^^^^^^^^^^^^^^^^^^^

warning: fields `assertions` and `variables` are never read
  --> src/verification/solver.rs:26:5
   |
24 | pub struct SmtSolver {
   |            --------- fields in this struct
25 |     /// SMT-LIB assertions
26 |     assertions: Vec<String>,
   |     ^^^^^^^^^^
...
29 |     variables: HashMap<String, String>,
   |     ^^^^^^^^^
   |
   = note: `SmtSolver` has a derived impl for the trait `Debug`, but this is intentionally ignored during dead code analysis

warning: hiding a lifetime that's elided elsewhere is confusing
   --> src/concurrency/sync_primitives.rs:395:17
    |
395 |     pub fn lock(&self) -> LockResult<MutexGuard> {
    |                 ^^^^^                ^^^^^^^^^^ the same lifetime is hidden here
    |                 |
    |                 the lifetime is elided here
    |
    = help: the same lifetime is referred to in inconsistent ways, making the signature confusing
    = note: `#[warn(mismatched_lifetime_syntaxes)]` on by default
help: use `'_` for type paths
    |
395 |     pub fn lock(&self) -> LockResult<MutexGuard<'_>> {
    |                                                ++++

warning: hiding a lifetime that's elided elsewhere is confusing
   --> src/concurrency/sync_primitives.rs:434:21
    |
434 |     pub fn try_lock(&self) -> LockResult<MutexGuard> {
    |                     ^^^^^                ^^^^^^^^^^ the same lifetime is hidden here
    |                     |
    |                     the lifetime is elided here
    |
    = help: the same lifetime is referred to in inconsistent ways, making the signature confusing
help: use `'_` for type paths
    |
434 |     pub fn try_lock(&self) -> LockResult<MutexGuard<'_>> {
    |                                                    ++++

warning: hiding a lifetime that's elided elsewhere is confusing
   --> src/concurrency/sync_primitives.rs:615:17
    |
615 |     pub fn read(&self) -> LockResult<ReadGuard> {
    |                 ^^^^^                ^^^^^^^^^ the same lifetime is hidden here
    |                 |
    |                 the lifetime is elided here
    |
    = help: the same lifetime is referred to in inconsistent ways, making the signature confusing
help: use `'_` for type paths
    |
615 |     pub fn read(&self) -> LockResult<ReadGuard<'_>> {
    |                                               ++++

warning: hiding a lifetime that's elided elsewhere is confusing
   --> src/concurrency/sync_primitives.rs:634:18
    |
634 |     pub fn write(&self) -> LockResult<WriteGuard> {
    |                  ^^^^^                ^^^^^^^^^^ the same lifetime is hidden here
    |                  |
    |                  the lifetime is elided here
    |
    = help: the same lifetime is referred to in inconsistent ways, making the signature confusing
help: use `'_` for type paths
    |
634 |     pub fn write(&self) -> LockResult<WriteGuard<'_>> {
    |                                                 ++++

warning: unused `Result` that must be used
   --> src/llvm_backend/mod.rs:453:29
    |
453 | ...                   builder.build_return(Some(&return_value));
    |                       ^^^^^^^^^^^^^^^^^^^^^^^^^^^^^^^^^^^^^^^^^
    |
    = note: this `Result` may be an `Err` variant, which should be handled
    = note: `#[warn(unused_must_use)]` (part of `#[warn(unused)]`) on by default
help: use `let _ = ...` to ignore the resulting value
    |
453 |                             let _ = builder.build_return(Some(&return_value));
    |                             +++++++

warning: unused `Result` that must be used
   --> src/llvm_backend/mod.rs:462:29
    |
462 | ...                   builder.build_return(Some(&i32_type.const_int(0, false)));
    |                       ^^^^^^^^^^^^^^^^^^^^^^^^^^^^^^^^^^^^^^^^^^^^^^^^^^^^^^^^^
    |
    = note: this `Result` may be an `Err` variant, which should be handled
help: use `let _ = ...` to ignore the resulting value
    |
462 |                             let _ = builder.build_return(Some(&i32_type.const_int(0, false)));
    |                             +++++++

warning: hiding a lifetime that's elided elsewhere is confusing
  --> src/llvm_backend/context.rs:47:26
   |
47 |     pub fn create_module(&self, name: &str) -> Module {
   |                          ^^^^^                 ^^^^^^ the same lifetime is hidden here
   |                          |
   |                          the lifetime is elided here
   |
   = help: the same lifetime is referred to in inconsistent ways, making the signature confusing
help: use `'_` for type paths
   |
47 |     pub fn create_module(&self, name: &str) -> Module<'_> {
   |                                                      ++++

warning: hiding a lifetime that's elided elsewhere is confusing
  --> src/llvm_backend/context.rs:58:27
   |
58 |     pub fn create_builder(&self) -> Builder {
   |                           ^^^^^     ^^^^^^^ the same lifetime is hidden here
   |                           |
   |                           the lifetime is elided here
   |
   = help: the same lifetime is referred to in inconsistent ways, making the signature confusing
help: use `'_` for type paths
   |
58 |     pub fn create_builder(&self) -> Builder<'_> {
   |                                            ++++

warning: using `.clone()` on a double reference, which returns `&version::Version` instead of cloning the inner type
   --> src/package/resolver.rs:538:61
    |
538 |                 Ok(compatible_versions.iter().max().unwrap().clone().clone())
    |                                                             ^^^^^^^^
    |
    = note: `#[warn(suspicious_double_ref_op)]` on by default

warning: using `.clone()` on a double reference, which returns `&version::Version` instead of cloning the inner type
   --> src/package/resolver.rs:541:61
    |
541 |                 Ok(compatible_versions.iter().min().unwrap().clone().clone())
    |                                                             ^^^^^^^^

warning: using `.clone()` on a double reference, which returns `&version::Version` instead of cloning the inner type
   --> src/package/resolver.rs:545:61
    |
545 |                 Ok(compatible_versions.iter().min().unwrap().clone().clone())
    |                                                             ^^^^^^^^

warning: using `.clone()` on a double reference, which returns `&version::Version` instead of cloning the inner type
   --> src/package/resolver.rs:549:61
    |
549 |                 Ok(compatible_versions.iter().max().unwrap().clone().clone())
    |                                                             ^^^^^^^^

warning: hiding a lifetime that's elided elsewhere is confusing
  --> src/profiling/mod.rs:91:24
   |
91 |     pub fn start_phase(&mut self, phase_name: &str) -> PhaseTimer {
   |                        ^^^^^^^^^                       ^^^^^^^^^^ the same lifetime is hidden here
   |                        |
   |                        the lifetime is elided here
   |
   = help: the same lifetime is referred to in inconsistent ways, making the signature confusing
help: use `'_` for type paths
   |
91 |     pub fn start_phase(&mut self, phase_name: &str) -> PhaseTimer<'_> {
   |                                                                  ++++

warning: unused `Result` that must be used
    --> src/semantic/mod.rs:2918:9
     |
2918 |         self.symbol_table.exit_scope();
     |         ^^^^^^^^^^^^^^^^^^^^^^^^^^^^^^
     |
     = note: this `Result` may be an `Err` variant, which should be handled
help: use `let _ = ...` to ignore the resulting value
     |
2918 |         let _ = self.symbol_table.exit_scope();
     |         +++++++

warning: `aether` (lib) generated 195 warnings (run `cargo fix --lib -p aether` to apply 46 suggestions)
    Finished `dev` profile [unoptimized + debuginfo] target(s) in 0.95s
     Running `target/debug/aether-compiler ast tests/fixtures/simple_module.aether`
Lexer error: UnterminatedString { location: SourceLocation { file: "tests/fixtures/simple_module.aether", line: 2, column: 9, offset: 23 } }

  left: 1
 right: 0

---- test_cli_global_debug_flag stdout ----

thread 'test_cli_global_debug_flag' (7563100) panicked at tests/cli_integration_tests.rs:284:5:
assertion `left == right` failed: Stderr:     Blocking waiting for file lock on package cache
    Blocking waiting for file lock on package cache
    Blocking waiting for file lock on package cache
    Blocking waiting for file lock on package cache
    Blocking waiting for file lock on build directory
warning: unused import: `ExampleType`
  --> src/docs/tutorial.rs:21:46
   |
21 |     CodeExample, DifficultyLevel, DocConfig, ExampleType, Exercise, Tutorial, TutorialSection,
   |                                              ^^^^^^^^^^^
   |
   = note: `#[warn(unused_imports)]` (part of `#[warn(unused)]`) on by default

warning: unused import: `std::path::Path`
  --> src/error/enhancement.rs:24:5
   |
24 | use std::path::Path;
   |     ^^^^^^^^^^^^^^^

warning: unused import: `BehavioralSpec`
  --> src/error/intent_analysis.rs:22:33
   |
22 | use crate::semantic::metadata::{BehavioralSpec, IntentSpec};
   |                                 ^^^^^^^^^^^^^^

warning: unused imports: `Expression`, `Statement`, and `TypeSpecifier`
  --> src/error/structured.rs:20:18
   |
20 | use crate::ast::{Expression, Statement, TypeSpecifier};
   |                  ^^^^^^^^^^  ^^^^^^^^^  ^^^^^^^^^^^^^

warning: unused import: `HashSet`
  --> src/llvm_backend/mod.rs:37:33
   |
37 | use std::collections::{HashMap, HashSet};
   |                                 ^^^^^^^

warning: unused import: `std::path::Path`
  --> src/lsp/server.rs:20:5
   |
20 | use std::path::Path;
   |     ^^^^^^^^^^^^^^^

warning: unused import: `BasicBlockId`
  --> src/optimizations/constant_propagation.rs:21:18
   |
21 | use crate::mir::{BasicBlockId, ConstantValue, Function, LocalId, Operand, Rvalue, Statement};
   |                  ^^^^^^^^^^^^

warning: unused imports: `BasicBlockId`, `LocalId`, `Place`, and `SourceInfo`
  --> src/optimizations/inlining.rs:22:5
   |
22 |     BasicBlockId, Function, LocalId, Operand, Place, Program, Rvalue, SourceInfo, Statement,
   |     ^^^^^^^^^^^^            ^^^^^^^           ^^^^^                   ^^^^^^^^^^

warning: unused import: `std::collections::HashMap`
  --> src/optimizations/inlining.rs:25:5
   |
25 | use std::collections::HashMap;
   |     ^^^^^^^^^^^^^^^^^^^^^^^^^

warning: unused import: `Constant`
  --> src/optimizations/interprocedural.rs:22:17
   |
22 |     BasicBlock, Constant, Function, Operand, Place, Program, Rvalue, Statement, Terminator,
   |                 ^^^^^^^^

warning: unused import: `BuildConfiguration`
  --> src/package/builder.rs:21:32
   |
21 | use crate::package::manifest::{BuildConfiguration, PackageManifest};
   |                                ^^^^^^^^^^^^^^^^^^

warning: unused import: `CacheStats`
  --> src/package/builder.rs:22:35
   |
22 | use crate::package::{BuildConfig, CacheStats};
   |                                   ^^^^^^^^^^

warning: unused imports: `BinaryOp` and `Expression as ContractExpr`
  --> src/patterns/catalog.rs:20:38
   |
20 | use crate::verification::contracts::{BinaryOp, Expression as ContractExpr};
   |                                      ^^^^^^^^  ^^^^^^^^^^^^^^^^^^^^^^^^^^

warning: unused imports: `Block`, `Expression`, `Function`, and `Statement`
  --> src/patterns/composition.rs:20:18
   |
20 | use crate::ast::{Block, Expression, Function, Statement};
   |                  ^^^^^  ^^^^^^^^^^  ^^^^^^^^  ^^^^^^^^^

warning: unused import: `crate::error::SourceLocation`
  --> src/patterns/composition.rs:21:5
   |
21 | use crate::error::SourceLocation;
   |     ^^^^^^^^^^^^^^^^^^^^^^^^^^^^

warning: unused import: `Function`
  --> src/patterns/mod.rs:23:37
   |
23 | use crate::ast::{Block, Expression, Function, Statement};
   |                                     ^^^^^^^^

warning: unused import: `crate::error::SourceLocation`
  --> src/patterns/mod.rs:24:5
   |
24 | use crate::error::SourceLocation;
   |     ^^^^^^^^^^^^^^^^^^^^^^^^^^^^

warning: unused imports: `FailoverConfig`, `FailoverThreshold`, `RecoveryConfig`, and `self`
  --> src/release/distribution.rs:23:22
   |
23 | use crate::release::{self, DistributionConfig, FailoverConfig, FailoverThreshold, RecoveryConfig};
   |                      ^^^^                      ^^^^^^^^^^^^^^  ^^^^^^^^^^^^^^^^^  ^^^^^^^^^^^^^^

warning: unused import: `crate::error::SemanticError`
  --> src/release/mod.rs:26:5
   |
26 | use crate::error::SemanticError;
   |     ^^^^^^^^^^^^^^^^^^^^^^^^^^^

warning: unused import: `OwnershipKind`
  --> src/semantic/mod.rs:32:20
   |
32 | use crate::types::{OwnershipKind, Type, TypeChecker};
   |                    ^^^^^^^^^^^^^

warning: unused import: `crate::types::Type`
  --> src/verification/contract_to_smt.rs:20:5
   |
20 | use crate::types::Type;
   |     ^^^^^^^^^^^^^^^^^^

warning: unused imports: `AggregateOp` and `TemporalOp`
  --> src/verification/contract_to_smt.rs:22:5
   |
22 |     AggregateOp, BinaryOp, ConstantValue, Expression, QuantifierKind, TemporalOp, UnaryOp,
   |     ^^^^^^^^^^^                                                       ^^^^^^^^^^

warning: unused imports: `Deserialize` and `Serialize`
  --> src/verification/contracts.rs:30:13
   |
30 | use serde::{Deserialize, Serialize};
   |             ^^^^^^^^^^^  ^^^^^^^^^

warning: unused import: `crate::ast::PrimitiveType`
  --> src/verification/vcgen.rs:23:5
   |
23 | use crate::ast::PrimitiveType;
   |     ^^^^^^^^^^^^^^^^^^^^^^^^^

warning: unused import: `crate::types::Type`
  --> src/verification/vcgen.rs:26:5
   |
26 | use crate::types::Type;
   |     ^^^^^^^^^^^^^^^^^^

warning: unused variable: `receiver`
   --> src/concurrency/actors.rs:377:22
    |
377 |         let (sender, receiver) = mpsc::channel();
    |                      ^^^^^^^^ help: if this is intentional, prefix it with an underscore: `_receiver`
    |
    = note: `#[warn(unused_variables)]` (part of `#[warn(unused)]`) on by default

warning: unused variable: `strategy`
   --> src/concurrency/actors.rs:622:12
    |
622 |     fn new(strategy: SupervisionStrategy) -> Self {
    |            ^^^^^^^^ help: if this is intentional, prefix it with an underscore: `_strategy`

warning: unused variable: `worker_id`
   --> src/concurrency/async_runtime.rs:350:13
    |
350 |         for worker_id in 0..self.config.worker_threads {
    |             ^^^^^^^^^ help: if this is intentional, prefix it with an underscore: `_worker_id`

warning: unused variable: `start_time`
   --> src/concurrency/sync_primitives.rs:568:13
    |
568 |         let start_time = Instant::now();
    |             ^^^^^^^^^^ help: if this is intentional, prefix it with an underscore: `_start_time`

warning: unused variable: `metrics`
   --> src/concurrency/sync_primitives.rs:711:23
    |
711 |         if let Ok(mut metrics) = self.rw_lock.metrics.lock() {}
    |                       ^^^^^^^ help: if this is intentional, prefix it with an underscore: `_metrics`

warning: variable does not need to be mutable
   --> src/concurrency/sync_primitives.rs:711:19
    |
711 |         if let Ok(mut metrics) = self.rw_lock.metrics.lock() {}
    |                   ----^^^^^^^
    |                   |
    |                   help: remove this `mut`
    |
    = note: `#[warn(unused_mut)]` (part of `#[warn(unused)]`) on by default

warning: unused variable: `metrics`
   --> src/concurrency/sync_primitives.rs:718:23
    |
718 |         if let Ok(mut metrics) = self.rw_lock.metrics.lock() {}
    |                       ^^^^^^^ help: if this is intentional, prefix it with an underscore: `_metrics`

warning: variable does not need to be mutable
   --> src/concurrency/sync_primitives.rs:718:19
    |
718 |         if let Ok(mut metrics) = self.rw_lock.metrics.lock() {}
    |                   ----^^^^^^^
    |                   |
    |                   help: remove this `mut`

warning: unused variable: `response_receiver`
   --> src/debug/debugger.rs:390:31
    |
390 |         let (response_sender, response_receiver) = channel();
    |                               ^^^^^^^^^^^^^^^^^ help: if this is intentional, prefix it with an underscore: `_response_receiver`

warning: unused variable: `debugger_process`
   --> src/debug/debugger.rs:393:13
    |
393 |         let debugger_process = self.start_debugger_process(&program_path)?;
    |             ^^^^^^^^^^^^^^^^ help: if this is intentional, prefix it with an underscore: `_debugger_process`

warning: unused variable: `target_info`
   --> src/debug/debugger.rs:401:13
    |
401 |         let target_info = TargetInfo {
    |             ^^^^^^^^^^^ help: if this is intentional, prefix it with an underscore: `_target_info`

warning: unused variable: `diagnostic`
   --> src/debug/lsp.rs:593:21
    |
593 |                 let diagnostic = Diagnostic {
    |                     ^^^^^^^^^^ help: if this is intentional, prefix it with an underscore: `_diagnostic`

warning: unused variable: `name`
   --> src/debug/lsp.rs:636:18
    |
636 |             for (name, symbol) in &semantic_info.symbols {
    |                  ^^^^ help: if this is intentional, prefix it with an underscore: `_name`

warning: unused variable: `uri`
   --> src/debug/lsp.rs:789:35
    |
789 |     pub fn get_diagnostics(&self, uri: &str) -> Vec<Diagnostic> {
    |                                   ^^^ help: if this is intentional, prefix it with an underscore: `_uri`

warning: unused variable: `categories`
   --> src/docs/examples.rs:132:13
    |
132 |         let categories = Self::create_example_categories();
    |             ^^^^^^^^^^ help: if this is intentional, prefix it with an underscore: `_categories`

warning: unused variable: `templates`
   --> src/docs/examples.rs:133:13
    |
133 |         let templates = Self::create_example_templates();
    |             ^^^^^^^^^ help: if this is intentional, prefix it with an underscore: `_templates`

warning: unused variable: `config`
   --> src/docs/examples.rs:131:16
    |
131 |     pub fn new(config: &DocConfig) -> Result<Self, SemanticError> {
    |                ^^^^^^ help: if this is intentional, prefix it with an underscore: `_config`

warning: unused variable: `output_dir`
  --> src/docs/generator.rs:21:16
   |
21 |     pub fn new(output_dir: String) -> Self {
   |                ^^^^^^^^^^ help: if this is intentional, prefix it with an underscore: `_output_dir`

warning: unused variable: `comment_parser`
   --> src/docs/parser.rs:132:13
    |
132 |         let comment_parser = CommentParser::new();
    |             ^^^^^^^^^^^^^^ help: if this is intentional, prefix it with an underscore: `_comment_parser`

warning: unused variable: `signature_parser`
   --> src/docs/parser.rs:133:13
    |
133 |         let signature_parser = SignatureParser::new();
    |             ^^^^^^^^^^^^^^^^ help: if this is intentional, prefix it with an underscore: `_signature_parser`

warning: unused variable: `config`
   --> src/docs/parser.rs:131:16
    |
131 |     pub fn new(config: &DocConfig) -> Result<Self, SemanticError> {
    |                ^^^^^^ help: if this is intentional, prefix it with an underscore: `_config`

warning: unused variable: `themes`
   --> src/docs/renderer.rs:368:13
    |
368 |         let themes = ThemeManager::new()?;
    |             ^^^^^^ help: if this is intentional, prefix it with an underscore: `_themes`

warning: unused variable: `search_paths`
   --> src/docs/renderer.rs:539:13
    |
539 |         let search_paths = vec![base_dir.join("templates"), PathBuf::from("templates")];
    |             ^^^^^^^^^^^^ help: if this is intentional, prefix it with an underscore: `_search_paths`

warning: unused variable: `helpers`
   --> src/docs/renderer.rs:558:13
    |
558 |         let helpers = Self::create_default_helpers();
    |             ^^^^^^^ help: if this is intentional, prefix it with an underscore: `_helpers`

warning: unused variable: `processors`
   --> src/docs/renderer.rs:879:13
    |
879 |         let processors: Vec<&dyn Fn(&str) -> String> = vec![];
    |             ^^^^^^^^^^ help: if this is intentional, prefix it with an underscore: `_processors`

warning: unused variable: `options`
    --> src/docs/renderer.rs:1185:13
     |
1185 |         let options = MarkdownOptions {
     |             ^^^^^^^ help: if this is intentional, prefix it with an underscore: `_options`

warning: unused variable: `toc_generator`
    --> src/docs/renderer.rs:1192:13
     |
1192 |         let toc_generator = TocGenerator {};
     |             ^^^^^^^^^^^^^ help: if this is intentional, prefix it with an underscore: `_toc_generator`

warning: unused variable: `options`
    --> src/docs/renderer.rs:1347:13
     |
1347 |         let options = PdfOptions {
     |             ^^^^^^^ help: if this is intentional, prefix it with an underscore: `_options`

warning: unused variable: `layout`
    --> src/docs/renderer.rs:1354:13
     |
1354 |         let layout = PageLayout {
     |             ^^^^^^ help: if this is intentional, prefix it with an underscore: `_layout`

warning: unused variable: `templates`
  --> src/docs/tutorial.rs:98:13
   |
98 |         let templates = Self::create_tutorial_templates();
   |             ^^^^^^^^^ help: if this is intentional, prefix it with an underscore: `_templates`

warning: unused variable: `config`
  --> src/docs/tutorial.rs:97:16
   |
97 |     pub fn new(config: &DocConfig) -> Result<Self, SemanticError> {
   |                ^^^^^^ help: if this is intentional, prefix it with an underscore: `_config`

warning: unused variable: `function`
   --> src/error/intent_analysis.rs:142:9
    |
142 |         function: &Function,
    |         ^^^^^^^^ help: if this is intentional, prefix it with an underscore: `_function`

warning: unused variable: `error`
   --> src/error/structured.rs:434:26
    |
434 |     fn fix_type_mismatch(error: &CompilerError) -> Vec<FixSuggestion> {
    |                          ^^^^^ help: if this is intentional, prefix it with an underscore: `_error`

warning: unused variable: `error`
   --> src/error/structured.rs:455:29
    |
455 |     fn fix_undefined_symbol(error: &CompilerError) -> Vec<FixSuggestion> {
    |                             ^^^^^ help: if this is intentional, prefix it with an underscore: `_error`

warning: unreachable pattern
   --> src/lexer/mod.rs:716:17
    |
685 |                 Some('\'') => {
    |                 ---------- matches all the relevant values
...
716 |                 Some('\'') => {
    |                 ^^^^^^^^^^ no value can reach this
    |
    = note: `#[warn(unreachable_patterns)]` (part of `#[warn(unused)]`) on by default

warning: unused variable: `function`
   --> src/llvm_backend/codegen.rs:157:13
    |
157 |         let function = self.module.add_function(name, fn_type, None);
    |             ^^^^^^^^ help: if this is intentional, prefix it with an underscore: `_function`

warning: unused variable: `i`
   --> src/llvm_backend/mod.rs:625:18
    |
625 |             for (i, stmt) in mir_block.statements.iter().enumerate() {
    |                  ^ help: if this is intentional, prefix it with an underscore: `_i`

warning: unnecessary `unsafe` block
   --> src/llvm_backend/mod.rs:919:41
    |
919 |                         let field_ptr = unsafe {
    |                                         ^^^^^^ unnecessary `unsafe` block
    |
    = note: `#[warn(unused_unsafe)]` (part of `#[warn(unused)]`) on by default

warning: unreachable pattern
    --> src/llvm_backend/mod.rs:2437:13
     |
 986 |             mir::Rvalue::AddressOf(place) => {
     |             ----------------------------- matches all the relevant values
...
2437 |             &mir::Rvalue::AddressOf(_) => todo!(),
     |             ^^^^^^^^^^^^^^^^^^^^^^^^^^ no value can reach this

warning: unused variable: `int_val`
    --> src/llvm_backend/mod.rs:1541:58
     |
1541 | ...                   BasicValueEnum::IntValue(int_val) => {
     |                                                ^^^^^^^ help: if this is intentional, prefix it with an underscore: `_int_val`

warning: unused variable: `field_names`
    --> src/llvm_backend/mod.rs:1836:61
     |
1836 |                     mir::AggregateKind::Struct(struct_name, field_names) => {
     |                                                             ^^^^^^^^^^^ help: if this is intentional, prefix it with an underscore: `_field_names`

warning: value assigned to `struct_size` is never read
    --> src/llvm_backend/mod.rs:1860:33
     |
1860 |                         let mut struct_size = 0u64;
     |                                 ^^^^^^^^^^^
     |
     = help: maybe it is overwritten before being read?
     = note: `#[warn(unused_assignments)]` (part of `#[warn(unused)]`) on by default

warning: variable does not need to be mutable
    --> src/llvm_backend/mod.rs:2152:29
     |
2152 |                         let mut current_type =
     |                             ----^^^^^^^^^^^^
     |                             |
     |                             help: remove this `mut`

warning: unused variable: `i64_type`
    --> src/llvm_backend/mod.rs:3210:13
     |
3210 |         let i64_type = self.context.i64_type();
     |             ^^^^^^^^ help: if this is intentional, prefix it with an underscore: `_i64_type`

warning: unused variable: `void_type`
    --> src/llvm_backend/mod.rs:3213:13
     |
3213 |         let void_type = self.context.void_type();
     |             ^^^^^^^^^ help: if this is intentional, prefix it with an underscore: `_void_type`

warning: unnecessary `unsafe` block
    --> src/llvm_backend/mod.rs:3662:33
     |
3662 |                 let field_ptr = unsafe {
     |                                 ^^^^^^ unnecessary `unsafe` block

warning: unused variable: `parent`
   --> src/memory/mod.rs:110:37
    |
110 |     pub fn create_region(&mut self, parent: Option<RegionId>) -> RegionId {
    |                                     ^^^^^^ help: if this is intentional, prefix it with an underscore: `_parent`

warning: unused variable: `operand`
   --> src/memory/mod.rs:307:48
    |
307 |                 if let Expression::AddressOf { operand, .. } = &**expr {
    |                                                ^^^^^^^-
    |                                                |
    |                                                help: try removing the field

warning: unused variable: `region_id`
   --> src/memory/mod.rs:441:38
    |
441 |     fn get_region_allocations(&self, region_id: &RegionId) -> Vec<AllocationInfo> {
    |                                      ^^^^^^^^^ help: if this is intentional, prefix it with an underscore: `_region_id`

warning: unused variable: `source_location`
   --> src/mir/lowering.rs:608:17
    |
608 |                 source_location,
    |                 ^^^^^^^^^^^^^^^ help: try ignoring the field: `source_location: _`

warning: unused variable: `source_location`
   --> src/mir/lowering.rs:621:17
    |
621 |                 source_location,
    |                 ^^^^^^^^^^^^^^^ help: try ignoring the field: `source_location: _`

warning: unused variable: `source_location`
   --> src/mir/lowering.rs:675:17
    |
675 |                 source_location,
    |                 ^^^^^^^^^^^^^^^ help: try ignoring the field: `source_location: _`

warning: unused variable: `source_location`
   --> src/mir/lowering.rs:685:17
    |
685 |                 source_location,
    |                 ^^^^^^^^^^^^^^^ help: try ignoring the field: `source_location: _`

warning: unused variable: `module`
    --> src/mir/lowering.rs:2544:33
     |
2544 |             Type::Named { name, module } => {
     |                                 ^^^^^^ help: try ignoring the field: `module: _`

warning: unused variable: `map`
    --> src/mir/lowering.rs:2668:47
     |
2668 |             ast::AssignmentTarget::MapValue { map, key } => {
     |                                               ^^^ help: try ignoring the field: `map: _`

warning: unused variable: `key`
    --> src/mir/lowering.rs:2668:52
     |
2668 |             ast::AssignmentTarget::MapValue { map, key } => {
     |                                                    ^^^ help: try ignoring the field: `key: _`

warning: unreachable pattern
    --> src/mir/lowering.rs:3998:13
     |
3934 |               ast::Pattern::Wildcard { binding, .. } => {
     |               -------------------------------------- matches all the relevant values
...
3998 | /             ast::Pattern::Wildcard {
3999 | |                 binding: Some(binding_name),
4000 | |                 source_location,
4001 | |             } => {
     | |_____________^ no value can reach this

warning: unreachable pattern
    --> src/mir/lowering.rs:4061:13
     |
3934 |             ast::Pattern::Wildcard { binding, .. } => {
     |             -------------------------------------- matches all the relevant values
...
4061 |             ast::Pattern::Wildcard { binding: None, .. } => {
     |             ^^^^^^^^^^^^^^^^^^^^^^^^^^^^^^^^^^^^^^^^^^^^ no value can reach this

warning: unused variable: `st`
    --> src/mir/lowering.rs:3792:49
     |
3792 |                     let data_type = if let Some(st) = &self.symbol_table {
     |                                                 ^^ help: if this is intentional, prefix it with an underscore: `_st`

warning: unused variable: `inner_variant`
    --> src/mir/lowering.rs:3819:43
     |
3819 | ...                   variant_name: inner_variant,
     |                                     ^^^^^^^^^^^^^ help: if this is intentional, prefix it with an underscore: `_inner_variant`

warning: unused variable: `target_type`
    --> src/mir/lowering.rs:4665:13
     |
4665 |         let target_type = match pointer_type {
     |             ^^^^^^^^^^^ help: if this is intentional, prefix it with an underscore: `_target_type`

warning: unused variable: `cycle`
   --> src/module_loader.rs:280:17
    |
280 |             let cycle: Vec<String> = stack[cycle_start..].to_vec();
    |                 ^^^^^ help: if this is intentional, prefix it with an underscore: `_cycle`

warning: unused variable: `depth`
  --> src/optimizations/inlining.rs:52:44
   |
52 |     pub fn set_max_inline_depth(&mut self, depth: usize) {}
   |                                            ^^^^^ help: if this is intentional, prefix it with an underscore: `_depth`

warning: unused variable: `function_name`
   --> src/optimizations/interprocedural.rs:667:14
    |
667 |         for (function_name, summary) in summaries {
    |              ^^^^^^^^^^^^^ help: if this is intentional, prefix it with an underscore: `_function_name`

warning: unused variable: `function_name`
   --> src/optimizations/interprocedural.rs:782:14
    |
782 |         for (function_name, function) in &program.functions {
    |              ^^^^^^^^^^^^^ help: if this is intentional, prefix it with an underscore: `_function_name`

warning: unused variable: `function`
   --> src/optimizations/interprocedural.rs:782:29
    |
782 |         for (function_name, function) in &program.functions {
    |                             ^^^^^^^^ help: if this is intentional, prefix it with an underscore: `_function`

warning: unused variable: `function_name`
   --> src/optimizations/interprocedural.rs:799:14
    |
799 |         for (function_name, function) in &program.functions {
    |              ^^^^^^^^^^^^^ help: if this is intentional, prefix it with an underscore: `_function_name`

warning: unused variable: `function_name`
   --> src/optimizations/interprocedural.rs:821:14
    |
821 |         for (function_name, function) in &program.functions {
    |              ^^^^^^^^^^^^^ help: if this is intentional, prefix it with an underscore: `_function_name`

warning: unused variable: `constant`
   --> src/optimizations/interprocedural.rs:856:21
    |
856 |         for (place, constant) in assignments {
    |                     ^^^^^^^^ help: if this is intentional, prefix it with an underscore: `_constant`

warning: unused variable: `var_name`
   --> src/optimizations/interprocedural.rs:857:17
    |
857 |             let var_name = format!("{}::{}", function.name, place.local);
    |                 ^^^^^^^^ help: if this is intentional, prefix it with an underscore: `_var_name`

warning: unused variable: `end_loc`
    --> src/parser/v2.rs:2883:17
     |
2883 |             let end_loc = self.current_location();
     |                 ^^^^^^^ help: if this is intentional, prefix it with an underscore: `_end_loc`

warning: unused variable: `field_location`
    --> src/parser/mod.rs:1420:17
     |
1420 |             let field_location = field_keyword.location.clone();
     |                 ^^^^^^^^^^^^^^ help: if this is intentional, prefix it with an underscore: `_field_location`

warning: variable does not need to be mutable
    --> src/parser/mod.rs:1875:13
     |
1875 |         let mut constraints = Vec::new();
     |             ----^^^^^^^^^^^
     |             |
     |             help: remove this `mut`

warning: variable `generic_parameters` is assigned to, but never used
    --> src/parser/mod.rs:1927:17
     |
1927 |         let mut generic_parameters = Vec::new();
     |                 ^^^^^^^^^^^^^^^^^^
     |
     = note: consider using `_generic_parameters` instead

warning: variable `lifetime_parameters` is assigned to, but never used
    --> src/parser/mod.rs:1928:17
     |
1928 |         let mut lifetime_parameters = Vec::new();
     |                 ^^^^^^^^^^^^^^^^^^^
     |
     = note: consider using `_lifetime_parameters` instead

warning: value assigned to `generic_parameters` is never read
    --> src/parser/mod.rs:1977:29
     |
1977 | ...                   generic_parameters = self.parse_generic_parameters()?;
     |                       ^^^^^^^^^^^^^^^^^^
     |
     = help: maybe it is overwritten before being read?

warning: value assigned to `lifetime_parameters` is never read
    --> src/parser/mod.rs:1981:29
     |
1981 | ...                   lifetime_parameters = self.parse_lifetime_parameters()?;
     |                       ^^^^^^^^^^^^^^^^^^^
     |
     = help: maybe it is overwritten before being read?

warning: variable does not need to be mutable
    --> src/parser/mod.rs:1926:13
     |
1926 |         let mut intent = None;
     |             ----^^^^^^
     |             |
     |             help: remove this `mut`

warning: unused variable: `nested_pattern`
    --> src/parser/mod.rs:4182:22
     |
4182 |                 let (nested_pattern, binding) = if let Some(token) = self.current_token() {
     |                      ^^^^^^^^^^^^^^ help: if this is intentional, prefix it with an underscore: `_nested_pattern`

warning: variable does not need to be mutable
    --> src/parser/mod.rs:4599:13
     |
4599 |         let mut invariants = Vec::new();
     |             ----^^^^^^^^^^
     |             |
     |             help: remove this `mut`

warning: variable does not need to be mutable
   --> src/patterns/catalog.rs:132:21
    |
132 |                 let mut contract = create_pattern_contract("safe_array_access");
    |                     ----^^^^^^^^
    |                     |
    |                     help: remove this `mut`

warning: variable does not need to be mutable
   --> src/patterns/catalog.rs:392:21
    |
392 |                 let mut contract = create_pattern_contract("binary_search");
    |                     ----^^^^^^^^
    |                     |
    |                     help: remove this `mut`

warning: variable does not need to be mutable
   --> src/patterns/catalog.rs:536:21
    |
536 |                 let mut contract = create_pattern_contract("map_filter_reduce");
    |                     ----^^^^^^^^
    |                     |
    |                     help: remove this `mut`

warning: variable does not need to be mutable
   --> src/patterns/catalog.rs:804:21
    |
804 |                 let mut contract = create_pattern_contract("raii_wrapper");
    |                     ----^^^^^^^^
    |                     |
    |                     help: remove this `mut`

warning: variable does not need to be mutable
   --> src/patterns/catalog.rs:931:21
    |
931 |                 let mut contract = create_pattern_contract("result_type");
    |                     ----^^^^^^^^
    |                     |
    |                     help: remove this `mut`

warning: variable does not need to be mutable
    --> src/patterns/catalog.rs:1049:21
     |
1049 |                 let mut contract = create_pattern_contract("input_validation");
     |                     ----^^^^^^^^
     |                     |
     |                     help: remove this `mut`

warning: unused variable: `data_flow`
   --> src/patterns/composition.rs:519:9
    |
519 |         data_flow: &DataFlowSpec,
    |         ^^^^^^^^^ help: if this is intentional, prefix it with an underscore: `_data_flow`

warning: unused variable: `config`
   --> src/release/distribution.rs:947:16
    |
947 |     pub fn new(config: DistributionConfig) -> Result<Self, SemanticError> {
    |                ^^^^^^ help: if this is intentional, prefix it with an underscore: `_config`

warning: unused variable: `cache_config`
    --> src/release/distribution.rs:1135:13
     |
1135 |         let cache_config = CacheConfig {
     |             ^^^^^^^^^^^^ help: if this is intentional, prefix it with an underscore: `_cache_config`

warning: unused variable: `c_string`
   --> src/runtime/mod.rs:170:9
    |
170 |     let c_string = result.as_ptr() as *mut c_char;
    |         ^^^^^^^^ help: if this is intentional, prefix it with an underscore: `_c_string`

warning: unused variable: `constraint`
   --> src/semantic/metadata.rs:462:25
    |
462 |             if let Some(constraint) = &sem_type.constraint {
    |                         ^^^^^^^^^^ help: if this is intentional, prefix it with an underscore: `_constraint`

warning: unused variable: `e`
  --> src/semantic/ownership.rs:41:32
   |
41 |                     if let Err(e) = self.symbol_table.mark_variable_moved(&name.name) {
   |                                ^ help: if this is intentional, prefix it with an underscore: `_e`

warning: unused variable: `e`
  --> src/semantic/ownership.rs:66:36
   |
66 |                         if let Err(e) = self.symbol_table.mark_variable_moved(&name.name) {
   |                                    ^ help: if this is intentional, prefix it with an underscore: `_e`

warning: unused variable: `enum_name`
    --> src/semantic/mod.rs:1549:17
     |
1549 |                 enum_name,
     |                 ^^^^^^^^^ help: try ignoring the field: `enum_name: _`

warning: unused variable: `source_location`
    --> src/semantic/mod.rs:1726:17
     |
1726 |                 source_location,
     |                 ^^^^^^^^^^^^^^^ help: try ignoring the field: `source_location: _`

warning: unused variable: `source_location`
    --> src/semantic/mod.rs:1921:17
     |
1921 |                 source_location,
     |                 ^^^^^^^^^^^^^^^ help: try ignoring the field: `source_location: _`

warning: unused variable: `size_type`
  --> src/stdlib/network.rs:41:9
   |
41 |     let size_type = TypeSpecifier::Primitive {
   |         ^^^^^^^^^ help: if this is intentional, prefix it with an underscore: `_size_type`

warning: unused variable: `contract`
   --> src/verification/contracts.rs:811:13
    |
811 |     let mut contract = FunctionContract::new(function.name.name.clone());
    |             ^^^^^^^^ help: if this is intentional, prefix it with an underscore: `_contract`

warning: variable does not need to be mutable
   --> src/verification/contracts.rs:811:9
    |
811 |     let mut contract = FunctionContract::new(function.name.name.clone());
    |         ----^^^^^^^^
    |         |
    |         help: remove this `mut`

warning: unused variable: `place`
   --> src/verification/vcgen.rs:382:25
    |
382 |             Rvalue::Len(place) => {
    |                         ^^^^^ help: if this is intentional, prefix it with an underscore: `_place`

warning: field `associated_mutex` is never read
  --> src/concurrency/sync_primitives.rs:89:5
   |
84 | pub struct AetherCondVar {
   |            ------------- field in this struct
...
89 |     associated_mutex: Option<String>,
   |     ^^^^^^^^^^^^^^^^
   |
   = note: `AetherCondVar` has a derived impl for the trait `Debug`, but this is intentionally ignored during dead code analysis
   = note: `#[warn(dead_code)]` (part of `#[warn(unused)]`) on by default

warning: struct `BarrierState` is never constructed
   --> src/concurrency/sync_primitives.rs:137:8
    |
137 | struct BarrierState {
    |        ^^^^^^^^^^^^

warning: field `barrier_cycles` is never read
   --> src/concurrency/sync_primitives.rs:200:5
    |
198 | struct BarrierMetrics {
    |        -------------- field in this struct
199 |     wait_count: u64,
200 |     barrier_cycles: u64,
    |     ^^^^^^^^^^^^^^
    |
    = note: `BarrierMetrics` has a derived impl for the trait `Debug`, but this is intentionally ignored during dead code analysis

warning: field `acquired_at` is never read
   --> src/concurrency/sync_primitives.rs:236:5
    |
234 | pub struct ReadGuard<'a> {
    |            --------- field in this struct
235 |     rw_lock: &'a AetherRwLock,
236 |     acquired_at: Instant,
    |     ^^^^^^^^^^^

warning: field `acquired_at` is never read
   --> src/concurrency/sync_primitives.rs:242:5
    |
240 | pub struct WriteGuard<'a> {
    |            ---------- field in this struct
241 |     rw_lock: &'a AetherRwLock,
242 |     acquired_at: Instant,
    |     ^^^^^^^^^^^

warning: fields `target_pid` and `breakpoints` are never read
  --> src/debug/debugger.rs:51:5
   |
49 | pub struct DebugSession {
   |            ------------ fields in this struct
50 |     /// Target process ID
51 |     target_pid: Option<u32>,
   |     ^^^^^^^^^^
...
57 |     breakpoints: Arc<Mutex<HashMap<String, Vec<Breakpoint>>>>,
   |     ^^^^^^^^^^^
   |
   = note: `DebugSession` has a derived impl for the trait `Debug`, but this is intentionally ignored during dead code analysis

warning: fields `diagnostics_provider` and `shutdown` are never read
  --> src/debug/lsp.rs:45:5
   |
34 | pub struct LanguageServer {
   |            -------------- fields in this struct
...
45 |     diagnostics_provider: DiagnosticsProvider,
   |     ^^^^^^^^^^^^^^^^^^^^
...
51 |     shutdown: Arc<AtomicBool>,
   |     ^^^^^^^^
   |
   = note: `LanguageServer` has a derived impl for the trait `Debug`, but this is intentionally ignored during dead code analysis

warning: field `diagnostics` is never read
   --> src/debug/lsp.rs:333:5
    |
331 | pub struct DiagnosticEngine {
    |            ---------------- field in this struct
332 |     /// Active diagnostics by document
333 |     diagnostics: HashMap<String, Vec<Diagnostic>>,
    |     ^^^^^^^^^^^
    |
    = note: `DiagnosticEngine` has a derived impl for the trait `Debug`, but this is intentionally ignored during dead code analysis

warning: field `snippets` is never read
   --> src/debug/lsp.rs:343:5
    |
338 | pub struct CompletionProvider {
    |            ------------------ field in this struct
...
343 |     snippets: HashMap<String, String>,
    |     ^^^^^^^^
    |
    = note: `CompletionProvider` has a derived impl for the trait `Debug`, but this is intentionally ignored during dead code analysis

warning: fields `source_parser` and `markdown_parser` are never read
  --> src/docs/parser.rs:39:5
   |
37 | pub struct DocParser {
   |            --------- fields in this struct
38 |     /// Source code parser
39 |     source_parser: SourceParser,
   |     ^^^^^^^^^^^^^
...
42 |     markdown_parser: MarkdownParser,
   |     ^^^^^^^^^^^^^^^
   |
   = note: `DocParser` has a derived impl for the trait `Debug`, but this is intentionally ignored during dead code analysis

warning: field `patterns` is never read
  --> src/docs/parser.rs:74:5
   |
72 | pub struct CommentParser {
   |            ------------- field in this struct
73 |     /// Comment prefix patterns
74 |     patterns: CommentPatterns,
   |     ^^^^^^^^
   |
   = note: `CommentParser` has a derived impl for the trait `Debug`, but this is intentionally ignored during dead code analysis

warning: field `location` is never read
   --> src/docs/parser.rs:725:5
    |
714 | struct ParsedItem {
    |        ---------- field in this struct
...
725 |     location: SourceLocation,
    |     ^^^^^^^^
    |
    = note: `ParsedItem` has derived impls for the traits `Clone` and `Debug`, but these are intentionally ignored during dead code analysis

warning: variants `Module`, `Enum`, `Trait`, `TypeAlias`, `Import`, and `Macro` are never constructed
   --> src/docs/parser.rs:731:5
    |
730 | enum ItemType {
    |      -------- variants in this enum
731 |     Module,
    |     ^^^^^^
...
734 |     Enum,
    |     ^^^^
735 |     Trait,
    |     ^^^^^
736 |     TypeAlias,
    |     ^^^^^^^^^
737 |     Constant,
738 |     Import,
    |     ^^^^^^
739 |     Macro,
    |     ^^^^^
    |
    = note: `ItemType` has derived impls for the traits `Clone` and `Debug`, but these are intentionally ignored during dead code analysis

warning: methods `parse_documentation`, `clean_comment_line`, `extract_tag`, `tag_to_section`, and `finalize_section` are never used
   --> src/docs/parser.rs:774:8
    |
761 | impl CommentParser {
    | ------------------ methods in this implementation
...
774 |     fn parse_documentation(&self, raw_docs: &str) -> Result<ParsedDoc, SemanticError> {
    |        ^^^^^^^^^^^^^^^^^^^
...
837 |     fn clean_comment_line(&self, line: &str) -> String {
    |        ^^^^^^^^^^^^^^^^^^
...
850 |     fn extract_tag(&self, line: &str) -> Option<String> {
    |        ^^^^^^^^^^^
...
862 |     fn tag_to_section(&self, tag: &str) -> DocSection {
    |        ^^^^^^^^^^^^^^
...
872 |     fn finalize_section(
    |        ^^^^^^^^^^^^^^^^

warning: variant `Tag` is never constructed
   --> src/docs/parser.rs:933:5
    |
927 | enum DocSection {
    |      ---------- variant in this enum
...
933 |     Tag(String),
    |     ^^^
    |
    = note: `DocSection` has derived impls for the traits `Clone` and `Debug`, but these are intentionally ignored during dead code analysis

warning: methods `parse_function_signature`, `parse_type_definition`, `extract_function_name`, and `extract_type_name` are never used
   --> src/docs/parser.rs:941:8
    |
936 | impl SignatureParser {
    | -------------------- methods in this implementation
...
941 |     fn parse_function_signature(&self, source: &str) -> Result<FunctionSignature, SemanticError> {
    |        ^^^^^^^^^^^^^^^^^^^^^^^^
...
957 |     fn parse_type_definition(&self, source: &str) -> Result<TypeInfo, SemanticError> {
    |        ^^^^^^^^^^^^^^^^^^^^^
...
970 |     fn extract_function_name(&self, source: &str) -> String {
    |        ^^^^^^^^^^^^^^^^^^^^^
...
981 |     fn extract_type_name(&self, source: &str) -> String {
    |        ^^^^^^^^^^^^^^^^^

warning: fields `template_engine` and `output_format` are never read
  --> src/docs/renderer.rs:32:5
   |
30 | pub struct DocRenderer {
   |            ----------- fields in this struct
31 |     /// Template engine for rendering
32 |     template_engine: TemplateEngine,
   |     ^^^^^^^^^^^^^^^
...
38 |     output_format: OutputFormat,
   |     ^^^^^^^^^^^^^
   |
   = note: `DocRenderer` has a derived impl for the trait `Debug`, but this is intentionally ignored during dead code analysis

warning: field `templates` is never read
  --> src/docs/renderer.rs:45:5
   |
43 | pub struct TemplateEngine {
   |            -------------- field in this struct
44 |     /// Loaded templates
45 |     templates: HashMap<String, String>,
   |     ^^^^^^^^^
   |
   = note: `TemplateEngine` has a derived impl for the trait `Debug`, but this is intentionally ignored during dead code analysis

warning: field `doc` is never read
   --> src/docs/renderer.rs:227:5
    |
225 | pub struct HtmlRenderer<'a> {
    |            ------------ field in this struct
226 |     /// Documentation to render
227 |     doc: &'a Documentation,
    |     ^^^
    |
    = note: `HtmlRenderer` has a derived impl for the trait `Debug`, but this is intentionally ignored during dead code analysis

warning: method `render_template` is never used
   --> src/docs/renderer.rs:849:8
    |
536 | impl TemplateEngine {
    | ------------------- method in this implementation
...
849 |     fn render_template(
    |        ^^^^^^^^^^^^^^^

warning: field `intent_keywords` is never read
   --> src/error/intent_analysis.rs:234:5
    |
233 | struct IntentPattern {
    |        ------------- field in this struct
234 |     intent_keywords: Vec<String>,
    |     ^^^^^^^^^^^^^^^

warning: field `patterns` is never read
   --> src/error/structured.rs:397:5
    |
396 | pub struct ErrorPatterns {
    |            ------------- field in this struct
397 |     patterns: HashMap<String, ErrorPattern>,
    |     ^^^^^^^^

warning: fields `code_prefix`, `matcher`, and `fixer` are never read
   --> src/error/structured.rs:402:5
    |
401 | struct ErrorPattern {
    |        ------------ fields in this struct
402 |     code_prefix: String,
    |     ^^^^^^^^^^^
403 |     matcher: fn(&CompilerError) -> bool,
    |     ^^^^^^^
404 |     fixer: fn(&CompilerError) -> Vec<FixSuggestion>,
    |     ^^^^^
    |
    = note: `ErrorPattern` has a derived impl for the trait `Clone`, but this is intentionally ignored during dead code analysis

warning: field `include_snippets` is never read
   --> src/error/structured.rs:510:5
    |
509 | pub struct LLMErrorFormatter {
    |            ----------------- field in this struct
510 |     include_snippets: bool,
    |     ^^^^^^^^^^^^^^^^

warning: method `read_quoted_identifier` is never used
   --> src/lexer/mod.rs:506:8
    |
 90 | impl Lexer {
    | ---------- method in this implementation
...
506 |     fn read_quoted_identifier(&mut self) -> Result<Token, LexerError> {
    |        ^^^^^^^^^^^^^^^^^^^^^^

warning: method `get_type_id` is never used
  --> src/llvm_backend/mod.rs:96:8
   |
65 | impl CleanupInfo {
   | ---------------- method in this implementation
...
96 |     fn get_type_id(&self, local_id: &mir::LocalId) -> TypeId {
   |        ^^^^^^^^^^^

warning: field `module` is never read
  --> src/lsp/server.rs:36:5
   |
34 | struct DocumentState {
   |        ------------- field in this struct
35 |     text: String,
36 |     module: Option<Module>,
   |     ^^^^^^
   |
   = note: `DocumentState` has a derived impl for the trait `Debug`, but this is intentionally ignored during dead code analysis

warning: fields `start`, `size`, `permissions`, and `status` are never read
  --> src/memory/mod.rs:61:5
   |
59 | struct MemoryRegion {
   |        ------------ fields in this struct
60 |     /// Start address
61 |     start: usize,
   |     ^^^^^
...
64 |     size: usize,
   |     ^^^^
...
67 |     permissions: MemoryPermissions,
   |     ^^^^^^^^^^^
...
70 |     status: AllocationStatus,
   |     ^^^^^^
   |
   = note: `MemoryRegion` has a derived impl for the trait `Debug`, but this is intentionally ignored during dead code analysis

warning: method `analyze_expression_memory` is never used
   --> src/memory/mod.rs:151:8
    |
 95 | impl MemoryAnalyzer {
    | ------------------- method in this implementation
...
151 |     fn analyze_expression_memory(
    |        ^^^^^^^^^^^^^^^^^^^^^^^^^

warning: field `parent` is never read
   --> src/mir/mod.rs:446:5
    |
445 | struct Scope {
    |        ----- field in this struct
446 |     parent: Option<ScopeId>,
    |     ^^^^^^

warning: method `get_enum_variant_associated_type` is never used
    --> src/mir/lowering.rs:4089:8
     |
  74 | impl LoweringContext {
     | -------------------- method in this implementation
...
4089 |     fn get_enum_variant_associated_type(
     |        ^^^^^^^^^^^^^^^^^^^^^^^^^^^^^^^^

warning: field `inlined_functions` is never read
  --> src/optimizations/inlining.rs:35:5
   |
30 | pub struct InliningPass {
   |            ------------ field in this struct
...
35 |     inlined_functions: HashSet<String>,
   |     ^^^^^^^^^^^^^^^^^
   |
   = note: `InliningPass` has a derived impl for the trait `Debug`, but this is intentionally ignored during dead code analysis

warning: fields `summaries` and `global_constants` are never read
  --> src/optimizations/interprocedural.rs:34:5
   |
29 | pub struct InterproceduralAnalysisPass {
   |            --------------------------- fields in this struct
...
34 |     summaries: HashMap<String, FunctionSummary>,
   |     ^^^^^^^^^
...
37 |     global_constants: GlobalConstantAnalysis,
   |     ^^^^^^^^^^^^^^^^
   |
   = note: `InterproceduralAnalysisPass` has a derived impl for the trait `Debug`, but this is intentionally ignored during dead code analysis

warning: fields `pure_functions`, `readonly_functions`, `modifying_functions`, `throwing_functions`, and `nonterminating_functions` are never read
  --> src/optimizations/interprocedural.rs:63:5
   |
61 | pub struct SideEffectAnalysis {
   |            ------------------ fields in this struct
62 |     /// Functions that are pure (no side effects)
63 |     pure_functions: HashSet<String>,
   |     ^^^^^^^^^^^^^^
...
66 |     readonly_functions: HashSet<String>,
   |     ^^^^^^^^^^^^^^^^^^
...
69 |     modifying_functions: HashSet<String>,
   |     ^^^^^^^^^^^^^^^^^^^
...
72 |     throwing_functions: HashSet<String>,
   |     ^^^^^^^^^^^^^^^^^^
...
75 |     nonterminating_functions: HashSet<String>,
   |     ^^^^^^^^^^^^^^^^^^^^^^^^
   |
   = note: `SideEffectAnalysis` has a derived impl for the trait `Debug`, but this is intentionally ignored during dead code analysis

warning: field `induction_variable` is never read
   --> src/optimizations/vectorization.rs:662:5
    |
659 | struct LoopInfo {
    |        -------- field in this struct
...
662 |     induction_variable: Option<Place>,
    |     ^^^^^^^^^^^^^^^^^^
    |
    = note: `LoopInfo` has derived impls for the traits `Clone` and `Debug`, but these are intentionally ignored during dead code analysis

warning: field `artifacts` is never read
  --> src/package/builder.rs:35:5
   |
30 | pub struct PackageBuilder {
   |            -------------- field in this struct
...
35 |     artifacts: Vec<BuildArtifact>,
   |     ^^^^^^^^^
   |
   = note: `PackageBuilder` has a derived impl for the trait `Debug`, but this is intentionally ignored during dead code analysis

warning: fields `artifacts`, `source_timestamps`, `dependency_timestamps`, `config_hash`, and `stats` are never read
  --> src/package/builder.rs:51:5
   |
49 | pub struct BuildCache {
   |            ---------- fields in this struct
50 |     /// Cached build artifacts
51 |     artifacts: HashMap<String, CachedArtifact>,
   |     ^^^^^^^^^
...
54 |     source_timestamps: HashMap<PathBuf, std::time::SystemTime>,
   |     ^^^^^^^^^^^^^^^^^
...
57 |     dependency_timestamps: HashMap<String, std::time::SystemTime>,
   |     ^^^^^^^^^^^^^^^^^^^^^
...
60 |     config_hash: Option<String>,
   |     ^^^^^^^^^^^
...
63 |     stats: BuildCacheStats,
   |     ^^^^^
   |
   = note: `BuildCache` has a derived impl for the trait `Debug`, but this is intentionally ignored during dead code analysis

warning: field `sandbox_config` is never read
   --> src/package/builder.rs:284:5
    |
282 | pub struct BuildScriptRunner {
    |            ----------------- field in this struct
283 |     /// Sandbox configuration
284 |     sandbox_config: SandboxConfig,
    |     ^^^^^^^^^^^^^^
    |
    = note: `BuildScriptRunner` has a derived impl for the trait `Debug`, but this is intentionally ignored during dead code analysis

warning: method `clear` is never used
   --> src/package/builder.rs:882:8
    |
881 | impl BuildCache {
    | --------------- method in this implementation
882 |     fn clear(&mut self) {
    |        ^^^^^

warning: methods `execute_shell_script`, `execute_python_script`, `execute_node_script`, `execute_custom_script`, and `execute_external_script` are never used
   --> src/package/builder.rs:949:8
    |
891 | impl BuildScriptRunner {
    | ---------------------- methods in this implementation
...
949 |     fn execute_shell_script(
    |        ^^^^^^^^^^^^^^^^^^^^
...
960 |     fn execute_python_script(
    |        ^^^^^^^^^^^^^^^^^^^^^
...
971 |     fn execute_node_script(
    |        ^^^^^^^^^^^^^^^^^^^
...
982 |     fn execute_custom_script(
    |        ^^^^^^^^^^^^^^^^^^^^^
...
994 |     fn execute_external_script(
    |        ^^^^^^^^^^^^^^^^^^^^^^^

warning: field `client` is never read
   --> src/package/registry.rs:109:5
    |
107 | pub struct HttpClient {
    |            ---------- field in this struct
108 |     /// HTTP client
109 |     client: reqwest::Client,
    |     ^^^^^^
    |
    = note: `HttpClient` has a derived impl for the trait `Debug`, but this is intentionally ignored during dead code analysis

warning: method `peek_keyword` is never used
   --> src/parser/mod.rs:555:8
    |
255 | impl Parser {
    | ----------- method in this implementation
...
555 |     fn peek_keyword(&self, expected: KeywordType) -> bool {
    |        ^^^^^^^^^^^^

warning: multiple methods are never used
   --> src/parser/v2.rs:210:8
    |
 80 | impl Parser {
    | ----------- methods in this implementation
...
210 |     fn synchronize(&mut self) {
    |        ^^^^^^^^^^^
...
245 |     fn synchronize_to_block_end(&mut self) {
    |        ^^^^^^^^^^^^^^^^^^^^^^^^
...
384 |     fn syntax_error(&self, message: &str, suggestion: Option<&str>) -> ParserError {
    |        ^^^^^^^^^^^^
...
393 |     fn missing_semicolon_error(&self) -> ParserError {
    |        ^^^^^^^^^^^^^^^^^^^^^^^
...
401 |     fn missing_type_error(&self, context: &str) -> ParserError {
    |        ^^^^^^^^^^^^^^^^^^
...
409 |     fn unexpected_token_error(&self, context: &str) -> ParserError {
    |        ^^^^^^^^^^^^^^^^^^^^^^
...
443 |     fn expected_expression_hint(&self) -> &'static str {
    |        ^^^^^^^^^^^^^^^^^^^^^^^^

warning: fields `cache` and `resolver` are never read
  --> src/patterns/composition.rs:31:5
   |
26 | pub struct CompositionEngine {
   |            ----------------- fields in this struct
...
31 |     cache: HashMap<String, ComposedPattern>,
   |     ^^^^^
...
34 |     resolver: ConflictResolver,
   |     ^^^^^^^^

warning: field `strategies` is never read
   --> src/patterns/composition.rs:149:5
    |
147 | pub struct ConflictResolver {
    |            ---------------- field in this struct
148 |     /// Resolution strategies
149 |     strategies: HashMap<ConflictType, ResolutionStrategy>,
    |     ^^^^^^^^^^

warning: variant `Sequential` is never constructed
    --> src/patterns/composition.rs:1075:5
     |
1073 | enum PatternRelationship {
     |      ------------------- variant in this enum
1074 |     Independent,
1075 |     Sequential,
     |     ^^^^^^^^^^
     |
     = note: `PatternRelationship` has derived impls for the traits `Clone` and `Debug`, but these are intentionally ignored during dead code analysis

warning: field `stdlib` is never read
   --> src/pipeline/mod.rs:183:5
    |
181 | pub struct CompilationPipeline {
    |            ------------------- field in this struct
182 |     options: CompileOptions,
183 |     stdlib: StandardLibrary,
    |     ^^^^^^

warning: fields `project_info`, `history`, `automation`, `artifacts`, `distribution`, and `packaging` are never read
  --> src/release/mod.rs:38:5
   |
36 | pub struct ReleaseManager {
   |            -------------- fields in this struct
37 |     /// Project information
38 |     project_info: ProjectInfo,
   |     ^^^^^^^^^^^^
...
41 |     history: ReleaseHistory,
   |     ^^^^^^^
...
44 |     automation: automation::AutomationPipeline,
   |     ^^^^^^^^^^
...
47 |     artifacts: artifacts::ArtifactManager,
   |     ^^^^^^^^^
...
50 |     distribution: distribution::DistributionManager,
   |     ^^^^^^^^^^^^
...
53 |     packaging: packaging::PackageBuilder,
   |     ^^^^^^^^^
   |
   = note: `ReleaseManager` has a derived impl for the trait `Debug`, but this is intentionally ignored during dead code analysis

warning: method `get_content_type` is never used
    --> src/release/distribution.rs:1077:8
     |
 945 | impl DistributionManager {
     | ------------------------ method in this implementation
...
1077 |     fn get_content_type(&self, format: &PackageFormat) -> String {
     |        ^^^^^^^^^^^^^^^^

warning: fields `formats` and `compression` are never read
  --> src/release/packaging.rs:38:5
   |
27 | pub struct PackageBuilder {
   |            -------------- fields in this struct
...
38 |     formats: Vec<PackageFormat>,
   |     ^^^^^^^
...
41 |     compression: CompressionSettings,
   |     ^^^^^^^^^^^
   |
   = note: `PackageBuilder` has a derived impl for the trait `Debug`, but this is intentionally ignored during dead code analysis

warning: field `settings` is never read
   --> src/release/updates.rs:644:5
    |
633 | pub struct UpdateCache<T> {
    |            ----------- field in this struct
...
644 |     settings: CacheSettings,
    |     ^^^^^^^^
    |
    = note: `UpdateCache` has a derived impl for the trait `Debug`, but this is intentionally ignored during dead code analysis

warning: fields `trusted_certs`, `signature_verification`, and `cert_validation` are never read
   --> src/release/updates.rs:878:5
    |
873 | pub struct UpdateSecurity {
    |            -------------- fields in this struct
...
878 |     trusted_certs: Vec<Certificate>,
    |     ^^^^^^^^^^^^^
...
881 |     signature_verification: SignatureVerificationConfig,
    |     ^^^^^^^^^^^^^^^^^^^^^^
...
884 |     cert_validation: CertificateValidation,
    |     ^^^^^^^^^^^^^^^
    |
    = note: `UpdateSecurity` has a derived impl for the trait `Debug`, but this is intentionally ignored during dead code analysis

warning: field `pools` is never read
  --> src/resource/analysis.rs:37:5
   |
26 | pub struct ResourceAnalyzer {
   |            ---------------- field in this struct
...
37 |     pools: HashMap<String, ResourcePool>,
   |     ^^^^^

warning: fields `depth` and `location` are never read
  --> src/resource/analysis.rs:48:5
   |
45 | struct ScopeInfo {
   |        --------- fields in this struct
...
48 |     depth: usize,
   |     ^^^^^
49 |     location: SourceLocation,
   |     ^^^^^^^^
   |
   = note: `ScopeInfo` has derived impls for the traits `Clone` and `Debug`, but these are intentionally ignored during dead code analysis

warning: function `create_external_function` is never used
  --> src/stdlib/mod.rs:95:15
   |
95 | pub(crate) fn create_external_function(
   |               ^^^^^^^^^^^^^^^^^^^^^^^^

warning: fields `assertions` and `variables` are never read
  --> src/verification/solver.rs:26:5
   |
24 | pub struct SmtSolver {
   |            --------- fields in this struct
25 |     /// SMT-LIB assertions
26 |     assertions: Vec<String>,
   |     ^^^^^^^^^^
...
29 |     variables: HashMap<String, String>,
   |     ^^^^^^^^^
   |
   = note: `SmtSolver` has a derived impl for the trait `Debug`, but this is intentionally ignored during dead code analysis

warning: hiding a lifetime that's elided elsewhere is confusing
   --> src/concurrency/sync_primitives.rs:395:17
    |
395 |     pub fn lock(&self) -> LockResult<MutexGuard> {
    |                 ^^^^^                ^^^^^^^^^^ the same lifetime is hidden here
    |                 |
    |                 the lifetime is elided here
    |
    = help: the same lifetime is referred to in inconsistent ways, making the signature confusing
    = note: `#[warn(mismatched_lifetime_syntaxes)]` on by default
help: use `'_` for type paths
    |
395 |     pub fn lock(&self) -> LockResult<MutexGuard<'_>> {
    |                                                ++++

warning: hiding a lifetime that's elided elsewhere is confusing
   --> src/concurrency/sync_primitives.rs:434:21
    |
434 |     pub fn try_lock(&self) -> LockResult<MutexGuard> {
    |                     ^^^^^                ^^^^^^^^^^ the same lifetime is hidden here
    |                     |
    |                     the lifetime is elided here
    |
    = help: the same lifetime is referred to in inconsistent ways, making the signature confusing
help: use `'_` for type paths
    |
434 |     pub fn try_lock(&self) -> LockResult<MutexGuard<'_>> {
    |                                                    ++++

warning: hiding a lifetime that's elided elsewhere is confusing
   --> src/concurrency/sync_primitives.rs:615:17
    |
615 |     pub fn read(&self) -> LockResult<ReadGuard> {
    |                 ^^^^^                ^^^^^^^^^ the same lifetime is hidden here
    |                 |
    |                 the lifetime is elided here
    |
    = help: the same lifetime is referred to in inconsistent ways, making the signature confusing
help: use `'_` for type paths
    |
615 |     pub fn read(&self) -> LockResult<ReadGuard<'_>> {
    |                                               ++++

warning: hiding a lifetime that's elided elsewhere is confusing
   --> src/concurrency/sync_primitives.rs:634:18
    |
634 |     pub fn write(&self) -> LockResult<WriteGuard> {
    |                  ^^^^^                ^^^^^^^^^^ the same lifetime is hidden here
    |                  |
    |                  the lifetime is elided here
    |
    = help: the same lifetime is referred to in inconsistent ways, making the signature confusing
help: use `'_` for type paths
    |
634 |     pub fn write(&self) -> LockResult<WriteGuard<'_>> {
    |                                                 ++++

warning: unused `Result` that must be used
   --> src/llvm_backend/mod.rs:453:29
    |
453 | ...                   builder.build_return(Some(&return_value));
    |                       ^^^^^^^^^^^^^^^^^^^^^^^^^^^^^^^^^^^^^^^^^
    |
    = note: this `Result` may be an `Err` variant, which should be handled
    = note: `#[warn(unused_must_use)]` (part of `#[warn(unused)]`) on by default
help: use `let _ = ...` to ignore the resulting value
    |
453 |                             let _ = builder.build_return(Some(&return_value));
    |                             +++++++

warning: unused `Result` that must be used
   --> src/llvm_backend/mod.rs:462:29
    |
462 | ...                   builder.build_return(Some(&i32_type.const_int(0, false)));
    |                       ^^^^^^^^^^^^^^^^^^^^^^^^^^^^^^^^^^^^^^^^^^^^^^^^^^^^^^^^^
    |
    = note: this `Result` may be an `Err` variant, which should be handled
help: use `let _ = ...` to ignore the resulting value
    |
462 |                             let _ = builder.build_return(Some(&i32_type.const_int(0, false)));
    |                             +++++++

warning: hiding a lifetime that's elided elsewhere is confusing
  --> src/llvm_backend/context.rs:47:26
   |
47 |     pub fn create_module(&self, name: &str) -> Module {
   |                          ^^^^^                 ^^^^^^ the same lifetime is hidden here
   |                          |
   |                          the lifetime is elided here
   |
   = help: the same lifetime is referred to in inconsistent ways, making the signature confusing
help: use `'_` for type paths
   |
47 |     pub fn create_module(&self, name: &str) -> Module<'_> {
   |                                                      ++++

warning: hiding a lifetime that's elided elsewhere is confusing
  --> src/llvm_backend/context.rs:58:27
   |
58 |     pub fn create_builder(&self) -> Builder {
   |                           ^^^^^     ^^^^^^^ the same lifetime is hidden here
   |                           |
   |                           the lifetime is elided here
   |
   = help: the same lifetime is referred to in inconsistent ways, making the signature confusing
help: use `'_` for type paths
   |
58 |     pub fn create_builder(&self) -> Builder<'_> {
   |                                            ++++

warning: using `.clone()` on a double reference, which returns `&version::Version` instead of cloning the inner type
   --> src/package/resolver.rs:538:61
    |
538 |                 Ok(compatible_versions.iter().max().unwrap().clone().clone())
    |                                                             ^^^^^^^^
    |
    = note: `#[warn(suspicious_double_ref_op)]` on by default

warning: using `.clone()` on a double reference, which returns `&version::Version` instead of cloning the inner type
   --> src/package/resolver.rs:541:61
    |
541 |                 Ok(compatible_versions.iter().min().unwrap().clone().clone())
    |                                                             ^^^^^^^^

warning: using `.clone()` on a double reference, which returns `&version::Version` instead of cloning the inner type
   --> src/package/resolver.rs:545:61
    |
545 |                 Ok(compatible_versions.iter().min().unwrap().clone().clone())
    |                                                             ^^^^^^^^

warning: using `.clone()` on a double reference, which returns `&version::Version` instead of cloning the inner type
   --> src/package/resolver.rs:549:61
    |
549 |                 Ok(compatible_versions.iter().max().unwrap().clone().clone())
    |                                                             ^^^^^^^^

warning: hiding a lifetime that's elided elsewhere is confusing
  --> src/profiling/mod.rs:91:24
   |
91 |     pub fn start_phase(&mut self, phase_name: &str) -> PhaseTimer {
   |                        ^^^^^^^^^                       ^^^^^^^^^^ the same lifetime is hidden here
   |                        |
   |                        the lifetime is elided here
   |
   = help: the same lifetime is referred to in inconsistent ways, making the signature confusing
help: use `'_` for type paths
   |
91 |     pub fn start_phase(&mut self, phase_name: &str) -> PhaseTimer<'_> {
   |                                                                  ++++

warning: unused `Result` that must be used
    --> src/semantic/mod.rs:2918:9
     |
2918 |         self.symbol_table.exit_scope();
     |         ^^^^^^^^^^^^^^^^^^^^^^^^^^^^^^
     |
     = note: this `Result` may be an `Err` variant, which should be handled
help: use `let _ = ...` to ignore the resulting value
     |
2918 |         let _ = self.symbol_table.exit_scope();
     |         +++++++

warning: `aether` (lib) generated 195 warnings (run `cargo fix --lib -p aether` to apply 46 suggestions)
    Finished `dev` profile [unoptimized + debuginfo] target(s) in 1.11s
     Running `target/debug/aether-compiler --debug check tests/fixtures/simple_module.aether`
[DEBUG] Starting syntax check for 1 files
Error in tests/fixtures/simple_module.aether: Lexer error: Unterminated string literal at tests/fixtures/simple_module.aether:2:9
Compilation failed: Semantic error occurred

  left: 1
 right: 0

---- test_cli_check_invalid_file stdout ----

thread 'test_cli_check_invalid_file' (7563089) panicked at tests/cli_integration_tests.rs:87:5:
assertion failed: stderr.contains("Type mismatch") || stdout.contains("Type mismatch")

---- test_cli_ast_output_to_directory stdout ----

thread 'test_cli_ast_output_to_directory' (7563087) panicked at tests/cli_integration_tests.rs:169:5:
assertion `left == right` failed: Stderr:     Blocking waiting for file lock on package cache
    Blocking waiting for file lock on package cache
    Blocking waiting for file lock on package cache
    Blocking waiting for file lock on package cache
    Blocking waiting for file lock on build directory
warning: unused import: `ExampleType`
  --> src/docs/tutorial.rs:21:46
   |
21 |     CodeExample, DifficultyLevel, DocConfig, ExampleType, Exercise, Tutorial, TutorialSection,
   |                                              ^^^^^^^^^^^
   |
   = note: `#[warn(unused_imports)]` (part of `#[warn(unused)]`) on by default

warning: unused import: `std::path::Path`
  --> src/error/enhancement.rs:24:5
   |
24 | use std::path::Path;
   |     ^^^^^^^^^^^^^^^

warning: unused import: `BehavioralSpec`
  --> src/error/intent_analysis.rs:22:33
   |
22 | use crate::semantic::metadata::{BehavioralSpec, IntentSpec};
   |                                 ^^^^^^^^^^^^^^

warning: unused imports: `Expression`, `Statement`, and `TypeSpecifier`
  --> src/error/structured.rs:20:18
   |
20 | use crate::ast::{Expression, Statement, TypeSpecifier};
   |                  ^^^^^^^^^^  ^^^^^^^^^  ^^^^^^^^^^^^^

warning: unused import: `HashSet`
  --> src/llvm_backend/mod.rs:37:33
   |
37 | use std::collections::{HashMap, HashSet};
   |                                 ^^^^^^^

warning: unused import: `std::path::Path`
  --> src/lsp/server.rs:20:5
   |
20 | use std::path::Path;
   |     ^^^^^^^^^^^^^^^

warning: unused import: `BasicBlockId`
  --> src/optimizations/constant_propagation.rs:21:18
   |
21 | use crate::mir::{BasicBlockId, ConstantValue, Function, LocalId, Operand, Rvalue, Statement};
   |                  ^^^^^^^^^^^^

warning: unused imports: `BasicBlockId`, `LocalId`, `Place`, and `SourceInfo`
  --> src/optimizations/inlining.rs:22:5
   |
22 |     BasicBlockId, Function, LocalId, Operand, Place, Program, Rvalue, SourceInfo, Statement,
   |     ^^^^^^^^^^^^            ^^^^^^^           ^^^^^                   ^^^^^^^^^^

warning: unused import: `std::collections::HashMap`
  --> src/optimizations/inlining.rs:25:5
   |
25 | use std::collections::HashMap;
   |     ^^^^^^^^^^^^^^^^^^^^^^^^^

warning: unused import: `Constant`
  --> src/optimizations/interprocedural.rs:22:17
   |
22 |     BasicBlock, Constant, Function, Operand, Place, Program, Rvalue, Statement, Terminator,
   |                 ^^^^^^^^

warning: unused import: `BuildConfiguration`
  --> src/package/builder.rs:21:32
   |
21 | use crate::package::manifest::{BuildConfiguration, PackageManifest};
   |                                ^^^^^^^^^^^^^^^^^^

warning: unused import: `CacheStats`
  --> src/package/builder.rs:22:35
   |
22 | use crate::package::{BuildConfig, CacheStats};
   |                                   ^^^^^^^^^^

warning: unused imports: `BinaryOp` and `Expression as ContractExpr`
  --> src/patterns/catalog.rs:20:38
   |
20 | use crate::verification::contracts::{BinaryOp, Expression as ContractExpr};
   |                                      ^^^^^^^^  ^^^^^^^^^^^^^^^^^^^^^^^^^^

warning: unused imports: `Block`, `Expression`, `Function`, and `Statement`
  --> src/patterns/composition.rs:20:18
   |
20 | use crate::ast::{Block, Expression, Function, Statement};
   |                  ^^^^^  ^^^^^^^^^^  ^^^^^^^^  ^^^^^^^^^

warning: unused import: `crate::error::SourceLocation`
  --> src/patterns/composition.rs:21:5
   |
21 | use crate::error::SourceLocation;
   |     ^^^^^^^^^^^^^^^^^^^^^^^^^^^^

warning: unused import: `Function`
  --> src/patterns/mod.rs:23:37
   |
23 | use crate::ast::{Block, Expression, Function, Statement};
   |                                     ^^^^^^^^

warning: unused import: `crate::error::SourceLocation`
  --> src/patterns/mod.rs:24:5
   |
24 | use crate::error::SourceLocation;
   |     ^^^^^^^^^^^^^^^^^^^^^^^^^^^^

warning: unused imports: `FailoverConfig`, `FailoverThreshold`, `RecoveryConfig`, and `self`
  --> src/release/distribution.rs:23:22
   |
23 | use crate::release::{self, DistributionConfig, FailoverConfig, FailoverThreshold, RecoveryConfig};
   |                      ^^^^                      ^^^^^^^^^^^^^^  ^^^^^^^^^^^^^^^^^  ^^^^^^^^^^^^^^

warning: unused import: `crate::error::SemanticError`
  --> src/release/mod.rs:26:5
   |
26 | use crate::error::SemanticError;
   |     ^^^^^^^^^^^^^^^^^^^^^^^^^^^

warning: unused import: `OwnershipKind`
  --> src/semantic/mod.rs:32:20
   |
32 | use crate::types::{OwnershipKind, Type, TypeChecker};
   |                    ^^^^^^^^^^^^^

warning: unused import: `crate::types::Type`
  --> src/verification/contract_to_smt.rs:20:5
   |
20 | use crate::types::Type;
   |     ^^^^^^^^^^^^^^^^^^

warning: unused imports: `AggregateOp` and `TemporalOp`
  --> src/verification/contract_to_smt.rs:22:5
   |
22 |     AggregateOp, BinaryOp, ConstantValue, Expression, QuantifierKind, TemporalOp, UnaryOp,
   |     ^^^^^^^^^^^                                                       ^^^^^^^^^^

warning: unused imports: `Deserialize` and `Serialize`
  --> src/verification/contracts.rs:30:13
   |
30 | use serde::{Deserialize, Serialize};
   |             ^^^^^^^^^^^  ^^^^^^^^^

warning: unused import: `crate::ast::PrimitiveType`
  --> src/verification/vcgen.rs:23:5
   |
23 | use crate::ast::PrimitiveType;
   |     ^^^^^^^^^^^^^^^^^^^^^^^^^

warning: unused import: `crate::types::Type`
  --> src/verification/vcgen.rs:26:5
   |
26 | use crate::types::Type;
   |     ^^^^^^^^^^^^^^^^^^

warning: unused variable: `receiver`
   --> src/concurrency/actors.rs:377:22
    |
377 |         let (sender, receiver) = mpsc::channel();
    |                      ^^^^^^^^ help: if this is intentional, prefix it with an underscore: `_receiver`
    |
    = note: `#[warn(unused_variables)]` (part of `#[warn(unused)]`) on by default

warning: unused variable: `strategy`
   --> src/concurrency/actors.rs:622:12
    |
622 |     fn new(strategy: SupervisionStrategy) -> Self {
    |            ^^^^^^^^ help: if this is intentional, prefix it with an underscore: `_strategy`

warning: unused variable: `worker_id`
   --> src/concurrency/async_runtime.rs:350:13
    |
350 |         for worker_id in 0..self.config.worker_threads {
    |             ^^^^^^^^^ help: if this is intentional, prefix it with an underscore: `_worker_id`

warning: unused variable: `start_time`
   --> src/concurrency/sync_primitives.rs:568:13
    |
568 |         let start_time = Instant::now();
    |             ^^^^^^^^^^ help: if this is intentional, prefix it with an underscore: `_start_time`

warning: unused variable: `metrics`
   --> src/concurrency/sync_primitives.rs:711:23
    |
711 |         if let Ok(mut metrics) = self.rw_lock.metrics.lock() {}
    |                       ^^^^^^^ help: if this is intentional, prefix it with an underscore: `_metrics`

warning: variable does not need to be mutable
   --> src/concurrency/sync_primitives.rs:711:19
    |
711 |         if let Ok(mut metrics) = self.rw_lock.metrics.lock() {}
    |                   ----^^^^^^^
    |                   |
    |                   help: remove this `mut`
    |
    = note: `#[warn(unused_mut)]` (part of `#[warn(unused)]`) on by default

warning: unused variable: `metrics`
   --> src/concurrency/sync_primitives.rs:718:23
    |
718 |         if let Ok(mut metrics) = self.rw_lock.metrics.lock() {}
    |                       ^^^^^^^ help: if this is intentional, prefix it with an underscore: `_metrics`

warning: variable does not need to be mutable
   --> src/concurrency/sync_primitives.rs:718:19
    |
718 |         if let Ok(mut metrics) = self.rw_lock.metrics.lock() {}
    |                   ----^^^^^^^
    |                   |
    |                   help: remove this `mut`

warning: unused variable: `response_receiver`
   --> src/debug/debugger.rs:390:31
    |
390 |         let (response_sender, response_receiver) = channel();
    |                               ^^^^^^^^^^^^^^^^^ help: if this is intentional, prefix it with an underscore: `_response_receiver`

warning: unused variable: `debugger_process`
   --> src/debug/debugger.rs:393:13
    |
393 |         let debugger_process = self.start_debugger_process(&program_path)?;
    |             ^^^^^^^^^^^^^^^^ help: if this is intentional, prefix it with an underscore: `_debugger_process`

warning: unused variable: `target_info`
   --> src/debug/debugger.rs:401:13
    |
401 |         let target_info = TargetInfo {
    |             ^^^^^^^^^^^ help: if this is intentional, prefix it with an underscore: `_target_info`

warning: unused variable: `diagnostic`
   --> src/debug/lsp.rs:593:21
    |
593 |                 let diagnostic = Diagnostic {
    |                     ^^^^^^^^^^ help: if this is intentional, prefix it with an underscore: `_diagnostic`

warning: unused variable: `name`
   --> src/debug/lsp.rs:636:18
    |
636 |             for (name, symbol) in &semantic_info.symbols {
    |                  ^^^^ help: if this is intentional, prefix it with an underscore: `_name`

warning: unused variable: `uri`
   --> src/debug/lsp.rs:789:35
    |
789 |     pub fn get_diagnostics(&self, uri: &str) -> Vec<Diagnostic> {
    |                                   ^^^ help: if this is intentional, prefix it with an underscore: `_uri`

warning: unused variable: `categories`
   --> src/docs/examples.rs:132:13
    |
132 |         let categories = Self::create_example_categories();
    |             ^^^^^^^^^^ help: if this is intentional, prefix it with an underscore: `_categories`

warning: unused variable: `templates`
   --> src/docs/examples.rs:133:13
    |
133 |         let templates = Self::create_example_templates();
    |             ^^^^^^^^^ help: if this is intentional, prefix it with an underscore: `_templates`

warning: unused variable: `config`
   --> src/docs/examples.rs:131:16
    |
131 |     pub fn new(config: &DocConfig) -> Result<Self, SemanticError> {
    |                ^^^^^^ help: if this is intentional, prefix it with an underscore: `_config`

warning: unused variable: `output_dir`
  --> src/docs/generator.rs:21:16
   |
21 |     pub fn new(output_dir: String) -> Self {
   |                ^^^^^^^^^^ help: if this is intentional, prefix it with an underscore: `_output_dir`

warning: unused variable: `comment_parser`
   --> src/docs/parser.rs:132:13
    |
132 |         let comment_parser = CommentParser::new();
    |             ^^^^^^^^^^^^^^ help: if this is intentional, prefix it with an underscore: `_comment_parser`

warning: unused variable: `signature_parser`
   --> src/docs/parser.rs:133:13
    |
133 |         let signature_parser = SignatureParser::new();
    |             ^^^^^^^^^^^^^^^^ help: if this is intentional, prefix it with an underscore: `_signature_parser`

warning: unused variable: `config`
   --> src/docs/parser.rs:131:16
    |
131 |     pub fn new(config: &DocConfig) -> Result<Self, SemanticError> {
    |                ^^^^^^ help: if this is intentional, prefix it with an underscore: `_config`

warning: unused variable: `themes`
   --> src/docs/renderer.rs:368:13
    |
368 |         let themes = ThemeManager::new()?;
    |             ^^^^^^ help: if this is intentional, prefix it with an underscore: `_themes`

warning: unused variable: `search_paths`
   --> src/docs/renderer.rs:539:13
    |
539 |         let search_paths = vec![base_dir.join("templates"), PathBuf::from("templates")];
    |             ^^^^^^^^^^^^ help: if this is intentional, prefix it with an underscore: `_search_paths`

warning: unused variable: `helpers`
   --> src/docs/renderer.rs:558:13
    |
558 |         let helpers = Self::create_default_helpers();
    |             ^^^^^^^ help: if this is intentional, prefix it with an underscore: `_helpers`

warning: unused variable: `processors`
   --> src/docs/renderer.rs:879:13
    |
879 |         let processors: Vec<&dyn Fn(&str) -> String> = vec![];
    |             ^^^^^^^^^^ help: if this is intentional, prefix it with an underscore: `_processors`

warning: unused variable: `options`
    --> src/docs/renderer.rs:1185:13
     |
1185 |         let options = MarkdownOptions {
     |             ^^^^^^^ help: if this is intentional, prefix it with an underscore: `_options`

warning: unused variable: `toc_generator`
    --> src/docs/renderer.rs:1192:13
     |
1192 |         let toc_generator = TocGenerator {};
     |             ^^^^^^^^^^^^^ help: if this is intentional, prefix it with an underscore: `_toc_generator`

warning: unused variable: `options`
    --> src/docs/renderer.rs:1347:13
     |
1347 |         let options = PdfOptions {
     |             ^^^^^^^ help: if this is intentional, prefix it with an underscore: `_options`

warning: unused variable: `layout`
    --> src/docs/renderer.rs:1354:13
     |
1354 |         let layout = PageLayout {
     |             ^^^^^^ help: if this is intentional, prefix it with an underscore: `_layout`

warning: unused variable: `templates`
  --> src/docs/tutorial.rs:98:13
   |
98 |         let templates = Self::create_tutorial_templates();
   |             ^^^^^^^^^ help: if this is intentional, prefix it with an underscore: `_templates`

warning: unused variable: `config`
  --> src/docs/tutorial.rs:97:16
   |
97 |     pub fn new(config: &DocConfig) -> Result<Self, SemanticError> {
   |                ^^^^^^ help: if this is intentional, prefix it with an underscore: `_config`

warning: unused variable: `function`
   --> src/error/intent_analysis.rs:142:9
    |
142 |         function: &Function,
    |         ^^^^^^^^ help: if this is intentional, prefix it with an underscore: `_function`

warning: unused variable: `error`
   --> src/error/structured.rs:434:26
    |
434 |     fn fix_type_mismatch(error: &CompilerError) -> Vec<FixSuggestion> {
    |                          ^^^^^ help: if this is intentional, prefix it with an underscore: `_error`

warning: unused variable: `error`
   --> src/error/structured.rs:455:29
    |
455 |     fn fix_undefined_symbol(error: &CompilerError) -> Vec<FixSuggestion> {
    |                             ^^^^^ help: if this is intentional, prefix it with an underscore: `_error`

warning: unreachable pattern
   --> src/lexer/mod.rs:716:17
    |
685 |                 Some('\'') => {
    |                 ---------- matches all the relevant values
...
716 |                 Some('\'') => {
    |                 ^^^^^^^^^^ no value can reach this
    |
    = note: `#[warn(unreachable_patterns)]` (part of `#[warn(unused)]`) on by default

warning: unused variable: `function`
   --> src/llvm_backend/codegen.rs:157:13
    |
157 |         let function = self.module.add_function(name, fn_type, None);
    |             ^^^^^^^^ help: if this is intentional, prefix it with an underscore: `_function`

warning: unused variable: `i`
   --> src/llvm_backend/mod.rs:625:18
    |
625 |             for (i, stmt) in mir_block.statements.iter().enumerate() {
    |                  ^ help: if this is intentional, prefix it with an underscore: `_i`

warning: unnecessary `unsafe` block
   --> src/llvm_backend/mod.rs:919:41
    |
919 |                         let field_ptr = unsafe {
    |                                         ^^^^^^ unnecessary `unsafe` block
    |
    = note: `#[warn(unused_unsafe)]` (part of `#[warn(unused)]`) on by default

warning: unreachable pattern
    --> src/llvm_backend/mod.rs:2437:13
     |
 986 |             mir::Rvalue::AddressOf(place) => {
     |             ----------------------------- matches all the relevant values
...
2437 |             &mir::Rvalue::AddressOf(_) => todo!(),
     |             ^^^^^^^^^^^^^^^^^^^^^^^^^^ no value can reach this

warning: unused variable: `int_val`
    --> src/llvm_backend/mod.rs:1541:58
     |
1541 | ...                   BasicValueEnum::IntValue(int_val) => {
     |                                                ^^^^^^^ help: if this is intentional, prefix it with an underscore: `_int_val`

warning: unused variable: `field_names`
    --> src/llvm_backend/mod.rs:1836:61
     |
1836 |                     mir::AggregateKind::Struct(struct_name, field_names) => {
     |                                                             ^^^^^^^^^^^ help: if this is intentional, prefix it with an underscore: `_field_names`

warning: value assigned to `struct_size` is never read
    --> src/llvm_backend/mod.rs:1860:33
     |
1860 |                         let mut struct_size = 0u64;
     |                                 ^^^^^^^^^^^
     |
     = help: maybe it is overwritten before being read?
     = note: `#[warn(unused_assignments)]` (part of `#[warn(unused)]`) on by default

warning: variable does not need to be mutable
    --> src/llvm_backend/mod.rs:2152:29
     |
2152 |                         let mut current_type =
     |                             ----^^^^^^^^^^^^
     |                             |
     |                             help: remove this `mut`

warning: unused variable: `i64_type`
    --> src/llvm_backend/mod.rs:3210:13
     |
3210 |         let i64_type = self.context.i64_type();
     |             ^^^^^^^^ help: if this is intentional, prefix it with an underscore: `_i64_type`

warning: unused variable: `void_type`
    --> src/llvm_backend/mod.rs:3213:13
     |
3213 |         let void_type = self.context.void_type();
     |             ^^^^^^^^^ help: if this is intentional, prefix it with an underscore: `_void_type`

warning: unnecessary `unsafe` block
    --> src/llvm_backend/mod.rs:3662:33
     |
3662 |                 let field_ptr = unsafe {
     |                                 ^^^^^^ unnecessary `unsafe` block

warning: unused variable: `parent`
   --> src/memory/mod.rs:110:37
    |
110 |     pub fn create_region(&mut self, parent: Option<RegionId>) -> RegionId {
    |                                     ^^^^^^ help: if this is intentional, prefix it with an underscore: `_parent`

warning: unused variable: `operand`
   --> src/memory/mod.rs:307:48
    |
307 |                 if let Expression::AddressOf { operand, .. } = &**expr {
    |                                                ^^^^^^^-
    |                                                |
    |                                                help: try removing the field

warning: unused variable: `region_id`
   --> src/memory/mod.rs:441:38
    |
441 |     fn get_region_allocations(&self, region_id: &RegionId) -> Vec<AllocationInfo> {
    |                                      ^^^^^^^^^ help: if this is intentional, prefix it with an underscore: `_region_id`

warning: unused variable: `source_location`
   --> src/mir/lowering.rs:608:17
    |
608 |                 source_location,
    |                 ^^^^^^^^^^^^^^^ help: try ignoring the field: `source_location: _`

warning: unused variable: `source_location`
   --> src/mir/lowering.rs:621:17
    |
621 |                 source_location,
    |                 ^^^^^^^^^^^^^^^ help: try ignoring the field: `source_location: _`

warning: unused variable: `source_location`
   --> src/mir/lowering.rs:675:17
    |
675 |                 source_location,
    |                 ^^^^^^^^^^^^^^^ help: try ignoring the field: `source_location: _`

warning: unused variable: `source_location`
   --> src/mir/lowering.rs:685:17
    |
685 |                 source_location,
    |                 ^^^^^^^^^^^^^^^ help: try ignoring the field: `source_location: _`

warning: unused variable: `module`
    --> src/mir/lowering.rs:2544:33
     |
2544 |             Type::Named { name, module } => {
     |                                 ^^^^^^ help: try ignoring the field: `module: _`

warning: unused variable: `map`
    --> src/mir/lowering.rs:2668:47
     |
2668 |             ast::AssignmentTarget::MapValue { map, key } => {
     |                                               ^^^ help: try ignoring the field: `map: _`

warning: unused variable: `key`
    --> src/mir/lowering.rs:2668:52
     |
2668 |             ast::AssignmentTarget::MapValue { map, key } => {
     |                                                    ^^^ help: try ignoring the field: `key: _`

warning: unreachable pattern
    --> src/mir/lowering.rs:3998:13
     |
3934 |               ast::Pattern::Wildcard { binding, .. } => {
     |               -------------------------------------- matches all the relevant values
...
3998 | /             ast::Pattern::Wildcard {
3999 | |                 binding: Some(binding_name),
4000 | |                 source_location,
4001 | |             } => {
     | |_____________^ no value can reach this

warning: unreachable pattern
    --> src/mir/lowering.rs:4061:13
     |
3934 |             ast::Pattern::Wildcard { binding, .. } => {
     |             -------------------------------------- matches all the relevant values
...
4061 |             ast::Pattern::Wildcard { binding: None, .. } => {
     |             ^^^^^^^^^^^^^^^^^^^^^^^^^^^^^^^^^^^^^^^^^^^^ no value can reach this

warning: unused variable: `st`
    --> src/mir/lowering.rs:3792:49
     |
3792 |                     let data_type = if let Some(st) = &self.symbol_table {
     |                                                 ^^ help: if this is intentional, prefix it with an underscore: `_st`

warning: unused variable: `inner_variant`
    --> src/mir/lowering.rs:3819:43
     |
3819 | ...                   variant_name: inner_variant,
     |                                     ^^^^^^^^^^^^^ help: if this is intentional, prefix it with an underscore: `_inner_variant`

warning: unused variable: `target_type`
    --> src/mir/lowering.rs:4665:13
     |
4665 |         let target_type = match pointer_type {
     |             ^^^^^^^^^^^ help: if this is intentional, prefix it with an underscore: `_target_type`

warning: unused variable: `cycle`
   --> src/module_loader.rs:280:17
    |
280 |             let cycle: Vec<String> = stack[cycle_start..].to_vec();
    |                 ^^^^^ help: if this is intentional, prefix it with an underscore: `_cycle`

warning: unused variable: `depth`
  --> src/optimizations/inlining.rs:52:44
   |
52 |     pub fn set_max_inline_depth(&mut self, depth: usize) {}
   |                                            ^^^^^ help: if this is intentional, prefix it with an underscore: `_depth`

warning: unused variable: `function_name`
   --> src/optimizations/interprocedural.rs:667:14
    |
667 |         for (function_name, summary) in summaries {
    |              ^^^^^^^^^^^^^ help: if this is intentional, prefix it with an underscore: `_function_name`

warning: unused variable: `function_name`
   --> src/optimizations/interprocedural.rs:782:14
    |
782 |         for (function_name, function) in &program.functions {
    |              ^^^^^^^^^^^^^ help: if this is intentional, prefix it with an underscore: `_function_name`

warning: unused variable: `function`
   --> src/optimizations/interprocedural.rs:782:29
    |
782 |         for (function_name, function) in &program.functions {
    |                             ^^^^^^^^ help: if this is intentional, prefix it with an underscore: `_function`

warning: unused variable: `function_name`
   --> src/optimizations/interprocedural.rs:799:14
    |
799 |         for (function_name, function) in &program.functions {
    |              ^^^^^^^^^^^^^ help: if this is intentional, prefix it with an underscore: `_function_name`

warning: unused variable: `function_name`
   --> src/optimizations/interprocedural.rs:821:14
    |
821 |         for (function_name, function) in &program.functions {
    |              ^^^^^^^^^^^^^ help: if this is intentional, prefix it with an underscore: `_function_name`

warning: unused variable: `constant`
   --> src/optimizations/interprocedural.rs:856:21
    |
856 |         for (place, constant) in assignments {
    |                     ^^^^^^^^ help: if this is intentional, prefix it with an underscore: `_constant`

warning: unused variable: `var_name`
   --> src/optimizations/interprocedural.rs:857:17
    |
857 |             let var_name = format!("{}::{}", function.name, place.local);
    |                 ^^^^^^^^ help: if this is intentional, prefix it with an underscore: `_var_name`

warning: unused variable: `end_loc`
    --> src/parser/v2.rs:2883:17
     |
2883 |             let end_loc = self.current_location();
     |                 ^^^^^^^ help: if this is intentional, prefix it with an underscore: `_end_loc`

warning: unused variable: `field_location`
    --> src/parser/mod.rs:1420:17
     |
1420 |             let field_location = field_keyword.location.clone();
     |                 ^^^^^^^^^^^^^^ help: if this is intentional, prefix it with an underscore: `_field_location`

warning: variable does not need to be mutable
    --> src/parser/mod.rs:1875:13
     |
1875 |         let mut constraints = Vec::new();
     |             ----^^^^^^^^^^^
     |             |
     |             help: remove this `mut`

warning: variable `generic_parameters` is assigned to, but never used
    --> src/parser/mod.rs:1927:17
     |
1927 |         let mut generic_parameters = Vec::new();
     |                 ^^^^^^^^^^^^^^^^^^
     |
     = note: consider using `_generic_parameters` instead

warning: variable `lifetime_parameters` is assigned to, but never used
    --> src/parser/mod.rs:1928:17
     |
1928 |         let mut lifetime_parameters = Vec::new();
     |                 ^^^^^^^^^^^^^^^^^^^
     |
     = note: consider using `_lifetime_parameters` instead

warning: value assigned to `generic_parameters` is never read
    --> src/parser/mod.rs:1977:29
     |
1977 | ...                   generic_parameters = self.parse_generic_parameters()?;
     |                       ^^^^^^^^^^^^^^^^^^
     |
     = help: maybe it is overwritten before being read?

warning: value assigned to `lifetime_parameters` is never read
    --> src/parser/mod.rs:1981:29
     |
1981 | ...                   lifetime_parameters = self.parse_lifetime_parameters()?;
     |                       ^^^^^^^^^^^^^^^^^^^
     |
     = help: maybe it is overwritten before being read?

warning: variable does not need to be mutable
    --> src/parser/mod.rs:1926:13
     |
1926 |         let mut intent = None;
     |             ----^^^^^^
     |             |
     |             help: remove this `mut`

warning: unused variable: `nested_pattern`
    --> src/parser/mod.rs:4182:22
     |
4182 |                 let (nested_pattern, binding) = if let Some(token) = self.current_token() {
     |                      ^^^^^^^^^^^^^^ help: if this is intentional, prefix it with an underscore: `_nested_pattern`

warning: variable does not need to be mutable
    --> src/parser/mod.rs:4599:13
     |
4599 |         let mut invariants = Vec::new();
     |             ----^^^^^^^^^^
     |             |
     |             help: remove this `mut`

warning: variable does not need to be mutable
   --> src/patterns/catalog.rs:132:21
    |
132 |                 let mut contract = create_pattern_contract("safe_array_access");
    |                     ----^^^^^^^^
    |                     |
    |                     help: remove this `mut`

warning: variable does not need to be mutable
   --> src/patterns/catalog.rs:392:21
    |
392 |                 let mut contract = create_pattern_contract("binary_search");
    |                     ----^^^^^^^^
    |                     |
    |                     help: remove this `mut`

warning: variable does not need to be mutable
   --> src/patterns/catalog.rs:536:21
    |
536 |                 let mut contract = create_pattern_contract("map_filter_reduce");
    |                     ----^^^^^^^^
    |                     |
    |                     help: remove this `mut`

warning: variable does not need to be mutable
   --> src/patterns/catalog.rs:804:21
    |
804 |                 let mut contract = create_pattern_contract("raii_wrapper");
    |                     ----^^^^^^^^
    |                     |
    |                     help: remove this `mut`

warning: variable does not need to be mutable
   --> src/patterns/catalog.rs:931:21
    |
931 |                 let mut contract = create_pattern_contract("result_type");
    |                     ----^^^^^^^^
    |                     |
    |                     help: remove this `mut`

warning: variable does not need to be mutable
    --> src/patterns/catalog.rs:1049:21
     |
1049 |                 let mut contract = create_pattern_contract("input_validation");
     |                     ----^^^^^^^^
     |                     |
     |                     help: remove this `mut`

warning: unused variable: `data_flow`
   --> src/patterns/composition.rs:519:9
    |
519 |         data_flow: &DataFlowSpec,
    |         ^^^^^^^^^ help: if this is intentional, prefix it with an underscore: `_data_flow`

warning: unused variable: `config`
   --> src/release/distribution.rs:947:16
    |
947 |     pub fn new(config: DistributionConfig) -> Result<Self, SemanticError> {
    |                ^^^^^^ help: if this is intentional, prefix it with an underscore: `_config`

warning: unused variable: `cache_config`
    --> src/release/distribution.rs:1135:13
     |
1135 |         let cache_config = CacheConfig {
     |             ^^^^^^^^^^^^ help: if this is intentional, prefix it with an underscore: `_cache_config`

warning: unused variable: `c_string`
   --> src/runtime/mod.rs:170:9
    |
170 |     let c_string = result.as_ptr() as *mut c_char;
    |         ^^^^^^^^ help: if this is intentional, prefix it with an underscore: `_c_string`

warning: unused variable: `constraint`
   --> src/semantic/metadata.rs:462:25
    |
462 |             if let Some(constraint) = &sem_type.constraint {
    |                         ^^^^^^^^^^ help: if this is intentional, prefix it with an underscore: `_constraint`

warning: unused variable: `e`
  --> src/semantic/ownership.rs:41:32
   |
41 |                     if let Err(e) = self.symbol_table.mark_variable_moved(&name.name) {
   |                                ^ help: if this is intentional, prefix it with an underscore: `_e`

warning: unused variable: `e`
  --> src/semantic/ownership.rs:66:36
   |
66 |                         if let Err(e) = self.symbol_table.mark_variable_moved(&name.name) {
   |                                    ^ help: if this is intentional, prefix it with an underscore: `_e`

warning: unused variable: `enum_name`
    --> src/semantic/mod.rs:1549:17
     |
1549 |                 enum_name,
     |                 ^^^^^^^^^ help: try ignoring the field: `enum_name: _`

warning: unused variable: `source_location`
    --> src/semantic/mod.rs:1726:17
     |
1726 |                 source_location,
     |                 ^^^^^^^^^^^^^^^ help: try ignoring the field: `source_location: _`

warning: unused variable: `source_location`
    --> src/semantic/mod.rs:1921:17
     |
1921 |                 source_location,
     |                 ^^^^^^^^^^^^^^^ help: try ignoring the field: `source_location: _`

warning: unused variable: `size_type`
  --> src/stdlib/network.rs:41:9
   |
41 |     let size_type = TypeSpecifier::Primitive {
   |         ^^^^^^^^^ help: if this is intentional, prefix it with an underscore: `_size_type`

warning: unused variable: `contract`
   --> src/verification/contracts.rs:811:13
    |
811 |     let mut contract = FunctionContract::new(function.name.name.clone());
    |             ^^^^^^^^ help: if this is intentional, prefix it with an underscore: `_contract`

warning: variable does not need to be mutable
   --> src/verification/contracts.rs:811:9
    |
811 |     let mut contract = FunctionContract::new(function.name.name.clone());
    |         ----^^^^^^^^
    |         |
    |         help: remove this `mut`

warning: unused variable: `place`
   --> src/verification/vcgen.rs:382:25
    |
382 |             Rvalue::Len(place) => {
    |                         ^^^^^ help: if this is intentional, prefix it with an underscore: `_place`

warning: field `associated_mutex` is never read
  --> src/concurrency/sync_primitives.rs:89:5
   |
84 | pub struct AetherCondVar {
   |            ------------- field in this struct
...
89 |     associated_mutex: Option<String>,
   |     ^^^^^^^^^^^^^^^^
   |
   = note: `AetherCondVar` has a derived impl for the trait `Debug`, but this is intentionally ignored during dead code analysis
   = note: `#[warn(dead_code)]` (part of `#[warn(unused)]`) on by default

warning: struct `BarrierState` is never constructed
   --> src/concurrency/sync_primitives.rs:137:8
    |
137 | struct BarrierState {
    |        ^^^^^^^^^^^^

warning: field `barrier_cycles` is never read
   --> src/concurrency/sync_primitives.rs:200:5
    |
198 | struct BarrierMetrics {
    |        -------------- field in this struct
199 |     wait_count: u64,
200 |     barrier_cycles: u64,
    |     ^^^^^^^^^^^^^^
    |
    = note: `BarrierMetrics` has a derived impl for the trait `Debug`, but this is intentionally ignored during dead code analysis

warning: field `acquired_at` is never read
   --> src/concurrency/sync_primitives.rs:236:5
    |
234 | pub struct ReadGuard<'a> {
    |            --------- field in this struct
235 |     rw_lock: &'a AetherRwLock,
236 |     acquired_at: Instant,
    |     ^^^^^^^^^^^

warning: field `acquired_at` is never read
   --> src/concurrency/sync_primitives.rs:242:5
    |
240 | pub struct WriteGuard<'a> {
    |            ---------- field in this struct
241 |     rw_lock: &'a AetherRwLock,
242 |     acquired_at: Instant,
    |     ^^^^^^^^^^^

warning: fields `target_pid` and `breakpoints` are never read
  --> src/debug/debugger.rs:51:5
   |
49 | pub struct DebugSession {
   |            ------------ fields in this struct
50 |     /// Target process ID
51 |     target_pid: Option<u32>,
   |     ^^^^^^^^^^
...
57 |     breakpoints: Arc<Mutex<HashMap<String, Vec<Breakpoint>>>>,
   |     ^^^^^^^^^^^
   |
   = note: `DebugSession` has a derived impl for the trait `Debug`, but this is intentionally ignored during dead code analysis

warning: fields `diagnostics_provider` and `shutdown` are never read
  --> src/debug/lsp.rs:45:5
   |
34 | pub struct LanguageServer {
   |            -------------- fields in this struct
...
45 |     diagnostics_provider: DiagnosticsProvider,
   |     ^^^^^^^^^^^^^^^^^^^^
...
51 |     shutdown: Arc<AtomicBool>,
   |     ^^^^^^^^
   |
   = note: `LanguageServer` has a derived impl for the trait `Debug`, but this is intentionally ignored during dead code analysis

warning: field `diagnostics` is never read
   --> src/debug/lsp.rs:333:5
    |
331 | pub struct DiagnosticEngine {
    |            ---------------- field in this struct
332 |     /// Active diagnostics by document
333 |     diagnostics: HashMap<String, Vec<Diagnostic>>,
    |     ^^^^^^^^^^^
    |
    = note: `DiagnosticEngine` has a derived impl for the trait `Debug`, but this is intentionally ignored during dead code analysis

warning: field `snippets` is never read
   --> src/debug/lsp.rs:343:5
    |
338 | pub struct CompletionProvider {
    |            ------------------ field in this struct
...
343 |     snippets: HashMap<String, String>,
    |     ^^^^^^^^
    |
    = note: `CompletionProvider` has a derived impl for the trait `Debug`, but this is intentionally ignored during dead code analysis

warning: fields `source_parser` and `markdown_parser` are never read
  --> src/docs/parser.rs:39:5
   |
37 | pub struct DocParser {
   |            --------- fields in this struct
38 |     /// Source code parser
39 |     source_parser: SourceParser,
   |     ^^^^^^^^^^^^^
...
42 |     markdown_parser: MarkdownParser,
   |     ^^^^^^^^^^^^^^^
   |
   = note: `DocParser` has a derived impl for the trait `Debug`, but this is intentionally ignored during dead code analysis

warning: field `patterns` is never read
  --> src/docs/parser.rs:74:5
   |
72 | pub struct CommentParser {
   |            ------------- field in this struct
73 |     /// Comment prefix patterns
74 |     patterns: CommentPatterns,
   |     ^^^^^^^^
   |
   = note: `CommentParser` has a derived impl for the trait `Debug`, but this is intentionally ignored during dead code analysis

warning: field `location` is never read
   --> src/docs/parser.rs:725:5
    |
714 | struct ParsedItem {
    |        ---------- field in this struct
...
725 |     location: SourceLocation,
    |     ^^^^^^^^
    |
    = note: `ParsedItem` has derived impls for the traits `Clone` and `Debug`, but these are intentionally ignored during dead code analysis

warning: variants `Module`, `Enum`, `Trait`, `TypeAlias`, `Import`, and `Macro` are never constructed
   --> src/docs/parser.rs:731:5
    |
730 | enum ItemType {
    |      -------- variants in this enum
731 |     Module,
    |     ^^^^^^
...
734 |     Enum,
    |     ^^^^
735 |     Trait,
    |     ^^^^^
736 |     TypeAlias,
    |     ^^^^^^^^^
737 |     Constant,
738 |     Import,
    |     ^^^^^^
739 |     Macro,
    |     ^^^^^
    |
    = note: `ItemType` has derived impls for the traits `Clone` and `Debug`, but these are intentionally ignored during dead code analysis

warning: methods `parse_documentation`, `clean_comment_line`, `extract_tag`, `tag_to_section`, and `finalize_section` are never used
   --> src/docs/parser.rs:774:8
    |
761 | impl CommentParser {
    | ------------------ methods in this implementation
...
774 |     fn parse_documentation(&self, raw_docs: &str) -> Result<ParsedDoc, SemanticError> {
    |        ^^^^^^^^^^^^^^^^^^^
...
837 |     fn clean_comment_line(&self, line: &str) -> String {
    |        ^^^^^^^^^^^^^^^^^^
...
850 |     fn extract_tag(&self, line: &str) -> Option<String> {
    |        ^^^^^^^^^^^
...
862 |     fn tag_to_section(&self, tag: &str) -> DocSection {
    |        ^^^^^^^^^^^^^^
...
872 |     fn finalize_section(
    |        ^^^^^^^^^^^^^^^^

warning: variant `Tag` is never constructed
   --> src/docs/parser.rs:933:5
    |
927 | enum DocSection {
    |      ---------- variant in this enum
...
933 |     Tag(String),
    |     ^^^
    |
    = note: `DocSection` has derived impls for the traits `Clone` and `Debug`, but these are intentionally ignored during dead code analysis

warning: methods `parse_function_signature`, `parse_type_definition`, `extract_function_name`, and `extract_type_name` are never used
   --> src/docs/parser.rs:941:8
    |
936 | impl SignatureParser {
    | -------------------- methods in this implementation
...
941 |     fn parse_function_signature(&self, source: &str) -> Result<FunctionSignature, SemanticError> {
    |        ^^^^^^^^^^^^^^^^^^^^^^^^
...
957 |     fn parse_type_definition(&self, source: &str) -> Result<TypeInfo, SemanticError> {
    |        ^^^^^^^^^^^^^^^^^^^^^
...
970 |     fn extract_function_name(&self, source: &str) -> String {
    |        ^^^^^^^^^^^^^^^^^^^^^
...
981 |     fn extract_type_name(&self, source: &str) -> String {
    |        ^^^^^^^^^^^^^^^^^

warning: fields `template_engine` and `output_format` are never read
  --> src/docs/renderer.rs:32:5
   |
30 | pub struct DocRenderer {
   |            ----------- fields in this struct
31 |     /// Template engine for rendering
32 |     template_engine: TemplateEngine,
   |     ^^^^^^^^^^^^^^^
...
38 |     output_format: OutputFormat,
   |     ^^^^^^^^^^^^^
   |
   = note: `DocRenderer` has a derived impl for the trait `Debug`, but this is intentionally ignored during dead code analysis

warning: field `templates` is never read
  --> src/docs/renderer.rs:45:5
   |
43 | pub struct TemplateEngine {
   |            -------------- field in this struct
44 |     /// Loaded templates
45 |     templates: HashMap<String, String>,
   |     ^^^^^^^^^
   |
   = note: `TemplateEngine` has a derived impl for the trait `Debug`, but this is intentionally ignored during dead code analysis

warning: field `doc` is never read
   --> src/docs/renderer.rs:227:5
    |
225 | pub struct HtmlRenderer<'a> {
    |            ------------ field in this struct
226 |     /// Documentation to render
227 |     doc: &'a Documentation,
    |     ^^^
    |
    = note: `HtmlRenderer` has a derived impl for the trait `Debug`, but this is intentionally ignored during dead code analysis

warning: method `render_template` is never used
   --> src/docs/renderer.rs:849:8
    |
536 | impl TemplateEngine {
    | ------------------- method in this implementation
...
849 |     fn render_template(
    |        ^^^^^^^^^^^^^^^

warning: field `intent_keywords` is never read
   --> src/error/intent_analysis.rs:234:5
    |
233 | struct IntentPattern {
    |        ------------- field in this struct
234 |     intent_keywords: Vec<String>,
    |     ^^^^^^^^^^^^^^^

warning: field `patterns` is never read
   --> src/error/structured.rs:397:5
    |
396 | pub struct ErrorPatterns {
    |            ------------- field in this struct
397 |     patterns: HashMap<String, ErrorPattern>,
    |     ^^^^^^^^

warning: fields `code_prefix`, `matcher`, and `fixer` are never read
   --> src/error/structured.rs:402:5
    |
401 | struct ErrorPattern {
    |        ------------ fields in this struct
402 |     code_prefix: String,
    |     ^^^^^^^^^^^
403 |     matcher: fn(&CompilerError) -> bool,
    |     ^^^^^^^
404 |     fixer: fn(&CompilerError) -> Vec<FixSuggestion>,
    |     ^^^^^
    |
    = note: `ErrorPattern` has a derived impl for the trait `Clone`, but this is intentionally ignored during dead code analysis

warning: field `include_snippets` is never read
   --> src/error/structured.rs:510:5
    |
509 | pub struct LLMErrorFormatter {
    |            ----------------- field in this struct
510 |     include_snippets: bool,
    |     ^^^^^^^^^^^^^^^^

warning: method `read_quoted_identifier` is never used
   --> src/lexer/mod.rs:506:8
    |
 90 | impl Lexer {
    | ---------- method in this implementation
...
506 |     fn read_quoted_identifier(&mut self) -> Result<Token, LexerError> {
    |        ^^^^^^^^^^^^^^^^^^^^^^

warning: method `get_type_id` is never used
  --> src/llvm_backend/mod.rs:96:8
   |
65 | impl CleanupInfo {
   | ---------------- method in this implementation
...
96 |     fn get_type_id(&self, local_id: &mir::LocalId) -> TypeId {
   |        ^^^^^^^^^^^

warning: field `module` is never read
  --> src/lsp/server.rs:36:5
   |
34 | struct DocumentState {
   |        ------------- field in this struct
35 |     text: String,
36 |     module: Option<Module>,
   |     ^^^^^^
   |
   = note: `DocumentState` has a derived impl for the trait `Debug`, but this is intentionally ignored during dead code analysis

warning: fields `start`, `size`, `permissions`, and `status` are never read
  --> src/memory/mod.rs:61:5
   |
59 | struct MemoryRegion {
   |        ------------ fields in this struct
60 |     /// Start address
61 |     start: usize,
   |     ^^^^^
...
64 |     size: usize,
   |     ^^^^
...
67 |     permissions: MemoryPermissions,
   |     ^^^^^^^^^^^
...
70 |     status: AllocationStatus,
   |     ^^^^^^
   |
   = note: `MemoryRegion` has a derived impl for the trait `Debug`, but this is intentionally ignored during dead code analysis

warning: method `analyze_expression_memory` is never used
   --> src/memory/mod.rs:151:8
    |
 95 | impl MemoryAnalyzer {
    | ------------------- method in this implementation
...
151 |     fn analyze_expression_memory(
    |        ^^^^^^^^^^^^^^^^^^^^^^^^^

warning: field `parent` is never read
   --> src/mir/mod.rs:446:5
    |
445 | struct Scope {
    |        ----- field in this struct
446 |     parent: Option<ScopeId>,
    |     ^^^^^^

warning: method `get_enum_variant_associated_type` is never used
    --> src/mir/lowering.rs:4089:8
     |
  74 | impl LoweringContext {
     | -------------------- method in this implementation
...
4089 |     fn get_enum_variant_associated_type(
     |        ^^^^^^^^^^^^^^^^^^^^^^^^^^^^^^^^

warning: field `inlined_functions` is never read
  --> src/optimizations/inlining.rs:35:5
   |
30 | pub struct InliningPass {
   |            ------------ field in this struct
...
35 |     inlined_functions: HashSet<String>,
   |     ^^^^^^^^^^^^^^^^^
   |
   = note: `InliningPass` has a derived impl for the trait `Debug`, but this is intentionally ignored during dead code analysis

warning: fields `summaries` and `global_constants` are never read
  --> src/optimizations/interprocedural.rs:34:5
   |
29 | pub struct InterproceduralAnalysisPass {
   |            --------------------------- fields in this struct
...
34 |     summaries: HashMap<String, FunctionSummary>,
   |     ^^^^^^^^^
...
37 |     global_constants: GlobalConstantAnalysis,
   |     ^^^^^^^^^^^^^^^^
   |
   = note: `InterproceduralAnalysisPass` has a derived impl for the trait `Debug`, but this is intentionally ignored during dead code analysis

warning: fields `pure_functions`, `readonly_functions`, `modifying_functions`, `throwing_functions`, and `nonterminating_functions` are never read
  --> src/optimizations/interprocedural.rs:63:5
   |
61 | pub struct SideEffectAnalysis {
   |            ------------------ fields in this struct
62 |     /// Functions that are pure (no side effects)
63 |     pure_functions: HashSet<String>,
   |     ^^^^^^^^^^^^^^
...
66 |     readonly_functions: HashSet<String>,
   |     ^^^^^^^^^^^^^^^^^^
...
69 |     modifying_functions: HashSet<String>,
   |     ^^^^^^^^^^^^^^^^^^^
...
72 |     throwing_functions: HashSet<String>,
   |     ^^^^^^^^^^^^^^^^^^
...
75 |     nonterminating_functions: HashSet<String>,
   |     ^^^^^^^^^^^^^^^^^^^^^^^^
   |
   = note: `SideEffectAnalysis` has a derived impl for the trait `Debug`, but this is intentionally ignored during dead code analysis

warning: field `induction_variable` is never read
   --> src/optimizations/vectorization.rs:662:5
    |
659 | struct LoopInfo {
    |        -------- field in this struct
...
662 |     induction_variable: Option<Place>,
    |     ^^^^^^^^^^^^^^^^^^
    |
    = note: `LoopInfo` has derived impls for the traits `Clone` and `Debug`, but these are intentionally ignored during dead code analysis

warning: field `artifacts` is never read
  --> src/package/builder.rs:35:5
   |
30 | pub struct PackageBuilder {
   |            -------------- field in this struct
...
35 |     artifacts: Vec<BuildArtifact>,
   |     ^^^^^^^^^
   |
   = note: `PackageBuilder` has a derived impl for the trait `Debug`, but this is intentionally ignored during dead code analysis

warning: fields `artifacts`, `source_timestamps`, `dependency_timestamps`, `config_hash`, and `stats` are never read
  --> src/package/builder.rs:51:5
   |
49 | pub struct BuildCache {
   |            ---------- fields in this struct
50 |     /// Cached build artifacts
51 |     artifacts: HashMap<String, CachedArtifact>,
   |     ^^^^^^^^^
...
54 |     source_timestamps: HashMap<PathBuf, std::time::SystemTime>,
   |     ^^^^^^^^^^^^^^^^^
...
57 |     dependency_timestamps: HashMap<String, std::time::SystemTime>,
   |     ^^^^^^^^^^^^^^^^^^^^^
...
60 |     config_hash: Option<String>,
   |     ^^^^^^^^^^^
...
63 |     stats: BuildCacheStats,
   |     ^^^^^
   |
   = note: `BuildCache` has a derived impl for the trait `Debug`, but this is intentionally ignored during dead code analysis

warning: field `sandbox_config` is never read
   --> src/package/builder.rs:284:5
    |
282 | pub struct BuildScriptRunner {
    |            ----------------- field in this struct
283 |     /// Sandbox configuration
284 |     sandbox_config: SandboxConfig,
    |     ^^^^^^^^^^^^^^
    |
    = note: `BuildScriptRunner` has a derived impl for the trait `Debug`, but this is intentionally ignored during dead code analysis

warning: method `clear` is never used
   --> src/package/builder.rs:882:8
    |
881 | impl BuildCache {
    | --------------- method in this implementation
882 |     fn clear(&mut self) {
    |        ^^^^^

warning: methods `execute_shell_script`, `execute_python_script`, `execute_node_script`, `execute_custom_script`, and `execute_external_script` are never used
   --> src/package/builder.rs:949:8
    |
891 | impl BuildScriptRunner {
    | ---------------------- methods in this implementation
...
949 |     fn execute_shell_script(
    |        ^^^^^^^^^^^^^^^^^^^^
...
960 |     fn execute_python_script(
    |        ^^^^^^^^^^^^^^^^^^^^^
...
971 |     fn execute_node_script(
    |        ^^^^^^^^^^^^^^^^^^^
...
982 |     fn execute_custom_script(
    |        ^^^^^^^^^^^^^^^^^^^^^
...
994 |     fn execute_external_script(
    |        ^^^^^^^^^^^^^^^^^^^^^^^

warning: field `client` is never read
   --> src/package/registry.rs:109:5
    |
107 | pub struct HttpClient {
    |            ---------- field in this struct
108 |     /// HTTP client
109 |     client: reqwest::Client,
    |     ^^^^^^
    |
    = note: `HttpClient` has a derived impl for the trait `Debug`, but this is intentionally ignored during dead code analysis

warning: method `peek_keyword` is never used
   --> src/parser/mod.rs:555:8
    |
255 | impl Parser {
    | ----------- method in this implementation
...
555 |     fn peek_keyword(&self, expected: KeywordType) -> bool {
    |        ^^^^^^^^^^^^

warning: multiple methods are never used
   --> src/parser/v2.rs:210:8
    |
 80 | impl Parser {
    | ----------- methods in this implementation
...
210 |     fn synchronize(&mut self) {
    |        ^^^^^^^^^^^
...
245 |     fn synchronize_to_block_end(&mut self) {
    |        ^^^^^^^^^^^^^^^^^^^^^^^^
...
384 |     fn syntax_error(&self, message: &str, suggestion: Option<&str>) -> ParserError {
    |        ^^^^^^^^^^^^
...
393 |     fn missing_semicolon_error(&self) -> ParserError {
    |        ^^^^^^^^^^^^^^^^^^^^^^^
...
401 |     fn missing_type_error(&self, context: &str) -> ParserError {
    |        ^^^^^^^^^^^^^^^^^^
...
409 |     fn unexpected_token_error(&self, context: &str) -> ParserError {
    |        ^^^^^^^^^^^^^^^^^^^^^^
...
443 |     fn expected_expression_hint(&self) -> &'static str {
    |        ^^^^^^^^^^^^^^^^^^^^^^^^

warning: fields `cache` and `resolver` are never read
  --> src/patterns/composition.rs:31:5
   |
26 | pub struct CompositionEngine {
   |            ----------------- fields in this struct
...
31 |     cache: HashMap<String, ComposedPattern>,
   |     ^^^^^
...
34 |     resolver: ConflictResolver,
   |     ^^^^^^^^

warning: field `strategies` is never read
   --> src/patterns/composition.rs:149:5
    |
147 | pub struct ConflictResolver {
    |            ---------------- field in this struct
148 |     /// Resolution strategies
149 |     strategies: HashMap<ConflictType, ResolutionStrategy>,
    |     ^^^^^^^^^^

warning: variant `Sequential` is never constructed
    --> src/patterns/composition.rs:1075:5
     |
1073 | enum PatternRelationship {
     |      ------------------- variant in this enum
1074 |     Independent,
1075 |     Sequential,
     |     ^^^^^^^^^^
     |
     = note: `PatternRelationship` has derived impls for the traits `Clone` and `Debug`, but these are intentionally ignored during dead code analysis

warning: field `stdlib` is never read
   --> src/pipeline/mod.rs:183:5
    |
181 | pub struct CompilationPipeline {
    |            ------------------- field in this struct
182 |     options: CompileOptions,
183 |     stdlib: StandardLibrary,
    |     ^^^^^^

warning: fields `project_info`, `history`, `automation`, `artifacts`, `distribution`, and `packaging` are never read
  --> src/release/mod.rs:38:5
   |
36 | pub struct ReleaseManager {
   |            -------------- fields in this struct
37 |     /// Project information
38 |     project_info: ProjectInfo,
   |     ^^^^^^^^^^^^
...
41 |     history: ReleaseHistory,
   |     ^^^^^^^
...
44 |     automation: automation::AutomationPipeline,
   |     ^^^^^^^^^^
...
47 |     artifacts: artifacts::ArtifactManager,
   |     ^^^^^^^^^
...
50 |     distribution: distribution::DistributionManager,
   |     ^^^^^^^^^^^^
...
53 |     packaging: packaging::PackageBuilder,
   |     ^^^^^^^^^
   |
   = note: `ReleaseManager` has a derived impl for the trait `Debug`, but this is intentionally ignored during dead code analysis

warning: method `get_content_type` is never used
    --> src/release/distribution.rs:1077:8
     |
 945 | impl DistributionManager {
     | ------------------------ method in this implementation
...
1077 |     fn get_content_type(&self, format: &PackageFormat) -> String {
     |        ^^^^^^^^^^^^^^^^

warning: fields `formats` and `compression` are never read
  --> src/release/packaging.rs:38:5
   |
27 | pub struct PackageBuilder {
   |            -------------- fields in this struct
...
38 |     formats: Vec<PackageFormat>,
   |     ^^^^^^^
...
41 |     compression: CompressionSettings,
   |     ^^^^^^^^^^^
   |
   = note: `PackageBuilder` has a derived impl for the trait `Debug`, but this is intentionally ignored during dead code analysis

warning: field `settings` is never read
   --> src/release/updates.rs:644:5
    |
633 | pub struct UpdateCache<T> {
    |            ----------- field in this struct
...
644 |     settings: CacheSettings,
    |     ^^^^^^^^
    |
    = note: `UpdateCache` has a derived impl for the trait `Debug`, but this is intentionally ignored during dead code analysis

warning: fields `trusted_certs`, `signature_verification`, and `cert_validation` are never read
   --> src/release/updates.rs:878:5
    |
873 | pub struct UpdateSecurity {
    |            -------------- fields in this struct
...
878 |     trusted_certs: Vec<Certificate>,
    |     ^^^^^^^^^^^^^
...
881 |     signature_verification: SignatureVerificationConfig,
    |     ^^^^^^^^^^^^^^^^^^^^^^
...
884 |     cert_validation: CertificateValidation,
    |     ^^^^^^^^^^^^^^^
    |
    = note: `UpdateSecurity` has a derived impl for the trait `Debug`, but this is intentionally ignored during dead code analysis

warning: field `pools` is never read
  --> src/resource/analysis.rs:37:5
   |
26 | pub struct ResourceAnalyzer {
   |            ---------------- field in this struct
...
37 |     pools: HashMap<String, ResourcePool>,
   |     ^^^^^

warning: fields `depth` and `location` are never read
  --> src/resource/analysis.rs:48:5
   |
45 | struct ScopeInfo {
   |        --------- fields in this struct
...
48 |     depth: usize,
   |     ^^^^^
49 |     location: SourceLocation,
   |     ^^^^^^^^
   |
   = note: `ScopeInfo` has derived impls for the traits `Clone` and `Debug`, but these are intentionally ignored during dead code analysis

warning: function `create_external_function` is never used
  --> src/stdlib/mod.rs:95:15
   |
95 | pub(crate) fn create_external_function(
   |               ^^^^^^^^^^^^^^^^^^^^^^^^

warning: fields `assertions` and `variables` are never read
  --> src/verification/solver.rs:26:5
   |
24 | pub struct SmtSolver {
   |            --------- fields in this struct
25 |     /// SMT-LIB assertions
26 |     assertions: Vec<String>,
   |     ^^^^^^^^^^
...
29 |     variables: HashMap<String, String>,
   |     ^^^^^^^^^
   |
   = note: `SmtSolver` has a derived impl for the trait `Debug`, but this is intentionally ignored during dead code analysis

warning: hiding a lifetime that's elided elsewhere is confusing
   --> src/concurrency/sync_primitives.rs:395:17
    |
395 |     pub fn lock(&self) -> LockResult<MutexGuard> {
    |                 ^^^^^                ^^^^^^^^^^ the same lifetime is hidden here
    |                 |
    |                 the lifetime is elided here
    |
    = help: the same lifetime is referred to in inconsistent ways, making the signature confusing
    = note: `#[warn(mismatched_lifetime_syntaxes)]` on by default
help: use `'_` for type paths
    |
395 |     pub fn lock(&self) -> LockResult<MutexGuard<'_>> {
    |                                                ++++

warning: hiding a lifetime that's elided elsewhere is confusing
   --> src/concurrency/sync_primitives.rs:434:21
    |
434 |     pub fn try_lock(&self) -> LockResult<MutexGuard> {
    |                     ^^^^^                ^^^^^^^^^^ the same lifetime is hidden here
    |                     |
    |                     the lifetime is elided here
    |
    = help: the same lifetime is referred to in inconsistent ways, making the signature confusing
help: use `'_` for type paths
    |
434 |     pub fn try_lock(&self) -> LockResult<MutexGuard<'_>> {
    |                                                    ++++

warning: hiding a lifetime that's elided elsewhere is confusing
   --> src/concurrency/sync_primitives.rs:615:17
    |
615 |     pub fn read(&self) -> LockResult<ReadGuard> {
    |                 ^^^^^                ^^^^^^^^^ the same lifetime is hidden here
    |                 |
    |                 the lifetime is elided here
    |
    = help: the same lifetime is referred to in inconsistent ways, making the signature confusing
help: use `'_` for type paths
    |
615 |     pub fn read(&self) -> LockResult<ReadGuard<'_>> {
    |                                               ++++

warning: hiding a lifetime that's elided elsewhere is confusing
   --> src/concurrency/sync_primitives.rs:634:18
    |
634 |     pub fn write(&self) -> LockResult<WriteGuard> {
    |                  ^^^^^                ^^^^^^^^^^ the same lifetime is hidden here
    |                  |
    |                  the lifetime is elided here
    |
    = help: the same lifetime is referred to in inconsistent ways, making the signature confusing
help: use `'_` for type paths
    |
634 |     pub fn write(&self) -> LockResult<WriteGuard<'_>> {
    |                                                 ++++

warning: unused `Result` that must be used
   --> src/llvm_backend/mod.rs:453:29
    |
453 | ...                   builder.build_return(Some(&return_value));
    |                       ^^^^^^^^^^^^^^^^^^^^^^^^^^^^^^^^^^^^^^^^^
    |
    = note: this `Result` may be an `Err` variant, which should be handled
    = note: `#[warn(unused_must_use)]` (part of `#[warn(unused)]`) on by default
help: use `let _ = ...` to ignore the resulting value
    |
453 |                             let _ = builder.build_return(Some(&return_value));
    |                             +++++++

warning: unused `Result` that must be used
   --> src/llvm_backend/mod.rs:462:29
    |
462 | ...                   builder.build_return(Some(&i32_type.const_int(0, false)));
    |                       ^^^^^^^^^^^^^^^^^^^^^^^^^^^^^^^^^^^^^^^^^^^^^^^^^^^^^^^^^
    |
    = note: this `Result` may be an `Err` variant, which should be handled
help: use `let _ = ...` to ignore the resulting value
    |
462 |                             let _ = builder.build_return(Some(&i32_type.const_int(0, false)));
    |                             +++++++

warning: hiding a lifetime that's elided elsewhere is confusing
  --> src/llvm_backend/context.rs:47:26
   |
47 |     pub fn create_module(&self, name: &str) -> Module {
   |                          ^^^^^                 ^^^^^^ the same lifetime is hidden here
   |                          |
   |                          the lifetime is elided here
   |
   = help: the same lifetime is referred to in inconsistent ways, making the signature confusing
help: use `'_` for type paths
   |
47 |     pub fn create_module(&self, name: &str) -> Module<'_> {
   |                                                      ++++

warning: hiding a lifetime that's elided elsewhere is confusing
  --> src/llvm_backend/context.rs:58:27
   |
58 |     pub fn create_builder(&self) -> Builder {
   |                           ^^^^^     ^^^^^^^ the same lifetime is hidden here
   |                           |
   |                           the lifetime is elided here
   |
   = help: the same lifetime is referred to in inconsistent ways, making the signature confusing
help: use `'_` for type paths
   |
58 |     pub fn create_builder(&self) -> Builder<'_> {
   |                                            ++++

warning: using `.clone()` on a double reference, which returns `&version::Version` instead of cloning the inner type
   --> src/package/resolver.rs:538:61
    |
538 |                 Ok(compatible_versions.iter().max().unwrap().clone().clone())
    |                                                             ^^^^^^^^
    |
    = note: `#[warn(suspicious_double_ref_op)]` on by default

warning: using `.clone()` on a double reference, which returns `&version::Version` instead of cloning the inner type
   --> src/package/resolver.rs:541:61
    |
541 |                 Ok(compatible_versions.iter().min().unwrap().clone().clone())
    |                                                             ^^^^^^^^

warning: using `.clone()` on a double reference, which returns `&version::Version` instead of cloning the inner type
   --> src/package/resolver.rs:545:61
    |
545 |                 Ok(compatible_versions.iter().min().unwrap().clone().clone())
    |                                                             ^^^^^^^^

warning: using `.clone()` on a double reference, which returns `&version::Version` instead of cloning the inner type
   --> src/package/resolver.rs:549:61
    |
549 |                 Ok(compatible_versions.iter().max().unwrap().clone().clone())
    |                                                             ^^^^^^^^

warning: hiding a lifetime that's elided elsewhere is confusing
  --> src/profiling/mod.rs:91:24
   |
91 |     pub fn start_phase(&mut self, phase_name: &str) -> PhaseTimer {
   |                        ^^^^^^^^^                       ^^^^^^^^^^ the same lifetime is hidden here
   |                        |
   |                        the lifetime is elided here
   |
   = help: the same lifetime is referred to in inconsistent ways, making the signature confusing
help: use `'_` for type paths
   |
91 |     pub fn start_phase(&mut self, phase_name: &str) -> PhaseTimer<'_> {
   |                                                                  ++++

warning: unused `Result` that must be used
    --> src/semantic/mod.rs:2918:9
     |
2918 |         self.symbol_table.exit_scope();
     |         ^^^^^^^^^^^^^^^^^^^^^^^^^^^^^^
     |
     = note: this `Result` may be an `Err` variant, which should be handled
help: use `let _ = ...` to ignore the resulting value
     |
2918 |         let _ = self.symbol_table.exit_scope();
     |         +++++++

warning: `aether` (lib) generated 195 warnings (run `cargo fix --lib -p aether` to apply 46 suggestions)
    Finished `dev` profile [unoptimized + debuginfo] target(s) in 0.81s
     Running `target/debug/aether-compiler ast tests/fixtures/simple_module.aether --output tests/output`
Lexer error: UnterminatedString { location: SourceLocation { file: "tests/fixtures/simple_module.aether", line: 2, column: 9, offset: 23 } }

  left: 1
 right: 0

---- test_cli_check_multiple_files stdout ----

thread 'test_cli_check_multiple_files' (7563091) panicked at tests/cli_integration_tests.rs:106:5:
assertion `left == right` failed: Stderr:     Blocking waiting for file lock on package cache
    Blocking waiting for file lock on package cache
    Blocking waiting for file lock on package cache
    Blocking waiting for file lock on package cache
    Blocking waiting for file lock on build directory
warning: unused import: `ExampleType`
  --> src/docs/tutorial.rs:21:46
   |
21 |     CodeExample, DifficultyLevel, DocConfig, ExampleType, Exercise, Tutorial, TutorialSection,
   |                                              ^^^^^^^^^^^
   |
   = note: `#[warn(unused_imports)]` (part of `#[warn(unused)]`) on by default

warning: unused import: `std::path::Path`
  --> src/error/enhancement.rs:24:5
   |
24 | use std::path::Path;
   |     ^^^^^^^^^^^^^^^

warning: unused import: `BehavioralSpec`
  --> src/error/intent_analysis.rs:22:33
   |
22 | use crate::semantic::metadata::{BehavioralSpec, IntentSpec};
   |                                 ^^^^^^^^^^^^^^

warning: unused imports: `Expression`, `Statement`, and `TypeSpecifier`
  --> src/error/structured.rs:20:18
   |
20 | use crate::ast::{Expression, Statement, TypeSpecifier};
   |                  ^^^^^^^^^^  ^^^^^^^^^  ^^^^^^^^^^^^^

warning: unused import: `HashSet`
  --> src/llvm_backend/mod.rs:37:33
   |
37 | use std::collections::{HashMap, HashSet};
   |                                 ^^^^^^^

warning: unused import: `std::path::Path`
  --> src/lsp/server.rs:20:5
   |
20 | use std::path::Path;
   |     ^^^^^^^^^^^^^^^

warning: unused import: `BasicBlockId`
  --> src/optimizations/constant_propagation.rs:21:18
   |
21 | use crate::mir::{BasicBlockId, ConstantValue, Function, LocalId, Operand, Rvalue, Statement};
   |                  ^^^^^^^^^^^^

warning: unused imports: `BasicBlockId`, `LocalId`, `Place`, and `SourceInfo`
  --> src/optimizations/inlining.rs:22:5
   |
22 |     BasicBlockId, Function, LocalId, Operand, Place, Program, Rvalue, SourceInfo, Statement,
   |     ^^^^^^^^^^^^            ^^^^^^^           ^^^^^                   ^^^^^^^^^^

warning: unused import: `std::collections::HashMap`
  --> src/optimizations/inlining.rs:25:5
   |
25 | use std::collections::HashMap;
   |     ^^^^^^^^^^^^^^^^^^^^^^^^^

warning: unused import: `Constant`
  --> src/optimizations/interprocedural.rs:22:17
   |
22 |     BasicBlock, Constant, Function, Operand, Place, Program, Rvalue, Statement, Terminator,
   |                 ^^^^^^^^

warning: unused import: `BuildConfiguration`
  --> src/package/builder.rs:21:32
   |
21 | use crate::package::manifest::{BuildConfiguration, PackageManifest};
   |                                ^^^^^^^^^^^^^^^^^^

warning: unused import: `CacheStats`
  --> src/package/builder.rs:22:35
   |
22 | use crate::package::{BuildConfig, CacheStats};
   |                                   ^^^^^^^^^^

warning: unused imports: `BinaryOp` and `Expression as ContractExpr`
  --> src/patterns/catalog.rs:20:38
   |
20 | use crate::verification::contracts::{BinaryOp, Expression as ContractExpr};
   |                                      ^^^^^^^^  ^^^^^^^^^^^^^^^^^^^^^^^^^^

warning: unused imports: `Block`, `Expression`, `Function`, and `Statement`
  --> src/patterns/composition.rs:20:18
   |
20 | use crate::ast::{Block, Expression, Function, Statement};
   |                  ^^^^^  ^^^^^^^^^^  ^^^^^^^^  ^^^^^^^^^

warning: unused import: `crate::error::SourceLocation`
  --> src/patterns/composition.rs:21:5
   |
21 | use crate::error::SourceLocation;
   |     ^^^^^^^^^^^^^^^^^^^^^^^^^^^^

warning: unused import: `Function`
  --> src/patterns/mod.rs:23:37
   |
23 | use crate::ast::{Block, Expression, Function, Statement};
   |                                     ^^^^^^^^

warning: unused import: `crate::error::SourceLocation`
  --> src/patterns/mod.rs:24:5
   |
24 | use crate::error::SourceLocation;
   |     ^^^^^^^^^^^^^^^^^^^^^^^^^^^^

warning: unused imports: `FailoverConfig`, `FailoverThreshold`, `RecoveryConfig`, and `self`
  --> src/release/distribution.rs:23:22
   |
23 | use crate::release::{self, DistributionConfig, FailoverConfig, FailoverThreshold, RecoveryConfig};
   |                      ^^^^                      ^^^^^^^^^^^^^^  ^^^^^^^^^^^^^^^^^  ^^^^^^^^^^^^^^

warning: unused import: `crate::error::SemanticError`
  --> src/release/mod.rs:26:5
   |
26 | use crate::error::SemanticError;
   |     ^^^^^^^^^^^^^^^^^^^^^^^^^^^

warning: unused import: `OwnershipKind`
  --> src/semantic/mod.rs:32:20
   |
32 | use crate::types::{OwnershipKind, Type, TypeChecker};
   |                    ^^^^^^^^^^^^^

warning: unused import: `crate::types::Type`
  --> src/verification/contract_to_smt.rs:20:5
   |
20 | use crate::types::Type;
   |     ^^^^^^^^^^^^^^^^^^

warning: unused imports: `AggregateOp` and `TemporalOp`
  --> src/verification/contract_to_smt.rs:22:5
   |
22 |     AggregateOp, BinaryOp, ConstantValue, Expression, QuantifierKind, TemporalOp, UnaryOp,
   |     ^^^^^^^^^^^                                                       ^^^^^^^^^^

warning: unused imports: `Deserialize` and `Serialize`
  --> src/verification/contracts.rs:30:13
   |
30 | use serde::{Deserialize, Serialize};
   |             ^^^^^^^^^^^  ^^^^^^^^^

warning: unused import: `crate::ast::PrimitiveType`
  --> src/verification/vcgen.rs:23:5
   |
23 | use crate::ast::PrimitiveType;
   |     ^^^^^^^^^^^^^^^^^^^^^^^^^

warning: unused import: `crate::types::Type`
  --> src/verification/vcgen.rs:26:5
   |
26 | use crate::types::Type;
   |     ^^^^^^^^^^^^^^^^^^

warning: unused variable: `receiver`
   --> src/concurrency/actors.rs:377:22
    |
377 |         let (sender, receiver) = mpsc::channel();
    |                      ^^^^^^^^ help: if this is intentional, prefix it with an underscore: `_receiver`
    |
    = note: `#[warn(unused_variables)]` (part of `#[warn(unused)]`) on by default

warning: unused variable: `strategy`
   --> src/concurrency/actors.rs:622:12
    |
622 |     fn new(strategy: SupervisionStrategy) -> Self {
    |            ^^^^^^^^ help: if this is intentional, prefix it with an underscore: `_strategy`

warning: unused variable: `worker_id`
   --> src/concurrency/async_runtime.rs:350:13
    |
350 |         for worker_id in 0..self.config.worker_threads {
    |             ^^^^^^^^^ help: if this is intentional, prefix it with an underscore: `_worker_id`

warning: unused variable: `start_time`
   --> src/concurrency/sync_primitives.rs:568:13
    |
568 |         let start_time = Instant::now();
    |             ^^^^^^^^^^ help: if this is intentional, prefix it with an underscore: `_start_time`

warning: unused variable: `metrics`
   --> src/concurrency/sync_primitives.rs:711:23
    |
711 |         if let Ok(mut metrics) = self.rw_lock.metrics.lock() {}
    |                       ^^^^^^^ help: if this is intentional, prefix it with an underscore: `_metrics`

warning: variable does not need to be mutable
   --> src/concurrency/sync_primitives.rs:711:19
    |
711 |         if let Ok(mut metrics) = self.rw_lock.metrics.lock() {}
    |                   ----^^^^^^^
    |                   |
    |                   help: remove this `mut`
    |
    = note: `#[warn(unused_mut)]` (part of `#[warn(unused)]`) on by default

warning: unused variable: `metrics`
   --> src/concurrency/sync_primitives.rs:718:23
    |
718 |         if let Ok(mut metrics) = self.rw_lock.metrics.lock() {}
    |                       ^^^^^^^ help: if this is intentional, prefix it with an underscore: `_metrics`

warning: variable does not need to be mutable
   --> src/concurrency/sync_primitives.rs:718:19
    |
718 |         if let Ok(mut metrics) = self.rw_lock.metrics.lock() {}
    |                   ----^^^^^^^
    |                   |
    |                   help: remove this `mut`

warning: unused variable: `response_receiver`
   --> src/debug/debugger.rs:390:31
    |
390 |         let (response_sender, response_receiver) = channel();
    |                               ^^^^^^^^^^^^^^^^^ help: if this is intentional, prefix it with an underscore: `_response_receiver`

warning: unused variable: `debugger_process`
   --> src/debug/debugger.rs:393:13
    |
393 |         let debugger_process = self.start_debugger_process(&program_path)?;
    |             ^^^^^^^^^^^^^^^^ help: if this is intentional, prefix it with an underscore: `_debugger_process`

warning: unused variable: `target_info`
   --> src/debug/debugger.rs:401:13
    |
401 |         let target_info = TargetInfo {
    |             ^^^^^^^^^^^ help: if this is intentional, prefix it with an underscore: `_target_info`

warning: unused variable: `diagnostic`
   --> src/debug/lsp.rs:593:21
    |
593 |                 let diagnostic = Diagnostic {
    |                     ^^^^^^^^^^ help: if this is intentional, prefix it with an underscore: `_diagnostic`

warning: unused variable: `name`
   --> src/debug/lsp.rs:636:18
    |
636 |             for (name, symbol) in &semantic_info.symbols {
    |                  ^^^^ help: if this is intentional, prefix it with an underscore: `_name`

warning: unused variable: `uri`
   --> src/debug/lsp.rs:789:35
    |
789 |     pub fn get_diagnostics(&self, uri: &str) -> Vec<Diagnostic> {
    |                                   ^^^ help: if this is intentional, prefix it with an underscore: `_uri`

warning: unused variable: `categories`
   --> src/docs/examples.rs:132:13
    |
132 |         let categories = Self::create_example_categories();
    |             ^^^^^^^^^^ help: if this is intentional, prefix it with an underscore: `_categories`

warning: unused variable: `templates`
   --> src/docs/examples.rs:133:13
    |
133 |         let templates = Self::create_example_templates();
    |             ^^^^^^^^^ help: if this is intentional, prefix it with an underscore: `_templates`

warning: unused variable: `config`
   --> src/docs/examples.rs:131:16
    |
131 |     pub fn new(config: &DocConfig) -> Result<Self, SemanticError> {
    |                ^^^^^^ help: if this is intentional, prefix it with an underscore: `_config`

warning: unused variable: `output_dir`
  --> src/docs/generator.rs:21:16
   |
21 |     pub fn new(output_dir: String) -> Self {
   |                ^^^^^^^^^^ help: if this is intentional, prefix it with an underscore: `_output_dir`

warning: unused variable: `comment_parser`
   --> src/docs/parser.rs:132:13
    |
132 |         let comment_parser = CommentParser::new();
    |             ^^^^^^^^^^^^^^ help: if this is intentional, prefix it with an underscore: `_comment_parser`

warning: unused variable: `signature_parser`
   --> src/docs/parser.rs:133:13
    |
133 |         let signature_parser = SignatureParser::new();
    |             ^^^^^^^^^^^^^^^^ help: if this is intentional, prefix it with an underscore: `_signature_parser`

warning: unused variable: `config`
   --> src/docs/parser.rs:131:16
    |
131 |     pub fn new(config: &DocConfig) -> Result<Self, SemanticError> {
    |                ^^^^^^ help: if this is intentional, prefix it with an underscore: `_config`

warning: unused variable: `themes`
   --> src/docs/renderer.rs:368:13
    |
368 |         let themes = ThemeManager::new()?;
    |             ^^^^^^ help: if this is intentional, prefix it with an underscore: `_themes`

warning: unused variable: `search_paths`
   --> src/docs/renderer.rs:539:13
    |
539 |         let search_paths = vec![base_dir.join("templates"), PathBuf::from("templates")];
    |             ^^^^^^^^^^^^ help: if this is intentional, prefix it with an underscore: `_search_paths`

warning: unused variable: `helpers`
   --> src/docs/renderer.rs:558:13
    |
558 |         let helpers = Self::create_default_helpers();
    |             ^^^^^^^ help: if this is intentional, prefix it with an underscore: `_helpers`

warning: unused variable: `processors`
   --> src/docs/renderer.rs:879:13
    |
879 |         let processors: Vec<&dyn Fn(&str) -> String> = vec![];
    |             ^^^^^^^^^^ help: if this is intentional, prefix it with an underscore: `_processors`

warning: unused variable: `options`
    --> src/docs/renderer.rs:1185:13
     |
1185 |         let options = MarkdownOptions {
     |             ^^^^^^^ help: if this is intentional, prefix it with an underscore: `_options`

warning: unused variable: `toc_generator`
    --> src/docs/renderer.rs:1192:13
     |
1192 |         let toc_generator = TocGenerator {};
     |             ^^^^^^^^^^^^^ help: if this is intentional, prefix it with an underscore: `_toc_generator`

warning: unused variable: `options`
    --> src/docs/renderer.rs:1347:13
     |
1347 |         let options = PdfOptions {
     |             ^^^^^^^ help: if this is intentional, prefix it with an underscore: `_options`

warning: unused variable: `layout`
    --> src/docs/renderer.rs:1354:13
     |
1354 |         let layout = PageLayout {
     |             ^^^^^^ help: if this is intentional, prefix it with an underscore: `_layout`

warning: unused variable: `templates`
  --> src/docs/tutorial.rs:98:13
   |
98 |         let templates = Self::create_tutorial_templates();
   |             ^^^^^^^^^ help: if this is intentional, prefix it with an underscore: `_templates`

warning: unused variable: `config`
  --> src/docs/tutorial.rs:97:16
   |
97 |     pub fn new(config: &DocConfig) -> Result<Self, SemanticError> {
   |                ^^^^^^ help: if this is intentional, prefix it with an underscore: `_config`

warning: unused variable: `function`
   --> src/error/intent_analysis.rs:142:9
    |
142 |         function: &Function,
    |         ^^^^^^^^ help: if this is intentional, prefix it with an underscore: `_function`

warning: unused variable: `error`
   --> src/error/structured.rs:434:26
    |
434 |     fn fix_type_mismatch(error: &CompilerError) -> Vec<FixSuggestion> {
    |                          ^^^^^ help: if this is intentional, prefix it with an underscore: `_error`

warning: unused variable: `error`
   --> src/error/structured.rs:455:29
    |
455 |     fn fix_undefined_symbol(error: &CompilerError) -> Vec<FixSuggestion> {
    |                             ^^^^^ help: if this is intentional, prefix it with an underscore: `_error`

warning: unreachable pattern
   --> src/lexer/mod.rs:716:17
    |
685 |                 Some('\'') => {
    |                 ---------- matches all the relevant values
...
716 |                 Some('\'') => {
    |                 ^^^^^^^^^^ no value can reach this
    |
    = note: `#[warn(unreachable_patterns)]` (part of `#[warn(unused)]`) on by default

warning: unused variable: `function`
   --> src/llvm_backend/codegen.rs:157:13
    |
157 |         let function = self.module.add_function(name, fn_type, None);
    |             ^^^^^^^^ help: if this is intentional, prefix it with an underscore: `_function`

warning: unused variable: `i`
   --> src/llvm_backend/mod.rs:625:18
    |
625 |             for (i, stmt) in mir_block.statements.iter().enumerate() {
    |                  ^ help: if this is intentional, prefix it with an underscore: `_i`

warning: unnecessary `unsafe` block
   --> src/llvm_backend/mod.rs:919:41
    |
919 |                         let field_ptr = unsafe {
    |                                         ^^^^^^ unnecessary `unsafe` block
    |
    = note: `#[warn(unused_unsafe)]` (part of `#[warn(unused)]`) on by default

warning: unreachable pattern
    --> src/llvm_backend/mod.rs:2437:13
     |
 986 |             mir::Rvalue::AddressOf(place) => {
     |             ----------------------------- matches all the relevant values
...
2437 |             &mir::Rvalue::AddressOf(_) => todo!(),
     |             ^^^^^^^^^^^^^^^^^^^^^^^^^^ no value can reach this

warning: unused variable: `int_val`
    --> src/llvm_backend/mod.rs:1541:58
     |
1541 | ...                   BasicValueEnum::IntValue(int_val) => {
     |                                                ^^^^^^^ help: if this is intentional, prefix it with an underscore: `_int_val`

warning: unused variable: `field_names`
    --> src/llvm_backend/mod.rs:1836:61
     |
1836 |                     mir::AggregateKind::Struct(struct_name, field_names) => {
     |                                                             ^^^^^^^^^^^ help: if this is intentional, prefix it with an underscore: `_field_names`

warning: value assigned to `struct_size` is never read
    --> src/llvm_backend/mod.rs:1860:33
     |
1860 |                         let mut struct_size = 0u64;
     |                                 ^^^^^^^^^^^
     |
     = help: maybe it is overwritten before being read?
     = note: `#[warn(unused_assignments)]` (part of `#[warn(unused)]`) on by default

warning: variable does not need to be mutable
    --> src/llvm_backend/mod.rs:2152:29
     |
2152 |                         let mut current_type =
     |                             ----^^^^^^^^^^^^
     |                             |
     |                             help: remove this `mut`

warning: unused variable: `i64_type`
    --> src/llvm_backend/mod.rs:3210:13
     |
3210 |         let i64_type = self.context.i64_type();
     |             ^^^^^^^^ help: if this is intentional, prefix it with an underscore: `_i64_type`

warning: unused variable: `void_type`
    --> src/llvm_backend/mod.rs:3213:13
     |
3213 |         let void_type = self.context.void_type();
     |             ^^^^^^^^^ help: if this is intentional, prefix it with an underscore: `_void_type`

warning: unnecessary `unsafe` block
    --> src/llvm_backend/mod.rs:3662:33
     |
3662 |                 let field_ptr = unsafe {
     |                                 ^^^^^^ unnecessary `unsafe` block

warning: unused variable: `parent`
   --> src/memory/mod.rs:110:37
    |
110 |     pub fn create_region(&mut self, parent: Option<RegionId>) -> RegionId {
    |                                     ^^^^^^ help: if this is intentional, prefix it with an underscore: `_parent`

warning: unused variable: `operand`
   --> src/memory/mod.rs:307:48
    |
307 |                 if let Expression::AddressOf { operand, .. } = &**expr {
    |                                                ^^^^^^^-
    |                                                |
    |                                                help: try removing the field

warning: unused variable: `region_id`
   --> src/memory/mod.rs:441:38
    |
441 |     fn get_region_allocations(&self, region_id: &RegionId) -> Vec<AllocationInfo> {
    |                                      ^^^^^^^^^ help: if this is intentional, prefix it with an underscore: `_region_id`

warning: unused variable: `source_location`
   --> src/mir/lowering.rs:608:17
    |
608 |                 source_location,
    |                 ^^^^^^^^^^^^^^^ help: try ignoring the field: `source_location: _`

warning: unused variable: `source_location`
   --> src/mir/lowering.rs:621:17
    |
621 |                 source_location,
    |                 ^^^^^^^^^^^^^^^ help: try ignoring the field: `source_location: _`

warning: unused variable: `source_location`
   --> src/mir/lowering.rs:675:17
    |
675 |                 source_location,
    |                 ^^^^^^^^^^^^^^^ help: try ignoring the field: `source_location: _`

warning: unused variable: `source_location`
   --> src/mir/lowering.rs:685:17
    |
685 |                 source_location,
    |                 ^^^^^^^^^^^^^^^ help: try ignoring the field: `source_location: _`

warning: unused variable: `module`
    --> src/mir/lowering.rs:2544:33
     |
2544 |             Type::Named { name, module } => {
     |                                 ^^^^^^ help: try ignoring the field: `module: _`

warning: unused variable: `map`
    --> src/mir/lowering.rs:2668:47
     |
2668 |             ast::AssignmentTarget::MapValue { map, key } => {
     |                                               ^^^ help: try ignoring the field: `map: _`

warning: unused variable: `key`
    --> src/mir/lowering.rs:2668:52
     |
2668 |             ast::AssignmentTarget::MapValue { map, key } => {
     |                                                    ^^^ help: try ignoring the field: `key: _`

warning: unreachable pattern
    --> src/mir/lowering.rs:3998:13
     |
3934 |               ast::Pattern::Wildcard { binding, .. } => {
     |               -------------------------------------- matches all the relevant values
...
3998 | /             ast::Pattern::Wildcard {
3999 | |                 binding: Some(binding_name),
4000 | |                 source_location,
4001 | |             } => {
     | |_____________^ no value can reach this

warning: unreachable pattern
    --> src/mir/lowering.rs:4061:13
     |
3934 |             ast::Pattern::Wildcard { binding, .. } => {
     |             -------------------------------------- matches all the relevant values
...
4061 |             ast::Pattern::Wildcard { binding: None, .. } => {
     |             ^^^^^^^^^^^^^^^^^^^^^^^^^^^^^^^^^^^^^^^^^^^^ no value can reach this

warning: unused variable: `st`
    --> src/mir/lowering.rs:3792:49
     |
3792 |                     let data_type = if let Some(st) = &self.symbol_table {
     |                                                 ^^ help: if this is intentional, prefix it with an underscore: `_st`

warning: unused variable: `inner_variant`
    --> src/mir/lowering.rs:3819:43
     |
3819 | ...                   variant_name: inner_variant,
     |                                     ^^^^^^^^^^^^^ help: if this is intentional, prefix it with an underscore: `_inner_variant`

warning: unused variable: `target_type`
    --> src/mir/lowering.rs:4665:13
     |
4665 |         let target_type = match pointer_type {
     |             ^^^^^^^^^^^ help: if this is intentional, prefix it with an underscore: `_target_type`

warning: unused variable: `cycle`
   --> src/module_loader.rs:280:17
    |
280 |             let cycle: Vec<String> = stack[cycle_start..].to_vec();
    |                 ^^^^^ help: if this is intentional, prefix it with an underscore: `_cycle`

warning: unused variable: `depth`
  --> src/optimizations/inlining.rs:52:44
   |
52 |     pub fn set_max_inline_depth(&mut self, depth: usize) {}
   |                                            ^^^^^ help: if this is intentional, prefix it with an underscore: `_depth`

warning: unused variable: `function_name`
   --> src/optimizations/interprocedural.rs:667:14
    |
667 |         for (function_name, summary) in summaries {
    |              ^^^^^^^^^^^^^ help: if this is intentional, prefix it with an underscore: `_function_name`

warning: unused variable: `function_name`
   --> src/optimizations/interprocedural.rs:782:14
    |
782 |         for (function_name, function) in &program.functions {
    |              ^^^^^^^^^^^^^ help: if this is intentional, prefix it with an underscore: `_function_name`

warning: unused variable: `function`
   --> src/optimizations/interprocedural.rs:782:29
    |
782 |         for (function_name, function) in &program.functions {
    |                             ^^^^^^^^ help: if this is intentional, prefix it with an underscore: `_function`

warning: unused variable: `function_name`
   --> src/optimizations/interprocedural.rs:799:14
    |
799 |         for (function_name, function) in &program.functions {
    |              ^^^^^^^^^^^^^ help: if this is intentional, prefix it with an underscore: `_function_name`

warning: unused variable: `function_name`
   --> src/optimizations/interprocedural.rs:821:14
    |
821 |         for (function_name, function) in &program.functions {
    |              ^^^^^^^^^^^^^ help: if this is intentional, prefix it with an underscore: `_function_name`

warning: unused variable: `constant`
   --> src/optimizations/interprocedural.rs:856:21
    |
856 |         for (place, constant) in assignments {
    |                     ^^^^^^^^ help: if this is intentional, prefix it with an underscore: `_constant`

warning: unused variable: `var_name`
   --> src/optimizations/interprocedural.rs:857:17
    |
857 |             let var_name = format!("{}::{}", function.name, place.local);
    |                 ^^^^^^^^ help: if this is intentional, prefix it with an underscore: `_var_name`

warning: unused variable: `end_loc`
    --> src/parser/v2.rs:2883:17
     |
2883 |             let end_loc = self.current_location();
     |                 ^^^^^^^ help: if this is intentional, prefix it with an underscore: `_end_loc`

warning: unused variable: `field_location`
    --> src/parser/mod.rs:1420:17
     |
1420 |             let field_location = field_keyword.location.clone();
     |                 ^^^^^^^^^^^^^^ help: if this is intentional, prefix it with an underscore: `_field_location`

warning: variable does not need to be mutable
    --> src/parser/mod.rs:1875:13
     |
1875 |         let mut constraints = Vec::new();
     |             ----^^^^^^^^^^^
     |             |
     |             help: remove this `mut`

warning: variable `generic_parameters` is assigned to, but never used
    --> src/parser/mod.rs:1927:17
     |
1927 |         let mut generic_parameters = Vec::new();
     |                 ^^^^^^^^^^^^^^^^^^
     |
     = note: consider using `_generic_parameters` instead

warning: variable `lifetime_parameters` is assigned to, but never used
    --> src/parser/mod.rs:1928:17
     |
1928 |         let mut lifetime_parameters = Vec::new();
     |                 ^^^^^^^^^^^^^^^^^^^
     |
     = note: consider using `_lifetime_parameters` instead

warning: value assigned to `generic_parameters` is never read
    --> src/parser/mod.rs:1977:29
     |
1977 | ...                   generic_parameters = self.parse_generic_parameters()?;
     |                       ^^^^^^^^^^^^^^^^^^
     |
     = help: maybe it is overwritten before being read?

warning: value assigned to `lifetime_parameters` is never read
    --> src/parser/mod.rs:1981:29
     |
1981 | ...                   lifetime_parameters = self.parse_lifetime_parameters()?;
     |                       ^^^^^^^^^^^^^^^^^^^
     |
     = help: maybe it is overwritten before being read?

warning: variable does not need to be mutable
    --> src/parser/mod.rs:1926:13
     |
1926 |         let mut intent = None;
     |             ----^^^^^^
     |             |
     |             help: remove this `mut`

warning: unused variable: `nested_pattern`
    --> src/parser/mod.rs:4182:22
     |
4182 |                 let (nested_pattern, binding) = if let Some(token) = self.current_token() {
     |                      ^^^^^^^^^^^^^^ help: if this is intentional, prefix it with an underscore: `_nested_pattern`

warning: variable does not need to be mutable
    --> src/parser/mod.rs:4599:13
     |
4599 |         let mut invariants = Vec::new();
     |             ----^^^^^^^^^^
     |             |
     |             help: remove this `mut`

warning: variable does not need to be mutable
   --> src/patterns/catalog.rs:132:21
    |
132 |                 let mut contract = create_pattern_contract("safe_array_access");
    |                     ----^^^^^^^^
    |                     |
    |                     help: remove this `mut`

warning: variable does not need to be mutable
   --> src/patterns/catalog.rs:392:21
    |
392 |                 let mut contract = create_pattern_contract("binary_search");
    |                     ----^^^^^^^^
    |                     |
    |                     help: remove this `mut`

warning: variable does not need to be mutable
   --> src/patterns/catalog.rs:536:21
    |
536 |                 let mut contract = create_pattern_contract("map_filter_reduce");
    |                     ----^^^^^^^^
    |                     |
    |                     help: remove this `mut`

warning: variable does not need to be mutable
   --> src/patterns/catalog.rs:804:21
    |
804 |                 let mut contract = create_pattern_contract("raii_wrapper");
    |                     ----^^^^^^^^
    |                     |
    |                     help: remove this `mut`

warning: variable does not need to be mutable
   --> src/patterns/catalog.rs:931:21
    |
931 |                 let mut contract = create_pattern_contract("result_type");
    |                     ----^^^^^^^^
    |                     |
    |                     help: remove this `mut`

warning: variable does not need to be mutable
    --> src/patterns/catalog.rs:1049:21
     |
1049 |                 let mut contract = create_pattern_contract("input_validation");
     |                     ----^^^^^^^^
     |                     |
     |                     help: remove this `mut`

warning: unused variable: `data_flow`
   --> src/patterns/composition.rs:519:9
    |
519 |         data_flow: &DataFlowSpec,
    |         ^^^^^^^^^ help: if this is intentional, prefix it with an underscore: `_data_flow`

warning: unused variable: `config`
   --> src/release/distribution.rs:947:16
    |
947 |     pub fn new(config: DistributionConfig) -> Result<Self, SemanticError> {
    |                ^^^^^^ help: if this is intentional, prefix it with an underscore: `_config`

warning: unused variable: `cache_config`
    --> src/release/distribution.rs:1135:13
     |
1135 |         let cache_config = CacheConfig {
     |             ^^^^^^^^^^^^ help: if this is intentional, prefix it with an underscore: `_cache_config`

warning: unused variable: `c_string`
   --> src/runtime/mod.rs:170:9
    |
170 |     let c_string = result.as_ptr() as *mut c_char;
    |         ^^^^^^^^ help: if this is intentional, prefix it with an underscore: `_c_string`

warning: unused variable: `constraint`
   --> src/semantic/metadata.rs:462:25
    |
462 |             if let Some(constraint) = &sem_type.constraint {
    |                         ^^^^^^^^^^ help: if this is intentional, prefix it with an underscore: `_constraint`

warning: unused variable: `e`
  --> src/semantic/ownership.rs:41:32
   |
41 |                     if let Err(e) = self.symbol_table.mark_variable_moved(&name.name) {
   |                                ^ help: if this is intentional, prefix it with an underscore: `_e`

warning: unused variable: `e`
  --> src/semantic/ownership.rs:66:36
   |
66 |                         if let Err(e) = self.symbol_table.mark_variable_moved(&name.name) {
   |                                    ^ help: if this is intentional, prefix it with an underscore: `_e`

warning: unused variable: `enum_name`
    --> src/semantic/mod.rs:1549:17
     |
1549 |                 enum_name,
     |                 ^^^^^^^^^ help: try ignoring the field: `enum_name: _`

warning: unused variable: `source_location`
    --> src/semantic/mod.rs:1726:17
     |
1726 |                 source_location,
     |                 ^^^^^^^^^^^^^^^ help: try ignoring the field: `source_location: _`

warning: unused variable: `source_location`
    --> src/semantic/mod.rs:1921:17
     |
1921 |                 source_location,
     |                 ^^^^^^^^^^^^^^^ help: try ignoring the field: `source_location: _`

warning: unused variable: `size_type`
  --> src/stdlib/network.rs:41:9
   |
41 |     let size_type = TypeSpecifier::Primitive {
   |         ^^^^^^^^^ help: if this is intentional, prefix it with an underscore: `_size_type`

warning: unused variable: `contract`
   --> src/verification/contracts.rs:811:13
    |
811 |     let mut contract = FunctionContract::new(function.name.name.clone());
    |             ^^^^^^^^ help: if this is intentional, prefix it with an underscore: `_contract`

warning: variable does not need to be mutable
   --> src/verification/contracts.rs:811:9
    |
811 |     let mut contract = FunctionContract::new(function.name.name.clone());
    |         ----^^^^^^^^
    |         |
    |         help: remove this `mut`

warning: unused variable: `place`
   --> src/verification/vcgen.rs:382:25
    |
382 |             Rvalue::Len(place) => {
    |                         ^^^^^ help: if this is intentional, prefix it with an underscore: `_place`

warning: field `associated_mutex` is never read
  --> src/concurrency/sync_primitives.rs:89:5
   |
84 | pub struct AetherCondVar {
   |            ------------- field in this struct
...
89 |     associated_mutex: Option<String>,
   |     ^^^^^^^^^^^^^^^^
   |
   = note: `AetherCondVar` has a derived impl for the trait `Debug`, but this is intentionally ignored during dead code analysis
   = note: `#[warn(dead_code)]` (part of `#[warn(unused)]`) on by default

warning: struct `BarrierState` is never constructed
   --> src/concurrency/sync_primitives.rs:137:8
    |
137 | struct BarrierState {
    |        ^^^^^^^^^^^^

warning: field `barrier_cycles` is never read
   --> src/concurrency/sync_primitives.rs:200:5
    |
198 | struct BarrierMetrics {
    |        -------------- field in this struct
199 |     wait_count: u64,
200 |     barrier_cycles: u64,
    |     ^^^^^^^^^^^^^^
    |
    = note: `BarrierMetrics` has a derived impl for the trait `Debug`, but this is intentionally ignored during dead code analysis

warning: field `acquired_at` is never read
   --> src/concurrency/sync_primitives.rs:236:5
    |
234 | pub struct ReadGuard<'a> {
    |            --------- field in this struct
235 |     rw_lock: &'a AetherRwLock,
236 |     acquired_at: Instant,
    |     ^^^^^^^^^^^

warning: field `acquired_at` is never read
   --> src/concurrency/sync_primitives.rs:242:5
    |
240 | pub struct WriteGuard<'a> {
    |            ---------- field in this struct
241 |     rw_lock: &'a AetherRwLock,
242 |     acquired_at: Instant,
    |     ^^^^^^^^^^^

warning: fields `target_pid` and `breakpoints` are never read
  --> src/debug/debugger.rs:51:5
   |
49 | pub struct DebugSession {
   |            ------------ fields in this struct
50 |     /// Target process ID
51 |     target_pid: Option<u32>,
   |     ^^^^^^^^^^
...
57 |     breakpoints: Arc<Mutex<HashMap<String, Vec<Breakpoint>>>>,
   |     ^^^^^^^^^^^
   |
   = note: `DebugSession` has a derived impl for the trait `Debug`, but this is intentionally ignored during dead code analysis

warning: fields `diagnostics_provider` and `shutdown` are never read
  --> src/debug/lsp.rs:45:5
   |
34 | pub struct LanguageServer {
   |            -------------- fields in this struct
...
45 |     diagnostics_provider: DiagnosticsProvider,
   |     ^^^^^^^^^^^^^^^^^^^^
...
51 |     shutdown: Arc<AtomicBool>,
   |     ^^^^^^^^
   |
   = note: `LanguageServer` has a derived impl for the trait `Debug`, but this is intentionally ignored during dead code analysis

warning: field `diagnostics` is never read
   --> src/debug/lsp.rs:333:5
    |
331 | pub struct DiagnosticEngine {
    |            ---------------- field in this struct
332 |     /// Active diagnostics by document
333 |     diagnostics: HashMap<String, Vec<Diagnostic>>,
    |     ^^^^^^^^^^^
    |
    = note: `DiagnosticEngine` has a derived impl for the trait `Debug`, but this is intentionally ignored during dead code analysis

warning: field `snippets` is never read
   --> src/debug/lsp.rs:343:5
    |
338 | pub struct CompletionProvider {
    |            ------------------ field in this struct
...
343 |     snippets: HashMap<String, String>,
    |     ^^^^^^^^
    |
    = note: `CompletionProvider` has a derived impl for the trait `Debug`, but this is intentionally ignored during dead code analysis

warning: fields `source_parser` and `markdown_parser` are never read
  --> src/docs/parser.rs:39:5
   |
37 | pub struct DocParser {
   |            --------- fields in this struct
38 |     /// Source code parser
39 |     source_parser: SourceParser,
   |     ^^^^^^^^^^^^^
...
42 |     markdown_parser: MarkdownParser,
   |     ^^^^^^^^^^^^^^^
   |
   = note: `DocParser` has a derived impl for the trait `Debug`, but this is intentionally ignored during dead code analysis

warning: field `patterns` is never read
  --> src/docs/parser.rs:74:5
   |
72 | pub struct CommentParser {
   |            ------------- field in this struct
73 |     /// Comment prefix patterns
74 |     patterns: CommentPatterns,
   |     ^^^^^^^^
   |
   = note: `CommentParser` has a derived impl for the trait `Debug`, but this is intentionally ignored during dead code analysis

warning: field `location` is never read
   --> src/docs/parser.rs:725:5
    |
714 | struct ParsedItem {
    |        ---------- field in this struct
...
725 |     location: SourceLocation,
    |     ^^^^^^^^
    |
    = note: `ParsedItem` has derived impls for the traits `Clone` and `Debug`, but these are intentionally ignored during dead code analysis

warning: variants `Module`, `Enum`, `Trait`, `TypeAlias`, `Import`, and `Macro` are never constructed
   --> src/docs/parser.rs:731:5
    |
730 | enum ItemType {
    |      -------- variants in this enum
731 |     Module,
    |     ^^^^^^
...
734 |     Enum,
    |     ^^^^
735 |     Trait,
    |     ^^^^^
736 |     TypeAlias,
    |     ^^^^^^^^^
737 |     Constant,
738 |     Import,
    |     ^^^^^^
739 |     Macro,
    |     ^^^^^
    |
    = note: `ItemType` has derived impls for the traits `Clone` and `Debug`, but these are intentionally ignored during dead code analysis

warning: methods `parse_documentation`, `clean_comment_line`, `extract_tag`, `tag_to_section`, and `finalize_section` are never used
   --> src/docs/parser.rs:774:8
    |
761 | impl CommentParser {
    | ------------------ methods in this implementation
...
774 |     fn parse_documentation(&self, raw_docs: &str) -> Result<ParsedDoc, SemanticError> {
    |        ^^^^^^^^^^^^^^^^^^^
...
837 |     fn clean_comment_line(&self, line: &str) -> String {
    |        ^^^^^^^^^^^^^^^^^^
...
850 |     fn extract_tag(&self, line: &str) -> Option<String> {
    |        ^^^^^^^^^^^
...
862 |     fn tag_to_section(&self, tag: &str) -> DocSection {
    |        ^^^^^^^^^^^^^^
...
872 |     fn finalize_section(
    |        ^^^^^^^^^^^^^^^^

warning: variant `Tag` is never constructed
   --> src/docs/parser.rs:933:5
    |
927 | enum DocSection {
    |      ---------- variant in this enum
...
933 |     Tag(String),
    |     ^^^
    |
    = note: `DocSection` has derived impls for the traits `Clone` and `Debug`, but these are intentionally ignored during dead code analysis

warning: methods `parse_function_signature`, `parse_type_definition`, `extract_function_name`, and `extract_type_name` are never used
   --> src/docs/parser.rs:941:8
    |
936 | impl SignatureParser {
    | -------------------- methods in this implementation
...
941 |     fn parse_function_signature(&self, source: &str) -> Result<FunctionSignature, SemanticError> {
    |        ^^^^^^^^^^^^^^^^^^^^^^^^
...
957 |     fn parse_type_definition(&self, source: &str) -> Result<TypeInfo, SemanticError> {
    |        ^^^^^^^^^^^^^^^^^^^^^
...
970 |     fn extract_function_name(&self, source: &str) -> String {
    |        ^^^^^^^^^^^^^^^^^^^^^
...
981 |     fn extract_type_name(&self, source: &str) -> String {
    |        ^^^^^^^^^^^^^^^^^

warning: fields `template_engine` and `output_format` are never read
  --> src/docs/renderer.rs:32:5
   |
30 | pub struct DocRenderer {
   |            ----------- fields in this struct
31 |     /// Template engine for rendering
32 |     template_engine: TemplateEngine,
   |     ^^^^^^^^^^^^^^^
...
38 |     output_format: OutputFormat,
   |     ^^^^^^^^^^^^^
   |
   = note: `DocRenderer` has a derived impl for the trait `Debug`, but this is intentionally ignored during dead code analysis

warning: field `templates` is never read
  --> src/docs/renderer.rs:45:5
   |
43 | pub struct TemplateEngine {
   |            -------------- field in this struct
44 |     /// Loaded templates
45 |     templates: HashMap<String, String>,
   |     ^^^^^^^^^
   |
   = note: `TemplateEngine` has a derived impl for the trait `Debug`, but this is intentionally ignored during dead code analysis

warning: field `doc` is never read
   --> src/docs/renderer.rs:227:5
    |
225 | pub struct HtmlRenderer<'a> {
    |            ------------ field in this struct
226 |     /// Documentation to render
227 |     doc: &'a Documentation,
    |     ^^^
    |
    = note: `HtmlRenderer` has a derived impl for the trait `Debug`, but this is intentionally ignored during dead code analysis

warning: method `render_template` is never used
   --> src/docs/renderer.rs:849:8
    |
536 | impl TemplateEngine {
    | ------------------- method in this implementation
...
849 |     fn render_template(
    |        ^^^^^^^^^^^^^^^

warning: field `intent_keywords` is never read
   --> src/error/intent_analysis.rs:234:5
    |
233 | struct IntentPattern {
    |        ------------- field in this struct
234 |     intent_keywords: Vec<String>,
    |     ^^^^^^^^^^^^^^^

warning: field `patterns` is never read
   --> src/error/structured.rs:397:5
    |
396 | pub struct ErrorPatterns {
    |            ------------- field in this struct
397 |     patterns: HashMap<String, ErrorPattern>,
    |     ^^^^^^^^

warning: fields `code_prefix`, `matcher`, and `fixer` are never read
   --> src/error/structured.rs:402:5
    |
401 | struct ErrorPattern {
    |        ------------ fields in this struct
402 |     code_prefix: String,
    |     ^^^^^^^^^^^
403 |     matcher: fn(&CompilerError) -> bool,
    |     ^^^^^^^
404 |     fixer: fn(&CompilerError) -> Vec<FixSuggestion>,
    |     ^^^^^
    |
    = note: `ErrorPattern` has a derived impl for the trait `Clone`, but this is intentionally ignored during dead code analysis

warning: field `include_snippets` is never read
   --> src/error/structured.rs:510:5
    |
509 | pub struct LLMErrorFormatter {
    |            ----------------- field in this struct
510 |     include_snippets: bool,
    |     ^^^^^^^^^^^^^^^^

warning: method `read_quoted_identifier` is never used
   --> src/lexer/mod.rs:506:8
    |
 90 | impl Lexer {
    | ---------- method in this implementation
...
506 |     fn read_quoted_identifier(&mut self) -> Result<Token, LexerError> {
    |        ^^^^^^^^^^^^^^^^^^^^^^

warning: method `get_type_id` is never used
  --> src/llvm_backend/mod.rs:96:8
   |
65 | impl CleanupInfo {
   | ---------------- method in this implementation
...
96 |     fn get_type_id(&self, local_id: &mir::LocalId) -> TypeId {
   |        ^^^^^^^^^^^

warning: field `module` is never read
  --> src/lsp/server.rs:36:5
   |
34 | struct DocumentState {
   |        ------------- field in this struct
35 |     text: String,
36 |     module: Option<Module>,
   |     ^^^^^^
   |
   = note: `DocumentState` has a derived impl for the trait `Debug`, but this is intentionally ignored during dead code analysis

warning: fields `start`, `size`, `permissions`, and `status` are never read
  --> src/memory/mod.rs:61:5
   |
59 | struct MemoryRegion {
   |        ------------ fields in this struct
60 |     /// Start address
61 |     start: usize,
   |     ^^^^^
...
64 |     size: usize,
   |     ^^^^
...
67 |     permissions: MemoryPermissions,
   |     ^^^^^^^^^^^
...
70 |     status: AllocationStatus,
   |     ^^^^^^
   |
   = note: `MemoryRegion` has a derived impl for the trait `Debug`, but this is intentionally ignored during dead code analysis

warning: method `analyze_expression_memory` is never used
   --> src/memory/mod.rs:151:8
    |
 95 | impl MemoryAnalyzer {
    | ------------------- method in this implementation
...
151 |     fn analyze_expression_memory(
    |        ^^^^^^^^^^^^^^^^^^^^^^^^^

warning: field `parent` is never read
   --> src/mir/mod.rs:446:5
    |
445 | struct Scope {
    |        ----- field in this struct
446 |     parent: Option<ScopeId>,
    |     ^^^^^^

warning: method `get_enum_variant_associated_type` is never used
    --> src/mir/lowering.rs:4089:8
     |
  74 | impl LoweringContext {
     | -------------------- method in this implementation
...
4089 |     fn get_enum_variant_associated_type(
     |        ^^^^^^^^^^^^^^^^^^^^^^^^^^^^^^^^

warning: field `inlined_functions` is never read
  --> src/optimizations/inlining.rs:35:5
   |
30 | pub struct InliningPass {
   |            ------------ field in this struct
...
35 |     inlined_functions: HashSet<String>,
   |     ^^^^^^^^^^^^^^^^^
   |
   = note: `InliningPass` has a derived impl for the trait `Debug`, but this is intentionally ignored during dead code analysis

warning: fields `summaries` and `global_constants` are never read
  --> src/optimizations/interprocedural.rs:34:5
   |
29 | pub struct InterproceduralAnalysisPass {
   |            --------------------------- fields in this struct
...
34 |     summaries: HashMap<String, FunctionSummary>,
   |     ^^^^^^^^^
...
37 |     global_constants: GlobalConstantAnalysis,
   |     ^^^^^^^^^^^^^^^^
   |
   = note: `InterproceduralAnalysisPass` has a derived impl for the trait `Debug`, but this is intentionally ignored during dead code analysis

warning: fields `pure_functions`, `readonly_functions`, `modifying_functions`, `throwing_functions`, and `nonterminating_functions` are never read
  --> src/optimizations/interprocedural.rs:63:5
   |
61 | pub struct SideEffectAnalysis {
   |            ------------------ fields in this struct
62 |     /// Functions that are pure (no side effects)
63 |     pure_functions: HashSet<String>,
   |     ^^^^^^^^^^^^^^
...
66 |     readonly_functions: HashSet<String>,
   |     ^^^^^^^^^^^^^^^^^^
...
69 |     modifying_functions: HashSet<String>,
   |     ^^^^^^^^^^^^^^^^^^^
...
72 |     throwing_functions: HashSet<String>,
   |     ^^^^^^^^^^^^^^^^^^
...
75 |     nonterminating_functions: HashSet<String>,
   |     ^^^^^^^^^^^^^^^^^^^^^^^^
   |
   = note: `SideEffectAnalysis` has a derived impl for the trait `Debug`, but this is intentionally ignored during dead code analysis

warning: field `induction_variable` is never read
   --> src/optimizations/vectorization.rs:662:5
    |
659 | struct LoopInfo {
    |        -------- field in this struct
...
662 |     induction_variable: Option<Place>,
    |     ^^^^^^^^^^^^^^^^^^
    |
    = note: `LoopInfo` has derived impls for the traits `Clone` and `Debug`, but these are intentionally ignored during dead code analysis

warning: field `artifacts` is never read
  --> src/package/builder.rs:35:5
   |
30 | pub struct PackageBuilder {
   |            -------------- field in this struct
...
35 |     artifacts: Vec<BuildArtifact>,
   |     ^^^^^^^^^
   |
   = note: `PackageBuilder` has a derived impl for the trait `Debug`, but this is intentionally ignored during dead code analysis

warning: fields `artifacts`, `source_timestamps`, `dependency_timestamps`, `config_hash`, and `stats` are never read
  --> src/package/builder.rs:51:5
   |
49 | pub struct BuildCache {
   |            ---------- fields in this struct
50 |     /// Cached build artifacts
51 |     artifacts: HashMap<String, CachedArtifact>,
   |     ^^^^^^^^^
...
54 |     source_timestamps: HashMap<PathBuf, std::time::SystemTime>,
   |     ^^^^^^^^^^^^^^^^^
...
57 |     dependency_timestamps: HashMap<String, std::time::SystemTime>,
   |     ^^^^^^^^^^^^^^^^^^^^^
...
60 |     config_hash: Option<String>,
   |     ^^^^^^^^^^^
...
63 |     stats: BuildCacheStats,
   |     ^^^^^
   |
   = note: `BuildCache` has a derived impl for the trait `Debug`, but this is intentionally ignored during dead code analysis

warning: field `sandbox_config` is never read
   --> src/package/builder.rs:284:5
    |
282 | pub struct BuildScriptRunner {
    |            ----------------- field in this struct
283 |     /// Sandbox configuration
284 |     sandbox_config: SandboxConfig,
    |     ^^^^^^^^^^^^^^
    |
    = note: `BuildScriptRunner` has a derived impl for the trait `Debug`, but this is intentionally ignored during dead code analysis

warning: method `clear` is never used
   --> src/package/builder.rs:882:8
    |
881 | impl BuildCache {
    | --------------- method in this implementation
882 |     fn clear(&mut self) {
    |        ^^^^^

warning: methods `execute_shell_script`, `execute_python_script`, `execute_node_script`, `execute_custom_script`, and `execute_external_script` are never used
   --> src/package/builder.rs:949:8
    |
891 | impl BuildScriptRunner {
    | ---------------------- methods in this implementation
...
949 |     fn execute_shell_script(
    |        ^^^^^^^^^^^^^^^^^^^^
...
960 |     fn execute_python_script(
    |        ^^^^^^^^^^^^^^^^^^^^^
...
971 |     fn execute_node_script(
    |        ^^^^^^^^^^^^^^^^^^^
...
982 |     fn execute_custom_script(
    |        ^^^^^^^^^^^^^^^^^^^^^
...
994 |     fn execute_external_script(
    |        ^^^^^^^^^^^^^^^^^^^^^^^

warning: field `client` is never read
   --> src/package/registry.rs:109:5
    |
107 | pub struct HttpClient {
    |            ---------- field in this struct
108 |     /// HTTP client
109 |     client: reqwest::Client,
    |     ^^^^^^
    |
    = note: `HttpClient` has a derived impl for the trait `Debug`, but this is intentionally ignored during dead code analysis

warning: method `peek_keyword` is never used
   --> src/parser/mod.rs:555:8
    |
255 | impl Parser {
    | ----------- method in this implementation
...
555 |     fn peek_keyword(&self, expected: KeywordType) -> bool {
    |        ^^^^^^^^^^^^

warning: multiple methods are never used
   --> src/parser/v2.rs:210:8
    |
 80 | impl Parser {
    | ----------- methods in this implementation
...
210 |     fn synchronize(&mut self) {
    |        ^^^^^^^^^^^
...
245 |     fn synchronize_to_block_end(&mut self) {
    |        ^^^^^^^^^^^^^^^^^^^^^^^^
...
384 |     fn syntax_error(&self, message: &str, suggestion: Option<&str>) -> ParserError {
    |        ^^^^^^^^^^^^
...
393 |     fn missing_semicolon_error(&self) -> ParserError {
    |        ^^^^^^^^^^^^^^^^^^^^^^^
...
401 |     fn missing_type_error(&self, context: &str) -> ParserError {
    |        ^^^^^^^^^^^^^^^^^^
...
409 |     fn unexpected_token_error(&self, context: &str) -> ParserError {
    |        ^^^^^^^^^^^^^^^^^^^^^^
...
443 |     fn expected_expression_hint(&self) -> &'static str {
    |        ^^^^^^^^^^^^^^^^^^^^^^^^

warning: fields `cache` and `resolver` are never read
  --> src/patterns/composition.rs:31:5
   |
26 | pub struct CompositionEngine {
   |            ----------------- fields in this struct
...
31 |     cache: HashMap<String, ComposedPattern>,
   |     ^^^^^
...
34 |     resolver: ConflictResolver,
   |     ^^^^^^^^

warning: field `strategies` is never read
   --> src/patterns/composition.rs:149:5
    |
147 | pub struct ConflictResolver {
    |            ---------------- field in this struct
148 |     /// Resolution strategies
149 |     strategies: HashMap<ConflictType, ResolutionStrategy>,
    |     ^^^^^^^^^^

warning: variant `Sequential` is never constructed
    --> src/patterns/composition.rs:1075:5
     |
1073 | enum PatternRelationship {
     |      ------------------- variant in this enum
1074 |     Independent,
1075 |     Sequential,
     |     ^^^^^^^^^^
     |
     = note: `PatternRelationship` has derived impls for the traits `Clone` and `Debug`, but these are intentionally ignored during dead code analysis

warning: field `stdlib` is never read
   --> src/pipeline/mod.rs:183:5
    |
181 | pub struct CompilationPipeline {
    |            ------------------- field in this struct
182 |     options: CompileOptions,
183 |     stdlib: StandardLibrary,
    |     ^^^^^^

warning: fields `project_info`, `history`, `automation`, `artifacts`, `distribution`, and `packaging` are never read
  --> src/release/mod.rs:38:5
   |
36 | pub struct ReleaseManager {
   |            -------------- fields in this struct
37 |     /// Project information
38 |     project_info: ProjectInfo,
   |     ^^^^^^^^^^^^
...
41 |     history: ReleaseHistory,
   |     ^^^^^^^
...
44 |     automation: automation::AutomationPipeline,
   |     ^^^^^^^^^^
...
47 |     artifacts: artifacts::ArtifactManager,
   |     ^^^^^^^^^
...
50 |     distribution: distribution::DistributionManager,
   |     ^^^^^^^^^^^^
...
53 |     packaging: packaging::PackageBuilder,
   |     ^^^^^^^^^
   |
   = note: `ReleaseManager` has a derived impl for the trait `Debug`, but this is intentionally ignored during dead code analysis

warning: method `get_content_type` is never used
    --> src/release/distribution.rs:1077:8
     |
 945 | impl DistributionManager {
     | ------------------------ method in this implementation
...
1077 |     fn get_content_type(&self, format: &PackageFormat) -> String {
     |        ^^^^^^^^^^^^^^^^

warning: fields `formats` and `compression` are never read
  --> src/release/packaging.rs:38:5
   |
27 | pub struct PackageBuilder {
   |            -------------- fields in this struct
...
38 |     formats: Vec<PackageFormat>,
   |     ^^^^^^^
...
41 |     compression: CompressionSettings,
   |     ^^^^^^^^^^^
   |
   = note: `PackageBuilder` has a derived impl for the trait `Debug`, but this is intentionally ignored during dead code analysis

warning: field `settings` is never read
   --> src/release/updates.rs:644:5
    |
633 | pub struct UpdateCache<T> {
    |            ----------- field in this struct
...
644 |     settings: CacheSettings,
    |     ^^^^^^^^
    |
    = note: `UpdateCache` has a derived impl for the trait `Debug`, but this is intentionally ignored during dead code analysis

warning: fields `trusted_certs`, `signature_verification`, and `cert_validation` are never read
   --> src/release/updates.rs:878:5
    |
873 | pub struct UpdateSecurity {
    |            -------------- fields in this struct
...
878 |     trusted_certs: Vec<Certificate>,
    |     ^^^^^^^^^^^^^
...
881 |     signature_verification: SignatureVerificationConfig,
    |     ^^^^^^^^^^^^^^^^^^^^^^
...
884 |     cert_validation: CertificateValidation,
    |     ^^^^^^^^^^^^^^^
    |
    = note: `UpdateSecurity` has a derived impl for the trait `Debug`, but this is intentionally ignored during dead code analysis

warning: field `pools` is never read
  --> src/resource/analysis.rs:37:5
   |
26 | pub struct ResourceAnalyzer {
   |            ---------------- field in this struct
...
37 |     pools: HashMap<String, ResourcePool>,
   |     ^^^^^

warning: fields `depth` and `location` are never read
  --> src/resource/analysis.rs:48:5
   |
45 | struct ScopeInfo {
   |        --------- fields in this struct
...
48 |     depth: usize,
   |     ^^^^^
49 |     location: SourceLocation,
   |     ^^^^^^^^
   |
   = note: `ScopeInfo` has derived impls for the traits `Clone` and `Debug`, but these are intentionally ignored during dead code analysis

warning: function `create_external_function` is never used
  --> src/stdlib/mod.rs:95:15
   |
95 | pub(crate) fn create_external_function(
   |               ^^^^^^^^^^^^^^^^^^^^^^^^

warning: fields `assertions` and `variables` are never read
  --> src/verification/solver.rs:26:5
   |
24 | pub struct SmtSolver {
   |            --------- fields in this struct
25 |     /// SMT-LIB assertions
26 |     assertions: Vec<String>,
   |     ^^^^^^^^^^
...
29 |     variables: HashMap<String, String>,
   |     ^^^^^^^^^
   |
   = note: `SmtSolver` has a derived impl for the trait `Debug`, but this is intentionally ignored during dead code analysis

warning: hiding a lifetime that's elided elsewhere is confusing
   --> src/concurrency/sync_primitives.rs:395:17
    |
395 |     pub fn lock(&self) -> LockResult<MutexGuard> {
    |                 ^^^^^                ^^^^^^^^^^ the same lifetime is hidden here
    |                 |
    |                 the lifetime is elided here
    |
    = help: the same lifetime is referred to in inconsistent ways, making the signature confusing
    = note: `#[warn(mismatched_lifetime_syntaxes)]` on by default
help: use `'_` for type paths
    |
395 |     pub fn lock(&self) -> LockResult<MutexGuard<'_>> {
    |                                                ++++

warning: hiding a lifetime that's elided elsewhere is confusing
   --> src/concurrency/sync_primitives.rs:434:21
    |
434 |     pub fn try_lock(&self) -> LockResult<MutexGuard> {
    |                     ^^^^^                ^^^^^^^^^^ the same lifetime is hidden here
    |                     |
    |                     the lifetime is elided here
    |
    = help: the same lifetime is referred to in inconsistent ways, making the signature confusing
help: use `'_` for type paths
    |
434 |     pub fn try_lock(&self) -> LockResult<MutexGuard<'_>> {
    |                                                    ++++

warning: hiding a lifetime that's elided elsewhere is confusing
   --> src/concurrency/sync_primitives.rs:615:17
    |
615 |     pub fn read(&self) -> LockResult<ReadGuard> {
    |                 ^^^^^                ^^^^^^^^^ the same lifetime is hidden here
    |                 |
    |                 the lifetime is elided here
    |
    = help: the same lifetime is referred to in inconsistent ways, making the signature confusing
help: use `'_` for type paths
    |
615 |     pub fn read(&self) -> LockResult<ReadGuard<'_>> {
    |                                               ++++

warning: hiding a lifetime that's elided elsewhere is confusing
   --> src/concurrency/sync_primitives.rs:634:18
    |
634 |     pub fn write(&self) -> LockResult<WriteGuard> {
    |                  ^^^^^                ^^^^^^^^^^ the same lifetime is hidden here
    |                  |
    |                  the lifetime is elided here
    |
    = help: the same lifetime is referred to in inconsistent ways, making the signature confusing
help: use `'_` for type paths
    |
634 |     pub fn write(&self) -> LockResult<WriteGuard<'_>> {
    |                                                 ++++

warning: unused `Result` that must be used
   --> src/llvm_backend/mod.rs:453:29
    |
453 | ...                   builder.build_return(Some(&return_value));
    |                       ^^^^^^^^^^^^^^^^^^^^^^^^^^^^^^^^^^^^^^^^^
    |
    = note: this `Result` may be an `Err` variant, which should be handled
    = note: `#[warn(unused_must_use)]` (part of `#[warn(unused)]`) on by default
help: use `let _ = ...` to ignore the resulting value
    |
453 |                             let _ = builder.build_return(Some(&return_value));
    |                             +++++++

warning: unused `Result` that must be used
   --> src/llvm_backend/mod.rs:462:29
    |
462 | ...                   builder.build_return(Some(&i32_type.const_int(0, false)));
    |                       ^^^^^^^^^^^^^^^^^^^^^^^^^^^^^^^^^^^^^^^^^^^^^^^^^^^^^^^^^
    |
    = note: this `Result` may be an `Err` variant, which should be handled
help: use `let _ = ...` to ignore the resulting value
    |
462 |                             let _ = builder.build_return(Some(&i32_type.const_int(0, false)));
    |                             +++++++

warning: hiding a lifetime that's elided elsewhere is confusing
  --> src/llvm_backend/context.rs:47:26
   |
47 |     pub fn create_module(&self, name: &str) -> Module {
   |                          ^^^^^                 ^^^^^^ the same lifetime is hidden here
   |                          |
   |                          the lifetime is elided here
   |
   = help: the same lifetime is referred to in inconsistent ways, making the signature confusing
help: use `'_` for type paths
   |
47 |     pub fn create_module(&self, name: &str) -> Module<'_> {
   |                                                      ++++

warning: hiding a lifetime that's elided elsewhere is confusing
  --> src/llvm_backend/context.rs:58:27
   |
58 |     pub fn create_builder(&self) -> Builder {
   |                           ^^^^^     ^^^^^^^ the same lifetime is hidden here
   |                           |
   |                           the lifetime is elided here
   |
   = help: the same lifetime is referred to in inconsistent ways, making the signature confusing
help: use `'_` for type paths
   |
58 |     pub fn create_builder(&self) -> Builder<'_> {
   |                                            ++++

warning: using `.clone()` on a double reference, which returns `&version::Version` instead of cloning the inner type
   --> src/package/resolver.rs:538:61
    |
538 |                 Ok(compatible_versions.iter().max().unwrap().clone().clone())
    |                                                             ^^^^^^^^
    |
    = note: `#[warn(suspicious_double_ref_op)]` on by default

warning: using `.clone()` on a double reference, which returns `&version::Version` instead of cloning the inner type
   --> src/package/resolver.rs:541:61
    |
541 |                 Ok(compatible_versions.iter().min().unwrap().clone().clone())
    |                                                             ^^^^^^^^

warning: using `.clone()` on a double reference, which returns `&version::Version` instead of cloning the inner type
   --> src/package/resolver.rs:545:61
    |
545 |                 Ok(compatible_versions.iter().min().unwrap().clone().clone())
    |                                                             ^^^^^^^^

warning: using `.clone()` on a double reference, which returns `&version::Version` instead of cloning the inner type
   --> src/package/resolver.rs:549:61
    |
549 |                 Ok(compatible_versions.iter().max().unwrap().clone().clone())
    |                                                             ^^^^^^^^

warning: hiding a lifetime that's elided elsewhere is confusing
  --> src/profiling/mod.rs:91:24
   |
91 |     pub fn start_phase(&mut self, phase_name: &str) -> PhaseTimer {
   |                        ^^^^^^^^^                       ^^^^^^^^^^ the same lifetime is hidden here
   |                        |
   |                        the lifetime is elided here
   |
   = help: the same lifetime is referred to in inconsistent ways, making the signature confusing
help: use `'_` for type paths
   |
91 |     pub fn start_phase(&mut self, phase_name: &str) -> PhaseTimer<'_> {
   |                                                                  ++++

warning: unused `Result` that must be used
    --> src/semantic/mod.rs:2918:9
     |
2918 |         self.symbol_table.exit_scope();
     |         ^^^^^^^^^^^^^^^^^^^^^^^^^^^^^^
     |
     = note: this `Result` may be an `Err` variant, which should be handled
help: use `let _ = ...` to ignore the resulting value
     |
2918 |         let _ = self.symbol_table.exit_scope();
     |         +++++++

warning: `aether` (lib) generated 195 warnings (run `cargo fix --lib -p aether` to apply 46 suggestions)
    Finished `dev` profile [unoptimized + debuginfo] target(s) in 1.32s
     Running `target/debug/aether-compiler check tests/fixtures/simple_module.aether tests/fixtures/empty_module.aether`
Error in tests/fixtures/simple_module.aether: Lexer error: Unterminated string literal at tests/fixtures/simple_module.aether:2:9
Error in tests/fixtures/empty_module.aether: Lexer error: Unterminated string literal at tests/fixtures/empty_module.aether:2:9
Compilation failed: Semantic error occurred

  left: 1
 right: 0

---- test_cli_compile_command stdout ----

thread 'test_cli_compile_command' (7563095) panicked at tests/cli_integration_tests.rs:236:5:
assertion `left == right` failed: Stderr:     Blocking waiting for file lock on package cache
    Blocking waiting for file lock on package cache
    Blocking waiting for file lock on package cache
    Blocking waiting for file lock on package cache
    Blocking waiting for file lock on build directory
warning: unused import: `ExampleType`
  --> src/docs/tutorial.rs:21:46
   |
21 |     CodeExample, DifficultyLevel, DocConfig, ExampleType, Exercise, Tutorial, TutorialSection,
   |                                              ^^^^^^^^^^^
   |
   = note: `#[warn(unused_imports)]` (part of `#[warn(unused)]`) on by default

warning: unused import: `std::path::Path`
  --> src/error/enhancement.rs:24:5
   |
24 | use std::path::Path;
   |     ^^^^^^^^^^^^^^^

warning: unused import: `BehavioralSpec`
  --> src/error/intent_analysis.rs:22:33
   |
22 | use crate::semantic::metadata::{BehavioralSpec, IntentSpec};
   |                                 ^^^^^^^^^^^^^^

warning: unused imports: `Expression`, `Statement`, and `TypeSpecifier`
  --> src/error/structured.rs:20:18
   |
20 | use crate::ast::{Expression, Statement, TypeSpecifier};
   |                  ^^^^^^^^^^  ^^^^^^^^^  ^^^^^^^^^^^^^

warning: unused import: `HashSet`
  --> src/llvm_backend/mod.rs:37:33
   |
37 | use std::collections::{HashMap, HashSet};
   |                                 ^^^^^^^

warning: unused import: `std::path::Path`
  --> src/lsp/server.rs:20:5
   |
20 | use std::path::Path;
   |     ^^^^^^^^^^^^^^^

warning: unused import: `BasicBlockId`
  --> src/optimizations/constant_propagation.rs:21:18
   |
21 | use crate::mir::{BasicBlockId, ConstantValue, Function, LocalId, Operand, Rvalue, Statement};
   |                  ^^^^^^^^^^^^

warning: unused imports: `BasicBlockId`, `LocalId`, `Place`, and `SourceInfo`
  --> src/optimizations/inlining.rs:22:5
   |
22 |     BasicBlockId, Function, LocalId, Operand, Place, Program, Rvalue, SourceInfo, Statement,
   |     ^^^^^^^^^^^^            ^^^^^^^           ^^^^^                   ^^^^^^^^^^

warning: unused import: `std::collections::HashMap`
  --> src/optimizations/inlining.rs:25:5
   |
25 | use std::collections::HashMap;
   |     ^^^^^^^^^^^^^^^^^^^^^^^^^

warning: unused import: `Constant`
  --> src/optimizations/interprocedural.rs:22:17
   |
22 |     BasicBlock, Constant, Function, Operand, Place, Program, Rvalue, Statement, Terminator,
   |                 ^^^^^^^^

warning: unused import: `BuildConfiguration`
  --> src/package/builder.rs:21:32
   |
21 | use crate::package::manifest::{BuildConfiguration, PackageManifest};
   |                                ^^^^^^^^^^^^^^^^^^

warning: unused import: `CacheStats`
  --> src/package/builder.rs:22:35
   |
22 | use crate::package::{BuildConfig, CacheStats};
   |                                   ^^^^^^^^^^

warning: unused imports: `BinaryOp` and `Expression as ContractExpr`
  --> src/patterns/catalog.rs:20:38
   |
20 | use crate::verification::contracts::{BinaryOp, Expression as ContractExpr};
   |                                      ^^^^^^^^  ^^^^^^^^^^^^^^^^^^^^^^^^^^

warning: unused imports: `Block`, `Expression`, `Function`, and `Statement`
  --> src/patterns/composition.rs:20:18
   |
20 | use crate::ast::{Block, Expression, Function, Statement};
   |                  ^^^^^  ^^^^^^^^^^  ^^^^^^^^  ^^^^^^^^^

warning: unused import: `crate::error::SourceLocation`
  --> src/patterns/composition.rs:21:5
   |
21 | use crate::error::SourceLocation;
   |     ^^^^^^^^^^^^^^^^^^^^^^^^^^^^

warning: unused import: `Function`
  --> src/patterns/mod.rs:23:37
   |
23 | use crate::ast::{Block, Expression, Function, Statement};
   |                                     ^^^^^^^^

warning: unused import: `crate::error::SourceLocation`
  --> src/patterns/mod.rs:24:5
   |
24 | use crate::error::SourceLocation;
   |     ^^^^^^^^^^^^^^^^^^^^^^^^^^^^

warning: unused imports: `FailoverConfig`, `FailoverThreshold`, `RecoveryConfig`, and `self`
  --> src/release/distribution.rs:23:22
   |
23 | use crate::release::{self, DistributionConfig, FailoverConfig, FailoverThreshold, RecoveryConfig};
   |                      ^^^^                      ^^^^^^^^^^^^^^  ^^^^^^^^^^^^^^^^^  ^^^^^^^^^^^^^^

warning: unused import: `crate::error::SemanticError`
  --> src/release/mod.rs:26:5
   |
26 | use crate::error::SemanticError;
   |     ^^^^^^^^^^^^^^^^^^^^^^^^^^^

warning: unused import: `OwnershipKind`
  --> src/semantic/mod.rs:32:20
   |
32 | use crate::types::{OwnershipKind, Type, TypeChecker};
   |                    ^^^^^^^^^^^^^

warning: unused import: `crate::types::Type`
  --> src/verification/contract_to_smt.rs:20:5
   |
20 | use crate::types::Type;
   |     ^^^^^^^^^^^^^^^^^^

warning: unused imports: `AggregateOp` and `TemporalOp`
  --> src/verification/contract_to_smt.rs:22:5
   |
22 |     AggregateOp, BinaryOp, ConstantValue, Expression, QuantifierKind, TemporalOp, UnaryOp,
   |     ^^^^^^^^^^^                                                       ^^^^^^^^^^

warning: unused imports: `Deserialize` and `Serialize`
  --> src/verification/contracts.rs:30:13
   |
30 | use serde::{Deserialize, Serialize};
   |             ^^^^^^^^^^^  ^^^^^^^^^

warning: unused import: `crate::ast::PrimitiveType`
  --> src/verification/vcgen.rs:23:5
   |
23 | use crate::ast::PrimitiveType;
   |     ^^^^^^^^^^^^^^^^^^^^^^^^^

warning: unused import: `crate::types::Type`
  --> src/verification/vcgen.rs:26:5
   |
26 | use crate::types::Type;
   |     ^^^^^^^^^^^^^^^^^^

warning: unused variable: `receiver`
   --> src/concurrency/actors.rs:377:22
    |
377 |         let (sender, receiver) = mpsc::channel();
    |                      ^^^^^^^^ help: if this is intentional, prefix it with an underscore: `_receiver`
    |
    = note: `#[warn(unused_variables)]` (part of `#[warn(unused)]`) on by default

warning: unused variable: `strategy`
   --> src/concurrency/actors.rs:622:12
    |
622 |     fn new(strategy: SupervisionStrategy) -> Self {
    |            ^^^^^^^^ help: if this is intentional, prefix it with an underscore: `_strategy`

warning: unused variable: `worker_id`
   --> src/concurrency/async_runtime.rs:350:13
    |
350 |         for worker_id in 0..self.config.worker_threads {
    |             ^^^^^^^^^ help: if this is intentional, prefix it with an underscore: `_worker_id`

warning: unused variable: `start_time`
   --> src/concurrency/sync_primitives.rs:568:13
    |
568 |         let start_time = Instant::now();
    |             ^^^^^^^^^^ help: if this is intentional, prefix it with an underscore: `_start_time`

warning: unused variable: `metrics`
   --> src/concurrency/sync_primitives.rs:711:23
    |
711 |         if let Ok(mut metrics) = self.rw_lock.metrics.lock() {}
    |                       ^^^^^^^ help: if this is intentional, prefix it with an underscore: `_metrics`

warning: variable does not need to be mutable
   --> src/concurrency/sync_primitives.rs:711:19
    |
711 |         if let Ok(mut metrics) = self.rw_lock.metrics.lock() {}
    |                   ----^^^^^^^
    |                   |
    |                   help: remove this `mut`
    |
    = note: `#[warn(unused_mut)]` (part of `#[warn(unused)]`) on by default

warning: unused variable: `metrics`
   --> src/concurrency/sync_primitives.rs:718:23
    |
718 |         if let Ok(mut metrics) = self.rw_lock.metrics.lock() {}
    |                       ^^^^^^^ help: if this is intentional, prefix it with an underscore: `_metrics`

warning: variable does not need to be mutable
   --> src/concurrency/sync_primitives.rs:718:19
    |
718 |         if let Ok(mut metrics) = self.rw_lock.metrics.lock() {}
    |                   ----^^^^^^^
    |                   |
    |                   help: remove this `mut`

warning: unused variable: `response_receiver`
   --> src/debug/debugger.rs:390:31
    |
390 |         let (response_sender, response_receiver) = channel();
    |                               ^^^^^^^^^^^^^^^^^ help: if this is intentional, prefix it with an underscore: `_response_receiver`

warning: unused variable: `debugger_process`
   --> src/debug/debugger.rs:393:13
    |
393 |         let debugger_process = self.start_debugger_process(&program_path)?;
    |             ^^^^^^^^^^^^^^^^ help: if this is intentional, prefix it with an underscore: `_debugger_process`

warning: unused variable: `target_info`
   --> src/debug/debugger.rs:401:13
    |
401 |         let target_info = TargetInfo {
    |             ^^^^^^^^^^^ help: if this is intentional, prefix it with an underscore: `_target_info`

warning: unused variable: `diagnostic`
   --> src/debug/lsp.rs:593:21
    |
593 |                 let diagnostic = Diagnostic {
    |                     ^^^^^^^^^^ help: if this is intentional, prefix it with an underscore: `_diagnostic`

warning: unused variable: `name`
   --> src/debug/lsp.rs:636:18
    |
636 |             for (name, symbol) in &semantic_info.symbols {
    |                  ^^^^ help: if this is intentional, prefix it with an underscore: `_name`

warning: unused variable: `uri`
   --> src/debug/lsp.rs:789:35
    |
789 |     pub fn get_diagnostics(&self, uri: &str) -> Vec<Diagnostic> {
    |                                   ^^^ help: if this is intentional, prefix it with an underscore: `_uri`

warning: unused variable: `categories`
   --> src/docs/examples.rs:132:13
    |
132 |         let categories = Self::create_example_categories();
    |             ^^^^^^^^^^ help: if this is intentional, prefix it with an underscore: `_categories`

warning: unused variable: `templates`
   --> src/docs/examples.rs:133:13
    |
133 |         let templates = Self::create_example_templates();
    |             ^^^^^^^^^ help: if this is intentional, prefix it with an underscore: `_templates`

warning: unused variable: `config`
   --> src/docs/examples.rs:131:16
    |
131 |     pub fn new(config: &DocConfig) -> Result<Self, SemanticError> {
    |                ^^^^^^ help: if this is intentional, prefix it with an underscore: `_config`

warning: unused variable: `output_dir`
  --> src/docs/generator.rs:21:16
   |
21 |     pub fn new(output_dir: String) -> Self {
   |                ^^^^^^^^^^ help: if this is intentional, prefix it with an underscore: `_output_dir`

warning: unused variable: `comment_parser`
   --> src/docs/parser.rs:132:13
    |
132 |         let comment_parser = CommentParser::new();
    |             ^^^^^^^^^^^^^^ help: if this is intentional, prefix it with an underscore: `_comment_parser`

warning: unused variable: `signature_parser`
   --> src/docs/parser.rs:133:13
    |
133 |         let signature_parser = SignatureParser::new();
    |             ^^^^^^^^^^^^^^^^ help: if this is intentional, prefix it with an underscore: `_signature_parser`

warning: unused variable: `config`
   --> src/docs/parser.rs:131:16
    |
131 |     pub fn new(config: &DocConfig) -> Result<Self, SemanticError> {
    |                ^^^^^^ help: if this is intentional, prefix it with an underscore: `_config`

warning: unused variable: `themes`
   --> src/docs/renderer.rs:368:13
    |
368 |         let themes = ThemeManager::new()?;
    |             ^^^^^^ help: if this is intentional, prefix it with an underscore: `_themes`

warning: unused variable: `search_paths`
   --> src/docs/renderer.rs:539:13
    |
539 |         let search_paths = vec![base_dir.join("templates"), PathBuf::from("templates")];
    |             ^^^^^^^^^^^^ help: if this is intentional, prefix it with an underscore: `_search_paths`

warning: unused variable: `helpers`
   --> src/docs/renderer.rs:558:13
    |
558 |         let helpers = Self::create_default_helpers();
    |             ^^^^^^^ help: if this is intentional, prefix it with an underscore: `_helpers`

warning: unused variable: `processors`
   --> src/docs/renderer.rs:879:13
    |
879 |         let processors: Vec<&dyn Fn(&str) -> String> = vec![];
    |             ^^^^^^^^^^ help: if this is intentional, prefix it with an underscore: `_processors`

warning: unused variable: `options`
    --> src/docs/renderer.rs:1185:13
     |
1185 |         let options = MarkdownOptions {
     |             ^^^^^^^ help: if this is intentional, prefix it with an underscore: `_options`

warning: unused variable: `toc_generator`
    --> src/docs/renderer.rs:1192:13
     |
1192 |         let toc_generator = TocGenerator {};
     |             ^^^^^^^^^^^^^ help: if this is intentional, prefix it with an underscore: `_toc_generator`

warning: unused variable: `options`
    --> src/docs/renderer.rs:1347:13
     |
1347 |         let options = PdfOptions {
     |             ^^^^^^^ help: if this is intentional, prefix it with an underscore: `_options`

warning: unused variable: `layout`
    --> src/docs/renderer.rs:1354:13
     |
1354 |         let layout = PageLayout {
     |             ^^^^^^ help: if this is intentional, prefix it with an underscore: `_layout`

warning: unused variable: `templates`
  --> src/docs/tutorial.rs:98:13
   |
98 |         let templates = Self::create_tutorial_templates();
   |             ^^^^^^^^^ help: if this is intentional, prefix it with an underscore: `_templates`

warning: unused variable: `config`
  --> src/docs/tutorial.rs:97:16
   |
97 |     pub fn new(config: &DocConfig) -> Result<Self, SemanticError> {
   |                ^^^^^^ help: if this is intentional, prefix it with an underscore: `_config`

warning: unused variable: `function`
   --> src/error/intent_analysis.rs:142:9
    |
142 |         function: &Function,
    |         ^^^^^^^^ help: if this is intentional, prefix it with an underscore: `_function`

warning: unused variable: `error`
   --> src/error/structured.rs:434:26
    |
434 |     fn fix_type_mismatch(error: &CompilerError) -> Vec<FixSuggestion> {
    |                          ^^^^^ help: if this is intentional, prefix it with an underscore: `_error`

warning: unused variable: `error`
   --> src/error/structured.rs:455:29
    |
455 |     fn fix_undefined_symbol(error: &CompilerError) -> Vec<FixSuggestion> {
    |                             ^^^^^ help: if this is intentional, prefix it with an underscore: `_error`

warning: unreachable pattern
   --> src/lexer/mod.rs:716:17
    |
685 |                 Some('\'') => {
    |                 ---------- matches all the relevant values
...
716 |                 Some('\'') => {
    |                 ^^^^^^^^^^ no value can reach this
    |
    = note: `#[warn(unreachable_patterns)]` (part of `#[warn(unused)]`) on by default

warning: unused variable: `function`
   --> src/llvm_backend/codegen.rs:157:13
    |
157 |         let function = self.module.add_function(name, fn_type, None);
    |             ^^^^^^^^ help: if this is intentional, prefix it with an underscore: `_function`

warning: unused variable: `i`
   --> src/llvm_backend/mod.rs:625:18
    |
625 |             for (i, stmt) in mir_block.statements.iter().enumerate() {
    |                  ^ help: if this is intentional, prefix it with an underscore: `_i`

warning: unnecessary `unsafe` block
   --> src/llvm_backend/mod.rs:919:41
    |
919 |                         let field_ptr = unsafe {
    |                                         ^^^^^^ unnecessary `unsafe` block
    |
    = note: `#[warn(unused_unsafe)]` (part of `#[warn(unused)]`) on by default

warning: unreachable pattern
    --> src/llvm_backend/mod.rs:2437:13
     |
 986 |             mir::Rvalue::AddressOf(place) => {
     |             ----------------------------- matches all the relevant values
...
2437 |             &mir::Rvalue::AddressOf(_) => todo!(),
     |             ^^^^^^^^^^^^^^^^^^^^^^^^^^ no value can reach this

warning: unused variable: `int_val`
    --> src/llvm_backend/mod.rs:1541:58
     |
1541 | ...                   BasicValueEnum::IntValue(int_val) => {
     |                                                ^^^^^^^ help: if this is intentional, prefix it with an underscore: `_int_val`

warning: unused variable: `field_names`
    --> src/llvm_backend/mod.rs:1836:61
     |
1836 |                     mir::AggregateKind::Struct(struct_name, field_names) => {
     |                                                             ^^^^^^^^^^^ help: if this is intentional, prefix it with an underscore: `_field_names`

warning: value assigned to `struct_size` is never read
    --> src/llvm_backend/mod.rs:1860:33
     |
1860 |                         let mut struct_size = 0u64;
     |                                 ^^^^^^^^^^^
     |
     = help: maybe it is overwritten before being read?
     = note: `#[warn(unused_assignments)]` (part of `#[warn(unused)]`) on by default

warning: variable does not need to be mutable
    --> src/llvm_backend/mod.rs:2152:29
     |
2152 |                         let mut current_type =
     |                             ----^^^^^^^^^^^^
     |                             |
     |                             help: remove this `mut`

warning: unused variable: `i64_type`
    --> src/llvm_backend/mod.rs:3210:13
     |
3210 |         let i64_type = self.context.i64_type();
     |             ^^^^^^^^ help: if this is intentional, prefix it with an underscore: `_i64_type`

warning: unused variable: `void_type`
    --> src/llvm_backend/mod.rs:3213:13
     |
3213 |         let void_type = self.context.void_type();
     |             ^^^^^^^^^ help: if this is intentional, prefix it with an underscore: `_void_type`

warning: unnecessary `unsafe` block
    --> src/llvm_backend/mod.rs:3662:33
     |
3662 |                 let field_ptr = unsafe {
     |                                 ^^^^^^ unnecessary `unsafe` block

warning: unused variable: `parent`
   --> src/memory/mod.rs:110:37
    |
110 |     pub fn create_region(&mut self, parent: Option<RegionId>) -> RegionId {
    |                                     ^^^^^^ help: if this is intentional, prefix it with an underscore: `_parent`

warning: unused variable: `operand`
   --> src/memory/mod.rs:307:48
    |
307 |                 if let Expression::AddressOf { operand, .. } = &**expr {
    |                                                ^^^^^^^-
    |                                                |
    |                                                help: try removing the field

warning: unused variable: `region_id`
   --> src/memory/mod.rs:441:38
    |
441 |     fn get_region_allocations(&self, region_id: &RegionId) -> Vec<AllocationInfo> {
    |                                      ^^^^^^^^^ help: if this is intentional, prefix it with an underscore: `_region_id`

warning: unused variable: `source_location`
   --> src/mir/lowering.rs:608:17
    |
608 |                 source_location,
    |                 ^^^^^^^^^^^^^^^ help: try ignoring the field: `source_location: _`

warning: unused variable: `source_location`
   --> src/mir/lowering.rs:621:17
    |
621 |                 source_location,
    |                 ^^^^^^^^^^^^^^^ help: try ignoring the field: `source_location: _`

warning: unused variable: `source_location`
   --> src/mir/lowering.rs:675:17
    |
675 |                 source_location,
    |                 ^^^^^^^^^^^^^^^ help: try ignoring the field: `source_location: _`

warning: unused variable: `source_location`
   --> src/mir/lowering.rs:685:17
    |
685 |                 source_location,
    |                 ^^^^^^^^^^^^^^^ help: try ignoring the field: `source_location: _`

warning: unused variable: `module`
    --> src/mir/lowering.rs:2544:33
     |
2544 |             Type::Named { name, module } => {
     |                                 ^^^^^^ help: try ignoring the field: `module: _`

warning: unused variable: `map`
    --> src/mir/lowering.rs:2668:47
     |
2668 |             ast::AssignmentTarget::MapValue { map, key } => {
     |                                               ^^^ help: try ignoring the field: `map: _`

warning: unused variable: `key`
    --> src/mir/lowering.rs:2668:52
     |
2668 |             ast::AssignmentTarget::MapValue { map, key } => {
     |                                                    ^^^ help: try ignoring the field: `key: _`

warning: unreachable pattern
    --> src/mir/lowering.rs:3998:13
     |
3934 |               ast::Pattern::Wildcard { binding, .. } => {
     |               -------------------------------------- matches all the relevant values
...
3998 | /             ast::Pattern::Wildcard {
3999 | |                 binding: Some(binding_name),
4000 | |                 source_location,
4001 | |             } => {
     | |_____________^ no value can reach this

warning: unreachable pattern
    --> src/mir/lowering.rs:4061:13
     |
3934 |             ast::Pattern::Wildcard { binding, .. } => {
     |             -------------------------------------- matches all the relevant values
...
4061 |             ast::Pattern::Wildcard { binding: None, .. } => {
     |             ^^^^^^^^^^^^^^^^^^^^^^^^^^^^^^^^^^^^^^^^^^^^ no value can reach this

warning: unused variable: `st`
    --> src/mir/lowering.rs:3792:49
     |
3792 |                     let data_type = if let Some(st) = &self.symbol_table {
     |                                                 ^^ help: if this is intentional, prefix it with an underscore: `_st`

warning: unused variable: `inner_variant`
    --> src/mir/lowering.rs:3819:43
     |
3819 | ...                   variant_name: inner_variant,
     |                                     ^^^^^^^^^^^^^ help: if this is intentional, prefix it with an underscore: `_inner_variant`

warning: unused variable: `target_type`
    --> src/mir/lowering.rs:4665:13
     |
4665 |         let target_type = match pointer_type {
     |             ^^^^^^^^^^^ help: if this is intentional, prefix it with an underscore: `_target_type`

warning: unused variable: `cycle`
   --> src/module_loader.rs:280:17
    |
280 |             let cycle: Vec<String> = stack[cycle_start..].to_vec();
    |                 ^^^^^ help: if this is intentional, prefix it with an underscore: `_cycle`

warning: unused variable: `depth`
  --> src/optimizations/inlining.rs:52:44
   |
52 |     pub fn set_max_inline_depth(&mut self, depth: usize) {}
   |                                            ^^^^^ help: if this is intentional, prefix it with an underscore: `_depth`

warning: unused variable: `function_name`
   --> src/optimizations/interprocedural.rs:667:14
    |
667 |         for (function_name, summary) in summaries {
    |              ^^^^^^^^^^^^^ help: if this is intentional, prefix it with an underscore: `_function_name`

warning: unused variable: `function_name`
   --> src/optimizations/interprocedural.rs:782:14
    |
782 |         for (function_name, function) in &program.functions {
    |              ^^^^^^^^^^^^^ help: if this is intentional, prefix it with an underscore: `_function_name`

warning: unused variable: `function`
   --> src/optimizations/interprocedural.rs:782:29
    |
782 |         for (function_name, function) in &program.functions {
    |                             ^^^^^^^^ help: if this is intentional, prefix it with an underscore: `_function`

warning: unused variable: `function_name`
   --> src/optimizations/interprocedural.rs:799:14
    |
799 |         for (function_name, function) in &program.functions {
    |              ^^^^^^^^^^^^^ help: if this is intentional, prefix it with an underscore: `_function_name`

warning: unused variable: `function_name`
   --> src/optimizations/interprocedural.rs:821:14
    |
821 |         for (function_name, function) in &program.functions {
    |              ^^^^^^^^^^^^^ help: if this is intentional, prefix it with an underscore: `_function_name`

warning: unused variable: `constant`
   --> src/optimizations/interprocedural.rs:856:21
    |
856 |         for (place, constant) in assignments {
    |                     ^^^^^^^^ help: if this is intentional, prefix it with an underscore: `_constant`

warning: unused variable: `var_name`
   --> src/optimizations/interprocedural.rs:857:17
    |
857 |             let var_name = format!("{}::{}", function.name, place.local);
    |                 ^^^^^^^^ help: if this is intentional, prefix it with an underscore: `_var_name`

warning: unused variable: `end_loc`
    --> src/parser/v2.rs:2883:17
     |
2883 |             let end_loc = self.current_location();
     |                 ^^^^^^^ help: if this is intentional, prefix it with an underscore: `_end_loc`

warning: unused variable: `field_location`
    --> src/parser/mod.rs:1420:17
     |
1420 |             let field_location = field_keyword.location.clone();
     |                 ^^^^^^^^^^^^^^ help: if this is intentional, prefix it with an underscore: `_field_location`

warning: variable does not need to be mutable
    --> src/parser/mod.rs:1875:13
     |
1875 |         let mut constraints = Vec::new();
     |             ----^^^^^^^^^^^
     |             |
     |             help: remove this `mut`

warning: variable `generic_parameters` is assigned to, but never used
    --> src/parser/mod.rs:1927:17
     |
1927 |         let mut generic_parameters = Vec::new();
     |                 ^^^^^^^^^^^^^^^^^^
     |
     = note: consider using `_generic_parameters` instead

warning: variable `lifetime_parameters` is assigned to, but never used
    --> src/parser/mod.rs:1928:17
     |
1928 |         let mut lifetime_parameters = Vec::new();
     |                 ^^^^^^^^^^^^^^^^^^^
     |
     = note: consider using `_lifetime_parameters` instead

warning: value assigned to `generic_parameters` is never read
    --> src/parser/mod.rs:1977:29
     |
1977 | ...                   generic_parameters = self.parse_generic_parameters()?;
     |                       ^^^^^^^^^^^^^^^^^^
     |
     = help: maybe it is overwritten before being read?

warning: value assigned to `lifetime_parameters` is never read
    --> src/parser/mod.rs:1981:29
     |
1981 | ...                   lifetime_parameters = self.parse_lifetime_parameters()?;
     |                       ^^^^^^^^^^^^^^^^^^^
     |
     = help: maybe it is overwritten before being read?

warning: variable does not need to be mutable
    --> src/parser/mod.rs:1926:13
     |
1926 |         let mut intent = None;
     |             ----^^^^^^
     |             |
     |             help: remove this `mut`

warning: unused variable: `nested_pattern`
    --> src/parser/mod.rs:4182:22
     |
4182 |                 let (nested_pattern, binding) = if let Some(token) = self.current_token() {
     |                      ^^^^^^^^^^^^^^ help: if this is intentional, prefix it with an underscore: `_nested_pattern`

warning: variable does not need to be mutable
    --> src/parser/mod.rs:4599:13
     |
4599 |         let mut invariants = Vec::new();
     |             ----^^^^^^^^^^
     |             |
     |             help: remove this `mut`

warning: variable does not need to be mutable
   --> src/patterns/catalog.rs:132:21
    |
132 |                 let mut contract = create_pattern_contract("safe_array_access");
    |                     ----^^^^^^^^
    |                     |
    |                     help: remove this `mut`

warning: variable does not need to be mutable
   --> src/patterns/catalog.rs:392:21
    |
392 |                 let mut contract = create_pattern_contract("binary_search");
    |                     ----^^^^^^^^
    |                     |
    |                     help: remove this `mut`

warning: variable does not need to be mutable
   --> src/patterns/catalog.rs:536:21
    |
536 |                 let mut contract = create_pattern_contract("map_filter_reduce");
    |                     ----^^^^^^^^
    |                     |
    |                     help: remove this `mut`

warning: variable does not need to be mutable
   --> src/patterns/catalog.rs:804:21
    |
804 |                 let mut contract = create_pattern_contract("raii_wrapper");
    |                     ----^^^^^^^^
    |                     |
    |                     help: remove this `mut`

warning: variable does not need to be mutable
   --> src/patterns/catalog.rs:931:21
    |
931 |                 let mut contract = create_pattern_contract("result_type");
    |                     ----^^^^^^^^
    |                     |
    |                     help: remove this `mut`

warning: variable does not need to be mutable
    --> src/patterns/catalog.rs:1049:21
     |
1049 |                 let mut contract = create_pattern_contract("input_validation");
     |                     ----^^^^^^^^
     |                     |
     |                     help: remove this `mut`

warning: unused variable: `data_flow`
   --> src/patterns/composition.rs:519:9
    |
519 |         data_flow: &DataFlowSpec,
    |         ^^^^^^^^^ help: if this is intentional, prefix it with an underscore: `_data_flow`

warning: unused variable: `config`
   --> src/release/distribution.rs:947:16
    |
947 |     pub fn new(config: DistributionConfig) -> Result<Self, SemanticError> {
    |                ^^^^^^ help: if this is intentional, prefix it with an underscore: `_config`

warning: unused variable: `cache_config`
    --> src/release/distribution.rs:1135:13
     |
1135 |         let cache_config = CacheConfig {
     |             ^^^^^^^^^^^^ help: if this is intentional, prefix it with an underscore: `_cache_config`

warning: unused variable: `c_string`
   --> src/runtime/mod.rs:170:9
    |
170 |     let c_string = result.as_ptr() as *mut c_char;
    |         ^^^^^^^^ help: if this is intentional, prefix it with an underscore: `_c_string`

warning: unused variable: `constraint`
   --> src/semantic/metadata.rs:462:25
    |
462 |             if let Some(constraint) = &sem_type.constraint {
    |                         ^^^^^^^^^^ help: if this is intentional, prefix it with an underscore: `_constraint`

warning: unused variable: `e`
  --> src/semantic/ownership.rs:41:32
   |
41 |                     if let Err(e) = self.symbol_table.mark_variable_moved(&name.name) {
   |                                ^ help: if this is intentional, prefix it with an underscore: `_e`

warning: unused variable: `e`
  --> src/semantic/ownership.rs:66:36
   |
66 |                         if let Err(e) = self.symbol_table.mark_variable_moved(&name.name) {
   |                                    ^ help: if this is intentional, prefix it with an underscore: `_e`

warning: unused variable: `enum_name`
    --> src/semantic/mod.rs:1549:17
     |
1549 |                 enum_name,
     |                 ^^^^^^^^^ help: try ignoring the field: `enum_name: _`

warning: unused variable: `source_location`
    --> src/semantic/mod.rs:1726:17
     |
1726 |                 source_location,
     |                 ^^^^^^^^^^^^^^^ help: try ignoring the field: `source_location: _`

warning: unused variable: `source_location`
    --> src/semantic/mod.rs:1921:17
     |
1921 |                 source_location,
     |                 ^^^^^^^^^^^^^^^ help: try ignoring the field: `source_location: _`

warning: unused variable: `size_type`
  --> src/stdlib/network.rs:41:9
   |
41 |     let size_type = TypeSpecifier::Primitive {
   |         ^^^^^^^^^ help: if this is intentional, prefix it with an underscore: `_size_type`

warning: unused variable: `contract`
   --> src/verification/contracts.rs:811:13
    |
811 |     let mut contract = FunctionContract::new(function.name.name.clone());
    |             ^^^^^^^^ help: if this is intentional, prefix it with an underscore: `_contract`

warning: variable does not need to be mutable
   --> src/verification/contracts.rs:811:9
    |
811 |     let mut contract = FunctionContract::new(function.name.name.clone());
    |         ----^^^^^^^^
    |         |
    |         help: remove this `mut`

warning: unused variable: `place`
   --> src/verification/vcgen.rs:382:25
    |
382 |             Rvalue::Len(place) => {
    |                         ^^^^^ help: if this is intentional, prefix it with an underscore: `_place`

warning: field `associated_mutex` is never read
  --> src/concurrency/sync_primitives.rs:89:5
   |
84 | pub struct AetherCondVar {
   |            ------------- field in this struct
...
89 |     associated_mutex: Option<String>,
   |     ^^^^^^^^^^^^^^^^
   |
   = note: `AetherCondVar` has a derived impl for the trait `Debug`, but this is intentionally ignored during dead code analysis
   = note: `#[warn(dead_code)]` (part of `#[warn(unused)]`) on by default

warning: struct `BarrierState` is never constructed
   --> src/concurrency/sync_primitives.rs:137:8
    |
137 | struct BarrierState {
    |        ^^^^^^^^^^^^

warning: field `barrier_cycles` is never read
   --> src/concurrency/sync_primitives.rs:200:5
    |
198 | struct BarrierMetrics {
    |        -------------- field in this struct
199 |     wait_count: u64,
200 |     barrier_cycles: u64,
    |     ^^^^^^^^^^^^^^
    |
    = note: `BarrierMetrics` has a derived impl for the trait `Debug`, but this is intentionally ignored during dead code analysis

warning: field `acquired_at` is never read
   --> src/concurrency/sync_primitives.rs:236:5
    |
234 | pub struct ReadGuard<'a> {
    |            --------- field in this struct
235 |     rw_lock: &'a AetherRwLock,
236 |     acquired_at: Instant,
    |     ^^^^^^^^^^^

warning: field `acquired_at` is never read
   --> src/concurrency/sync_primitives.rs:242:5
    |
240 | pub struct WriteGuard<'a> {
    |            ---------- field in this struct
241 |     rw_lock: &'a AetherRwLock,
242 |     acquired_at: Instant,
    |     ^^^^^^^^^^^

warning: fields `target_pid` and `breakpoints` are never read
  --> src/debug/debugger.rs:51:5
   |
49 | pub struct DebugSession {
   |            ------------ fields in this struct
50 |     /// Target process ID
51 |     target_pid: Option<u32>,
   |     ^^^^^^^^^^
...
57 |     breakpoints: Arc<Mutex<HashMap<String, Vec<Breakpoint>>>>,
   |     ^^^^^^^^^^^
   |
   = note: `DebugSession` has a derived impl for the trait `Debug`, but this is intentionally ignored during dead code analysis

warning: fields `diagnostics_provider` and `shutdown` are never read
  --> src/debug/lsp.rs:45:5
   |
34 | pub struct LanguageServer {
   |            -------------- fields in this struct
...
45 |     diagnostics_provider: DiagnosticsProvider,
   |     ^^^^^^^^^^^^^^^^^^^^
...
51 |     shutdown: Arc<AtomicBool>,
   |     ^^^^^^^^
   |
   = note: `LanguageServer` has a derived impl for the trait `Debug`, but this is intentionally ignored during dead code analysis

warning: field `diagnostics` is never read
   --> src/debug/lsp.rs:333:5
    |
331 | pub struct DiagnosticEngine {
    |            ---------------- field in this struct
332 |     /// Active diagnostics by document
333 |     diagnostics: HashMap<String, Vec<Diagnostic>>,
    |     ^^^^^^^^^^^
    |
    = note: `DiagnosticEngine` has a derived impl for the trait `Debug`, but this is intentionally ignored during dead code analysis

warning: field `snippets` is never read
   --> src/debug/lsp.rs:343:5
    |
338 | pub struct CompletionProvider {
    |            ------------------ field in this struct
...
343 |     snippets: HashMap<String, String>,
    |     ^^^^^^^^
    |
    = note: `CompletionProvider` has a derived impl for the trait `Debug`, but this is intentionally ignored during dead code analysis

warning: fields `source_parser` and `markdown_parser` are never read
  --> src/docs/parser.rs:39:5
   |
37 | pub struct DocParser {
   |            --------- fields in this struct
38 |     /// Source code parser
39 |     source_parser: SourceParser,
   |     ^^^^^^^^^^^^^
...
42 |     markdown_parser: MarkdownParser,
   |     ^^^^^^^^^^^^^^^
   |
   = note: `DocParser` has a derived impl for the trait `Debug`, but this is intentionally ignored during dead code analysis

warning: field `patterns` is never read
  --> src/docs/parser.rs:74:5
   |
72 | pub struct CommentParser {
   |            ------------- field in this struct
73 |     /// Comment prefix patterns
74 |     patterns: CommentPatterns,
   |     ^^^^^^^^
   |
   = note: `CommentParser` has a derived impl for the trait `Debug`, but this is intentionally ignored during dead code analysis

warning: field `location` is never read
   --> src/docs/parser.rs:725:5
    |
714 | struct ParsedItem {
    |        ---------- field in this struct
...
725 |     location: SourceLocation,
    |     ^^^^^^^^
    |
    = note: `ParsedItem` has derived impls for the traits `Clone` and `Debug`, but these are intentionally ignored during dead code analysis

warning: variants `Module`, `Enum`, `Trait`, `TypeAlias`, `Import`, and `Macro` are never constructed
   --> src/docs/parser.rs:731:5
    |
730 | enum ItemType {
    |      -------- variants in this enum
731 |     Module,
    |     ^^^^^^
...
734 |     Enum,
    |     ^^^^
735 |     Trait,
    |     ^^^^^
736 |     TypeAlias,
    |     ^^^^^^^^^
737 |     Constant,
738 |     Import,
    |     ^^^^^^
739 |     Macro,
    |     ^^^^^
    |
    = note: `ItemType` has derived impls for the traits `Clone` and `Debug`, but these are intentionally ignored during dead code analysis

warning: methods `parse_documentation`, `clean_comment_line`, `extract_tag`, `tag_to_section`, and `finalize_section` are never used
   --> src/docs/parser.rs:774:8
    |
761 | impl CommentParser {
    | ------------------ methods in this implementation
...
774 |     fn parse_documentation(&self, raw_docs: &str) -> Result<ParsedDoc, SemanticError> {
    |        ^^^^^^^^^^^^^^^^^^^
...
837 |     fn clean_comment_line(&self, line: &str) -> String {
    |        ^^^^^^^^^^^^^^^^^^
...
850 |     fn extract_tag(&self, line: &str) -> Option<String> {
    |        ^^^^^^^^^^^
...
862 |     fn tag_to_section(&self, tag: &str) -> DocSection {
    |        ^^^^^^^^^^^^^^
...
872 |     fn finalize_section(
    |        ^^^^^^^^^^^^^^^^

warning: variant `Tag` is never constructed
   --> src/docs/parser.rs:933:5
    |
927 | enum DocSection {
    |      ---------- variant in this enum
...
933 |     Tag(String),
    |     ^^^
    |
    = note: `DocSection` has derived impls for the traits `Clone` and `Debug`, but these are intentionally ignored during dead code analysis

warning: methods `parse_function_signature`, `parse_type_definition`, `extract_function_name`, and `extract_type_name` are never used
   --> src/docs/parser.rs:941:8
    |
936 | impl SignatureParser {
    | -------------------- methods in this implementation
...
941 |     fn parse_function_signature(&self, source: &str) -> Result<FunctionSignature, SemanticError> {
    |        ^^^^^^^^^^^^^^^^^^^^^^^^
...
957 |     fn parse_type_definition(&self, source: &str) -> Result<TypeInfo, SemanticError> {
    |        ^^^^^^^^^^^^^^^^^^^^^
...
970 |     fn extract_function_name(&self, source: &str) -> String {
    |        ^^^^^^^^^^^^^^^^^^^^^
...
981 |     fn extract_type_name(&self, source: &str) -> String {
    |        ^^^^^^^^^^^^^^^^^

warning: fields `template_engine` and `output_format` are never read
  --> src/docs/renderer.rs:32:5
   |
30 | pub struct DocRenderer {
   |            ----------- fields in this struct
31 |     /// Template engine for rendering
32 |     template_engine: TemplateEngine,
   |     ^^^^^^^^^^^^^^^
...
38 |     output_format: OutputFormat,
   |     ^^^^^^^^^^^^^
   |
   = note: `DocRenderer` has a derived impl for the trait `Debug`, but this is intentionally ignored during dead code analysis

warning: field `templates` is never read
  --> src/docs/renderer.rs:45:5
   |
43 | pub struct TemplateEngine {
   |            -------------- field in this struct
44 |     /// Loaded templates
45 |     templates: HashMap<String, String>,
   |     ^^^^^^^^^
   |
   = note: `TemplateEngine` has a derived impl for the trait `Debug`, but this is intentionally ignored during dead code analysis

warning: field `doc` is never read
   --> src/docs/renderer.rs:227:5
    |
225 | pub struct HtmlRenderer<'a> {
    |            ------------ field in this struct
226 |     /// Documentation to render
227 |     doc: &'a Documentation,
    |     ^^^
    |
    = note: `HtmlRenderer` has a derived impl for the trait `Debug`, but this is intentionally ignored during dead code analysis

warning: method `render_template` is never used
   --> src/docs/renderer.rs:849:8
    |
536 | impl TemplateEngine {
    | ------------------- method in this implementation
...
849 |     fn render_template(
    |        ^^^^^^^^^^^^^^^

warning: field `intent_keywords` is never read
   --> src/error/intent_analysis.rs:234:5
    |
233 | struct IntentPattern {
    |        ------------- field in this struct
234 |     intent_keywords: Vec<String>,
    |     ^^^^^^^^^^^^^^^

warning: field `patterns` is never read
   --> src/error/structured.rs:397:5
    |
396 | pub struct ErrorPatterns {
    |            ------------- field in this struct
397 |     patterns: HashMap<String, ErrorPattern>,
    |     ^^^^^^^^

warning: fields `code_prefix`, `matcher`, and `fixer` are never read
   --> src/error/structured.rs:402:5
    |
401 | struct ErrorPattern {
    |        ------------ fields in this struct
402 |     code_prefix: String,
    |     ^^^^^^^^^^^
403 |     matcher: fn(&CompilerError) -> bool,
    |     ^^^^^^^
404 |     fixer: fn(&CompilerError) -> Vec<FixSuggestion>,
    |     ^^^^^
    |
    = note: `ErrorPattern` has a derived impl for the trait `Clone`, but this is intentionally ignored during dead code analysis

warning: field `include_snippets` is never read
   --> src/error/structured.rs:510:5
    |
509 | pub struct LLMErrorFormatter {
    |            ----------------- field in this struct
510 |     include_snippets: bool,
    |     ^^^^^^^^^^^^^^^^

warning: method `read_quoted_identifier` is never used
   --> src/lexer/mod.rs:506:8
    |
 90 | impl Lexer {
    | ---------- method in this implementation
...
506 |     fn read_quoted_identifier(&mut self) -> Result<Token, LexerError> {
    |        ^^^^^^^^^^^^^^^^^^^^^^

warning: method `get_type_id` is never used
  --> src/llvm_backend/mod.rs:96:8
   |
65 | impl CleanupInfo {
   | ---------------- method in this implementation
...
96 |     fn get_type_id(&self, local_id: &mir::LocalId) -> TypeId {
   |        ^^^^^^^^^^^

warning: field `module` is never read
  --> src/lsp/server.rs:36:5
   |
34 | struct DocumentState {
   |        ------------- field in this struct
35 |     text: String,
36 |     module: Option<Module>,
   |     ^^^^^^
   |
   = note: `DocumentState` has a derived impl for the trait `Debug`, but this is intentionally ignored during dead code analysis

warning: fields `start`, `size`, `permissions`, and `status` are never read
  --> src/memory/mod.rs:61:5
   |
59 | struct MemoryRegion {
   |        ------------ fields in this struct
60 |     /// Start address
61 |     start: usize,
   |     ^^^^^
...
64 |     size: usize,
   |     ^^^^
...
67 |     permissions: MemoryPermissions,
   |     ^^^^^^^^^^^
...
70 |     status: AllocationStatus,
   |     ^^^^^^
   |
   = note: `MemoryRegion` has a derived impl for the trait `Debug`, but this is intentionally ignored during dead code analysis

warning: method `analyze_expression_memory` is never used
   --> src/memory/mod.rs:151:8
    |
 95 | impl MemoryAnalyzer {
    | ------------------- method in this implementation
...
151 |     fn analyze_expression_memory(
    |        ^^^^^^^^^^^^^^^^^^^^^^^^^

warning: field `parent` is never read
   --> src/mir/mod.rs:446:5
    |
445 | struct Scope {
    |        ----- field in this struct
446 |     parent: Option<ScopeId>,
    |     ^^^^^^

warning: method `get_enum_variant_associated_type` is never used
    --> src/mir/lowering.rs:4089:8
     |
  74 | impl LoweringContext {
     | -------------------- method in this implementation
...
4089 |     fn get_enum_variant_associated_type(
     |        ^^^^^^^^^^^^^^^^^^^^^^^^^^^^^^^^

warning: field `inlined_functions` is never read
  --> src/optimizations/inlining.rs:35:5
   |
30 | pub struct InliningPass {
   |            ------------ field in this struct
...
35 |     inlined_functions: HashSet<String>,
   |     ^^^^^^^^^^^^^^^^^
   |
   = note: `InliningPass` has a derived impl for the trait `Debug`, but this is intentionally ignored during dead code analysis

warning: fields `summaries` and `global_constants` are never read
  --> src/optimizations/interprocedural.rs:34:5
   |
29 | pub struct InterproceduralAnalysisPass {
   |            --------------------------- fields in this struct
...
34 |     summaries: HashMap<String, FunctionSummary>,
   |     ^^^^^^^^^
...
37 |     global_constants: GlobalConstantAnalysis,
   |     ^^^^^^^^^^^^^^^^
   |
   = note: `InterproceduralAnalysisPass` has a derived impl for the trait `Debug`, but this is intentionally ignored during dead code analysis

warning: fields `pure_functions`, `readonly_functions`, `modifying_functions`, `throwing_functions`, and `nonterminating_functions` are never read
  --> src/optimizations/interprocedural.rs:63:5
   |
61 | pub struct SideEffectAnalysis {
   |            ------------------ fields in this struct
62 |     /// Functions that are pure (no side effects)
63 |     pure_functions: HashSet<String>,
   |     ^^^^^^^^^^^^^^
...
66 |     readonly_functions: HashSet<String>,
   |     ^^^^^^^^^^^^^^^^^^
...
69 |     modifying_functions: HashSet<String>,
   |     ^^^^^^^^^^^^^^^^^^^
...
72 |     throwing_functions: HashSet<String>,
   |     ^^^^^^^^^^^^^^^^^^
...
75 |     nonterminating_functions: HashSet<String>,
   |     ^^^^^^^^^^^^^^^^^^^^^^^^
   |
   = note: `SideEffectAnalysis` has a derived impl for the trait `Debug`, but this is intentionally ignored during dead code analysis

warning: field `induction_variable` is never read
   --> src/optimizations/vectorization.rs:662:5
    |
659 | struct LoopInfo {
    |        -------- field in this struct
...
662 |     induction_variable: Option<Place>,
    |     ^^^^^^^^^^^^^^^^^^
    |
    = note: `LoopInfo` has derived impls for the traits `Clone` and `Debug`, but these are intentionally ignored during dead code analysis

warning: field `artifacts` is never read
  --> src/package/builder.rs:35:5
   |
30 | pub struct PackageBuilder {
   |            -------------- field in this struct
...
35 |     artifacts: Vec<BuildArtifact>,
   |     ^^^^^^^^^
   |
   = note: `PackageBuilder` has a derived impl for the trait `Debug`, but this is intentionally ignored during dead code analysis

warning: fields `artifacts`, `source_timestamps`, `dependency_timestamps`, `config_hash`, and `stats` are never read
  --> src/package/builder.rs:51:5
   |
49 | pub struct BuildCache {
   |            ---------- fields in this struct
50 |     /// Cached build artifacts
51 |     artifacts: HashMap<String, CachedArtifact>,
   |     ^^^^^^^^^
...
54 |     source_timestamps: HashMap<PathBuf, std::time::SystemTime>,
   |     ^^^^^^^^^^^^^^^^^
...
57 |     dependency_timestamps: HashMap<String, std::time::SystemTime>,
   |     ^^^^^^^^^^^^^^^^^^^^^
...
60 |     config_hash: Option<String>,
   |     ^^^^^^^^^^^
...
63 |     stats: BuildCacheStats,
   |     ^^^^^
   |
   = note: `BuildCache` has a derived impl for the trait `Debug`, but this is intentionally ignored during dead code analysis

warning: field `sandbox_config` is never read
   --> src/package/builder.rs:284:5
    |
282 | pub struct BuildScriptRunner {
    |            ----------------- field in this struct
283 |     /// Sandbox configuration
284 |     sandbox_config: SandboxConfig,
    |     ^^^^^^^^^^^^^^
    |
    = note: `BuildScriptRunner` has a derived impl for the trait `Debug`, but this is intentionally ignored during dead code analysis

warning: method `clear` is never used
   --> src/package/builder.rs:882:8
    |
881 | impl BuildCache {
    | --------------- method in this implementation
882 |     fn clear(&mut self) {
    |        ^^^^^

warning: methods `execute_shell_script`, `execute_python_script`, `execute_node_script`, `execute_custom_script`, and `execute_external_script` are never used
   --> src/package/builder.rs:949:8
    |
891 | impl BuildScriptRunner {
    | ---------------------- methods in this implementation
...
949 |     fn execute_shell_script(
    |        ^^^^^^^^^^^^^^^^^^^^
...
960 |     fn execute_python_script(
    |        ^^^^^^^^^^^^^^^^^^^^^
...
971 |     fn execute_node_script(
    |        ^^^^^^^^^^^^^^^^^^^
...
982 |     fn execute_custom_script(
    |        ^^^^^^^^^^^^^^^^^^^^^
...
994 |     fn execute_external_script(
    |        ^^^^^^^^^^^^^^^^^^^^^^^

warning: field `client` is never read
   --> src/package/registry.rs:109:5
    |
107 | pub struct HttpClient {
    |            ---------- field in this struct
108 |     /// HTTP client
109 |     client: reqwest::Client,
    |     ^^^^^^
    |
    = note: `HttpClient` has a derived impl for the trait `Debug`, but this is intentionally ignored during dead code analysis

warning: method `peek_keyword` is never used
   --> src/parser/mod.rs:555:8
    |
255 | impl Parser {
    | ----------- method in this implementation
...
555 |     fn peek_keyword(&self, expected: KeywordType) -> bool {
    |        ^^^^^^^^^^^^

warning: multiple methods are never used
   --> src/parser/v2.rs:210:8
    |
 80 | impl Parser {
    | ----------- methods in this implementation
...
210 |     fn synchronize(&mut self) {
    |        ^^^^^^^^^^^
...
245 |     fn synchronize_to_block_end(&mut self) {
    |        ^^^^^^^^^^^^^^^^^^^^^^^^
...
384 |     fn syntax_error(&self, message: &str, suggestion: Option<&str>) -> ParserError {
    |        ^^^^^^^^^^^^
...
393 |     fn missing_semicolon_error(&self) -> ParserError {
    |        ^^^^^^^^^^^^^^^^^^^^^^^
...
401 |     fn missing_type_error(&self, context: &str) -> ParserError {
    |        ^^^^^^^^^^^^^^^^^^
...
409 |     fn unexpected_token_error(&self, context: &str) -> ParserError {
    |        ^^^^^^^^^^^^^^^^^^^^^^
...
443 |     fn expected_expression_hint(&self) -> &'static str {
    |        ^^^^^^^^^^^^^^^^^^^^^^^^

warning: fields `cache` and `resolver` are never read
  --> src/patterns/composition.rs:31:5
   |
26 | pub struct CompositionEngine {
   |            ----------------- fields in this struct
...
31 |     cache: HashMap<String, ComposedPattern>,
   |     ^^^^^
...
34 |     resolver: ConflictResolver,
   |     ^^^^^^^^

warning: field `strategies` is never read
   --> src/patterns/composition.rs:149:5
    |
147 | pub struct ConflictResolver {
    |            ---------------- field in this struct
148 |     /// Resolution strategies
149 |     strategies: HashMap<ConflictType, ResolutionStrategy>,
    |     ^^^^^^^^^^

warning: variant `Sequential` is never constructed
    --> src/patterns/composition.rs:1075:5
     |
1073 | enum PatternRelationship {
     |      ------------------- variant in this enum
1074 |     Independent,
1075 |     Sequential,
     |     ^^^^^^^^^^
     |
     = note: `PatternRelationship` has derived impls for the traits `Clone` and `Debug`, but these are intentionally ignored during dead code analysis

warning: field `stdlib` is never read
   --> src/pipeline/mod.rs:183:5
    |
181 | pub struct CompilationPipeline {
    |            ------------------- field in this struct
182 |     options: CompileOptions,
183 |     stdlib: StandardLibrary,
    |     ^^^^^^

warning: fields `project_info`, `history`, `automation`, `artifacts`, `distribution`, and `packaging` are never read
  --> src/release/mod.rs:38:5
   |
36 | pub struct ReleaseManager {
   |            -------------- fields in this struct
37 |     /// Project information
38 |     project_info: ProjectInfo,
   |     ^^^^^^^^^^^^
...
41 |     history: ReleaseHistory,
   |     ^^^^^^^
...
44 |     automation: automation::AutomationPipeline,
   |     ^^^^^^^^^^
...
47 |     artifacts: artifacts::ArtifactManager,
   |     ^^^^^^^^^
...
50 |     distribution: distribution::DistributionManager,
   |     ^^^^^^^^^^^^
...
53 |     packaging: packaging::PackageBuilder,
   |     ^^^^^^^^^
   |
   = note: `ReleaseManager` has a derived impl for the trait `Debug`, but this is intentionally ignored during dead code analysis

warning: method `get_content_type` is never used
    --> src/release/distribution.rs:1077:8
     |
 945 | impl DistributionManager {
     | ------------------------ method in this implementation
...
1077 |     fn get_content_type(&self, format: &PackageFormat) -> String {
     |        ^^^^^^^^^^^^^^^^

warning: fields `formats` and `compression` are never read
  --> src/release/packaging.rs:38:5
   |
27 | pub struct PackageBuilder {
   |            -------------- fields in this struct
...
38 |     formats: Vec<PackageFormat>,
   |     ^^^^^^^
...
41 |     compression: CompressionSettings,
   |     ^^^^^^^^^^^
   |
   = note: `PackageBuilder` has a derived impl for the trait `Debug`, but this is intentionally ignored during dead code analysis

warning: field `settings` is never read
   --> src/release/updates.rs:644:5
    |
633 | pub struct UpdateCache<T> {
    |            ----------- field in this struct
...
644 |     settings: CacheSettings,
    |     ^^^^^^^^
    |
    = note: `UpdateCache` has a derived impl for the trait `Debug`, but this is intentionally ignored during dead code analysis

warning: fields `trusted_certs`, `signature_verification`, and `cert_validation` are never read
   --> src/release/updates.rs:878:5
    |
873 | pub struct UpdateSecurity {
    |            -------------- fields in this struct
...
878 |     trusted_certs: Vec<Certificate>,
    |     ^^^^^^^^^^^^^
...
881 |     signature_verification: SignatureVerificationConfig,
    |     ^^^^^^^^^^^^^^^^^^^^^^
...
884 |     cert_validation: CertificateValidation,
    |     ^^^^^^^^^^^^^^^
    |
    = note: `UpdateSecurity` has a derived impl for the trait `Debug`, but this is intentionally ignored during dead code analysis

warning: field `pools` is never read
  --> src/resource/analysis.rs:37:5
   |
26 | pub struct ResourceAnalyzer {
   |            ---------------- field in this struct
...
37 |     pools: HashMap<String, ResourcePool>,
   |     ^^^^^

warning: fields `depth` and `location` are never read
  --> src/resource/analysis.rs:48:5
   |
45 | struct ScopeInfo {
   |        --------- fields in this struct
...
48 |     depth: usize,
   |     ^^^^^
49 |     location: SourceLocation,
   |     ^^^^^^^^
   |
   = note: `ScopeInfo` has derived impls for the traits `Clone` and `Debug`, but these are intentionally ignored during dead code analysis

warning: function `create_external_function` is never used
  --> src/stdlib/mod.rs:95:15
   |
95 | pub(crate) fn create_external_function(
   |               ^^^^^^^^^^^^^^^^^^^^^^^^

warning: fields `assertions` and `variables` are never read
  --> src/verification/solver.rs:26:5
   |
24 | pub struct SmtSolver {
   |            --------- fields in this struct
25 |     /// SMT-LIB assertions
26 |     assertions: Vec<String>,
   |     ^^^^^^^^^^
...
29 |     variables: HashMap<String, String>,
   |     ^^^^^^^^^
   |
   = note: `SmtSolver` has a derived impl for the trait `Debug`, but this is intentionally ignored during dead code analysis

warning: hiding a lifetime that's elided elsewhere is confusing
   --> src/concurrency/sync_primitives.rs:395:17
    |
395 |     pub fn lock(&self) -> LockResult<MutexGuard> {
    |                 ^^^^^                ^^^^^^^^^^ the same lifetime is hidden here
    |                 |
    |                 the lifetime is elided here
    |
    = help: the same lifetime is referred to in inconsistent ways, making the signature confusing
    = note: `#[warn(mismatched_lifetime_syntaxes)]` on by default
help: use `'_` for type paths
    |
395 |     pub fn lock(&self) -> LockResult<MutexGuard<'_>> {
    |                                                ++++

warning: hiding a lifetime that's elided elsewhere is confusing
   --> src/concurrency/sync_primitives.rs:434:21
    |
434 |     pub fn try_lock(&self) -> LockResult<MutexGuard> {
    |                     ^^^^^                ^^^^^^^^^^ the same lifetime is hidden here
    |                     |
    |                     the lifetime is elided here
    |
    = help: the same lifetime is referred to in inconsistent ways, making the signature confusing
help: use `'_` for type paths
    |
434 |     pub fn try_lock(&self) -> LockResult<MutexGuard<'_>> {
    |                                                    ++++

warning: hiding a lifetime that's elided elsewhere is confusing
   --> src/concurrency/sync_primitives.rs:615:17
    |
615 |     pub fn read(&self) -> LockResult<ReadGuard> {
    |                 ^^^^^                ^^^^^^^^^ the same lifetime is hidden here
    |                 |
    |                 the lifetime is elided here
    |
    = help: the same lifetime is referred to in inconsistent ways, making the signature confusing
help: use `'_` for type paths
    |
615 |     pub fn read(&self) -> LockResult<ReadGuard<'_>> {
    |                                               ++++

warning: hiding a lifetime that's elided elsewhere is confusing
   --> src/concurrency/sync_primitives.rs:634:18
    |
634 |     pub fn write(&self) -> LockResult<WriteGuard> {
    |                  ^^^^^                ^^^^^^^^^^ the same lifetime is hidden here
    |                  |
    |                  the lifetime is elided here
    |
    = help: the same lifetime is referred to in inconsistent ways, making the signature confusing
help: use `'_` for type paths
    |
634 |     pub fn write(&self) -> LockResult<WriteGuard<'_>> {
    |                                                 ++++

warning: unused `Result` that must be used
   --> src/llvm_backend/mod.rs:453:29
    |
453 | ...                   builder.build_return(Some(&return_value));
    |                       ^^^^^^^^^^^^^^^^^^^^^^^^^^^^^^^^^^^^^^^^^
    |
    = note: this `Result` may be an `Err` variant, which should be handled
    = note: `#[warn(unused_must_use)]` (part of `#[warn(unused)]`) on by default
help: use `let _ = ...` to ignore the resulting value
    |
453 |                             let _ = builder.build_return(Some(&return_value));
    |                             +++++++

warning: unused `Result` that must be used
   --> src/llvm_backend/mod.rs:462:29
    |
462 | ...                   builder.build_return(Some(&i32_type.const_int(0, false)));
    |                       ^^^^^^^^^^^^^^^^^^^^^^^^^^^^^^^^^^^^^^^^^^^^^^^^^^^^^^^^^
    |
    = note: this `Result` may be an `Err` variant, which should be handled
help: use `let _ = ...` to ignore the resulting value
    |
462 |                             let _ = builder.build_return(Some(&i32_type.const_int(0, false)));
    |                             +++++++

warning: hiding a lifetime that's elided elsewhere is confusing
  --> src/llvm_backend/context.rs:47:26
   |
47 |     pub fn create_module(&self, name: &str) -> Module {
   |                          ^^^^^                 ^^^^^^ the same lifetime is hidden here
   |                          |
   |                          the lifetime is elided here
   |
   = help: the same lifetime is referred to in inconsistent ways, making the signature confusing
help: use `'_` for type paths
   |
47 |     pub fn create_module(&self, name: &str) -> Module<'_> {
   |                                                      ++++

warning: hiding a lifetime that's elided elsewhere is confusing
  --> src/llvm_backend/context.rs:58:27
   |
58 |     pub fn create_builder(&self) -> Builder {
   |                           ^^^^^     ^^^^^^^ the same lifetime is hidden here
   |                           |
   |                           the lifetime is elided here
   |
   = help: the same lifetime is referred to in inconsistent ways, making the signature confusing
help: use `'_` for type paths
   |
58 |     pub fn create_builder(&self) -> Builder<'_> {
   |                                            ++++

warning: using `.clone()` on a double reference, which returns `&version::Version` instead of cloning the inner type
   --> src/package/resolver.rs:538:61
    |
538 |                 Ok(compatible_versions.iter().max().unwrap().clone().clone())
    |                                                             ^^^^^^^^
    |
    = note: `#[warn(suspicious_double_ref_op)]` on by default

warning: using `.clone()` on a double reference, which returns `&version::Version` instead of cloning the inner type
   --> src/package/resolver.rs:541:61
    |
541 |                 Ok(compatible_versions.iter().min().unwrap().clone().clone())
    |                                                             ^^^^^^^^

warning: using `.clone()` on a double reference, which returns `&version::Version` instead of cloning the inner type
   --> src/package/resolver.rs:545:61
    |
545 |                 Ok(compatible_versions.iter().min().unwrap().clone().clone())
    |                                                             ^^^^^^^^

warning: using `.clone()` on a double reference, which returns `&version::Version` instead of cloning the inner type
   --> src/package/resolver.rs:549:61
    |
549 |                 Ok(compatible_versions.iter().max().unwrap().clone().clone())
    |                                                             ^^^^^^^^

warning: hiding a lifetime that's elided elsewhere is confusing
  --> src/profiling/mod.rs:91:24
   |
91 |     pub fn start_phase(&mut self, phase_name: &str) -> PhaseTimer {
   |                        ^^^^^^^^^                       ^^^^^^^^^^ the same lifetime is hidden here
   |                        |
   |                        the lifetime is elided here
   |
   = help: the same lifetime is referred to in inconsistent ways, making the signature confusing
help: use `'_` for type paths
   |
91 |     pub fn start_phase(&mut self, phase_name: &str) -> PhaseTimer<'_> {
   |                                                                  ++++

warning: unused `Result` that must be used
    --> src/semantic/mod.rs:2918:9
     |
2918 |         self.symbol_table.exit_scope();
     |         ^^^^^^^^^^^^^^^^^^^^^^^^^^^^^^
     |
     = note: this `Result` may be an `Err` variant, which should be handled
help: use `let _ = ...` to ignore the resulting value
     |
2918 |         let _ = self.symbol_table.exit_scope();
     |         +++++++

warning: `aether` (lib) generated 195 warnings (run `cargo fix --lib -p aether` to apply 46 suggestions)
    Finished `dev` profile [unoptimized + debuginfo] target(s) in 1.42s
     Running `target/debug/aether-compiler compile tests/fixtures/simple_module.aether`
Compilation failed: Lexer error: Unterminated string literal at tests/fixtures/simple_module.aether:2:9

  left: 1
 right: 0

---- test_cli_check_verbose_mode stdout ----

thread 'test_cli_check_verbose_mode' (7563094) panicked at tests/cli_integration_tests.rs:129:5:
assertion `left == right` failed: Stderr:     Blocking waiting for file lock on package cache
    Blocking waiting for file lock on package cache
    Blocking waiting for file lock on package cache
    Blocking waiting for file lock on package cache
    Blocking waiting for file lock on build directory
warning: unused import: `ExampleType`
  --> src/docs/tutorial.rs:21:46
   |
21 |     CodeExample, DifficultyLevel, DocConfig, ExampleType, Exercise, Tutorial, TutorialSection,
   |                                              ^^^^^^^^^^^
   |
   = note: `#[warn(unused_imports)]` (part of `#[warn(unused)]`) on by default

warning: unused import: `std::path::Path`
  --> src/error/enhancement.rs:24:5
   |
24 | use std::path::Path;
   |     ^^^^^^^^^^^^^^^

warning: unused import: `BehavioralSpec`
  --> src/error/intent_analysis.rs:22:33
   |
22 | use crate::semantic::metadata::{BehavioralSpec, IntentSpec};
   |                                 ^^^^^^^^^^^^^^

warning: unused imports: `Expression`, `Statement`, and `TypeSpecifier`
  --> src/error/structured.rs:20:18
   |
20 | use crate::ast::{Expression, Statement, TypeSpecifier};
   |                  ^^^^^^^^^^  ^^^^^^^^^  ^^^^^^^^^^^^^

warning: unused import: `HashSet`
  --> src/llvm_backend/mod.rs:37:33
   |
37 | use std::collections::{HashMap, HashSet};
   |                                 ^^^^^^^

warning: unused import: `std::path::Path`
  --> src/lsp/server.rs:20:5
   |
20 | use std::path::Path;
   |     ^^^^^^^^^^^^^^^

warning: unused import: `BasicBlockId`
  --> src/optimizations/constant_propagation.rs:21:18
   |
21 | use crate::mir::{BasicBlockId, ConstantValue, Function, LocalId, Operand, Rvalue, Statement};
   |                  ^^^^^^^^^^^^

warning: unused imports: `BasicBlockId`, `LocalId`, `Place`, and `SourceInfo`
  --> src/optimizations/inlining.rs:22:5
   |
22 |     BasicBlockId, Function, LocalId, Operand, Place, Program, Rvalue, SourceInfo, Statement,
   |     ^^^^^^^^^^^^            ^^^^^^^           ^^^^^                   ^^^^^^^^^^

warning: unused import: `std::collections::HashMap`
  --> src/optimizations/inlining.rs:25:5
   |
25 | use std::collections::HashMap;
   |     ^^^^^^^^^^^^^^^^^^^^^^^^^

warning: unused import: `Constant`
  --> src/optimizations/interprocedural.rs:22:17
   |
22 |     BasicBlock, Constant, Function, Operand, Place, Program, Rvalue, Statement, Terminator,
   |                 ^^^^^^^^

warning: unused import: `BuildConfiguration`
  --> src/package/builder.rs:21:32
   |
21 | use crate::package::manifest::{BuildConfiguration, PackageManifest};
   |                                ^^^^^^^^^^^^^^^^^^

warning: unused import: `CacheStats`
  --> src/package/builder.rs:22:35
   |
22 | use crate::package::{BuildConfig, CacheStats};
   |                                   ^^^^^^^^^^

warning: unused imports: `BinaryOp` and `Expression as ContractExpr`
  --> src/patterns/catalog.rs:20:38
   |
20 | use crate::verification::contracts::{BinaryOp, Expression as ContractExpr};
   |                                      ^^^^^^^^  ^^^^^^^^^^^^^^^^^^^^^^^^^^

warning: unused imports: `Block`, `Expression`, `Function`, and `Statement`
  --> src/patterns/composition.rs:20:18
   |
20 | use crate::ast::{Block, Expression, Function, Statement};
   |                  ^^^^^  ^^^^^^^^^^  ^^^^^^^^  ^^^^^^^^^

warning: unused import: `crate::error::SourceLocation`
  --> src/patterns/composition.rs:21:5
   |
21 | use crate::error::SourceLocation;
   |     ^^^^^^^^^^^^^^^^^^^^^^^^^^^^

warning: unused import: `Function`
  --> src/patterns/mod.rs:23:37
   |
23 | use crate::ast::{Block, Expression, Function, Statement};
   |                                     ^^^^^^^^

warning: unused import: `crate::error::SourceLocation`
  --> src/patterns/mod.rs:24:5
   |
24 | use crate::error::SourceLocation;
   |     ^^^^^^^^^^^^^^^^^^^^^^^^^^^^

warning: unused imports: `FailoverConfig`, `FailoverThreshold`, `RecoveryConfig`, and `self`
  --> src/release/distribution.rs:23:22
   |
23 | use crate::release::{self, DistributionConfig, FailoverConfig, FailoverThreshold, RecoveryConfig};
   |                      ^^^^                      ^^^^^^^^^^^^^^  ^^^^^^^^^^^^^^^^^  ^^^^^^^^^^^^^^

warning: unused import: `crate::error::SemanticError`
  --> src/release/mod.rs:26:5
   |
26 | use crate::error::SemanticError;
   |     ^^^^^^^^^^^^^^^^^^^^^^^^^^^

warning: unused import: `OwnershipKind`
  --> src/semantic/mod.rs:32:20
   |
32 | use crate::types::{OwnershipKind, Type, TypeChecker};
   |                    ^^^^^^^^^^^^^

warning: unused import: `crate::types::Type`
  --> src/verification/contract_to_smt.rs:20:5
   |
20 | use crate::types::Type;
   |     ^^^^^^^^^^^^^^^^^^

warning: unused imports: `AggregateOp` and `TemporalOp`
  --> src/verification/contract_to_smt.rs:22:5
   |
22 |     AggregateOp, BinaryOp, ConstantValue, Expression, QuantifierKind, TemporalOp, UnaryOp,
   |     ^^^^^^^^^^^                                                       ^^^^^^^^^^

warning: unused imports: `Deserialize` and `Serialize`
  --> src/verification/contracts.rs:30:13
   |
30 | use serde::{Deserialize, Serialize};
   |             ^^^^^^^^^^^  ^^^^^^^^^

warning: unused import: `crate::ast::PrimitiveType`
  --> src/verification/vcgen.rs:23:5
   |
23 | use crate::ast::PrimitiveType;
   |     ^^^^^^^^^^^^^^^^^^^^^^^^^

warning: unused import: `crate::types::Type`
  --> src/verification/vcgen.rs:26:5
   |
26 | use crate::types::Type;
   |     ^^^^^^^^^^^^^^^^^^

warning: unused variable: `receiver`
   --> src/concurrency/actors.rs:377:22
    |
377 |         let (sender, receiver) = mpsc::channel();
    |                      ^^^^^^^^ help: if this is intentional, prefix it with an underscore: `_receiver`
    |
    = note: `#[warn(unused_variables)]` (part of `#[warn(unused)]`) on by default

warning: unused variable: `strategy`
   --> src/concurrency/actors.rs:622:12
    |
622 |     fn new(strategy: SupervisionStrategy) -> Self {
    |            ^^^^^^^^ help: if this is intentional, prefix it with an underscore: `_strategy`

warning: unused variable: `worker_id`
   --> src/concurrency/async_runtime.rs:350:13
    |
350 |         for worker_id in 0..self.config.worker_threads {
    |             ^^^^^^^^^ help: if this is intentional, prefix it with an underscore: `_worker_id`

warning: unused variable: `start_time`
   --> src/concurrency/sync_primitives.rs:568:13
    |
568 |         let start_time = Instant::now();
    |             ^^^^^^^^^^ help: if this is intentional, prefix it with an underscore: `_start_time`

warning: unused variable: `metrics`
   --> src/concurrency/sync_primitives.rs:711:23
    |
711 |         if let Ok(mut metrics) = self.rw_lock.metrics.lock() {}
    |                       ^^^^^^^ help: if this is intentional, prefix it with an underscore: `_metrics`

warning: variable does not need to be mutable
   --> src/concurrency/sync_primitives.rs:711:19
    |
711 |         if let Ok(mut metrics) = self.rw_lock.metrics.lock() {}
    |                   ----^^^^^^^
    |                   |
    |                   help: remove this `mut`
    |
    = note: `#[warn(unused_mut)]` (part of `#[warn(unused)]`) on by default

warning: unused variable: `metrics`
   --> src/concurrency/sync_primitives.rs:718:23
    |
718 |         if let Ok(mut metrics) = self.rw_lock.metrics.lock() {}
    |                       ^^^^^^^ help: if this is intentional, prefix it with an underscore: `_metrics`

warning: variable does not need to be mutable
   --> src/concurrency/sync_primitives.rs:718:19
    |
718 |         if let Ok(mut metrics) = self.rw_lock.metrics.lock() {}
    |                   ----^^^^^^^
    |                   |
    |                   help: remove this `mut`

warning: unused variable: `response_receiver`
   --> src/debug/debugger.rs:390:31
    |
390 |         let (response_sender, response_receiver) = channel();
    |                               ^^^^^^^^^^^^^^^^^ help: if this is intentional, prefix it with an underscore: `_response_receiver`

warning: unused variable: `debugger_process`
   --> src/debug/debugger.rs:393:13
    |
393 |         let debugger_process = self.start_debugger_process(&program_path)?;
    |             ^^^^^^^^^^^^^^^^ help: if this is intentional, prefix it with an underscore: `_debugger_process`

warning: unused variable: `target_info`
   --> src/debug/debugger.rs:401:13
    |
401 |         let target_info = TargetInfo {
    |             ^^^^^^^^^^^ help: if this is intentional, prefix it with an underscore: `_target_info`

warning: unused variable: `diagnostic`
   --> src/debug/lsp.rs:593:21
    |
593 |                 let diagnostic = Diagnostic {
    |                     ^^^^^^^^^^ help: if this is intentional, prefix it with an underscore: `_diagnostic`

warning: unused variable: `name`
   --> src/debug/lsp.rs:636:18
    |
636 |             for (name, symbol) in &semantic_info.symbols {
    |                  ^^^^ help: if this is intentional, prefix it with an underscore: `_name`

warning: unused variable: `uri`
   --> src/debug/lsp.rs:789:35
    |
789 |     pub fn get_diagnostics(&self, uri: &str) -> Vec<Diagnostic> {
    |                                   ^^^ help: if this is intentional, prefix it with an underscore: `_uri`

warning: unused variable: `categories`
   --> src/docs/examples.rs:132:13
    |
132 |         let categories = Self::create_example_categories();
    |             ^^^^^^^^^^ help: if this is intentional, prefix it with an underscore: `_categories`

warning: unused variable: `templates`
   --> src/docs/examples.rs:133:13
    |
133 |         let templates = Self::create_example_templates();
    |             ^^^^^^^^^ help: if this is intentional, prefix it with an underscore: `_templates`

warning: unused variable: `config`
   --> src/docs/examples.rs:131:16
    |
131 |     pub fn new(config: &DocConfig) -> Result<Self, SemanticError> {
    |                ^^^^^^ help: if this is intentional, prefix it with an underscore: `_config`

warning: unused variable: `output_dir`
  --> src/docs/generator.rs:21:16
   |
21 |     pub fn new(output_dir: String) -> Self {
   |                ^^^^^^^^^^ help: if this is intentional, prefix it with an underscore: `_output_dir`

warning: unused variable: `comment_parser`
   --> src/docs/parser.rs:132:13
    |
132 |         let comment_parser = CommentParser::new();
    |             ^^^^^^^^^^^^^^ help: if this is intentional, prefix it with an underscore: `_comment_parser`

warning: unused variable: `signature_parser`
   --> src/docs/parser.rs:133:13
    |
133 |         let signature_parser = SignatureParser::new();
    |             ^^^^^^^^^^^^^^^^ help: if this is intentional, prefix it with an underscore: `_signature_parser`

warning: unused variable: `config`
   --> src/docs/parser.rs:131:16
    |
131 |     pub fn new(config: &DocConfig) -> Result<Self, SemanticError> {
    |                ^^^^^^ help: if this is intentional, prefix it with an underscore: `_config`

warning: unused variable: `themes`
   --> src/docs/renderer.rs:368:13
    |
368 |         let themes = ThemeManager::new()?;
    |             ^^^^^^ help: if this is intentional, prefix it with an underscore: `_themes`

warning: unused variable: `search_paths`
   --> src/docs/renderer.rs:539:13
    |
539 |         let search_paths = vec![base_dir.join("templates"), PathBuf::from("templates")];
    |             ^^^^^^^^^^^^ help: if this is intentional, prefix it with an underscore: `_search_paths`

warning: unused variable: `helpers`
   --> src/docs/renderer.rs:558:13
    |
558 |         let helpers = Self::create_default_helpers();
    |             ^^^^^^^ help: if this is intentional, prefix it with an underscore: `_helpers`

warning: unused variable: `processors`
   --> src/docs/renderer.rs:879:13
    |
879 |         let processors: Vec<&dyn Fn(&str) -> String> = vec![];
    |             ^^^^^^^^^^ help: if this is intentional, prefix it with an underscore: `_processors`

warning: unused variable: `options`
    --> src/docs/renderer.rs:1185:13
     |
1185 |         let options = MarkdownOptions {
     |             ^^^^^^^ help: if this is intentional, prefix it with an underscore: `_options`

warning: unused variable: `toc_generator`
    --> src/docs/renderer.rs:1192:13
     |
1192 |         let toc_generator = TocGenerator {};
     |             ^^^^^^^^^^^^^ help: if this is intentional, prefix it with an underscore: `_toc_generator`

warning: unused variable: `options`
    --> src/docs/renderer.rs:1347:13
     |
1347 |         let options = PdfOptions {
     |             ^^^^^^^ help: if this is intentional, prefix it with an underscore: `_options`

warning: unused variable: `layout`
    --> src/docs/renderer.rs:1354:13
     |
1354 |         let layout = PageLayout {
     |             ^^^^^^ help: if this is intentional, prefix it with an underscore: `_layout`

warning: unused variable: `templates`
  --> src/docs/tutorial.rs:98:13
   |
98 |         let templates = Self::create_tutorial_templates();
   |             ^^^^^^^^^ help: if this is intentional, prefix it with an underscore: `_templates`

warning: unused variable: `config`
  --> src/docs/tutorial.rs:97:16
   |
97 |     pub fn new(config: &DocConfig) -> Result<Self, SemanticError> {
   |                ^^^^^^ help: if this is intentional, prefix it with an underscore: `_config`

warning: unused variable: `function`
   --> src/error/intent_analysis.rs:142:9
    |
142 |         function: &Function,
    |         ^^^^^^^^ help: if this is intentional, prefix it with an underscore: `_function`

warning: unused variable: `error`
   --> src/error/structured.rs:434:26
    |
434 |     fn fix_type_mismatch(error: &CompilerError) -> Vec<FixSuggestion> {
    |                          ^^^^^ help: if this is intentional, prefix it with an underscore: `_error`

warning: unused variable: `error`
   --> src/error/structured.rs:455:29
    |
455 |     fn fix_undefined_symbol(error: &CompilerError) -> Vec<FixSuggestion> {
    |                             ^^^^^ help: if this is intentional, prefix it with an underscore: `_error`

warning: unreachable pattern
   --> src/lexer/mod.rs:716:17
    |
685 |                 Some('\'') => {
    |                 ---------- matches all the relevant values
...
716 |                 Some('\'') => {
    |                 ^^^^^^^^^^ no value can reach this
    |
    = note: `#[warn(unreachable_patterns)]` (part of `#[warn(unused)]`) on by default

warning: unused variable: `function`
   --> src/llvm_backend/codegen.rs:157:13
    |
157 |         let function = self.module.add_function(name, fn_type, None);
    |             ^^^^^^^^ help: if this is intentional, prefix it with an underscore: `_function`

warning: unused variable: `i`
   --> src/llvm_backend/mod.rs:625:18
    |
625 |             for (i, stmt) in mir_block.statements.iter().enumerate() {
    |                  ^ help: if this is intentional, prefix it with an underscore: `_i`

warning: unnecessary `unsafe` block
   --> src/llvm_backend/mod.rs:919:41
    |
919 |                         let field_ptr = unsafe {
    |                                         ^^^^^^ unnecessary `unsafe` block
    |
    = note: `#[warn(unused_unsafe)]` (part of `#[warn(unused)]`) on by default

warning: unreachable pattern
    --> src/llvm_backend/mod.rs:2437:13
     |
 986 |             mir::Rvalue::AddressOf(place) => {
     |             ----------------------------- matches all the relevant values
...
2437 |             &mir::Rvalue::AddressOf(_) => todo!(),
     |             ^^^^^^^^^^^^^^^^^^^^^^^^^^ no value can reach this

warning: unused variable: `int_val`
    --> src/llvm_backend/mod.rs:1541:58
     |
1541 | ...                   BasicValueEnum::IntValue(int_val) => {
     |                                                ^^^^^^^ help: if this is intentional, prefix it with an underscore: `_int_val`

warning: unused variable: `field_names`
    --> src/llvm_backend/mod.rs:1836:61
     |
1836 |                     mir::AggregateKind::Struct(struct_name, field_names) => {
     |                                                             ^^^^^^^^^^^ help: if this is intentional, prefix it with an underscore: `_field_names`

warning: value assigned to `struct_size` is never read
    --> src/llvm_backend/mod.rs:1860:33
     |
1860 |                         let mut struct_size = 0u64;
     |                                 ^^^^^^^^^^^
     |
     = help: maybe it is overwritten before being read?
     = note: `#[warn(unused_assignments)]` (part of `#[warn(unused)]`) on by default

warning: variable does not need to be mutable
    --> src/llvm_backend/mod.rs:2152:29
     |
2152 |                         let mut current_type =
     |                             ----^^^^^^^^^^^^
     |                             |
     |                             help: remove this `mut`

warning: unused variable: `i64_type`
    --> src/llvm_backend/mod.rs:3210:13
     |
3210 |         let i64_type = self.context.i64_type();
     |             ^^^^^^^^ help: if this is intentional, prefix it with an underscore: `_i64_type`

warning: unused variable: `void_type`
    --> src/llvm_backend/mod.rs:3213:13
     |
3213 |         let void_type = self.context.void_type();
     |             ^^^^^^^^^ help: if this is intentional, prefix it with an underscore: `_void_type`

warning: unnecessary `unsafe` block
    --> src/llvm_backend/mod.rs:3662:33
     |
3662 |                 let field_ptr = unsafe {
     |                                 ^^^^^^ unnecessary `unsafe` block

warning: unused variable: `parent`
   --> src/memory/mod.rs:110:37
    |
110 |     pub fn create_region(&mut self, parent: Option<RegionId>) -> RegionId {
    |                                     ^^^^^^ help: if this is intentional, prefix it with an underscore: `_parent`

warning: unused variable: `operand`
   --> src/memory/mod.rs:307:48
    |
307 |                 if let Expression::AddressOf { operand, .. } = &**expr {
    |                                                ^^^^^^^-
    |                                                |
    |                                                help: try removing the field

warning: unused variable: `region_id`
   --> src/memory/mod.rs:441:38
    |
441 |     fn get_region_allocations(&self, region_id: &RegionId) -> Vec<AllocationInfo> {
    |                                      ^^^^^^^^^ help: if this is intentional, prefix it with an underscore: `_region_id`

warning: unused variable: `source_location`
   --> src/mir/lowering.rs:608:17
    |
608 |                 source_location,
    |                 ^^^^^^^^^^^^^^^ help: try ignoring the field: `source_location: _`

warning: unused variable: `source_location`
   --> src/mir/lowering.rs:621:17
    |
621 |                 source_location,
    |                 ^^^^^^^^^^^^^^^ help: try ignoring the field: `source_location: _`

warning: unused variable: `source_location`
   --> src/mir/lowering.rs:675:17
    |
675 |                 source_location,
    |                 ^^^^^^^^^^^^^^^ help: try ignoring the field: `source_location: _`

warning: unused variable: `source_location`
   --> src/mir/lowering.rs:685:17
    |
685 |                 source_location,
    |                 ^^^^^^^^^^^^^^^ help: try ignoring the field: `source_location: _`

warning: unused variable: `module`
    --> src/mir/lowering.rs:2544:33
     |
2544 |             Type::Named { name, module } => {
     |                                 ^^^^^^ help: try ignoring the field: `module: _`

warning: unused variable: `map`
    --> src/mir/lowering.rs:2668:47
     |
2668 |             ast::AssignmentTarget::MapValue { map, key } => {
     |                                               ^^^ help: try ignoring the field: `map: _`

warning: unused variable: `key`
    --> src/mir/lowering.rs:2668:52
     |
2668 |             ast::AssignmentTarget::MapValue { map, key } => {
     |                                                    ^^^ help: try ignoring the field: `key: _`

warning: unreachable pattern
    --> src/mir/lowering.rs:3998:13
     |
3934 |               ast::Pattern::Wildcard { binding, .. } => {
     |               -------------------------------------- matches all the relevant values
...
3998 | /             ast::Pattern::Wildcard {
3999 | |                 binding: Some(binding_name),
4000 | |                 source_location,
4001 | |             } => {
     | |_____________^ no value can reach this

warning: unreachable pattern
    --> src/mir/lowering.rs:4061:13
     |
3934 |             ast::Pattern::Wildcard { binding, .. } => {
     |             -------------------------------------- matches all the relevant values
...
4061 |             ast::Pattern::Wildcard { binding: None, .. } => {
     |             ^^^^^^^^^^^^^^^^^^^^^^^^^^^^^^^^^^^^^^^^^^^^ no value can reach this

warning: unused variable: `st`
    --> src/mir/lowering.rs:3792:49
     |
3792 |                     let data_type = if let Some(st) = &self.symbol_table {
     |                                                 ^^ help: if this is intentional, prefix it with an underscore: `_st`

warning: unused variable: `inner_variant`
    --> src/mir/lowering.rs:3819:43
     |
3819 | ...                   variant_name: inner_variant,
     |                                     ^^^^^^^^^^^^^ help: if this is intentional, prefix it with an underscore: `_inner_variant`

warning: unused variable: `target_type`
    --> src/mir/lowering.rs:4665:13
     |
4665 |         let target_type = match pointer_type {
     |             ^^^^^^^^^^^ help: if this is intentional, prefix it with an underscore: `_target_type`

warning: unused variable: `cycle`
   --> src/module_loader.rs:280:17
    |
280 |             let cycle: Vec<String> = stack[cycle_start..].to_vec();
    |                 ^^^^^ help: if this is intentional, prefix it with an underscore: `_cycle`

warning: unused variable: `depth`
  --> src/optimizations/inlining.rs:52:44
   |
52 |     pub fn set_max_inline_depth(&mut self, depth: usize) {}
   |                                            ^^^^^ help: if this is intentional, prefix it with an underscore: `_depth`

warning: unused variable: `function_name`
   --> src/optimizations/interprocedural.rs:667:14
    |
667 |         for (function_name, summary) in summaries {
    |              ^^^^^^^^^^^^^ help: if this is intentional, prefix it with an underscore: `_function_name`

warning: unused variable: `function_name`
   --> src/optimizations/interprocedural.rs:782:14
    |
782 |         for (function_name, function) in &program.functions {
    |              ^^^^^^^^^^^^^ help: if this is intentional, prefix it with an underscore: `_function_name`

warning: unused variable: `function`
   --> src/optimizations/interprocedural.rs:782:29
    |
782 |         for (function_name, function) in &program.functions {
    |                             ^^^^^^^^ help: if this is intentional, prefix it with an underscore: `_function`

warning: unused variable: `function_name`
   --> src/optimizations/interprocedural.rs:799:14
    |
799 |         for (function_name, function) in &program.functions {
    |              ^^^^^^^^^^^^^ help: if this is intentional, prefix it with an underscore: `_function_name`

warning: unused variable: `function_name`
   --> src/optimizations/interprocedural.rs:821:14
    |
821 |         for (function_name, function) in &program.functions {
    |              ^^^^^^^^^^^^^ help: if this is intentional, prefix it with an underscore: `_function_name`

warning: unused variable: `constant`
   --> src/optimizations/interprocedural.rs:856:21
    |
856 |         for (place, constant) in assignments {
    |                     ^^^^^^^^ help: if this is intentional, prefix it with an underscore: `_constant`

warning: unused variable: `var_name`
   --> src/optimizations/interprocedural.rs:857:17
    |
857 |             let var_name = format!("{}::{}", function.name, place.local);
    |                 ^^^^^^^^ help: if this is intentional, prefix it with an underscore: `_var_name`

warning: unused variable: `end_loc`
    --> src/parser/v2.rs:2883:17
     |
2883 |             let end_loc = self.current_location();
     |                 ^^^^^^^ help: if this is intentional, prefix it with an underscore: `_end_loc`

warning: unused variable: `field_location`
    --> src/parser/mod.rs:1420:17
     |
1420 |             let field_location = field_keyword.location.clone();
     |                 ^^^^^^^^^^^^^^ help: if this is intentional, prefix it with an underscore: `_field_location`

warning: variable does not need to be mutable
    --> src/parser/mod.rs:1875:13
     |
1875 |         let mut constraints = Vec::new();
     |             ----^^^^^^^^^^^
     |             |
     |             help: remove this `mut`

warning: variable `generic_parameters` is assigned to, but never used
    --> src/parser/mod.rs:1927:17
     |
1927 |         let mut generic_parameters = Vec::new();
     |                 ^^^^^^^^^^^^^^^^^^
     |
     = note: consider using `_generic_parameters` instead

warning: variable `lifetime_parameters` is assigned to, but never used
    --> src/parser/mod.rs:1928:17
     |
1928 |         let mut lifetime_parameters = Vec::new();
     |                 ^^^^^^^^^^^^^^^^^^^
     |
     = note: consider using `_lifetime_parameters` instead

warning: value assigned to `generic_parameters` is never read
    --> src/parser/mod.rs:1977:29
     |
1977 | ...                   generic_parameters = self.parse_generic_parameters()?;
     |                       ^^^^^^^^^^^^^^^^^^
     |
     = help: maybe it is overwritten before being read?

warning: value assigned to `lifetime_parameters` is never read
    --> src/parser/mod.rs:1981:29
     |
1981 | ...                   lifetime_parameters = self.parse_lifetime_parameters()?;
     |                       ^^^^^^^^^^^^^^^^^^^
     |
     = help: maybe it is overwritten before being read?

warning: variable does not need to be mutable
    --> src/parser/mod.rs:1926:13
     |
1926 |         let mut intent = None;
     |             ----^^^^^^
     |             |
     |             help: remove this `mut`

warning: unused variable: `nested_pattern`
    --> src/parser/mod.rs:4182:22
     |
4182 |                 let (nested_pattern, binding) = if let Some(token) = self.current_token() {
     |                      ^^^^^^^^^^^^^^ help: if this is intentional, prefix it with an underscore: `_nested_pattern`

warning: variable does not need to be mutable
    --> src/parser/mod.rs:4599:13
     |
4599 |         let mut invariants = Vec::new();
     |             ----^^^^^^^^^^
     |             |
     |             help: remove this `mut`

warning: variable does not need to be mutable
   --> src/patterns/catalog.rs:132:21
    |
132 |                 let mut contract = create_pattern_contract("safe_array_access");
    |                     ----^^^^^^^^
    |                     |
    |                     help: remove this `mut`

warning: variable does not need to be mutable
   --> src/patterns/catalog.rs:392:21
    |
392 |                 let mut contract = create_pattern_contract("binary_search");
    |                     ----^^^^^^^^
    |                     |
    |                     help: remove this `mut`

warning: variable does not need to be mutable
   --> src/patterns/catalog.rs:536:21
    |
536 |                 let mut contract = create_pattern_contract("map_filter_reduce");
    |                     ----^^^^^^^^
    |                     |
    |                     help: remove this `mut`

warning: variable does not need to be mutable
   --> src/patterns/catalog.rs:804:21
    |
804 |                 let mut contract = create_pattern_contract("raii_wrapper");
    |                     ----^^^^^^^^
    |                     |
    |                     help: remove this `mut`

warning: variable does not need to be mutable
   --> src/patterns/catalog.rs:931:21
    |
931 |                 let mut contract = create_pattern_contract("result_type");
    |                     ----^^^^^^^^
    |                     |
    |                     help: remove this `mut`

warning: variable does not need to be mutable
    --> src/patterns/catalog.rs:1049:21
     |
1049 |                 let mut contract = create_pattern_contract("input_validation");
     |                     ----^^^^^^^^
     |                     |
     |                     help: remove this `mut`

warning: unused variable: `data_flow`
   --> src/patterns/composition.rs:519:9
    |
519 |         data_flow: &DataFlowSpec,
    |         ^^^^^^^^^ help: if this is intentional, prefix it with an underscore: `_data_flow`

warning: unused variable: `config`
   --> src/release/distribution.rs:947:16
    |
947 |     pub fn new(config: DistributionConfig) -> Result<Self, SemanticError> {
    |                ^^^^^^ help: if this is intentional, prefix it with an underscore: `_config`

warning: unused variable: `cache_config`
    --> src/release/distribution.rs:1135:13
     |
1135 |         let cache_config = CacheConfig {
     |             ^^^^^^^^^^^^ help: if this is intentional, prefix it with an underscore: `_cache_config`

warning: unused variable: `c_string`
   --> src/runtime/mod.rs:170:9
    |
170 |     let c_string = result.as_ptr() as *mut c_char;
    |         ^^^^^^^^ help: if this is intentional, prefix it with an underscore: `_c_string`

warning: unused variable: `constraint`
   --> src/semantic/metadata.rs:462:25
    |
462 |             if let Some(constraint) = &sem_type.constraint {
    |                         ^^^^^^^^^^ help: if this is intentional, prefix it with an underscore: `_constraint`

warning: unused variable: `e`
  --> src/semantic/ownership.rs:41:32
   |
41 |                     if let Err(e) = self.symbol_table.mark_variable_moved(&name.name) {
   |                                ^ help: if this is intentional, prefix it with an underscore: `_e`

warning: unused variable: `e`
  --> src/semantic/ownership.rs:66:36
   |
66 |                         if let Err(e) = self.symbol_table.mark_variable_moved(&name.name) {
   |                                    ^ help: if this is intentional, prefix it with an underscore: `_e`

warning: unused variable: `enum_name`
    --> src/semantic/mod.rs:1549:17
     |
1549 |                 enum_name,
     |                 ^^^^^^^^^ help: try ignoring the field: `enum_name: _`

warning: unused variable: `source_location`
    --> src/semantic/mod.rs:1726:17
     |
1726 |                 source_location,
     |                 ^^^^^^^^^^^^^^^ help: try ignoring the field: `source_location: _`

warning: unused variable: `source_location`
    --> src/semantic/mod.rs:1921:17
     |
1921 |                 source_location,
     |                 ^^^^^^^^^^^^^^^ help: try ignoring the field: `source_location: _`

warning: unused variable: `size_type`
  --> src/stdlib/network.rs:41:9
   |
41 |     let size_type = TypeSpecifier::Primitive {
   |         ^^^^^^^^^ help: if this is intentional, prefix it with an underscore: `_size_type`

warning: unused variable: `contract`
   --> src/verification/contracts.rs:811:13
    |
811 |     let mut contract = FunctionContract::new(function.name.name.clone());
    |             ^^^^^^^^ help: if this is intentional, prefix it with an underscore: `_contract`

warning: variable does not need to be mutable
   --> src/verification/contracts.rs:811:9
    |
811 |     let mut contract = FunctionContract::new(function.name.name.clone());
    |         ----^^^^^^^^
    |         |
    |         help: remove this `mut`

warning: unused variable: `place`
   --> src/verification/vcgen.rs:382:25
    |
382 |             Rvalue::Len(place) => {
    |                         ^^^^^ help: if this is intentional, prefix it with an underscore: `_place`

warning: field `associated_mutex` is never read
  --> src/concurrency/sync_primitives.rs:89:5
   |
84 | pub struct AetherCondVar {
   |            ------------- field in this struct
...
89 |     associated_mutex: Option<String>,
   |     ^^^^^^^^^^^^^^^^
   |
   = note: `AetherCondVar` has a derived impl for the trait `Debug`, but this is intentionally ignored during dead code analysis
   = note: `#[warn(dead_code)]` (part of `#[warn(unused)]`) on by default

warning: struct `BarrierState` is never constructed
   --> src/concurrency/sync_primitives.rs:137:8
    |
137 | struct BarrierState {
    |        ^^^^^^^^^^^^

warning: field `barrier_cycles` is never read
   --> src/concurrency/sync_primitives.rs:200:5
    |
198 | struct BarrierMetrics {
    |        -------------- field in this struct
199 |     wait_count: u64,
200 |     barrier_cycles: u64,
    |     ^^^^^^^^^^^^^^
    |
    = note: `BarrierMetrics` has a derived impl for the trait `Debug`, but this is intentionally ignored during dead code analysis

warning: field `acquired_at` is never read
   --> src/concurrency/sync_primitives.rs:236:5
    |
234 | pub struct ReadGuard<'a> {
    |            --------- field in this struct
235 |     rw_lock: &'a AetherRwLock,
236 |     acquired_at: Instant,
    |     ^^^^^^^^^^^

warning: field `acquired_at` is never read
   --> src/concurrency/sync_primitives.rs:242:5
    |
240 | pub struct WriteGuard<'a> {
    |            ---------- field in this struct
241 |     rw_lock: &'a AetherRwLock,
242 |     acquired_at: Instant,
    |     ^^^^^^^^^^^

warning: fields `target_pid` and `breakpoints` are never read
  --> src/debug/debugger.rs:51:5
   |
49 | pub struct DebugSession {
   |            ------------ fields in this struct
50 |     /// Target process ID
51 |     target_pid: Option<u32>,
   |     ^^^^^^^^^^
...
57 |     breakpoints: Arc<Mutex<HashMap<String, Vec<Breakpoint>>>>,
   |     ^^^^^^^^^^^
   |
   = note: `DebugSession` has a derived impl for the trait `Debug`, but this is intentionally ignored during dead code analysis

warning: fields `diagnostics_provider` and `shutdown` are never read
  --> src/debug/lsp.rs:45:5
   |
34 | pub struct LanguageServer {
   |            -------------- fields in this struct
...
45 |     diagnostics_provider: DiagnosticsProvider,
   |     ^^^^^^^^^^^^^^^^^^^^
...
51 |     shutdown: Arc<AtomicBool>,
   |     ^^^^^^^^
   |
   = note: `LanguageServer` has a derived impl for the trait `Debug`, but this is intentionally ignored during dead code analysis

warning: field `diagnostics` is never read
   --> src/debug/lsp.rs:333:5
    |
331 | pub struct DiagnosticEngine {
    |            ---------------- field in this struct
332 |     /// Active diagnostics by document
333 |     diagnostics: HashMap<String, Vec<Diagnostic>>,
    |     ^^^^^^^^^^^
    |
    = note: `DiagnosticEngine` has a derived impl for the trait `Debug`, but this is intentionally ignored during dead code analysis

warning: field `snippets` is never read
   --> src/debug/lsp.rs:343:5
    |
338 | pub struct CompletionProvider {
    |            ------------------ field in this struct
...
343 |     snippets: HashMap<String, String>,
    |     ^^^^^^^^
    |
    = note: `CompletionProvider` has a derived impl for the trait `Debug`, but this is intentionally ignored during dead code analysis

warning: fields `source_parser` and `markdown_parser` are never read
  --> src/docs/parser.rs:39:5
   |
37 | pub struct DocParser {
   |            --------- fields in this struct
38 |     /// Source code parser
39 |     source_parser: SourceParser,
   |     ^^^^^^^^^^^^^
...
42 |     markdown_parser: MarkdownParser,
   |     ^^^^^^^^^^^^^^^
   |
   = note: `DocParser` has a derived impl for the trait `Debug`, but this is intentionally ignored during dead code analysis

warning: field `patterns` is never read
  --> src/docs/parser.rs:74:5
   |
72 | pub struct CommentParser {
   |            ------------- field in this struct
73 |     /// Comment prefix patterns
74 |     patterns: CommentPatterns,
   |     ^^^^^^^^
   |
   = note: `CommentParser` has a derived impl for the trait `Debug`, but this is intentionally ignored during dead code analysis

warning: field `location` is never read
   --> src/docs/parser.rs:725:5
    |
714 | struct ParsedItem {
    |        ---------- field in this struct
...
725 |     location: SourceLocation,
    |     ^^^^^^^^
    |
    = note: `ParsedItem` has derived impls for the traits `Clone` and `Debug`, but these are intentionally ignored during dead code analysis

warning: variants `Module`, `Enum`, `Trait`, `TypeAlias`, `Import`, and `Macro` are never constructed
   --> src/docs/parser.rs:731:5
    |
730 | enum ItemType {
    |      -------- variants in this enum
731 |     Module,
    |     ^^^^^^
...
734 |     Enum,
    |     ^^^^
735 |     Trait,
    |     ^^^^^
736 |     TypeAlias,
    |     ^^^^^^^^^
737 |     Constant,
738 |     Import,
    |     ^^^^^^
739 |     Macro,
    |     ^^^^^
    |
    = note: `ItemType` has derived impls for the traits `Clone` and `Debug`, but these are intentionally ignored during dead code analysis

warning: methods `parse_documentation`, `clean_comment_line`, `extract_tag`, `tag_to_section`, and `finalize_section` are never used
   --> src/docs/parser.rs:774:8
    |
761 | impl CommentParser {
    | ------------------ methods in this implementation
...
774 |     fn parse_documentation(&self, raw_docs: &str) -> Result<ParsedDoc, SemanticError> {
    |        ^^^^^^^^^^^^^^^^^^^
...
837 |     fn clean_comment_line(&self, line: &str) -> String {
    |        ^^^^^^^^^^^^^^^^^^
...
850 |     fn extract_tag(&self, line: &str) -> Option<String> {
    |        ^^^^^^^^^^^
...
862 |     fn tag_to_section(&self, tag: &str) -> DocSection {
    |        ^^^^^^^^^^^^^^
...
872 |     fn finalize_section(
    |        ^^^^^^^^^^^^^^^^

warning: variant `Tag` is never constructed
   --> src/docs/parser.rs:933:5
    |
927 | enum DocSection {
    |      ---------- variant in this enum
...
933 |     Tag(String),
    |     ^^^
    |
    = note: `DocSection` has derived impls for the traits `Clone` and `Debug`, but these are intentionally ignored during dead code analysis

warning: methods `parse_function_signature`, `parse_type_definition`, `extract_function_name`, and `extract_type_name` are never used
   --> src/docs/parser.rs:941:8
    |
936 | impl SignatureParser {
    | -------------------- methods in this implementation
...
941 |     fn parse_function_signature(&self, source: &str) -> Result<FunctionSignature, SemanticError> {
    |        ^^^^^^^^^^^^^^^^^^^^^^^^
...
957 |     fn parse_type_definition(&self, source: &str) -> Result<TypeInfo, SemanticError> {
    |        ^^^^^^^^^^^^^^^^^^^^^
...
970 |     fn extract_function_name(&self, source: &str) -> String {
    |        ^^^^^^^^^^^^^^^^^^^^^
...
981 |     fn extract_type_name(&self, source: &str) -> String {
    |        ^^^^^^^^^^^^^^^^^

warning: fields `template_engine` and `output_format` are never read
  --> src/docs/renderer.rs:32:5
   |
30 | pub struct DocRenderer {
   |            ----------- fields in this struct
31 |     /// Template engine for rendering
32 |     template_engine: TemplateEngine,
   |     ^^^^^^^^^^^^^^^
...
38 |     output_format: OutputFormat,
   |     ^^^^^^^^^^^^^
   |
   = note: `DocRenderer` has a derived impl for the trait `Debug`, but this is intentionally ignored during dead code analysis

warning: field `templates` is never read
  --> src/docs/renderer.rs:45:5
   |
43 | pub struct TemplateEngine {
   |            -------------- field in this struct
44 |     /// Loaded templates
45 |     templates: HashMap<String, String>,
   |     ^^^^^^^^^
   |
   = note: `TemplateEngine` has a derived impl for the trait `Debug`, but this is intentionally ignored during dead code analysis

warning: field `doc` is never read
   --> src/docs/renderer.rs:227:5
    |
225 | pub struct HtmlRenderer<'a> {
    |            ------------ field in this struct
226 |     /// Documentation to render
227 |     doc: &'a Documentation,
    |     ^^^
    |
    = note: `HtmlRenderer` has a derived impl for the trait `Debug`, but this is intentionally ignored during dead code analysis

warning: method `render_template` is never used
   --> src/docs/renderer.rs:849:8
    |
536 | impl TemplateEngine {
    | ------------------- method in this implementation
...
849 |     fn render_template(
    |        ^^^^^^^^^^^^^^^

warning: field `intent_keywords` is never read
   --> src/error/intent_analysis.rs:234:5
    |
233 | struct IntentPattern {
    |        ------------- field in this struct
234 |     intent_keywords: Vec<String>,
    |     ^^^^^^^^^^^^^^^

warning: field `patterns` is never read
   --> src/error/structured.rs:397:5
    |
396 | pub struct ErrorPatterns {
    |            ------------- field in this struct
397 |     patterns: HashMap<String, ErrorPattern>,
    |     ^^^^^^^^

warning: fields `code_prefix`, `matcher`, and `fixer` are never read
   --> src/error/structured.rs:402:5
    |
401 | struct ErrorPattern {
    |        ------------ fields in this struct
402 |     code_prefix: String,
    |     ^^^^^^^^^^^
403 |     matcher: fn(&CompilerError) -> bool,
    |     ^^^^^^^
404 |     fixer: fn(&CompilerError) -> Vec<FixSuggestion>,
    |     ^^^^^
    |
    = note: `ErrorPattern` has a derived impl for the trait `Clone`, but this is intentionally ignored during dead code analysis

warning: field `include_snippets` is never read
   --> src/error/structured.rs:510:5
    |
509 | pub struct LLMErrorFormatter {
    |            ----------------- field in this struct
510 |     include_snippets: bool,
    |     ^^^^^^^^^^^^^^^^

warning: method `read_quoted_identifier` is never used
   --> src/lexer/mod.rs:506:8
    |
 90 | impl Lexer {
    | ---------- method in this implementation
...
506 |     fn read_quoted_identifier(&mut self) -> Result<Token, LexerError> {
    |        ^^^^^^^^^^^^^^^^^^^^^^

warning: method `get_type_id` is never used
  --> src/llvm_backend/mod.rs:96:8
   |
65 | impl CleanupInfo {
   | ---------------- method in this implementation
...
96 |     fn get_type_id(&self, local_id: &mir::LocalId) -> TypeId {
   |        ^^^^^^^^^^^

warning: field `module` is never read
  --> src/lsp/server.rs:36:5
   |
34 | struct DocumentState {
   |        ------------- field in this struct
35 |     text: String,
36 |     module: Option<Module>,
   |     ^^^^^^
   |
   = note: `DocumentState` has a derived impl for the trait `Debug`, but this is intentionally ignored during dead code analysis

warning: fields `start`, `size`, `permissions`, and `status` are never read
  --> src/memory/mod.rs:61:5
   |
59 | struct MemoryRegion {
   |        ------------ fields in this struct
60 |     /// Start address
61 |     start: usize,
   |     ^^^^^
...
64 |     size: usize,
   |     ^^^^
...
67 |     permissions: MemoryPermissions,
   |     ^^^^^^^^^^^
...
70 |     status: AllocationStatus,
   |     ^^^^^^
   |
   = note: `MemoryRegion` has a derived impl for the trait `Debug`, but this is intentionally ignored during dead code analysis

warning: method `analyze_expression_memory` is never used
   --> src/memory/mod.rs:151:8
    |
 95 | impl MemoryAnalyzer {
    | ------------------- method in this implementation
...
151 |     fn analyze_expression_memory(
    |        ^^^^^^^^^^^^^^^^^^^^^^^^^

warning: field `parent` is never read
   --> src/mir/mod.rs:446:5
    |
445 | struct Scope {
    |        ----- field in this struct
446 |     parent: Option<ScopeId>,
    |     ^^^^^^

warning: method `get_enum_variant_associated_type` is never used
    --> src/mir/lowering.rs:4089:8
     |
  74 | impl LoweringContext {
     | -------------------- method in this implementation
...
4089 |     fn get_enum_variant_associated_type(
     |        ^^^^^^^^^^^^^^^^^^^^^^^^^^^^^^^^

warning: field `inlined_functions` is never read
  --> src/optimizations/inlining.rs:35:5
   |
30 | pub struct InliningPass {
   |            ------------ field in this struct
...
35 |     inlined_functions: HashSet<String>,
   |     ^^^^^^^^^^^^^^^^^
   |
   = note: `InliningPass` has a derived impl for the trait `Debug`, but this is intentionally ignored during dead code analysis

warning: fields `summaries` and `global_constants` are never read
  --> src/optimizations/interprocedural.rs:34:5
   |
29 | pub struct InterproceduralAnalysisPass {
   |            --------------------------- fields in this struct
...
34 |     summaries: HashMap<String, FunctionSummary>,
   |     ^^^^^^^^^
...
37 |     global_constants: GlobalConstantAnalysis,
   |     ^^^^^^^^^^^^^^^^
   |
   = note: `InterproceduralAnalysisPass` has a derived impl for the trait `Debug`, but this is intentionally ignored during dead code analysis

warning: fields `pure_functions`, `readonly_functions`, `modifying_functions`, `throwing_functions`, and `nonterminating_functions` are never read
  --> src/optimizations/interprocedural.rs:63:5
   |
61 | pub struct SideEffectAnalysis {
   |            ------------------ fields in this struct
62 |     /// Functions that are pure (no side effects)
63 |     pure_functions: HashSet<String>,
   |     ^^^^^^^^^^^^^^
...
66 |     readonly_functions: HashSet<String>,
   |     ^^^^^^^^^^^^^^^^^^
...
69 |     modifying_functions: HashSet<String>,
   |     ^^^^^^^^^^^^^^^^^^^
...
72 |     throwing_functions: HashSet<String>,
   |     ^^^^^^^^^^^^^^^^^^
...
75 |     nonterminating_functions: HashSet<String>,
   |     ^^^^^^^^^^^^^^^^^^^^^^^^
   |
   = note: `SideEffectAnalysis` has a derived impl for the trait `Debug`, but this is intentionally ignored during dead code analysis

warning: field `induction_variable` is never read
   --> src/optimizations/vectorization.rs:662:5
    |
659 | struct LoopInfo {
    |        -------- field in this struct
...
662 |     induction_variable: Option<Place>,
    |     ^^^^^^^^^^^^^^^^^^
    |
    = note: `LoopInfo` has derived impls for the traits `Clone` and `Debug`, but these are intentionally ignored during dead code analysis

warning: field `artifacts` is never read
  --> src/package/builder.rs:35:5
   |
30 | pub struct PackageBuilder {
   |            -------------- field in this struct
...
35 |     artifacts: Vec<BuildArtifact>,
   |     ^^^^^^^^^
   |
   = note: `PackageBuilder` has a derived impl for the trait `Debug`, but this is intentionally ignored during dead code analysis

warning: fields `artifacts`, `source_timestamps`, `dependency_timestamps`, `config_hash`, and `stats` are never read
  --> src/package/builder.rs:51:5
   |
49 | pub struct BuildCache {
   |            ---------- fields in this struct
50 |     /// Cached build artifacts
51 |     artifacts: HashMap<String, CachedArtifact>,
   |     ^^^^^^^^^
...
54 |     source_timestamps: HashMap<PathBuf, std::time::SystemTime>,
   |     ^^^^^^^^^^^^^^^^^
...
57 |     dependency_timestamps: HashMap<String, std::time::SystemTime>,
   |     ^^^^^^^^^^^^^^^^^^^^^
...
60 |     config_hash: Option<String>,
   |     ^^^^^^^^^^^
...
63 |     stats: BuildCacheStats,
   |     ^^^^^
   |
   = note: `BuildCache` has a derived impl for the trait `Debug`, but this is intentionally ignored during dead code analysis

warning: field `sandbox_config` is never read
   --> src/package/builder.rs:284:5
    |
282 | pub struct BuildScriptRunner {
    |            ----------------- field in this struct
283 |     /// Sandbox configuration
284 |     sandbox_config: SandboxConfig,
    |     ^^^^^^^^^^^^^^
    |
    = note: `BuildScriptRunner` has a derived impl for the trait `Debug`, but this is intentionally ignored during dead code analysis

warning: method `clear` is never used
   --> src/package/builder.rs:882:8
    |
881 | impl BuildCache {
    | --------------- method in this implementation
882 |     fn clear(&mut self) {
    |        ^^^^^

warning: methods `execute_shell_script`, `execute_python_script`, `execute_node_script`, `execute_custom_script`, and `execute_external_script` are never used
   --> src/package/builder.rs:949:8
    |
891 | impl BuildScriptRunner {
    | ---------------------- methods in this implementation
...
949 |     fn execute_shell_script(
    |        ^^^^^^^^^^^^^^^^^^^^
...
960 |     fn execute_python_script(
    |        ^^^^^^^^^^^^^^^^^^^^^
...
971 |     fn execute_node_script(
    |        ^^^^^^^^^^^^^^^^^^^
...
982 |     fn execute_custom_script(
    |        ^^^^^^^^^^^^^^^^^^^^^
...
994 |     fn execute_external_script(
    |        ^^^^^^^^^^^^^^^^^^^^^^^

warning: field `client` is never read
   --> src/package/registry.rs:109:5
    |
107 | pub struct HttpClient {
    |            ---------- field in this struct
108 |     /// HTTP client
109 |     client: reqwest::Client,
    |     ^^^^^^
    |
    = note: `HttpClient` has a derived impl for the trait `Debug`, but this is intentionally ignored during dead code analysis

warning: method `peek_keyword` is never used
   --> src/parser/mod.rs:555:8
    |
255 | impl Parser {
    | ----------- method in this implementation
...
555 |     fn peek_keyword(&self, expected: KeywordType) -> bool {
    |        ^^^^^^^^^^^^

warning: multiple methods are never used
   --> src/parser/v2.rs:210:8
    |
 80 | impl Parser {
    | ----------- methods in this implementation
...
210 |     fn synchronize(&mut self) {
    |        ^^^^^^^^^^^
...
245 |     fn synchronize_to_block_end(&mut self) {
    |        ^^^^^^^^^^^^^^^^^^^^^^^^
...
384 |     fn syntax_error(&self, message: &str, suggestion: Option<&str>) -> ParserError {
    |        ^^^^^^^^^^^^
...
393 |     fn missing_semicolon_error(&self) -> ParserError {
    |        ^^^^^^^^^^^^^^^^^^^^^^^
...
401 |     fn missing_type_error(&self, context: &str) -> ParserError {
    |        ^^^^^^^^^^^^^^^^^^
...
409 |     fn unexpected_token_error(&self, context: &str) -> ParserError {
    |        ^^^^^^^^^^^^^^^^^^^^^^
...
443 |     fn expected_expression_hint(&self) -> &'static str {
    |        ^^^^^^^^^^^^^^^^^^^^^^^^

warning: fields `cache` and `resolver` are never read
  --> src/patterns/composition.rs:31:5
   |
26 | pub struct CompositionEngine {
   |            ----------------- fields in this struct
...
31 |     cache: HashMap<String, ComposedPattern>,
   |     ^^^^^
...
34 |     resolver: ConflictResolver,
   |     ^^^^^^^^

warning: field `strategies` is never read
   --> src/patterns/composition.rs:149:5
    |
147 | pub struct ConflictResolver {
    |            ---------------- field in this struct
148 |     /// Resolution strategies
149 |     strategies: HashMap<ConflictType, ResolutionStrategy>,
    |     ^^^^^^^^^^

warning: variant `Sequential` is never constructed
    --> src/patterns/composition.rs:1075:5
     |
1073 | enum PatternRelationship {
     |      ------------------- variant in this enum
1074 |     Independent,
1075 |     Sequential,
     |     ^^^^^^^^^^
     |
     = note: `PatternRelationship` has derived impls for the traits `Clone` and `Debug`, but these are intentionally ignored during dead code analysis

warning: field `stdlib` is never read
   --> src/pipeline/mod.rs:183:5
    |
181 | pub struct CompilationPipeline {
    |            ------------------- field in this struct
182 |     options: CompileOptions,
183 |     stdlib: StandardLibrary,
    |     ^^^^^^

warning: fields `project_info`, `history`, `automation`, `artifacts`, `distribution`, and `packaging` are never read
  --> src/release/mod.rs:38:5
   |
36 | pub struct ReleaseManager {
   |            -------------- fields in this struct
37 |     /// Project information
38 |     project_info: ProjectInfo,
   |     ^^^^^^^^^^^^
...
41 |     history: ReleaseHistory,
   |     ^^^^^^^
...
44 |     automation: automation::AutomationPipeline,
   |     ^^^^^^^^^^
...
47 |     artifacts: artifacts::ArtifactManager,
   |     ^^^^^^^^^
...
50 |     distribution: distribution::DistributionManager,
   |     ^^^^^^^^^^^^
...
53 |     packaging: packaging::PackageBuilder,
   |     ^^^^^^^^^
   |
   = note: `ReleaseManager` has a derived impl for the trait `Debug`, but this is intentionally ignored during dead code analysis

warning: method `get_content_type` is never used
    --> src/release/distribution.rs:1077:8
     |
 945 | impl DistributionManager {
     | ------------------------ method in this implementation
...
1077 |     fn get_content_type(&self, format: &PackageFormat) -> String {
     |        ^^^^^^^^^^^^^^^^

warning: fields `formats` and `compression` are never read
  --> src/release/packaging.rs:38:5
   |
27 | pub struct PackageBuilder {
   |            -------------- fields in this struct
...
38 |     formats: Vec<PackageFormat>,
   |     ^^^^^^^
...
41 |     compression: CompressionSettings,
   |     ^^^^^^^^^^^
   |
   = note: `PackageBuilder` has a derived impl for the trait `Debug`, but this is intentionally ignored during dead code analysis

warning: field `settings` is never read
   --> src/release/updates.rs:644:5
    |
633 | pub struct UpdateCache<T> {
    |            ----------- field in this struct
...
644 |     settings: CacheSettings,
    |     ^^^^^^^^
    |
    = note: `UpdateCache` has a derived impl for the trait `Debug`, but this is intentionally ignored during dead code analysis

warning: fields `trusted_certs`, `signature_verification`, and `cert_validation` are never read
   --> src/release/updates.rs:878:5
    |
873 | pub struct UpdateSecurity {
    |            -------------- fields in this struct
...
878 |     trusted_certs: Vec<Certificate>,
    |     ^^^^^^^^^^^^^
...
881 |     signature_verification: SignatureVerificationConfig,
    |     ^^^^^^^^^^^^^^^^^^^^^^
...
884 |     cert_validation: CertificateValidation,
    |     ^^^^^^^^^^^^^^^
    |
    = note: `UpdateSecurity` has a derived impl for the trait `Debug`, but this is intentionally ignored during dead code analysis

warning: field `pools` is never read
  --> src/resource/analysis.rs:37:5
   |
26 | pub struct ResourceAnalyzer {
   |            ---------------- field in this struct
...
37 |     pools: HashMap<String, ResourcePool>,
   |     ^^^^^

warning: fields `depth` and `location` are never read
  --> src/resource/analysis.rs:48:5
   |
45 | struct ScopeInfo {
   |        --------- fields in this struct
...
48 |     depth: usize,
   |     ^^^^^
49 |     location: SourceLocation,
   |     ^^^^^^^^
   |
   = note: `ScopeInfo` has derived impls for the traits `Clone` and `Debug`, but these are intentionally ignored during dead code analysis

warning: function `create_external_function` is never used
  --> src/stdlib/mod.rs:95:15
   |
95 | pub(crate) fn create_external_function(
   |               ^^^^^^^^^^^^^^^^^^^^^^^^

warning: fields `assertions` and `variables` are never read
  --> src/verification/solver.rs:26:5
   |
24 | pub struct SmtSolver {
   |            --------- fields in this struct
25 |     /// SMT-LIB assertions
26 |     assertions: Vec<String>,
   |     ^^^^^^^^^^
...
29 |     variables: HashMap<String, String>,
   |     ^^^^^^^^^
   |
   = note: `SmtSolver` has a derived impl for the trait `Debug`, but this is intentionally ignored during dead code analysis

warning: hiding a lifetime that's elided elsewhere is confusing
   --> src/concurrency/sync_primitives.rs:395:17
    |
395 |     pub fn lock(&self) -> LockResult<MutexGuard> {
    |                 ^^^^^                ^^^^^^^^^^ the same lifetime is hidden here
    |                 |
    |                 the lifetime is elided here
    |
    = help: the same lifetime is referred to in inconsistent ways, making the signature confusing
    = note: `#[warn(mismatched_lifetime_syntaxes)]` on by default
help: use `'_` for type paths
    |
395 |     pub fn lock(&self) -> LockResult<MutexGuard<'_>> {
    |                                                ++++

warning: hiding a lifetime that's elided elsewhere is confusing
   --> src/concurrency/sync_primitives.rs:434:21
    |
434 |     pub fn try_lock(&self) -> LockResult<MutexGuard> {
    |                     ^^^^^                ^^^^^^^^^^ the same lifetime is hidden here
    |                     |
    |                     the lifetime is elided here
    |
    = help: the same lifetime is referred to in inconsistent ways, making the signature confusing
help: use `'_` for type paths
    |
434 |     pub fn try_lock(&self) -> LockResult<MutexGuard<'_>> {
    |                                                    ++++

warning: hiding a lifetime that's elided elsewhere is confusing
   --> src/concurrency/sync_primitives.rs:615:17
    |
615 |     pub fn read(&self) -> LockResult<ReadGuard> {
    |                 ^^^^^                ^^^^^^^^^ the same lifetime is hidden here
    |                 |
    |                 the lifetime is elided here
    |
    = help: the same lifetime is referred to in inconsistent ways, making the signature confusing
help: use `'_` for type paths
    |
615 |     pub fn read(&self) -> LockResult<ReadGuard<'_>> {
    |                                               ++++

warning: hiding a lifetime that's elided elsewhere is confusing
   --> src/concurrency/sync_primitives.rs:634:18
    |
634 |     pub fn write(&self) -> LockResult<WriteGuard> {
    |                  ^^^^^                ^^^^^^^^^^ the same lifetime is hidden here
    |                  |
    |                  the lifetime is elided here
    |
    = help: the same lifetime is referred to in inconsistent ways, making the signature confusing
help: use `'_` for type paths
    |
634 |     pub fn write(&self) -> LockResult<WriteGuard<'_>> {
    |                                                 ++++

warning: unused `Result` that must be used
   --> src/llvm_backend/mod.rs:453:29
    |
453 | ...                   builder.build_return(Some(&return_value));
    |                       ^^^^^^^^^^^^^^^^^^^^^^^^^^^^^^^^^^^^^^^^^
    |
    = note: this `Result` may be an `Err` variant, which should be handled
    = note: `#[warn(unused_must_use)]` (part of `#[warn(unused)]`) on by default
help: use `let _ = ...` to ignore the resulting value
    |
453 |                             let _ = builder.build_return(Some(&return_value));
    |                             +++++++

warning: unused `Result` that must be used
   --> src/llvm_backend/mod.rs:462:29
    |
462 | ...                   builder.build_return(Some(&i32_type.const_int(0, false)));
    |                       ^^^^^^^^^^^^^^^^^^^^^^^^^^^^^^^^^^^^^^^^^^^^^^^^^^^^^^^^^
    |
    = note: this `Result` may be an `Err` variant, which should be handled
help: use `let _ = ...` to ignore the resulting value
    |
462 |                             let _ = builder.build_return(Some(&i32_type.const_int(0, false)));
    |                             +++++++

warning: hiding a lifetime that's elided elsewhere is confusing
  --> src/llvm_backend/context.rs:47:26
   |
47 |     pub fn create_module(&self, name: &str) -> Module {
   |                          ^^^^^                 ^^^^^^ the same lifetime is hidden here
   |                          |
   |                          the lifetime is elided here
   |
   = help: the same lifetime is referred to in inconsistent ways, making the signature confusing
help: use `'_` for type paths
   |
47 |     pub fn create_module(&self, name: &str) -> Module<'_> {
   |                                                      ++++

warning: hiding a lifetime that's elided elsewhere is confusing
  --> src/llvm_backend/context.rs:58:27
   |
58 |     pub fn create_builder(&self) -> Builder {
   |                           ^^^^^     ^^^^^^^ the same lifetime is hidden here
   |                           |
   |                           the lifetime is elided here
   |
   = help: the same lifetime is referred to in inconsistent ways, making the signature confusing
help: use `'_` for type paths
   |
58 |     pub fn create_builder(&self) -> Builder<'_> {
   |                                            ++++

warning: using `.clone()` on a double reference, which returns `&version::Version` instead of cloning the inner type
   --> src/package/resolver.rs:538:61
    |
538 |                 Ok(compatible_versions.iter().max().unwrap().clone().clone())
    |                                                             ^^^^^^^^
    |
    = note: `#[warn(suspicious_double_ref_op)]` on by default

warning: using `.clone()` on a double reference, which returns `&version::Version` instead of cloning the inner type
   --> src/package/resolver.rs:541:61
    |
541 |                 Ok(compatible_versions.iter().min().unwrap().clone().clone())
    |                                                             ^^^^^^^^

warning: using `.clone()` on a double reference, which returns `&version::Version` instead of cloning the inner type
   --> src/package/resolver.rs:545:61
    |
545 |                 Ok(compatible_versions.iter().min().unwrap().clone().clone())
    |                                                             ^^^^^^^^

warning: using `.clone()` on a double reference, which returns `&version::Version` instead of cloning the inner type
   --> src/package/resolver.rs:549:61
    |
549 |                 Ok(compatible_versions.iter().max().unwrap().clone().clone())
    |                                                             ^^^^^^^^

warning: hiding a lifetime that's elided elsewhere is confusing
  --> src/profiling/mod.rs:91:24
   |
91 |     pub fn start_phase(&mut self, phase_name: &str) -> PhaseTimer {
   |                        ^^^^^^^^^                       ^^^^^^^^^^ the same lifetime is hidden here
   |                        |
   |                        the lifetime is elided here
   |
   = help: the same lifetime is referred to in inconsistent ways, making the signature confusing
help: use `'_` for type paths
   |
91 |     pub fn start_phase(&mut self, phase_name: &str) -> PhaseTimer<'_> {
   |                                                                  ++++

warning: unused `Result` that must be used
    --> src/semantic/mod.rs:2918:9
     |
2918 |         self.symbol_table.exit_scope();
     |         ^^^^^^^^^^^^^^^^^^^^^^^^^^^^^^
     |
     = note: this `Result` may be an `Err` variant, which should be handled
help: use `let _ = ...` to ignore the resulting value
     |
2918 |         let _ = self.symbol_table.exit_scope();
     |         +++++++

warning: `aether` (lib) generated 195 warnings (run `cargo fix --lib -p aether` to apply 46 suggestions)
    Finished `dev` profile [unoptimized + debuginfo] target(s) in 1.50s
     Running `target/debug/aether-compiler check tests/fixtures/simple_module.aether --verbose`
[VERBOSE] Type checking 1 file(s)
Error in tests/fixtures/simple_module.aether: Lexer error: Unterminated string literal at tests/fixtures/simple_module.aether:2:9
Compilation failed: Semantic error occurred

  left: 1
 right: 0

---- test_cli_check_mixed_files stdout ----

thread 'test_cli_check_mixed_files' (7563090) panicked at tests/cli_integration_tests.rs:120:5:
assertion failed: stdout.contains("Files passed: 1")

---- test_cli_compile_with_output stdout ----

thread 'test_cli_compile_with_output' (7563096) panicked at tests/cli_integration_tests.rs:249:5:
assertion `left == right` failed: Stderr:     Blocking waiting for file lock on package cache
    Blocking waiting for file lock on package cache
    Blocking waiting for file lock on package cache
    Blocking waiting for file lock on package cache
    Blocking waiting for file lock on build directory
warning: unused import: `ExampleType`
  --> src/docs/tutorial.rs:21:46
   |
21 |     CodeExample, DifficultyLevel, DocConfig, ExampleType, Exercise, Tutorial, TutorialSection,
   |                                              ^^^^^^^^^^^
   |
   = note: `#[warn(unused_imports)]` (part of `#[warn(unused)]`) on by default

warning: unused import: `std::path::Path`
  --> src/error/enhancement.rs:24:5
   |
24 | use std::path::Path;
   |     ^^^^^^^^^^^^^^^

warning: unused import: `BehavioralSpec`
  --> src/error/intent_analysis.rs:22:33
   |
22 | use crate::semantic::metadata::{BehavioralSpec, IntentSpec};
   |                                 ^^^^^^^^^^^^^^

warning: unused imports: `Expression`, `Statement`, and `TypeSpecifier`
  --> src/error/structured.rs:20:18
   |
20 | use crate::ast::{Expression, Statement, TypeSpecifier};
   |                  ^^^^^^^^^^  ^^^^^^^^^  ^^^^^^^^^^^^^

warning: unused import: `HashSet`
  --> src/llvm_backend/mod.rs:37:33
   |
37 | use std::collections::{HashMap, HashSet};
   |                                 ^^^^^^^

warning: unused import: `std::path::Path`
  --> src/lsp/server.rs:20:5
   |
20 | use std::path::Path;
   |     ^^^^^^^^^^^^^^^

warning: unused import: `BasicBlockId`
  --> src/optimizations/constant_propagation.rs:21:18
   |
21 | use crate::mir::{BasicBlockId, ConstantValue, Function, LocalId, Operand, Rvalue, Statement};
   |                  ^^^^^^^^^^^^

warning: unused imports: `BasicBlockId`, `LocalId`, `Place`, and `SourceInfo`
  --> src/optimizations/inlining.rs:22:5
   |
22 |     BasicBlockId, Function, LocalId, Operand, Place, Program, Rvalue, SourceInfo, Statement,
   |     ^^^^^^^^^^^^            ^^^^^^^           ^^^^^                   ^^^^^^^^^^

warning: unused import: `std::collections::HashMap`
  --> src/optimizations/inlining.rs:25:5
   |
25 | use std::collections::HashMap;
   |     ^^^^^^^^^^^^^^^^^^^^^^^^^

warning: unused import: `Constant`
  --> src/optimizations/interprocedural.rs:22:17
   |
22 |     BasicBlock, Constant, Function, Operand, Place, Program, Rvalue, Statement, Terminator,
   |                 ^^^^^^^^

warning: unused import: `BuildConfiguration`
  --> src/package/builder.rs:21:32
   |
21 | use crate::package::manifest::{BuildConfiguration, PackageManifest};
   |                                ^^^^^^^^^^^^^^^^^^

warning: unused import: `CacheStats`
  --> src/package/builder.rs:22:35
   |
22 | use crate::package::{BuildConfig, CacheStats};
   |                                   ^^^^^^^^^^

warning: unused imports: `BinaryOp` and `Expression as ContractExpr`
  --> src/patterns/catalog.rs:20:38
   |
20 | use crate::verification::contracts::{BinaryOp, Expression as ContractExpr};
   |                                      ^^^^^^^^  ^^^^^^^^^^^^^^^^^^^^^^^^^^

warning: unused imports: `Block`, `Expression`, `Function`, and `Statement`
  --> src/patterns/composition.rs:20:18
   |
20 | use crate::ast::{Block, Expression, Function, Statement};
   |                  ^^^^^  ^^^^^^^^^^  ^^^^^^^^  ^^^^^^^^^

warning: unused import: `crate::error::SourceLocation`
  --> src/patterns/composition.rs:21:5
   |
21 | use crate::error::SourceLocation;
   |     ^^^^^^^^^^^^^^^^^^^^^^^^^^^^

warning: unused import: `Function`
  --> src/patterns/mod.rs:23:37
   |
23 | use crate::ast::{Block, Expression, Function, Statement};
   |                                     ^^^^^^^^

warning: unused import: `crate::error::SourceLocation`
  --> src/patterns/mod.rs:24:5
   |
24 | use crate::error::SourceLocation;
   |     ^^^^^^^^^^^^^^^^^^^^^^^^^^^^

warning: unused imports: `FailoverConfig`, `FailoverThreshold`, `RecoveryConfig`, and `self`
  --> src/release/distribution.rs:23:22
   |
23 | use crate::release::{self, DistributionConfig, FailoverConfig, FailoverThreshold, RecoveryConfig};
   |                      ^^^^                      ^^^^^^^^^^^^^^  ^^^^^^^^^^^^^^^^^  ^^^^^^^^^^^^^^

warning: unused import: `crate::error::SemanticError`
  --> src/release/mod.rs:26:5
   |
26 | use crate::error::SemanticError;
   |     ^^^^^^^^^^^^^^^^^^^^^^^^^^^

warning: unused import: `OwnershipKind`
  --> src/semantic/mod.rs:32:20
   |
32 | use crate::types::{OwnershipKind, Type, TypeChecker};
   |                    ^^^^^^^^^^^^^

warning: unused import: `crate::types::Type`
  --> src/verification/contract_to_smt.rs:20:5
   |
20 | use crate::types::Type;
   |     ^^^^^^^^^^^^^^^^^^

warning: unused imports: `AggregateOp` and `TemporalOp`
  --> src/verification/contract_to_smt.rs:22:5
   |
22 |     AggregateOp, BinaryOp, ConstantValue, Expression, QuantifierKind, TemporalOp, UnaryOp,
   |     ^^^^^^^^^^^                                                       ^^^^^^^^^^

warning: unused imports: `Deserialize` and `Serialize`
  --> src/verification/contracts.rs:30:13
   |
30 | use serde::{Deserialize, Serialize};
   |             ^^^^^^^^^^^  ^^^^^^^^^

warning: unused import: `crate::ast::PrimitiveType`
  --> src/verification/vcgen.rs:23:5
   |
23 | use crate::ast::PrimitiveType;
   |     ^^^^^^^^^^^^^^^^^^^^^^^^^

warning: unused import: `crate::types::Type`
  --> src/verification/vcgen.rs:26:5
   |
26 | use crate::types::Type;
   |     ^^^^^^^^^^^^^^^^^^

warning: unused variable: `receiver`
   --> src/concurrency/actors.rs:377:22
    |
377 |         let (sender, receiver) = mpsc::channel();
    |                      ^^^^^^^^ help: if this is intentional, prefix it with an underscore: `_receiver`
    |
    = note: `#[warn(unused_variables)]` (part of `#[warn(unused)]`) on by default

warning: unused variable: `strategy`
   --> src/concurrency/actors.rs:622:12
    |
622 |     fn new(strategy: SupervisionStrategy) -> Self {
    |            ^^^^^^^^ help: if this is intentional, prefix it with an underscore: `_strategy`

warning: unused variable: `worker_id`
   --> src/concurrency/async_runtime.rs:350:13
    |
350 |         for worker_id in 0..self.config.worker_threads {
    |             ^^^^^^^^^ help: if this is intentional, prefix it with an underscore: `_worker_id`

warning: unused variable: `start_time`
   --> src/concurrency/sync_primitives.rs:568:13
    |
568 |         let start_time = Instant::now();
    |             ^^^^^^^^^^ help: if this is intentional, prefix it with an underscore: `_start_time`

warning: unused variable: `metrics`
   --> src/concurrency/sync_primitives.rs:711:23
    |
711 |         if let Ok(mut metrics) = self.rw_lock.metrics.lock() {}
    |                       ^^^^^^^ help: if this is intentional, prefix it with an underscore: `_metrics`

warning: variable does not need to be mutable
   --> src/concurrency/sync_primitives.rs:711:19
    |
711 |         if let Ok(mut metrics) = self.rw_lock.metrics.lock() {}
    |                   ----^^^^^^^
    |                   |
    |                   help: remove this `mut`
    |
    = note: `#[warn(unused_mut)]` (part of `#[warn(unused)]`) on by default

warning: unused variable: `metrics`
   --> src/concurrency/sync_primitives.rs:718:23
    |
718 |         if let Ok(mut metrics) = self.rw_lock.metrics.lock() {}
    |                       ^^^^^^^ help: if this is intentional, prefix it with an underscore: `_metrics`

warning: variable does not need to be mutable
   --> src/concurrency/sync_primitives.rs:718:19
    |
718 |         if let Ok(mut metrics) = self.rw_lock.metrics.lock() {}
    |                   ----^^^^^^^
    |                   |
    |                   help: remove this `mut`

warning: unused variable: `response_receiver`
   --> src/debug/debugger.rs:390:31
    |
390 |         let (response_sender, response_receiver) = channel();
    |                               ^^^^^^^^^^^^^^^^^ help: if this is intentional, prefix it with an underscore: `_response_receiver`

warning: unused variable: `debugger_process`
   --> src/debug/debugger.rs:393:13
    |
393 |         let debugger_process = self.start_debugger_process(&program_path)?;
    |             ^^^^^^^^^^^^^^^^ help: if this is intentional, prefix it with an underscore: `_debugger_process`

warning: unused variable: `target_info`
   --> src/debug/debugger.rs:401:13
    |
401 |         let target_info = TargetInfo {
    |             ^^^^^^^^^^^ help: if this is intentional, prefix it with an underscore: `_target_info`

warning: unused variable: `diagnostic`
   --> src/debug/lsp.rs:593:21
    |
593 |                 let diagnostic = Diagnostic {
    |                     ^^^^^^^^^^ help: if this is intentional, prefix it with an underscore: `_diagnostic`

warning: unused variable: `name`
   --> src/debug/lsp.rs:636:18
    |
636 |             for (name, symbol) in &semantic_info.symbols {
    |                  ^^^^ help: if this is intentional, prefix it with an underscore: `_name`

warning: unused variable: `uri`
   --> src/debug/lsp.rs:789:35
    |
789 |     pub fn get_diagnostics(&self, uri: &str) -> Vec<Diagnostic> {
    |                                   ^^^ help: if this is intentional, prefix it with an underscore: `_uri`

warning: unused variable: `categories`
   --> src/docs/examples.rs:132:13
    |
132 |         let categories = Self::create_example_categories();
    |             ^^^^^^^^^^ help: if this is intentional, prefix it with an underscore: `_categories`

warning: unused variable: `templates`
   --> src/docs/examples.rs:133:13
    |
133 |         let templates = Self::create_example_templates();
    |             ^^^^^^^^^ help: if this is intentional, prefix it with an underscore: `_templates`

warning: unused variable: `config`
   --> src/docs/examples.rs:131:16
    |
131 |     pub fn new(config: &DocConfig) -> Result<Self, SemanticError> {
    |                ^^^^^^ help: if this is intentional, prefix it with an underscore: `_config`

warning: unused variable: `output_dir`
  --> src/docs/generator.rs:21:16
   |
21 |     pub fn new(output_dir: String) -> Self {
   |                ^^^^^^^^^^ help: if this is intentional, prefix it with an underscore: `_output_dir`

warning: unused variable: `comment_parser`
   --> src/docs/parser.rs:132:13
    |
132 |         let comment_parser = CommentParser::new();
    |             ^^^^^^^^^^^^^^ help: if this is intentional, prefix it with an underscore: `_comment_parser`

warning: unused variable: `signature_parser`
   --> src/docs/parser.rs:133:13
    |
133 |         let signature_parser = SignatureParser::new();
    |             ^^^^^^^^^^^^^^^^ help: if this is intentional, prefix it with an underscore: `_signature_parser`

warning: unused variable: `config`
   --> src/docs/parser.rs:131:16
    |
131 |     pub fn new(config: &DocConfig) -> Result<Self, SemanticError> {
    |                ^^^^^^ help: if this is intentional, prefix it with an underscore: `_config`

warning: unused variable: `themes`
   --> src/docs/renderer.rs:368:13
    |
368 |         let themes = ThemeManager::new()?;
    |             ^^^^^^ help: if this is intentional, prefix it with an underscore: `_themes`

warning: unused variable: `search_paths`
   --> src/docs/renderer.rs:539:13
    |
539 |         let search_paths = vec![base_dir.join("templates"), PathBuf::from("templates")];
    |             ^^^^^^^^^^^^ help: if this is intentional, prefix it with an underscore: `_search_paths`

warning: unused variable: `helpers`
   --> src/docs/renderer.rs:558:13
    |
558 |         let helpers = Self::create_default_helpers();
    |             ^^^^^^^ help: if this is intentional, prefix it with an underscore: `_helpers`

warning: unused variable: `processors`
   --> src/docs/renderer.rs:879:13
    |
879 |         let processors: Vec<&dyn Fn(&str) -> String> = vec![];
    |             ^^^^^^^^^^ help: if this is intentional, prefix it with an underscore: `_processors`

warning: unused variable: `options`
    --> src/docs/renderer.rs:1185:13
     |
1185 |         let options = MarkdownOptions {
     |             ^^^^^^^ help: if this is intentional, prefix it with an underscore: `_options`

warning: unused variable: `toc_generator`
    --> src/docs/renderer.rs:1192:13
     |
1192 |         let toc_generator = TocGenerator {};
     |             ^^^^^^^^^^^^^ help: if this is intentional, prefix it with an underscore: `_toc_generator`

warning: unused variable: `options`
    --> src/docs/renderer.rs:1347:13
     |
1347 |         let options = PdfOptions {
     |             ^^^^^^^ help: if this is intentional, prefix it with an underscore: `_options`

warning: unused variable: `layout`
    --> src/docs/renderer.rs:1354:13
     |
1354 |         let layout = PageLayout {
     |             ^^^^^^ help: if this is intentional, prefix it with an underscore: `_layout`

warning: unused variable: `templates`
  --> src/docs/tutorial.rs:98:13
   |
98 |         let templates = Self::create_tutorial_templates();
   |             ^^^^^^^^^ help: if this is intentional, prefix it with an underscore: `_templates`

warning: unused variable: `config`
  --> src/docs/tutorial.rs:97:16
   |
97 |     pub fn new(config: &DocConfig) -> Result<Self, SemanticError> {
   |                ^^^^^^ help: if this is intentional, prefix it with an underscore: `_config`

warning: unused variable: `function`
   --> src/error/intent_analysis.rs:142:9
    |
142 |         function: &Function,
    |         ^^^^^^^^ help: if this is intentional, prefix it with an underscore: `_function`

warning: unused variable: `error`
   --> src/error/structured.rs:434:26
    |
434 |     fn fix_type_mismatch(error: &CompilerError) -> Vec<FixSuggestion> {
    |                          ^^^^^ help: if this is intentional, prefix it with an underscore: `_error`

warning: unused variable: `error`
   --> src/error/structured.rs:455:29
    |
455 |     fn fix_undefined_symbol(error: &CompilerError) -> Vec<FixSuggestion> {
    |                             ^^^^^ help: if this is intentional, prefix it with an underscore: `_error`

warning: unreachable pattern
   --> src/lexer/mod.rs:716:17
    |
685 |                 Some('\'') => {
    |                 ---------- matches all the relevant values
...
716 |                 Some('\'') => {
    |                 ^^^^^^^^^^ no value can reach this
    |
    = note: `#[warn(unreachable_patterns)]` (part of `#[warn(unused)]`) on by default

warning: unused variable: `function`
   --> src/llvm_backend/codegen.rs:157:13
    |
157 |         let function = self.module.add_function(name, fn_type, None);
    |             ^^^^^^^^ help: if this is intentional, prefix it with an underscore: `_function`

warning: unused variable: `i`
   --> src/llvm_backend/mod.rs:625:18
    |
625 |             for (i, stmt) in mir_block.statements.iter().enumerate() {
    |                  ^ help: if this is intentional, prefix it with an underscore: `_i`

warning: unnecessary `unsafe` block
   --> src/llvm_backend/mod.rs:919:41
    |
919 |                         let field_ptr = unsafe {
    |                                         ^^^^^^ unnecessary `unsafe` block
    |
    = note: `#[warn(unused_unsafe)]` (part of `#[warn(unused)]`) on by default

warning: unreachable pattern
    --> src/llvm_backend/mod.rs:2437:13
     |
 986 |             mir::Rvalue::AddressOf(place) => {
     |             ----------------------------- matches all the relevant values
...
2437 |             &mir::Rvalue::AddressOf(_) => todo!(),
     |             ^^^^^^^^^^^^^^^^^^^^^^^^^^ no value can reach this

warning: unused variable: `int_val`
    --> src/llvm_backend/mod.rs:1541:58
     |
1541 | ...                   BasicValueEnum::IntValue(int_val) => {
     |                                                ^^^^^^^ help: if this is intentional, prefix it with an underscore: `_int_val`

warning: unused variable: `field_names`
    --> src/llvm_backend/mod.rs:1836:61
     |
1836 |                     mir::AggregateKind::Struct(struct_name, field_names) => {
     |                                                             ^^^^^^^^^^^ help: if this is intentional, prefix it with an underscore: `_field_names`

warning: value assigned to `struct_size` is never read
    --> src/llvm_backend/mod.rs:1860:33
     |
1860 |                         let mut struct_size = 0u64;
     |                                 ^^^^^^^^^^^
     |
     = help: maybe it is overwritten before being read?
     = note: `#[warn(unused_assignments)]` (part of `#[warn(unused)]`) on by default

warning: variable does not need to be mutable
    --> src/llvm_backend/mod.rs:2152:29
     |
2152 |                         let mut current_type =
     |                             ----^^^^^^^^^^^^
     |                             |
     |                             help: remove this `mut`

warning: unused variable: `i64_type`
    --> src/llvm_backend/mod.rs:3210:13
     |
3210 |         let i64_type = self.context.i64_type();
     |             ^^^^^^^^ help: if this is intentional, prefix it with an underscore: `_i64_type`

warning: unused variable: `void_type`
    --> src/llvm_backend/mod.rs:3213:13
     |
3213 |         let void_type = self.context.void_type();
     |             ^^^^^^^^^ help: if this is intentional, prefix it with an underscore: `_void_type`

warning: unnecessary `unsafe` block
    --> src/llvm_backend/mod.rs:3662:33
     |
3662 |                 let field_ptr = unsafe {
     |                                 ^^^^^^ unnecessary `unsafe` block

warning: unused variable: `parent`
   --> src/memory/mod.rs:110:37
    |
110 |     pub fn create_region(&mut self, parent: Option<RegionId>) -> RegionId {
    |                                     ^^^^^^ help: if this is intentional, prefix it with an underscore: `_parent`

warning: unused variable: `operand`
   --> src/memory/mod.rs:307:48
    |
307 |                 if let Expression::AddressOf { operand, .. } = &**expr {
    |                                                ^^^^^^^-
    |                                                |
    |                                                help: try removing the field

warning: unused variable: `region_id`
   --> src/memory/mod.rs:441:38
    |
441 |     fn get_region_allocations(&self, region_id: &RegionId) -> Vec<AllocationInfo> {
    |                                      ^^^^^^^^^ help: if this is intentional, prefix it with an underscore: `_region_id`

warning: unused variable: `source_location`
   --> src/mir/lowering.rs:608:17
    |
608 |                 source_location,
    |                 ^^^^^^^^^^^^^^^ help: try ignoring the field: `source_location: _`

warning: unused variable: `source_location`
   --> src/mir/lowering.rs:621:17
    |
621 |                 source_location,
    |                 ^^^^^^^^^^^^^^^ help: try ignoring the field: `source_location: _`

warning: unused variable: `source_location`
   --> src/mir/lowering.rs:675:17
    |
675 |                 source_location,
    |                 ^^^^^^^^^^^^^^^ help: try ignoring the field: `source_location: _`

warning: unused variable: `source_location`
   --> src/mir/lowering.rs:685:17
    |
685 |                 source_location,
    |                 ^^^^^^^^^^^^^^^ help: try ignoring the field: `source_location: _`

warning: unused variable: `module`
    --> src/mir/lowering.rs:2544:33
     |
2544 |             Type::Named { name, module } => {
     |                                 ^^^^^^ help: try ignoring the field: `module: _`

warning: unused variable: `map`
    --> src/mir/lowering.rs:2668:47
     |
2668 |             ast::AssignmentTarget::MapValue { map, key } => {
     |                                               ^^^ help: try ignoring the field: `map: _`

warning: unused variable: `key`
    --> src/mir/lowering.rs:2668:52
     |
2668 |             ast::AssignmentTarget::MapValue { map, key } => {
     |                                                    ^^^ help: try ignoring the field: `key: _`

warning: unreachable pattern
    --> src/mir/lowering.rs:3998:13
     |
3934 |               ast::Pattern::Wildcard { binding, .. } => {
     |               -------------------------------------- matches all the relevant values
...
3998 | /             ast::Pattern::Wildcard {
3999 | |                 binding: Some(binding_name),
4000 | |                 source_location,
4001 | |             } => {
     | |_____________^ no value can reach this

warning: unreachable pattern
    --> src/mir/lowering.rs:4061:13
     |
3934 |             ast::Pattern::Wildcard { binding, .. } => {
     |             -------------------------------------- matches all the relevant values
...
4061 |             ast::Pattern::Wildcard { binding: None, .. } => {
     |             ^^^^^^^^^^^^^^^^^^^^^^^^^^^^^^^^^^^^^^^^^^^^ no value can reach this

warning: unused variable: `st`
    --> src/mir/lowering.rs:3792:49
     |
3792 |                     let data_type = if let Some(st) = &self.symbol_table {
     |                                                 ^^ help: if this is intentional, prefix it with an underscore: `_st`

warning: unused variable: `inner_variant`
    --> src/mir/lowering.rs:3819:43
     |
3819 | ...                   variant_name: inner_variant,
     |                                     ^^^^^^^^^^^^^ help: if this is intentional, prefix it with an underscore: `_inner_variant`

warning: unused variable: `target_type`
    --> src/mir/lowering.rs:4665:13
     |
4665 |         let target_type = match pointer_type {
     |             ^^^^^^^^^^^ help: if this is intentional, prefix it with an underscore: `_target_type`

warning: unused variable: `cycle`
   --> src/module_loader.rs:280:17
    |
280 |             let cycle: Vec<String> = stack[cycle_start..].to_vec();
    |                 ^^^^^ help: if this is intentional, prefix it with an underscore: `_cycle`

warning: unused variable: `depth`
  --> src/optimizations/inlining.rs:52:44
   |
52 |     pub fn set_max_inline_depth(&mut self, depth: usize) {}
   |                                            ^^^^^ help: if this is intentional, prefix it with an underscore: `_depth`

warning: unused variable: `function_name`
   --> src/optimizations/interprocedural.rs:667:14
    |
667 |         for (function_name, summary) in summaries {
    |              ^^^^^^^^^^^^^ help: if this is intentional, prefix it with an underscore: `_function_name`

warning: unused variable: `function_name`
   --> src/optimizations/interprocedural.rs:782:14
    |
782 |         for (function_name, function) in &program.functions {
    |              ^^^^^^^^^^^^^ help: if this is intentional, prefix it with an underscore: `_function_name`

warning: unused variable: `function`
   --> src/optimizations/interprocedural.rs:782:29
    |
782 |         for (function_name, function) in &program.functions {
    |                             ^^^^^^^^ help: if this is intentional, prefix it with an underscore: `_function`

warning: unused variable: `function_name`
   --> src/optimizations/interprocedural.rs:799:14
    |
799 |         for (function_name, function) in &program.functions {
    |              ^^^^^^^^^^^^^ help: if this is intentional, prefix it with an underscore: `_function_name`

warning: unused variable: `function_name`
   --> src/optimizations/interprocedural.rs:821:14
    |
821 |         for (function_name, function) in &program.functions {
    |              ^^^^^^^^^^^^^ help: if this is intentional, prefix it with an underscore: `_function_name`

warning: unused variable: `constant`
   --> src/optimizations/interprocedural.rs:856:21
    |
856 |         for (place, constant) in assignments {
    |                     ^^^^^^^^ help: if this is intentional, prefix it with an underscore: `_constant`

warning: unused variable: `var_name`
   --> src/optimizations/interprocedural.rs:857:17
    |
857 |             let var_name = format!("{}::{}", function.name, place.local);
    |                 ^^^^^^^^ help: if this is intentional, prefix it with an underscore: `_var_name`

warning: unused variable: `end_loc`
    --> src/parser/v2.rs:2883:17
     |
2883 |             let end_loc = self.current_location();
     |                 ^^^^^^^ help: if this is intentional, prefix it with an underscore: `_end_loc`

warning: unused variable: `field_location`
    --> src/parser/mod.rs:1420:17
     |
1420 |             let field_location = field_keyword.location.clone();
     |                 ^^^^^^^^^^^^^^ help: if this is intentional, prefix it with an underscore: `_field_location`

warning: variable does not need to be mutable
    --> src/parser/mod.rs:1875:13
     |
1875 |         let mut constraints = Vec::new();
     |             ----^^^^^^^^^^^
     |             |
     |             help: remove this `mut`

warning: variable `generic_parameters` is assigned to, but never used
    --> src/parser/mod.rs:1927:17
     |
1927 |         let mut generic_parameters = Vec::new();
     |                 ^^^^^^^^^^^^^^^^^^
     |
     = note: consider using `_generic_parameters` instead

warning: variable `lifetime_parameters` is assigned to, but never used
    --> src/parser/mod.rs:1928:17
     |
1928 |         let mut lifetime_parameters = Vec::new();
     |                 ^^^^^^^^^^^^^^^^^^^
     |
     = note: consider using `_lifetime_parameters` instead

warning: value assigned to `generic_parameters` is never read
    --> src/parser/mod.rs:1977:29
     |
1977 | ...                   generic_parameters = self.parse_generic_parameters()?;
     |                       ^^^^^^^^^^^^^^^^^^
     |
     = help: maybe it is overwritten before being read?

warning: value assigned to `lifetime_parameters` is never read
    --> src/parser/mod.rs:1981:29
     |
1981 | ...                   lifetime_parameters = self.parse_lifetime_parameters()?;
     |                       ^^^^^^^^^^^^^^^^^^^
     |
     = help: maybe it is overwritten before being read?

warning: variable does not need to be mutable
    --> src/parser/mod.rs:1926:13
     |
1926 |         let mut intent = None;
     |             ----^^^^^^
     |             |
     |             help: remove this `mut`

warning: unused variable: `nested_pattern`
    --> src/parser/mod.rs:4182:22
     |
4182 |                 let (nested_pattern, binding) = if let Some(token) = self.current_token() {
     |                      ^^^^^^^^^^^^^^ help: if this is intentional, prefix it with an underscore: `_nested_pattern`

warning: variable does not need to be mutable
    --> src/parser/mod.rs:4599:13
     |
4599 |         let mut invariants = Vec::new();
     |             ----^^^^^^^^^^
     |             |
     |             help: remove this `mut`

warning: variable does not need to be mutable
   --> src/patterns/catalog.rs:132:21
    |
132 |                 let mut contract = create_pattern_contract("safe_array_access");
    |                     ----^^^^^^^^
    |                     |
    |                     help: remove this `mut`

warning: variable does not need to be mutable
   --> src/patterns/catalog.rs:392:21
    |
392 |                 let mut contract = create_pattern_contract("binary_search");
    |                     ----^^^^^^^^
    |                     |
    |                     help: remove this `mut`

warning: variable does not need to be mutable
   --> src/patterns/catalog.rs:536:21
    |
536 |                 let mut contract = create_pattern_contract("map_filter_reduce");
    |                     ----^^^^^^^^
    |                     |
    |                     help: remove this `mut`

warning: variable does not need to be mutable
   --> src/patterns/catalog.rs:804:21
    |
804 |                 let mut contract = create_pattern_contract("raii_wrapper");
    |                     ----^^^^^^^^
    |                     |
    |                     help: remove this `mut`

warning: variable does not need to be mutable
   --> src/patterns/catalog.rs:931:21
    |
931 |                 let mut contract = create_pattern_contract("result_type");
    |                     ----^^^^^^^^
    |                     |
    |                     help: remove this `mut`

warning: variable does not need to be mutable
    --> src/patterns/catalog.rs:1049:21
     |
1049 |                 let mut contract = create_pattern_contract("input_validation");
     |                     ----^^^^^^^^
     |                     |
     |                     help: remove this `mut`

warning: unused variable: `data_flow`
   --> src/patterns/composition.rs:519:9
    |
519 |         data_flow: &DataFlowSpec,
    |         ^^^^^^^^^ help: if this is intentional, prefix it with an underscore: `_data_flow`

warning: unused variable: `config`
   --> src/release/distribution.rs:947:16
    |
947 |     pub fn new(config: DistributionConfig) -> Result<Self, SemanticError> {
    |                ^^^^^^ help: if this is intentional, prefix it with an underscore: `_config`

warning: unused variable: `cache_config`
    --> src/release/distribution.rs:1135:13
     |
1135 |         let cache_config = CacheConfig {
     |             ^^^^^^^^^^^^ help: if this is intentional, prefix it with an underscore: `_cache_config`

warning: unused variable: `c_string`
   --> src/runtime/mod.rs:170:9
    |
170 |     let c_string = result.as_ptr() as *mut c_char;
    |         ^^^^^^^^ help: if this is intentional, prefix it with an underscore: `_c_string`

warning: unused variable: `constraint`
   --> src/semantic/metadata.rs:462:25
    |
462 |             if let Some(constraint) = &sem_type.constraint {
    |                         ^^^^^^^^^^ help: if this is intentional, prefix it with an underscore: `_constraint`

warning: unused variable: `e`
  --> src/semantic/ownership.rs:41:32
   |
41 |                     if let Err(e) = self.symbol_table.mark_variable_moved(&name.name) {
   |                                ^ help: if this is intentional, prefix it with an underscore: `_e`

warning: unused variable: `e`
  --> src/semantic/ownership.rs:66:36
   |
66 |                         if let Err(e) = self.symbol_table.mark_variable_moved(&name.name) {
   |                                    ^ help: if this is intentional, prefix it with an underscore: `_e`

warning: unused variable: `enum_name`
    --> src/semantic/mod.rs:1549:17
     |
1549 |                 enum_name,
     |                 ^^^^^^^^^ help: try ignoring the field: `enum_name: _`

warning: unused variable: `source_location`
    --> src/semantic/mod.rs:1726:17
     |
1726 |                 source_location,
     |                 ^^^^^^^^^^^^^^^ help: try ignoring the field: `source_location: _`

warning: unused variable: `source_location`
    --> src/semantic/mod.rs:1921:17
     |
1921 |                 source_location,
     |                 ^^^^^^^^^^^^^^^ help: try ignoring the field: `source_location: _`

warning: unused variable: `size_type`
  --> src/stdlib/network.rs:41:9
   |
41 |     let size_type = TypeSpecifier::Primitive {
   |         ^^^^^^^^^ help: if this is intentional, prefix it with an underscore: `_size_type`

warning: unused variable: `contract`
   --> src/verification/contracts.rs:811:13
    |
811 |     let mut contract = FunctionContract::new(function.name.name.clone());
    |             ^^^^^^^^ help: if this is intentional, prefix it with an underscore: `_contract`

warning: variable does not need to be mutable
   --> src/verification/contracts.rs:811:9
    |
811 |     let mut contract = FunctionContract::new(function.name.name.clone());
    |         ----^^^^^^^^
    |         |
    |         help: remove this `mut`

warning: unused variable: `place`
   --> src/verification/vcgen.rs:382:25
    |
382 |             Rvalue::Len(place) => {
    |                         ^^^^^ help: if this is intentional, prefix it with an underscore: `_place`

warning: field `associated_mutex` is never read
  --> src/concurrency/sync_primitives.rs:89:5
   |
84 | pub struct AetherCondVar {
   |            ------------- field in this struct
...
89 |     associated_mutex: Option<String>,
   |     ^^^^^^^^^^^^^^^^
   |
   = note: `AetherCondVar` has a derived impl for the trait `Debug`, but this is intentionally ignored during dead code analysis
   = note: `#[warn(dead_code)]` (part of `#[warn(unused)]`) on by default

warning: struct `BarrierState` is never constructed
   --> src/concurrency/sync_primitives.rs:137:8
    |
137 | struct BarrierState {
    |        ^^^^^^^^^^^^

warning: field `barrier_cycles` is never read
   --> src/concurrency/sync_primitives.rs:200:5
    |
198 | struct BarrierMetrics {
    |        -------------- field in this struct
199 |     wait_count: u64,
200 |     barrier_cycles: u64,
    |     ^^^^^^^^^^^^^^
    |
    = note: `BarrierMetrics` has a derived impl for the trait `Debug`, but this is intentionally ignored during dead code analysis

warning: field `acquired_at` is never read
   --> src/concurrency/sync_primitives.rs:236:5
    |
234 | pub struct ReadGuard<'a> {
    |            --------- field in this struct
235 |     rw_lock: &'a AetherRwLock,
236 |     acquired_at: Instant,
    |     ^^^^^^^^^^^

warning: field `acquired_at` is never read
   --> src/concurrency/sync_primitives.rs:242:5
    |
240 | pub struct WriteGuard<'a> {
    |            ---------- field in this struct
241 |     rw_lock: &'a AetherRwLock,
242 |     acquired_at: Instant,
    |     ^^^^^^^^^^^

warning: fields `target_pid` and `breakpoints` are never read
  --> src/debug/debugger.rs:51:5
   |
49 | pub struct DebugSession {
   |            ------------ fields in this struct
50 |     /// Target process ID
51 |     target_pid: Option<u32>,
   |     ^^^^^^^^^^
...
57 |     breakpoints: Arc<Mutex<HashMap<String, Vec<Breakpoint>>>>,
   |     ^^^^^^^^^^^
   |
   = note: `DebugSession` has a derived impl for the trait `Debug`, but this is intentionally ignored during dead code analysis

warning: fields `diagnostics_provider` and `shutdown` are never read
  --> src/debug/lsp.rs:45:5
   |
34 | pub struct LanguageServer {
   |            -------------- fields in this struct
...
45 |     diagnostics_provider: DiagnosticsProvider,
   |     ^^^^^^^^^^^^^^^^^^^^
...
51 |     shutdown: Arc<AtomicBool>,
   |     ^^^^^^^^
   |
   = note: `LanguageServer` has a derived impl for the trait `Debug`, but this is intentionally ignored during dead code analysis

warning: field `diagnostics` is never read
   --> src/debug/lsp.rs:333:5
    |
331 | pub struct DiagnosticEngine {
    |            ---------------- field in this struct
332 |     /// Active diagnostics by document
333 |     diagnostics: HashMap<String, Vec<Diagnostic>>,
    |     ^^^^^^^^^^^
    |
    = note: `DiagnosticEngine` has a derived impl for the trait `Debug`, but this is intentionally ignored during dead code analysis

warning: field `snippets` is never read
   --> src/debug/lsp.rs:343:5
    |
338 | pub struct CompletionProvider {
    |            ------------------ field in this struct
...
343 |     snippets: HashMap<String, String>,
    |     ^^^^^^^^
    |
    = note: `CompletionProvider` has a derived impl for the trait `Debug`, but this is intentionally ignored during dead code analysis

warning: fields `source_parser` and `markdown_parser` are never read
  --> src/docs/parser.rs:39:5
   |
37 | pub struct DocParser {
   |            --------- fields in this struct
38 |     /// Source code parser
39 |     source_parser: SourceParser,
   |     ^^^^^^^^^^^^^
...
42 |     markdown_parser: MarkdownParser,
   |     ^^^^^^^^^^^^^^^
   |
   = note: `DocParser` has a derived impl for the trait `Debug`, but this is intentionally ignored during dead code analysis

warning: field `patterns` is never read
  --> src/docs/parser.rs:74:5
   |
72 | pub struct CommentParser {
   |            ------------- field in this struct
73 |     /// Comment prefix patterns
74 |     patterns: CommentPatterns,
   |     ^^^^^^^^
   |
   = note: `CommentParser` has a derived impl for the trait `Debug`, but this is intentionally ignored during dead code analysis

warning: field `location` is never read
   --> src/docs/parser.rs:725:5
    |
714 | struct ParsedItem {
    |        ---------- field in this struct
...
725 |     location: SourceLocation,
    |     ^^^^^^^^
    |
    = note: `ParsedItem` has derived impls for the traits `Clone` and `Debug`, but these are intentionally ignored during dead code analysis

warning: variants `Module`, `Enum`, `Trait`, `TypeAlias`, `Import`, and `Macro` are never constructed
   --> src/docs/parser.rs:731:5
    |
730 | enum ItemType {
    |      -------- variants in this enum
731 |     Module,
    |     ^^^^^^
...
734 |     Enum,
    |     ^^^^
735 |     Trait,
    |     ^^^^^
736 |     TypeAlias,
    |     ^^^^^^^^^
737 |     Constant,
738 |     Import,
    |     ^^^^^^
739 |     Macro,
    |     ^^^^^
    |
    = note: `ItemType` has derived impls for the traits `Clone` and `Debug`, but these are intentionally ignored during dead code analysis

warning: methods `parse_documentation`, `clean_comment_line`, `extract_tag`, `tag_to_section`, and `finalize_section` are never used
   --> src/docs/parser.rs:774:8
    |
761 | impl CommentParser {
    | ------------------ methods in this implementation
...
774 |     fn parse_documentation(&self, raw_docs: &str) -> Result<ParsedDoc, SemanticError> {
    |        ^^^^^^^^^^^^^^^^^^^
...
837 |     fn clean_comment_line(&self, line: &str) -> String {
    |        ^^^^^^^^^^^^^^^^^^
...
850 |     fn extract_tag(&self, line: &str) -> Option<String> {
    |        ^^^^^^^^^^^
...
862 |     fn tag_to_section(&self, tag: &str) -> DocSection {
    |        ^^^^^^^^^^^^^^
...
872 |     fn finalize_section(
    |        ^^^^^^^^^^^^^^^^

warning: variant `Tag` is never constructed
   --> src/docs/parser.rs:933:5
    |
927 | enum DocSection {
    |      ---------- variant in this enum
...
933 |     Tag(String),
    |     ^^^
    |
    = note: `DocSection` has derived impls for the traits `Clone` and `Debug`, but these are intentionally ignored during dead code analysis

warning: methods `parse_function_signature`, `parse_type_definition`, `extract_function_name`, and `extract_type_name` are never used
   --> src/docs/parser.rs:941:8
    |
936 | impl SignatureParser {
    | -------------------- methods in this implementation
...
941 |     fn parse_function_signature(&self, source: &str) -> Result<FunctionSignature, SemanticError> {
    |        ^^^^^^^^^^^^^^^^^^^^^^^^
...
957 |     fn parse_type_definition(&self, source: &str) -> Result<TypeInfo, SemanticError> {
    |        ^^^^^^^^^^^^^^^^^^^^^
...
970 |     fn extract_function_name(&self, source: &str) -> String {
    |        ^^^^^^^^^^^^^^^^^^^^^
...
981 |     fn extract_type_name(&self, source: &str) -> String {
    |        ^^^^^^^^^^^^^^^^^

warning: fields `template_engine` and `output_format` are never read
  --> src/docs/renderer.rs:32:5
   |
30 | pub struct DocRenderer {
   |            ----------- fields in this struct
31 |     /// Template engine for rendering
32 |     template_engine: TemplateEngine,
   |     ^^^^^^^^^^^^^^^
...
38 |     output_format: OutputFormat,
   |     ^^^^^^^^^^^^^
   |
   = note: `DocRenderer` has a derived impl for the trait `Debug`, but this is intentionally ignored during dead code analysis

warning: field `templates` is never read
  --> src/docs/renderer.rs:45:5
   |
43 | pub struct TemplateEngine {
   |            -------------- field in this struct
44 |     /// Loaded templates
45 |     templates: HashMap<String, String>,
   |     ^^^^^^^^^
   |
   = note: `TemplateEngine` has a derived impl for the trait `Debug`, but this is intentionally ignored during dead code analysis

warning: field `doc` is never read
   --> src/docs/renderer.rs:227:5
    |
225 | pub struct HtmlRenderer<'a> {
    |            ------------ field in this struct
226 |     /// Documentation to render
227 |     doc: &'a Documentation,
    |     ^^^
    |
    = note: `HtmlRenderer` has a derived impl for the trait `Debug`, but this is intentionally ignored during dead code analysis

warning: method `render_template` is never used
   --> src/docs/renderer.rs:849:8
    |
536 | impl TemplateEngine {
    | ------------------- method in this implementation
...
849 |     fn render_template(
    |        ^^^^^^^^^^^^^^^

warning: field `intent_keywords` is never read
   --> src/error/intent_analysis.rs:234:5
    |
233 | struct IntentPattern {
    |        ------------- field in this struct
234 |     intent_keywords: Vec<String>,
    |     ^^^^^^^^^^^^^^^

warning: field `patterns` is never read
   --> src/error/structured.rs:397:5
    |
396 | pub struct ErrorPatterns {
    |            ------------- field in this struct
397 |     patterns: HashMap<String, ErrorPattern>,
    |     ^^^^^^^^

warning: fields `code_prefix`, `matcher`, and `fixer` are never read
   --> src/error/structured.rs:402:5
    |
401 | struct ErrorPattern {
    |        ------------ fields in this struct
402 |     code_prefix: String,
    |     ^^^^^^^^^^^
403 |     matcher: fn(&CompilerError) -> bool,
    |     ^^^^^^^
404 |     fixer: fn(&CompilerError) -> Vec<FixSuggestion>,
    |     ^^^^^
    |
    = note: `ErrorPattern` has a derived impl for the trait `Clone`, but this is intentionally ignored during dead code analysis

warning: field `include_snippets` is never read
   --> src/error/structured.rs:510:5
    |
509 | pub struct LLMErrorFormatter {
    |            ----------------- field in this struct
510 |     include_snippets: bool,
    |     ^^^^^^^^^^^^^^^^

warning: method `read_quoted_identifier` is never used
   --> src/lexer/mod.rs:506:8
    |
 90 | impl Lexer {
    | ---------- method in this implementation
...
506 |     fn read_quoted_identifier(&mut self) -> Result<Token, LexerError> {
    |        ^^^^^^^^^^^^^^^^^^^^^^

warning: method `get_type_id` is never used
  --> src/llvm_backend/mod.rs:96:8
   |
65 | impl CleanupInfo {
   | ---------------- method in this implementation
...
96 |     fn get_type_id(&self, local_id: &mir::LocalId) -> TypeId {
   |        ^^^^^^^^^^^

warning: field `module` is never read
  --> src/lsp/server.rs:36:5
   |
34 | struct DocumentState {
   |        ------------- field in this struct
35 |     text: String,
36 |     module: Option<Module>,
   |     ^^^^^^
   |
   = note: `DocumentState` has a derived impl for the trait `Debug`, but this is intentionally ignored during dead code analysis

warning: fields `start`, `size`, `permissions`, and `status` are never read
  --> src/memory/mod.rs:61:5
   |
59 | struct MemoryRegion {
   |        ------------ fields in this struct
60 |     /// Start address
61 |     start: usize,
   |     ^^^^^
...
64 |     size: usize,
   |     ^^^^
...
67 |     permissions: MemoryPermissions,
   |     ^^^^^^^^^^^
...
70 |     status: AllocationStatus,
   |     ^^^^^^
   |
   = note: `MemoryRegion` has a derived impl for the trait `Debug`, but this is intentionally ignored during dead code analysis

warning: method `analyze_expression_memory` is never used
   --> src/memory/mod.rs:151:8
    |
 95 | impl MemoryAnalyzer {
    | ------------------- method in this implementation
...
151 |     fn analyze_expression_memory(
    |        ^^^^^^^^^^^^^^^^^^^^^^^^^

warning: field `parent` is never read
   --> src/mir/mod.rs:446:5
    |
445 | struct Scope {
    |        ----- field in this struct
446 |     parent: Option<ScopeId>,
    |     ^^^^^^

warning: method `get_enum_variant_associated_type` is never used
    --> src/mir/lowering.rs:4089:8
     |
  74 | impl LoweringContext {
     | -------------------- method in this implementation
...
4089 |     fn get_enum_variant_associated_type(
     |        ^^^^^^^^^^^^^^^^^^^^^^^^^^^^^^^^

warning: field `inlined_functions` is never read
  --> src/optimizations/inlining.rs:35:5
   |
30 | pub struct InliningPass {
   |            ------------ field in this struct
...
35 |     inlined_functions: HashSet<String>,
   |     ^^^^^^^^^^^^^^^^^
   |
   = note: `InliningPass` has a derived impl for the trait `Debug`, but this is intentionally ignored during dead code analysis

warning: fields `summaries` and `global_constants` are never read
  --> src/optimizations/interprocedural.rs:34:5
   |
29 | pub struct InterproceduralAnalysisPass {
   |            --------------------------- fields in this struct
...
34 |     summaries: HashMap<String, FunctionSummary>,
   |     ^^^^^^^^^
...
37 |     global_constants: GlobalConstantAnalysis,
   |     ^^^^^^^^^^^^^^^^
   |
   = note: `InterproceduralAnalysisPass` has a derived impl for the trait `Debug`, but this is intentionally ignored during dead code analysis

warning: fields `pure_functions`, `readonly_functions`, `modifying_functions`, `throwing_functions`, and `nonterminating_functions` are never read
  --> src/optimizations/interprocedural.rs:63:5
   |
61 | pub struct SideEffectAnalysis {
   |            ------------------ fields in this struct
62 |     /// Functions that are pure (no side effects)
63 |     pure_functions: HashSet<String>,
   |     ^^^^^^^^^^^^^^
...
66 |     readonly_functions: HashSet<String>,
   |     ^^^^^^^^^^^^^^^^^^
...
69 |     modifying_functions: HashSet<String>,
   |     ^^^^^^^^^^^^^^^^^^^
...
72 |     throwing_functions: HashSet<String>,
   |     ^^^^^^^^^^^^^^^^^^
...
75 |     nonterminating_functions: HashSet<String>,
   |     ^^^^^^^^^^^^^^^^^^^^^^^^
   |
   = note: `SideEffectAnalysis` has a derived impl for the trait `Debug`, but this is intentionally ignored during dead code analysis

warning: field `induction_variable` is never read
   --> src/optimizations/vectorization.rs:662:5
    |
659 | struct LoopInfo {
    |        -------- field in this struct
...
662 |     induction_variable: Option<Place>,
    |     ^^^^^^^^^^^^^^^^^^
    |
    = note: `LoopInfo` has derived impls for the traits `Clone` and `Debug`, but these are intentionally ignored during dead code analysis

warning: field `artifacts` is never read
  --> src/package/builder.rs:35:5
   |
30 | pub struct PackageBuilder {
   |            -------------- field in this struct
...
35 |     artifacts: Vec<BuildArtifact>,
   |     ^^^^^^^^^
   |
   = note: `PackageBuilder` has a derived impl for the trait `Debug`, but this is intentionally ignored during dead code analysis

warning: fields `artifacts`, `source_timestamps`, `dependency_timestamps`, `config_hash`, and `stats` are never read
  --> src/package/builder.rs:51:5
   |
49 | pub struct BuildCache {
   |            ---------- fields in this struct
50 |     /// Cached build artifacts
51 |     artifacts: HashMap<String, CachedArtifact>,
   |     ^^^^^^^^^
...
54 |     source_timestamps: HashMap<PathBuf, std::time::SystemTime>,
   |     ^^^^^^^^^^^^^^^^^
...
57 |     dependency_timestamps: HashMap<String, std::time::SystemTime>,
   |     ^^^^^^^^^^^^^^^^^^^^^
...
60 |     config_hash: Option<String>,
   |     ^^^^^^^^^^^
...
63 |     stats: BuildCacheStats,
   |     ^^^^^
   |
   = note: `BuildCache` has a derived impl for the trait `Debug`, but this is intentionally ignored during dead code analysis

warning: field `sandbox_config` is never read
   --> src/package/builder.rs:284:5
    |
282 | pub struct BuildScriptRunner {
    |            ----------------- field in this struct
283 |     /// Sandbox configuration
284 |     sandbox_config: SandboxConfig,
    |     ^^^^^^^^^^^^^^
    |
    = note: `BuildScriptRunner` has a derived impl for the trait `Debug`, but this is intentionally ignored during dead code analysis

warning: method `clear` is never used
   --> src/package/builder.rs:882:8
    |
881 | impl BuildCache {
    | --------------- method in this implementation
882 |     fn clear(&mut self) {
    |        ^^^^^

warning: methods `execute_shell_script`, `execute_python_script`, `execute_node_script`, `execute_custom_script`, and `execute_external_script` are never used
   --> src/package/builder.rs:949:8
    |
891 | impl BuildScriptRunner {
    | ---------------------- methods in this implementation
...
949 |     fn execute_shell_script(
    |        ^^^^^^^^^^^^^^^^^^^^
...
960 |     fn execute_python_script(
    |        ^^^^^^^^^^^^^^^^^^^^^
...
971 |     fn execute_node_script(
    |        ^^^^^^^^^^^^^^^^^^^
...
982 |     fn execute_custom_script(
    |        ^^^^^^^^^^^^^^^^^^^^^
...
994 |     fn execute_external_script(
    |        ^^^^^^^^^^^^^^^^^^^^^^^

warning: field `client` is never read
   --> src/package/registry.rs:109:5
    |
107 | pub struct HttpClient {
    |            ---------- field in this struct
108 |     /// HTTP client
109 |     client: reqwest::Client,
    |     ^^^^^^
    |
    = note: `HttpClient` has a derived impl for the trait `Debug`, but this is intentionally ignored during dead code analysis

warning: method `peek_keyword` is never used
   --> src/parser/mod.rs:555:8
    |
255 | impl Parser {
    | ----------- method in this implementation
...
555 |     fn peek_keyword(&self, expected: KeywordType) -> bool {
    |        ^^^^^^^^^^^^

warning: multiple methods are never used
   --> src/parser/v2.rs:210:8
    |
 80 | impl Parser {
    | ----------- methods in this implementation
...
210 |     fn synchronize(&mut self) {
    |        ^^^^^^^^^^^
...
245 |     fn synchronize_to_block_end(&mut self) {
    |        ^^^^^^^^^^^^^^^^^^^^^^^^
...
384 |     fn syntax_error(&self, message: &str, suggestion: Option<&str>) -> ParserError {
    |        ^^^^^^^^^^^^
...
393 |     fn missing_semicolon_error(&self) -> ParserError {
    |        ^^^^^^^^^^^^^^^^^^^^^^^
...
401 |     fn missing_type_error(&self, context: &str) -> ParserError {
    |        ^^^^^^^^^^^^^^^^^^
...
409 |     fn unexpected_token_error(&self, context: &str) -> ParserError {
    |        ^^^^^^^^^^^^^^^^^^^^^^
...
443 |     fn expected_expression_hint(&self) -> &'static str {
    |        ^^^^^^^^^^^^^^^^^^^^^^^^

warning: fields `cache` and `resolver` are never read
  --> src/patterns/composition.rs:31:5
   |
26 | pub struct CompositionEngine {
   |            ----------------- fields in this struct
...
31 |     cache: HashMap<String, ComposedPattern>,
   |     ^^^^^
...
34 |     resolver: ConflictResolver,
   |     ^^^^^^^^

warning: field `strategies` is never read
   --> src/patterns/composition.rs:149:5
    |
147 | pub struct ConflictResolver {
    |            ---------------- field in this struct
148 |     /// Resolution strategies
149 |     strategies: HashMap<ConflictType, ResolutionStrategy>,
    |     ^^^^^^^^^^

warning: variant `Sequential` is never constructed
    --> src/patterns/composition.rs:1075:5
     |
1073 | enum PatternRelationship {
     |      ------------------- variant in this enum
1074 |     Independent,
1075 |     Sequential,
     |     ^^^^^^^^^^
     |
     = note: `PatternRelationship` has derived impls for the traits `Clone` and `Debug`, but these are intentionally ignored during dead code analysis

warning: field `stdlib` is never read
   --> src/pipeline/mod.rs:183:5
    |
181 | pub struct CompilationPipeline {
    |            ------------------- field in this struct
182 |     options: CompileOptions,
183 |     stdlib: StandardLibrary,
    |     ^^^^^^

warning: fields `project_info`, `history`, `automation`, `artifacts`, `distribution`, and `packaging` are never read
  --> src/release/mod.rs:38:5
   |
36 | pub struct ReleaseManager {
   |            -------------- fields in this struct
37 |     /// Project information
38 |     project_info: ProjectInfo,
   |     ^^^^^^^^^^^^
...
41 |     history: ReleaseHistory,
   |     ^^^^^^^
...
44 |     automation: automation::AutomationPipeline,
   |     ^^^^^^^^^^
...
47 |     artifacts: artifacts::ArtifactManager,
   |     ^^^^^^^^^
...
50 |     distribution: distribution::DistributionManager,
   |     ^^^^^^^^^^^^
...
53 |     packaging: packaging::PackageBuilder,
   |     ^^^^^^^^^
   |
   = note: `ReleaseManager` has a derived impl for the trait `Debug`, but this is intentionally ignored during dead code analysis

warning: method `get_content_type` is never used
    --> src/release/distribution.rs:1077:8
     |
 945 | impl DistributionManager {
     | ------------------------ method in this implementation
...
1077 |     fn get_content_type(&self, format: &PackageFormat) -> String {
     |        ^^^^^^^^^^^^^^^^

warning: fields `formats` and `compression` are never read
  --> src/release/packaging.rs:38:5
   |
27 | pub struct PackageBuilder {
   |            -------------- fields in this struct
...
38 |     formats: Vec<PackageFormat>,
   |     ^^^^^^^
...
41 |     compression: CompressionSettings,
   |     ^^^^^^^^^^^
   |
   = note: `PackageBuilder` has a derived impl for the trait `Debug`, but this is intentionally ignored during dead code analysis

warning: field `settings` is never read
   --> src/release/updates.rs:644:5
    |
633 | pub struct UpdateCache<T> {
    |            ----------- field in this struct
...
644 |     settings: CacheSettings,
    |     ^^^^^^^^
    |
    = note: `UpdateCache` has a derived impl for the trait `Debug`, but this is intentionally ignored during dead code analysis

warning: fields `trusted_certs`, `signature_verification`, and `cert_validation` are never read
   --> src/release/updates.rs:878:5
    |
873 | pub struct UpdateSecurity {
    |            -------------- fields in this struct
...
878 |     trusted_certs: Vec<Certificate>,
    |     ^^^^^^^^^^^^^
...
881 |     signature_verification: SignatureVerificationConfig,
    |     ^^^^^^^^^^^^^^^^^^^^^^
...
884 |     cert_validation: CertificateValidation,
    |     ^^^^^^^^^^^^^^^
    |
    = note: `UpdateSecurity` has a derived impl for the trait `Debug`, but this is intentionally ignored during dead code analysis

warning: field `pools` is never read
  --> src/resource/analysis.rs:37:5
   |
26 | pub struct ResourceAnalyzer {
   |            ---------------- field in this struct
...
37 |     pools: HashMap<String, ResourcePool>,
   |     ^^^^^

warning: fields `depth` and `location` are never read
  --> src/resource/analysis.rs:48:5
   |
45 | struct ScopeInfo {
   |        --------- fields in this struct
...
48 |     depth: usize,
   |     ^^^^^
49 |     location: SourceLocation,
   |     ^^^^^^^^
   |
   = note: `ScopeInfo` has derived impls for the traits `Clone` and `Debug`, but these are intentionally ignored during dead code analysis

warning: function `create_external_function` is never used
  --> src/stdlib/mod.rs:95:15
   |
95 | pub(crate) fn create_external_function(
   |               ^^^^^^^^^^^^^^^^^^^^^^^^

warning: fields `assertions` and `variables` are never read
  --> src/verification/solver.rs:26:5
   |
24 | pub struct SmtSolver {
   |            --------- fields in this struct
25 |     /// SMT-LIB assertions
26 |     assertions: Vec<String>,
   |     ^^^^^^^^^^
...
29 |     variables: HashMap<String, String>,
   |     ^^^^^^^^^
   |
   = note: `SmtSolver` has a derived impl for the trait `Debug`, but this is intentionally ignored during dead code analysis

warning: hiding a lifetime that's elided elsewhere is confusing
   --> src/concurrency/sync_primitives.rs:395:17
    |
395 |     pub fn lock(&self) -> LockResult<MutexGuard> {
    |                 ^^^^^                ^^^^^^^^^^ the same lifetime is hidden here
    |                 |
    |                 the lifetime is elided here
    |
    = help: the same lifetime is referred to in inconsistent ways, making the signature confusing
    = note: `#[warn(mismatched_lifetime_syntaxes)]` on by default
help: use `'_` for type paths
    |
395 |     pub fn lock(&self) -> LockResult<MutexGuard<'_>> {
    |                                                ++++

warning: hiding a lifetime that's elided elsewhere is confusing
   --> src/concurrency/sync_primitives.rs:434:21
    |
434 |     pub fn try_lock(&self) -> LockResult<MutexGuard> {
    |                     ^^^^^                ^^^^^^^^^^ the same lifetime is hidden here
    |                     |
    |                     the lifetime is elided here
    |
    = help: the same lifetime is referred to in inconsistent ways, making the signature confusing
help: use `'_` for type paths
    |
434 |     pub fn try_lock(&self) -> LockResult<MutexGuard<'_>> {
    |                                                    ++++

warning: hiding a lifetime that's elided elsewhere is confusing
   --> src/concurrency/sync_primitives.rs:615:17
    |
615 |     pub fn read(&self) -> LockResult<ReadGuard> {
    |                 ^^^^^                ^^^^^^^^^ the same lifetime is hidden here
    |                 |
    |                 the lifetime is elided here
    |
    = help: the same lifetime is referred to in inconsistent ways, making the signature confusing
help: use `'_` for type paths
    |
615 |     pub fn read(&self) -> LockResult<ReadGuard<'_>> {
    |                                               ++++

warning: hiding a lifetime that's elided elsewhere is confusing
   --> src/concurrency/sync_primitives.rs:634:18
    |
634 |     pub fn write(&self) -> LockResult<WriteGuard> {
    |                  ^^^^^                ^^^^^^^^^^ the same lifetime is hidden here
    |                  |
    |                  the lifetime is elided here
    |
    = help: the same lifetime is referred to in inconsistent ways, making the signature confusing
help: use `'_` for type paths
    |
634 |     pub fn write(&self) -> LockResult<WriteGuard<'_>> {
    |                                                 ++++

warning: unused `Result` that must be used
   --> src/llvm_backend/mod.rs:453:29
    |
453 | ...                   builder.build_return(Some(&return_value));
    |                       ^^^^^^^^^^^^^^^^^^^^^^^^^^^^^^^^^^^^^^^^^
    |
    = note: this `Result` may be an `Err` variant, which should be handled
    = note: `#[warn(unused_must_use)]` (part of `#[warn(unused)]`) on by default
help: use `let _ = ...` to ignore the resulting value
    |
453 |                             let _ = builder.build_return(Some(&return_value));
    |                             +++++++

warning: unused `Result` that must be used
   --> src/llvm_backend/mod.rs:462:29
    |
462 | ...                   builder.build_return(Some(&i32_type.const_int(0, false)));
    |                       ^^^^^^^^^^^^^^^^^^^^^^^^^^^^^^^^^^^^^^^^^^^^^^^^^^^^^^^^^
    |
    = note: this `Result` may be an `Err` variant, which should be handled
help: use `let _ = ...` to ignore the resulting value
    |
462 |                             let _ = builder.build_return(Some(&i32_type.const_int(0, false)));
    |                             +++++++

warning: hiding a lifetime that's elided elsewhere is confusing
  --> src/llvm_backend/context.rs:47:26
   |
47 |     pub fn create_module(&self, name: &str) -> Module {
   |                          ^^^^^                 ^^^^^^ the same lifetime is hidden here
   |                          |
   |                          the lifetime is elided here
   |
   = help: the same lifetime is referred to in inconsistent ways, making the signature confusing
help: use `'_` for type paths
   |
47 |     pub fn create_module(&self, name: &str) -> Module<'_> {
   |                                                      ++++

warning: hiding a lifetime that's elided elsewhere is confusing
  --> src/llvm_backend/context.rs:58:27
   |
58 |     pub fn create_builder(&self) -> Builder {
   |                           ^^^^^     ^^^^^^^ the same lifetime is hidden here
   |                           |
   |                           the lifetime is elided here
   |
   = help: the same lifetime is referred to in inconsistent ways, making the signature confusing
help: use `'_` for type paths
   |
58 |     pub fn create_builder(&self) -> Builder<'_> {
   |                                            ++++

warning: using `.clone()` on a double reference, which returns `&version::Version` instead of cloning the inner type
   --> src/package/resolver.rs:538:61
    |
538 |                 Ok(compatible_versions.iter().max().unwrap().clone().clone())
    |                                                             ^^^^^^^^
    |
    = note: `#[warn(suspicious_double_ref_op)]` on by default

warning: using `.clone()` on a double reference, which returns `&version::Version` instead of cloning the inner type
   --> src/package/resolver.rs:541:61
    |
541 |                 Ok(compatible_versions.iter().min().unwrap().clone().clone())
    |                                                             ^^^^^^^^

warning: using `.clone()` on a double reference, which returns `&version::Version` instead of cloning the inner type
   --> src/package/resolver.rs:545:61
    |
545 |                 Ok(compatible_versions.iter().min().unwrap().clone().clone())
    |                                                             ^^^^^^^^

warning: using `.clone()` on a double reference, which returns `&version::Version` instead of cloning the inner type
   --> src/package/resolver.rs:549:61
    |
549 |                 Ok(compatible_versions.iter().max().unwrap().clone().clone())
    |                                                             ^^^^^^^^

warning: hiding a lifetime that's elided elsewhere is confusing
  --> src/profiling/mod.rs:91:24
   |
91 |     pub fn start_phase(&mut self, phase_name: &str) -> PhaseTimer {
   |                        ^^^^^^^^^                       ^^^^^^^^^^ the same lifetime is hidden here
   |                        |
   |                        the lifetime is elided here
   |
   = help: the same lifetime is referred to in inconsistent ways, making the signature confusing
help: use `'_` for type paths
   |
91 |     pub fn start_phase(&mut self, phase_name: &str) -> PhaseTimer<'_> {
   |                                                                  ++++

warning: unused `Result` that must be used
    --> src/semantic/mod.rs:2918:9
     |
2918 |         self.symbol_table.exit_scope();
     |         ^^^^^^^^^^^^^^^^^^^^^^^^^^^^^^
     |
     = note: this `Result` may be an `Err` variant, which should be handled
help: use `let _ = ...` to ignore the resulting value
     |
2918 |         let _ = self.symbol_table.exit_scope();
     |         +++++++

warning: `aether` (lib) generated 195 warnings (run `cargo fix --lib -p aether` to apply 46 suggestions)
    Finished `dev` profile [unoptimized + debuginfo] target(s) in 1.24s
     Running `target/debug/aether-compiler compile tests/fixtures/simple_module.aether --output test_output`
Compilation failed: Lexer error: Unterminated string literal at tests/fixtures/simple_module.aether:2:9

  left: 1
 right: 0

---- test_cli_check_valid_file stdout ----

thread 'test_cli_check_valid_file' (7563093) panicked at tests/cli_integration_tests.rs:75:5:
assertion `left == right` failed: Stderr:     Blocking waiting for file lock on package cache
    Blocking waiting for file lock on package cache
    Blocking waiting for file lock on package cache
    Blocking waiting for file lock on package cache
    Blocking waiting for file lock on build directory
warning: unused import: `ExampleType`
  --> src/docs/tutorial.rs:21:46
   |
21 |     CodeExample, DifficultyLevel, DocConfig, ExampleType, Exercise, Tutorial, TutorialSection,
   |                                              ^^^^^^^^^^^
   |
   = note: `#[warn(unused_imports)]` (part of `#[warn(unused)]`) on by default

warning: unused import: `std::path::Path`
  --> src/error/enhancement.rs:24:5
   |
24 | use std::path::Path;
   |     ^^^^^^^^^^^^^^^

warning: unused import: `BehavioralSpec`
  --> src/error/intent_analysis.rs:22:33
   |
22 | use crate::semantic::metadata::{BehavioralSpec, IntentSpec};
   |                                 ^^^^^^^^^^^^^^

warning: unused imports: `Expression`, `Statement`, and `TypeSpecifier`
  --> src/error/structured.rs:20:18
   |
20 | use crate::ast::{Expression, Statement, TypeSpecifier};
   |                  ^^^^^^^^^^  ^^^^^^^^^  ^^^^^^^^^^^^^

warning: unused import: `HashSet`
  --> src/llvm_backend/mod.rs:37:33
   |
37 | use std::collections::{HashMap, HashSet};
   |                                 ^^^^^^^

warning: unused import: `std::path::Path`
  --> src/lsp/server.rs:20:5
   |
20 | use std::path::Path;
   |     ^^^^^^^^^^^^^^^

warning: unused import: `BasicBlockId`
  --> src/optimizations/constant_propagation.rs:21:18
   |
21 | use crate::mir::{BasicBlockId, ConstantValue, Function, LocalId, Operand, Rvalue, Statement};
   |                  ^^^^^^^^^^^^

warning: unused imports: `BasicBlockId`, `LocalId`, `Place`, and `SourceInfo`
  --> src/optimizations/inlining.rs:22:5
   |
22 |     BasicBlockId, Function, LocalId, Operand, Place, Program, Rvalue, SourceInfo, Statement,
   |     ^^^^^^^^^^^^            ^^^^^^^           ^^^^^                   ^^^^^^^^^^

warning: unused import: `std::collections::HashMap`
  --> src/optimizations/inlining.rs:25:5
   |
25 | use std::collections::HashMap;
   |     ^^^^^^^^^^^^^^^^^^^^^^^^^

warning: unused import: `Constant`
  --> src/optimizations/interprocedural.rs:22:17
   |
22 |     BasicBlock, Constant, Function, Operand, Place, Program, Rvalue, Statement, Terminator,
   |                 ^^^^^^^^

warning: unused import: `BuildConfiguration`
  --> src/package/builder.rs:21:32
   |
21 | use crate::package::manifest::{BuildConfiguration, PackageManifest};
   |                                ^^^^^^^^^^^^^^^^^^

warning: unused import: `CacheStats`
  --> src/package/builder.rs:22:35
   |
22 | use crate::package::{BuildConfig, CacheStats};
   |                                   ^^^^^^^^^^

warning: unused imports: `BinaryOp` and `Expression as ContractExpr`
  --> src/patterns/catalog.rs:20:38
   |
20 | use crate::verification::contracts::{BinaryOp, Expression as ContractExpr};
   |                                      ^^^^^^^^  ^^^^^^^^^^^^^^^^^^^^^^^^^^

warning: unused imports: `Block`, `Expression`, `Function`, and `Statement`
  --> src/patterns/composition.rs:20:18
   |
20 | use crate::ast::{Block, Expression, Function, Statement};
   |                  ^^^^^  ^^^^^^^^^^  ^^^^^^^^  ^^^^^^^^^

warning: unused import: `crate::error::SourceLocation`
  --> src/patterns/composition.rs:21:5
   |
21 | use crate::error::SourceLocation;
   |     ^^^^^^^^^^^^^^^^^^^^^^^^^^^^

warning: unused import: `Function`
  --> src/patterns/mod.rs:23:37
   |
23 | use crate::ast::{Block, Expression, Function, Statement};
   |                                     ^^^^^^^^

warning: unused import: `crate::error::SourceLocation`
  --> src/patterns/mod.rs:24:5
   |
24 | use crate::error::SourceLocation;
   |     ^^^^^^^^^^^^^^^^^^^^^^^^^^^^

warning: unused imports: `FailoverConfig`, `FailoverThreshold`, `RecoveryConfig`, and `self`
  --> src/release/distribution.rs:23:22
   |
23 | use crate::release::{self, DistributionConfig, FailoverConfig, FailoverThreshold, RecoveryConfig};
   |                      ^^^^                      ^^^^^^^^^^^^^^  ^^^^^^^^^^^^^^^^^  ^^^^^^^^^^^^^^

warning: unused import: `crate::error::SemanticError`
  --> src/release/mod.rs:26:5
   |
26 | use crate::error::SemanticError;
   |     ^^^^^^^^^^^^^^^^^^^^^^^^^^^

warning: unused import: `OwnershipKind`
  --> src/semantic/mod.rs:32:20
   |
32 | use crate::types::{OwnershipKind, Type, TypeChecker};
   |                    ^^^^^^^^^^^^^

warning: unused import: `crate::types::Type`
  --> src/verification/contract_to_smt.rs:20:5
   |
20 | use crate::types::Type;
   |     ^^^^^^^^^^^^^^^^^^

warning: unused imports: `AggregateOp` and `TemporalOp`
  --> src/verification/contract_to_smt.rs:22:5
   |
22 |     AggregateOp, BinaryOp, ConstantValue, Expression, QuantifierKind, TemporalOp, UnaryOp,
   |     ^^^^^^^^^^^                                                       ^^^^^^^^^^

warning: unused imports: `Deserialize` and `Serialize`
  --> src/verification/contracts.rs:30:13
   |
30 | use serde::{Deserialize, Serialize};
   |             ^^^^^^^^^^^  ^^^^^^^^^

warning: unused import: `crate::ast::PrimitiveType`
  --> src/verification/vcgen.rs:23:5
   |
23 | use crate::ast::PrimitiveType;
   |     ^^^^^^^^^^^^^^^^^^^^^^^^^

warning: unused import: `crate::types::Type`
  --> src/verification/vcgen.rs:26:5
   |
26 | use crate::types::Type;
   |     ^^^^^^^^^^^^^^^^^^

warning: unused variable: `receiver`
   --> src/concurrency/actors.rs:377:22
    |
377 |         let (sender, receiver) = mpsc::channel();
    |                      ^^^^^^^^ help: if this is intentional, prefix it with an underscore: `_receiver`
    |
    = note: `#[warn(unused_variables)]` (part of `#[warn(unused)]`) on by default

warning: unused variable: `strategy`
   --> src/concurrency/actors.rs:622:12
    |
622 |     fn new(strategy: SupervisionStrategy) -> Self {
    |            ^^^^^^^^ help: if this is intentional, prefix it with an underscore: `_strategy`

warning: unused variable: `worker_id`
   --> src/concurrency/async_runtime.rs:350:13
    |
350 |         for worker_id in 0..self.config.worker_threads {
    |             ^^^^^^^^^ help: if this is intentional, prefix it with an underscore: `_worker_id`

warning: unused variable: `start_time`
   --> src/concurrency/sync_primitives.rs:568:13
    |
568 |         let start_time = Instant::now();
    |             ^^^^^^^^^^ help: if this is intentional, prefix it with an underscore: `_start_time`

warning: unused variable: `metrics`
   --> src/concurrency/sync_primitives.rs:711:23
    |
711 |         if let Ok(mut metrics) = self.rw_lock.metrics.lock() {}
    |                       ^^^^^^^ help: if this is intentional, prefix it with an underscore: `_metrics`

warning: variable does not need to be mutable
   --> src/concurrency/sync_primitives.rs:711:19
    |
711 |         if let Ok(mut metrics) = self.rw_lock.metrics.lock() {}
    |                   ----^^^^^^^
    |                   |
    |                   help: remove this `mut`
    |
    = note: `#[warn(unused_mut)]` (part of `#[warn(unused)]`) on by default

warning: unused variable: `metrics`
   --> src/concurrency/sync_primitives.rs:718:23
    |
718 |         if let Ok(mut metrics) = self.rw_lock.metrics.lock() {}
    |                       ^^^^^^^ help: if this is intentional, prefix it with an underscore: `_metrics`

warning: variable does not need to be mutable
   --> src/concurrency/sync_primitives.rs:718:19
    |
718 |         if let Ok(mut metrics) = self.rw_lock.metrics.lock() {}
    |                   ----^^^^^^^
    |                   |
    |                   help: remove this `mut`

warning: unused variable: `response_receiver`
   --> src/debug/debugger.rs:390:31
    |
390 |         let (response_sender, response_receiver) = channel();
    |                               ^^^^^^^^^^^^^^^^^ help: if this is intentional, prefix it with an underscore: `_response_receiver`

warning: unused variable: `debugger_process`
   --> src/debug/debugger.rs:393:13
    |
393 |         let debugger_process = self.start_debugger_process(&program_path)?;
    |             ^^^^^^^^^^^^^^^^ help: if this is intentional, prefix it with an underscore: `_debugger_process`

warning: unused variable: `target_info`
   --> src/debug/debugger.rs:401:13
    |
401 |         let target_info = TargetInfo {
    |             ^^^^^^^^^^^ help: if this is intentional, prefix it with an underscore: `_target_info`

warning: unused variable: `diagnostic`
   --> src/debug/lsp.rs:593:21
    |
593 |                 let diagnostic = Diagnostic {
    |                     ^^^^^^^^^^ help: if this is intentional, prefix it with an underscore: `_diagnostic`

warning: unused variable: `name`
   --> src/debug/lsp.rs:636:18
    |
636 |             for (name, symbol) in &semantic_info.symbols {
    |                  ^^^^ help: if this is intentional, prefix it with an underscore: `_name`

warning: unused variable: `uri`
   --> src/debug/lsp.rs:789:35
    |
789 |     pub fn get_diagnostics(&self, uri: &str) -> Vec<Diagnostic> {
    |                                   ^^^ help: if this is intentional, prefix it with an underscore: `_uri`

warning: unused variable: `categories`
   --> src/docs/examples.rs:132:13
    |
132 |         let categories = Self::create_example_categories();
    |             ^^^^^^^^^^ help: if this is intentional, prefix it with an underscore: `_categories`

warning: unused variable: `templates`
   --> src/docs/examples.rs:133:13
    |
133 |         let templates = Self::create_example_templates();
    |             ^^^^^^^^^ help: if this is intentional, prefix it with an underscore: `_templates`

warning: unused variable: `config`
   --> src/docs/examples.rs:131:16
    |
131 |     pub fn new(config: &DocConfig) -> Result<Self, SemanticError> {
    |                ^^^^^^ help: if this is intentional, prefix it with an underscore: `_config`

warning: unused variable: `output_dir`
  --> src/docs/generator.rs:21:16
   |
21 |     pub fn new(output_dir: String) -> Self {
   |                ^^^^^^^^^^ help: if this is intentional, prefix it with an underscore: `_output_dir`

warning: unused variable: `comment_parser`
   --> src/docs/parser.rs:132:13
    |
132 |         let comment_parser = CommentParser::new();
    |             ^^^^^^^^^^^^^^ help: if this is intentional, prefix it with an underscore: `_comment_parser`

warning: unused variable: `signature_parser`
   --> src/docs/parser.rs:133:13
    |
133 |         let signature_parser = SignatureParser::new();
    |             ^^^^^^^^^^^^^^^^ help: if this is intentional, prefix it with an underscore: `_signature_parser`

warning: unused variable: `config`
   --> src/docs/parser.rs:131:16
    |
131 |     pub fn new(config: &DocConfig) -> Result<Self, SemanticError> {
    |                ^^^^^^ help: if this is intentional, prefix it with an underscore: `_config`

warning: unused variable: `themes`
   --> src/docs/renderer.rs:368:13
    |
368 |         let themes = ThemeManager::new()?;
    |             ^^^^^^ help: if this is intentional, prefix it with an underscore: `_themes`

warning: unused variable: `search_paths`
   --> src/docs/renderer.rs:539:13
    |
539 |         let search_paths = vec![base_dir.join("templates"), PathBuf::from("templates")];
    |             ^^^^^^^^^^^^ help: if this is intentional, prefix it with an underscore: `_search_paths`

warning: unused variable: `helpers`
   --> src/docs/renderer.rs:558:13
    |
558 |         let helpers = Self::create_default_helpers();
    |             ^^^^^^^ help: if this is intentional, prefix it with an underscore: `_helpers`

warning: unused variable: `processors`
   --> src/docs/renderer.rs:879:13
    |
879 |         let processors: Vec<&dyn Fn(&str) -> String> = vec![];
    |             ^^^^^^^^^^ help: if this is intentional, prefix it with an underscore: `_processors`

warning: unused variable: `options`
    --> src/docs/renderer.rs:1185:13
     |
1185 |         let options = MarkdownOptions {
     |             ^^^^^^^ help: if this is intentional, prefix it with an underscore: `_options`

warning: unused variable: `toc_generator`
    --> src/docs/renderer.rs:1192:13
     |
1192 |         let toc_generator = TocGenerator {};
     |             ^^^^^^^^^^^^^ help: if this is intentional, prefix it with an underscore: `_toc_generator`

warning: unused variable: `options`
    --> src/docs/renderer.rs:1347:13
     |
1347 |         let options = PdfOptions {
     |             ^^^^^^^ help: if this is intentional, prefix it with an underscore: `_options`

warning: unused variable: `layout`
    --> src/docs/renderer.rs:1354:13
     |
1354 |         let layout = PageLayout {
     |             ^^^^^^ help: if this is intentional, prefix it with an underscore: `_layout`

warning: unused variable: `templates`
  --> src/docs/tutorial.rs:98:13
   |
98 |         let templates = Self::create_tutorial_templates();
   |             ^^^^^^^^^ help: if this is intentional, prefix it with an underscore: `_templates`

warning: unused variable: `config`
  --> src/docs/tutorial.rs:97:16
   |
97 |     pub fn new(config: &DocConfig) -> Result<Self, SemanticError> {
   |                ^^^^^^ help: if this is intentional, prefix it with an underscore: `_config`

warning: unused variable: `function`
   --> src/error/intent_analysis.rs:142:9
    |
142 |         function: &Function,
    |         ^^^^^^^^ help: if this is intentional, prefix it with an underscore: `_function`

warning: unused variable: `error`
   --> src/error/structured.rs:434:26
    |
434 |     fn fix_type_mismatch(error: &CompilerError) -> Vec<FixSuggestion> {
    |                          ^^^^^ help: if this is intentional, prefix it with an underscore: `_error`

warning: unused variable: `error`
   --> src/error/structured.rs:455:29
    |
455 |     fn fix_undefined_symbol(error: &CompilerError) -> Vec<FixSuggestion> {
    |                             ^^^^^ help: if this is intentional, prefix it with an underscore: `_error`

warning: unreachable pattern
   --> src/lexer/mod.rs:716:17
    |
685 |                 Some('\'') => {
    |                 ---------- matches all the relevant values
...
716 |                 Some('\'') => {
    |                 ^^^^^^^^^^ no value can reach this
    |
    = note: `#[warn(unreachable_patterns)]` (part of `#[warn(unused)]`) on by default

warning: unused variable: `function`
   --> src/llvm_backend/codegen.rs:157:13
    |
157 |         let function = self.module.add_function(name, fn_type, None);
    |             ^^^^^^^^ help: if this is intentional, prefix it with an underscore: `_function`

warning: unused variable: `i`
   --> src/llvm_backend/mod.rs:625:18
    |
625 |             for (i, stmt) in mir_block.statements.iter().enumerate() {
    |                  ^ help: if this is intentional, prefix it with an underscore: `_i`

warning: unnecessary `unsafe` block
   --> src/llvm_backend/mod.rs:919:41
    |
919 |                         let field_ptr = unsafe {
    |                                         ^^^^^^ unnecessary `unsafe` block
    |
    = note: `#[warn(unused_unsafe)]` (part of `#[warn(unused)]`) on by default

warning: unreachable pattern
    --> src/llvm_backend/mod.rs:2437:13
     |
 986 |             mir::Rvalue::AddressOf(place) => {
     |             ----------------------------- matches all the relevant values
...
2437 |             &mir::Rvalue::AddressOf(_) => todo!(),
     |             ^^^^^^^^^^^^^^^^^^^^^^^^^^ no value can reach this

warning: unused variable: `int_val`
    --> src/llvm_backend/mod.rs:1541:58
     |
1541 | ...                   BasicValueEnum::IntValue(int_val) => {
     |                                                ^^^^^^^ help: if this is intentional, prefix it with an underscore: `_int_val`

warning: unused variable: `field_names`
    --> src/llvm_backend/mod.rs:1836:61
     |
1836 |                     mir::AggregateKind::Struct(struct_name, field_names) => {
     |                                                             ^^^^^^^^^^^ help: if this is intentional, prefix it with an underscore: `_field_names`

warning: value assigned to `struct_size` is never read
    --> src/llvm_backend/mod.rs:1860:33
     |
1860 |                         let mut struct_size = 0u64;
     |                                 ^^^^^^^^^^^
     |
     = help: maybe it is overwritten before being read?
     = note: `#[warn(unused_assignments)]` (part of `#[warn(unused)]`) on by default

warning: variable does not need to be mutable
    --> src/llvm_backend/mod.rs:2152:29
     |
2152 |                         let mut current_type =
     |                             ----^^^^^^^^^^^^
     |                             |
     |                             help: remove this `mut`

warning: unused variable: `i64_type`
    --> src/llvm_backend/mod.rs:3210:13
     |
3210 |         let i64_type = self.context.i64_type();
     |             ^^^^^^^^ help: if this is intentional, prefix it with an underscore: `_i64_type`

warning: unused variable: `void_type`
    --> src/llvm_backend/mod.rs:3213:13
     |
3213 |         let void_type = self.context.void_type();
     |             ^^^^^^^^^ help: if this is intentional, prefix it with an underscore: `_void_type`

warning: unnecessary `unsafe` block
    --> src/llvm_backend/mod.rs:3662:33
     |
3662 |                 let field_ptr = unsafe {
     |                                 ^^^^^^ unnecessary `unsafe` block

warning: unused variable: `parent`
   --> src/memory/mod.rs:110:37
    |
110 |     pub fn create_region(&mut self, parent: Option<RegionId>) -> RegionId {
    |                                     ^^^^^^ help: if this is intentional, prefix it with an underscore: `_parent`

warning: unused variable: `operand`
   --> src/memory/mod.rs:307:48
    |
307 |                 if let Expression::AddressOf { operand, .. } = &**expr {
    |                                                ^^^^^^^-
    |                                                |
    |                                                help: try removing the field

warning: unused variable: `region_id`
   --> src/memory/mod.rs:441:38
    |
441 |     fn get_region_allocations(&self, region_id: &RegionId) -> Vec<AllocationInfo> {
    |                                      ^^^^^^^^^ help: if this is intentional, prefix it with an underscore: `_region_id`

warning: unused variable: `source_location`
   --> src/mir/lowering.rs:608:17
    |
608 |                 source_location,
    |                 ^^^^^^^^^^^^^^^ help: try ignoring the field: `source_location: _`

warning: unused variable: `source_location`
   --> src/mir/lowering.rs:621:17
    |
621 |                 source_location,
    |                 ^^^^^^^^^^^^^^^ help: try ignoring the field: `source_location: _`

warning: unused variable: `source_location`
   --> src/mir/lowering.rs:675:17
    |
675 |                 source_location,
    |                 ^^^^^^^^^^^^^^^ help: try ignoring the field: `source_location: _`

warning: unused variable: `source_location`
   --> src/mir/lowering.rs:685:17
    |
685 |                 source_location,
    |                 ^^^^^^^^^^^^^^^ help: try ignoring the field: `source_location: _`

warning: unused variable: `module`
    --> src/mir/lowering.rs:2544:33
     |
2544 |             Type::Named { name, module } => {
     |                                 ^^^^^^ help: try ignoring the field: `module: _`

warning: unused variable: `map`
    --> src/mir/lowering.rs:2668:47
     |
2668 |             ast::AssignmentTarget::MapValue { map, key } => {
     |                                               ^^^ help: try ignoring the field: `map: _`

warning: unused variable: `key`
    --> src/mir/lowering.rs:2668:52
     |
2668 |             ast::AssignmentTarget::MapValue { map, key } => {
     |                                                    ^^^ help: try ignoring the field: `key: _`

warning: unreachable pattern
    --> src/mir/lowering.rs:3998:13
     |
3934 |               ast::Pattern::Wildcard { binding, .. } => {
     |               -------------------------------------- matches all the relevant values
...
3998 | /             ast::Pattern::Wildcard {
3999 | |                 binding: Some(binding_name),
4000 | |                 source_location,
4001 | |             } => {
     | |_____________^ no value can reach this

warning: unreachable pattern
    --> src/mir/lowering.rs:4061:13
     |
3934 |             ast::Pattern::Wildcard { binding, .. } => {
     |             -------------------------------------- matches all the relevant values
...
4061 |             ast::Pattern::Wildcard { binding: None, .. } => {
     |             ^^^^^^^^^^^^^^^^^^^^^^^^^^^^^^^^^^^^^^^^^^^^ no value can reach this

warning: unused variable: `st`
    --> src/mir/lowering.rs:3792:49
     |
3792 |                     let data_type = if let Some(st) = &self.symbol_table {
     |                                                 ^^ help: if this is intentional, prefix it with an underscore: `_st`

warning: unused variable: `inner_variant`
    --> src/mir/lowering.rs:3819:43
     |
3819 | ...                   variant_name: inner_variant,
     |                                     ^^^^^^^^^^^^^ help: if this is intentional, prefix it with an underscore: `_inner_variant`

warning: unused variable: `target_type`
    --> src/mir/lowering.rs:4665:13
     |
4665 |         let target_type = match pointer_type {
     |             ^^^^^^^^^^^ help: if this is intentional, prefix it with an underscore: `_target_type`

warning: unused variable: `cycle`
   --> src/module_loader.rs:280:17
    |
280 |             let cycle: Vec<String> = stack[cycle_start..].to_vec();
    |                 ^^^^^ help: if this is intentional, prefix it with an underscore: `_cycle`

warning: unused variable: `depth`
  --> src/optimizations/inlining.rs:52:44
   |
52 |     pub fn set_max_inline_depth(&mut self, depth: usize) {}
   |                                            ^^^^^ help: if this is intentional, prefix it with an underscore: `_depth`

warning: unused variable: `function_name`
   --> src/optimizations/interprocedural.rs:667:14
    |
667 |         for (function_name, summary) in summaries {
    |              ^^^^^^^^^^^^^ help: if this is intentional, prefix it with an underscore: `_function_name`

warning: unused variable: `function_name`
   --> src/optimizations/interprocedural.rs:782:14
    |
782 |         for (function_name, function) in &program.functions {
    |              ^^^^^^^^^^^^^ help: if this is intentional, prefix it with an underscore: `_function_name`

warning: unused variable: `function`
   --> src/optimizations/interprocedural.rs:782:29
    |
782 |         for (function_name, function) in &program.functions {
    |                             ^^^^^^^^ help: if this is intentional, prefix it with an underscore: `_function`

warning: unused variable: `function_name`
   --> src/optimizations/interprocedural.rs:799:14
    |
799 |         for (function_name, function) in &program.functions {
    |              ^^^^^^^^^^^^^ help: if this is intentional, prefix it with an underscore: `_function_name`

warning: unused variable: `function_name`
   --> src/optimizations/interprocedural.rs:821:14
    |
821 |         for (function_name, function) in &program.functions {
    |              ^^^^^^^^^^^^^ help: if this is intentional, prefix it with an underscore: `_function_name`

warning: unused variable: `constant`
   --> src/optimizations/interprocedural.rs:856:21
    |
856 |         for (place, constant) in assignments {
    |                     ^^^^^^^^ help: if this is intentional, prefix it with an underscore: `_constant`

warning: unused variable: `var_name`
   --> src/optimizations/interprocedural.rs:857:17
    |
857 |             let var_name = format!("{}::{}", function.name, place.local);
    |                 ^^^^^^^^ help: if this is intentional, prefix it with an underscore: `_var_name`

warning: unused variable: `end_loc`
    --> src/parser/v2.rs:2883:17
     |
2883 |             let end_loc = self.current_location();
     |                 ^^^^^^^ help: if this is intentional, prefix it with an underscore: `_end_loc`

warning: unused variable: `field_location`
    --> src/parser/mod.rs:1420:17
     |
1420 |             let field_location = field_keyword.location.clone();
     |                 ^^^^^^^^^^^^^^ help: if this is intentional, prefix it with an underscore: `_field_location`

warning: variable does not need to be mutable
    --> src/parser/mod.rs:1875:13
     |
1875 |         let mut constraints = Vec::new();
     |             ----^^^^^^^^^^^
     |             |
     |             help: remove this `mut`

warning: variable `generic_parameters` is assigned to, but never used
    --> src/parser/mod.rs:1927:17
     |
1927 |         let mut generic_parameters = Vec::new();
     |                 ^^^^^^^^^^^^^^^^^^
     |
     = note: consider using `_generic_parameters` instead

warning: variable `lifetime_parameters` is assigned to, but never used
    --> src/parser/mod.rs:1928:17
     |
1928 |         let mut lifetime_parameters = Vec::new();
     |                 ^^^^^^^^^^^^^^^^^^^
     |
     = note: consider using `_lifetime_parameters` instead

warning: value assigned to `generic_parameters` is never read
    --> src/parser/mod.rs:1977:29
     |
1977 | ...                   generic_parameters = self.parse_generic_parameters()?;
     |                       ^^^^^^^^^^^^^^^^^^
     |
     = help: maybe it is overwritten before being read?

warning: value assigned to `lifetime_parameters` is never read
    --> src/parser/mod.rs:1981:29
     |
1981 | ...                   lifetime_parameters = self.parse_lifetime_parameters()?;
     |                       ^^^^^^^^^^^^^^^^^^^
     |
     = help: maybe it is overwritten before being read?

warning: variable does not need to be mutable
    --> src/parser/mod.rs:1926:13
     |
1926 |         let mut intent = None;
     |             ----^^^^^^
     |             |
     |             help: remove this `mut`

warning: unused variable: `nested_pattern`
    --> src/parser/mod.rs:4182:22
     |
4182 |                 let (nested_pattern, binding) = if let Some(token) = self.current_token() {
     |                      ^^^^^^^^^^^^^^ help: if this is intentional, prefix it with an underscore: `_nested_pattern`

warning: variable does not need to be mutable
    --> src/parser/mod.rs:4599:13
     |
4599 |         let mut invariants = Vec::new();
     |             ----^^^^^^^^^^
     |             |
     |             help: remove this `mut`

warning: variable does not need to be mutable
   --> src/patterns/catalog.rs:132:21
    |
132 |                 let mut contract = create_pattern_contract("safe_array_access");
    |                     ----^^^^^^^^
    |                     |
    |                     help: remove this `mut`

warning: variable does not need to be mutable
   --> src/patterns/catalog.rs:392:21
    |
392 |                 let mut contract = create_pattern_contract("binary_search");
    |                     ----^^^^^^^^
    |                     |
    |                     help: remove this `mut`

warning: variable does not need to be mutable
   --> src/patterns/catalog.rs:536:21
    |
536 |                 let mut contract = create_pattern_contract("map_filter_reduce");
    |                     ----^^^^^^^^
    |                     |
    |                     help: remove this `mut`

warning: variable does not need to be mutable
   --> src/patterns/catalog.rs:804:21
    |
804 |                 let mut contract = create_pattern_contract("raii_wrapper");
    |                     ----^^^^^^^^
    |                     |
    |                     help: remove this `mut`

warning: variable does not need to be mutable
   --> src/patterns/catalog.rs:931:21
    |
931 |                 let mut contract = create_pattern_contract("result_type");
    |                     ----^^^^^^^^
    |                     |
    |                     help: remove this `mut`

warning: variable does not need to be mutable
    --> src/patterns/catalog.rs:1049:21
     |
1049 |                 let mut contract = create_pattern_contract("input_validation");
     |                     ----^^^^^^^^
     |                     |
     |                     help: remove this `mut`

warning: unused variable: `data_flow`
   --> src/patterns/composition.rs:519:9
    |
519 |         data_flow: &DataFlowSpec,
    |         ^^^^^^^^^ help: if this is intentional, prefix it with an underscore: `_data_flow`

warning: unused variable: `config`
   --> src/release/distribution.rs:947:16
    |
947 |     pub fn new(config: DistributionConfig) -> Result<Self, SemanticError> {
    |                ^^^^^^ help: if this is intentional, prefix it with an underscore: `_config`

warning: unused variable: `cache_config`
    --> src/release/distribution.rs:1135:13
     |
1135 |         let cache_config = CacheConfig {
     |             ^^^^^^^^^^^^ help: if this is intentional, prefix it with an underscore: `_cache_config`

warning: unused variable: `c_string`
   --> src/runtime/mod.rs:170:9
    |
170 |     let c_string = result.as_ptr() as *mut c_char;
    |         ^^^^^^^^ help: if this is intentional, prefix it with an underscore: `_c_string`

warning: unused variable: `constraint`
   --> src/semantic/metadata.rs:462:25
    |
462 |             if let Some(constraint) = &sem_type.constraint {
    |                         ^^^^^^^^^^ help: if this is intentional, prefix it with an underscore: `_constraint`

warning: unused variable: `e`
  --> src/semantic/ownership.rs:41:32
   |
41 |                     if let Err(e) = self.symbol_table.mark_variable_moved(&name.name) {
   |                                ^ help: if this is intentional, prefix it with an underscore: `_e`

warning: unused variable: `e`
  --> src/semantic/ownership.rs:66:36
   |
66 |                         if let Err(e) = self.symbol_table.mark_variable_moved(&name.name) {
   |                                    ^ help: if this is intentional, prefix it with an underscore: `_e`

warning: unused variable: `enum_name`
    --> src/semantic/mod.rs:1549:17
     |
1549 |                 enum_name,
     |                 ^^^^^^^^^ help: try ignoring the field: `enum_name: _`

warning: unused variable: `source_location`
    --> src/semantic/mod.rs:1726:17
     |
1726 |                 source_location,
     |                 ^^^^^^^^^^^^^^^ help: try ignoring the field: `source_location: _`

warning: unused variable: `source_location`
    --> src/semantic/mod.rs:1921:17
     |
1921 |                 source_location,
     |                 ^^^^^^^^^^^^^^^ help: try ignoring the field: `source_location: _`

warning: unused variable: `size_type`
  --> src/stdlib/network.rs:41:9
   |
41 |     let size_type = TypeSpecifier::Primitive {
   |         ^^^^^^^^^ help: if this is intentional, prefix it with an underscore: `_size_type`

warning: unused variable: `contract`
   --> src/verification/contracts.rs:811:13
    |
811 |     let mut contract = FunctionContract::new(function.name.name.clone());
    |             ^^^^^^^^ help: if this is intentional, prefix it with an underscore: `_contract`

warning: variable does not need to be mutable
   --> src/verification/contracts.rs:811:9
    |
811 |     let mut contract = FunctionContract::new(function.name.name.clone());
    |         ----^^^^^^^^
    |         |
    |         help: remove this `mut`

warning: unused variable: `place`
   --> src/verification/vcgen.rs:382:25
    |
382 |             Rvalue::Len(place) => {
    |                         ^^^^^ help: if this is intentional, prefix it with an underscore: `_place`

warning: field `associated_mutex` is never read
  --> src/concurrency/sync_primitives.rs:89:5
   |
84 | pub struct AetherCondVar {
   |            ------------- field in this struct
...
89 |     associated_mutex: Option<String>,
   |     ^^^^^^^^^^^^^^^^
   |
   = note: `AetherCondVar` has a derived impl for the trait `Debug`, but this is intentionally ignored during dead code analysis
   = note: `#[warn(dead_code)]` (part of `#[warn(unused)]`) on by default

warning: struct `BarrierState` is never constructed
   --> src/concurrency/sync_primitives.rs:137:8
    |
137 | struct BarrierState {
    |        ^^^^^^^^^^^^

warning: field `barrier_cycles` is never read
   --> src/concurrency/sync_primitives.rs:200:5
    |
198 | struct BarrierMetrics {
    |        -------------- field in this struct
199 |     wait_count: u64,
200 |     barrier_cycles: u64,
    |     ^^^^^^^^^^^^^^
    |
    = note: `BarrierMetrics` has a derived impl for the trait `Debug`, but this is intentionally ignored during dead code analysis

warning: field `acquired_at` is never read
   --> src/concurrency/sync_primitives.rs:236:5
    |
234 | pub struct ReadGuard<'a> {
    |            --------- field in this struct
235 |     rw_lock: &'a AetherRwLock,
236 |     acquired_at: Instant,
    |     ^^^^^^^^^^^

warning: field `acquired_at` is never read
   --> src/concurrency/sync_primitives.rs:242:5
    |
240 | pub struct WriteGuard<'a> {
    |            ---------- field in this struct
241 |     rw_lock: &'a AetherRwLock,
242 |     acquired_at: Instant,
    |     ^^^^^^^^^^^

warning: fields `target_pid` and `breakpoints` are never read
  --> src/debug/debugger.rs:51:5
   |
49 | pub struct DebugSession {
   |            ------------ fields in this struct
50 |     /// Target process ID
51 |     target_pid: Option<u32>,
   |     ^^^^^^^^^^
...
57 |     breakpoints: Arc<Mutex<HashMap<String, Vec<Breakpoint>>>>,
   |     ^^^^^^^^^^^
   |
   = note: `DebugSession` has a derived impl for the trait `Debug`, but this is intentionally ignored during dead code analysis

warning: fields `diagnostics_provider` and `shutdown` are never read
  --> src/debug/lsp.rs:45:5
   |
34 | pub struct LanguageServer {
   |            -------------- fields in this struct
...
45 |     diagnostics_provider: DiagnosticsProvider,
   |     ^^^^^^^^^^^^^^^^^^^^
...
51 |     shutdown: Arc<AtomicBool>,
   |     ^^^^^^^^
   |
   = note: `LanguageServer` has a derived impl for the trait `Debug`, but this is intentionally ignored during dead code analysis

warning: field `diagnostics` is never read
   --> src/debug/lsp.rs:333:5
    |
331 | pub struct DiagnosticEngine {
    |            ---------------- field in this struct
332 |     /// Active diagnostics by document
333 |     diagnostics: HashMap<String, Vec<Diagnostic>>,
    |     ^^^^^^^^^^^
    |
    = note: `DiagnosticEngine` has a derived impl for the trait `Debug`, but this is intentionally ignored during dead code analysis

warning: field `snippets` is never read
   --> src/debug/lsp.rs:343:5
    |
338 | pub struct CompletionProvider {
    |            ------------------ field in this struct
...
343 |     snippets: HashMap<String, String>,
    |     ^^^^^^^^
    |
    = note: `CompletionProvider` has a derived impl for the trait `Debug`, but this is intentionally ignored during dead code analysis

warning: fields `source_parser` and `markdown_parser` are never read
  --> src/docs/parser.rs:39:5
   |
37 | pub struct DocParser {
   |            --------- fields in this struct
38 |     /// Source code parser
39 |     source_parser: SourceParser,
   |     ^^^^^^^^^^^^^
...
42 |     markdown_parser: MarkdownParser,
   |     ^^^^^^^^^^^^^^^
   |
   = note: `DocParser` has a derived impl for the trait `Debug`, but this is intentionally ignored during dead code analysis

warning: field `patterns` is never read
  --> src/docs/parser.rs:74:5
   |
72 | pub struct CommentParser {
   |            ------------- field in this struct
73 |     /// Comment prefix patterns
74 |     patterns: CommentPatterns,
   |     ^^^^^^^^
   |
   = note: `CommentParser` has a derived impl for the trait `Debug`, but this is intentionally ignored during dead code analysis

warning: field `location` is never read
   --> src/docs/parser.rs:725:5
    |
714 | struct ParsedItem {
    |        ---------- field in this struct
...
725 |     location: SourceLocation,
    |     ^^^^^^^^
    |
    = note: `ParsedItem` has derived impls for the traits `Clone` and `Debug`, but these are intentionally ignored during dead code analysis

warning: variants `Module`, `Enum`, `Trait`, `TypeAlias`, `Import`, and `Macro` are never constructed
   --> src/docs/parser.rs:731:5
    |
730 | enum ItemType {
    |      -------- variants in this enum
731 |     Module,
    |     ^^^^^^
...
734 |     Enum,
    |     ^^^^
735 |     Trait,
    |     ^^^^^
736 |     TypeAlias,
    |     ^^^^^^^^^
737 |     Constant,
738 |     Import,
    |     ^^^^^^
739 |     Macro,
    |     ^^^^^
    |
    = note: `ItemType` has derived impls for the traits `Clone` and `Debug`, but these are intentionally ignored during dead code analysis

warning: methods `parse_documentation`, `clean_comment_line`, `extract_tag`, `tag_to_section`, and `finalize_section` are never used
   --> src/docs/parser.rs:774:8
    |
761 | impl CommentParser {
    | ------------------ methods in this implementation
...
774 |     fn parse_documentation(&self, raw_docs: &str) -> Result<ParsedDoc, SemanticError> {
    |        ^^^^^^^^^^^^^^^^^^^
...
837 |     fn clean_comment_line(&self, line: &str) -> String {
    |        ^^^^^^^^^^^^^^^^^^
...
850 |     fn extract_tag(&self, line: &str) -> Option<String> {
    |        ^^^^^^^^^^^
...
862 |     fn tag_to_section(&self, tag: &str) -> DocSection {
    |        ^^^^^^^^^^^^^^
...
872 |     fn finalize_section(
    |        ^^^^^^^^^^^^^^^^

warning: variant `Tag` is never constructed
   --> src/docs/parser.rs:933:5
    |
927 | enum DocSection {
    |      ---------- variant in this enum
...
933 |     Tag(String),
    |     ^^^
    |
    = note: `DocSection` has derived impls for the traits `Clone` and `Debug`, but these are intentionally ignored during dead code analysis

warning: methods `parse_function_signature`, `parse_type_definition`, `extract_function_name`, and `extract_type_name` are never used
   --> src/docs/parser.rs:941:8
    |
936 | impl SignatureParser {
    | -------------------- methods in this implementation
...
941 |     fn parse_function_signature(&self, source: &str) -> Result<FunctionSignature, SemanticError> {
    |        ^^^^^^^^^^^^^^^^^^^^^^^^
...
957 |     fn parse_type_definition(&self, source: &str) -> Result<TypeInfo, SemanticError> {
    |        ^^^^^^^^^^^^^^^^^^^^^
...
970 |     fn extract_function_name(&self, source: &str) -> String {
    |        ^^^^^^^^^^^^^^^^^^^^^
...
981 |     fn extract_type_name(&self, source: &str) -> String {
    |        ^^^^^^^^^^^^^^^^^

warning: fields `template_engine` and `output_format` are never read
  --> src/docs/renderer.rs:32:5
   |
30 | pub struct DocRenderer {
   |            ----------- fields in this struct
31 |     /// Template engine for rendering
32 |     template_engine: TemplateEngine,
   |     ^^^^^^^^^^^^^^^
...
38 |     output_format: OutputFormat,
   |     ^^^^^^^^^^^^^
   |
   = note: `DocRenderer` has a derived impl for the trait `Debug`, but this is intentionally ignored during dead code analysis

warning: field `templates` is never read
  --> src/docs/renderer.rs:45:5
   |
43 | pub struct TemplateEngine {
   |            -------------- field in this struct
44 |     /// Loaded templates
45 |     templates: HashMap<String, String>,
   |     ^^^^^^^^^
   |
   = note: `TemplateEngine` has a derived impl for the trait `Debug`, but this is intentionally ignored during dead code analysis

warning: field `doc` is never read
   --> src/docs/renderer.rs:227:5
    |
225 | pub struct HtmlRenderer<'a> {
    |            ------------ field in this struct
226 |     /// Documentation to render
227 |     doc: &'a Documentation,
    |     ^^^
    |
    = note: `HtmlRenderer` has a derived impl for the trait `Debug`, but this is intentionally ignored during dead code analysis

warning: method `render_template` is never used
   --> src/docs/renderer.rs:849:8
    |
536 | impl TemplateEngine {
    | ------------------- method in this implementation
...
849 |     fn render_template(
    |        ^^^^^^^^^^^^^^^

warning: field `intent_keywords` is never read
   --> src/error/intent_analysis.rs:234:5
    |
233 | struct IntentPattern {
    |        ------------- field in this struct
234 |     intent_keywords: Vec<String>,
    |     ^^^^^^^^^^^^^^^

warning: field `patterns` is never read
   --> src/error/structured.rs:397:5
    |
396 | pub struct ErrorPatterns {
    |            ------------- field in this struct
397 |     patterns: HashMap<String, ErrorPattern>,
    |     ^^^^^^^^

warning: fields `code_prefix`, `matcher`, and `fixer` are never read
   --> src/error/structured.rs:402:5
    |
401 | struct ErrorPattern {
    |        ------------ fields in this struct
402 |     code_prefix: String,
    |     ^^^^^^^^^^^
403 |     matcher: fn(&CompilerError) -> bool,
    |     ^^^^^^^
404 |     fixer: fn(&CompilerError) -> Vec<FixSuggestion>,
    |     ^^^^^
    |
    = note: `ErrorPattern` has a derived impl for the trait `Clone`, but this is intentionally ignored during dead code analysis

warning: field `include_snippets` is never read
   --> src/error/structured.rs:510:5
    |
509 | pub struct LLMErrorFormatter {
    |            ----------------- field in this struct
510 |     include_snippets: bool,
    |     ^^^^^^^^^^^^^^^^

warning: method `read_quoted_identifier` is never used
   --> src/lexer/mod.rs:506:8
    |
 90 | impl Lexer {
    | ---------- method in this implementation
...
506 |     fn read_quoted_identifier(&mut self) -> Result<Token, LexerError> {
    |        ^^^^^^^^^^^^^^^^^^^^^^

warning: method `get_type_id` is never used
  --> src/llvm_backend/mod.rs:96:8
   |
65 | impl CleanupInfo {
   | ---------------- method in this implementation
...
96 |     fn get_type_id(&self, local_id: &mir::LocalId) -> TypeId {
   |        ^^^^^^^^^^^

warning: field `module` is never read
  --> src/lsp/server.rs:36:5
   |
34 | struct DocumentState {
   |        ------------- field in this struct
35 |     text: String,
36 |     module: Option<Module>,
   |     ^^^^^^
   |
   = note: `DocumentState` has a derived impl for the trait `Debug`, but this is intentionally ignored during dead code analysis

warning: fields `start`, `size`, `permissions`, and `status` are never read
  --> src/memory/mod.rs:61:5
   |
59 | struct MemoryRegion {
   |        ------------ fields in this struct
60 |     /// Start address
61 |     start: usize,
   |     ^^^^^
...
64 |     size: usize,
   |     ^^^^
...
67 |     permissions: MemoryPermissions,
   |     ^^^^^^^^^^^
...
70 |     status: AllocationStatus,
   |     ^^^^^^
   |
   = note: `MemoryRegion` has a derived impl for the trait `Debug`, but this is intentionally ignored during dead code analysis

warning: method `analyze_expression_memory` is never used
   --> src/memory/mod.rs:151:8
    |
 95 | impl MemoryAnalyzer {
    | ------------------- method in this implementation
...
151 |     fn analyze_expression_memory(
    |        ^^^^^^^^^^^^^^^^^^^^^^^^^

warning: field `parent` is never read
   --> src/mir/mod.rs:446:5
    |
445 | struct Scope {
    |        ----- field in this struct
446 |     parent: Option<ScopeId>,
    |     ^^^^^^

warning: method `get_enum_variant_associated_type` is never used
    --> src/mir/lowering.rs:4089:8
     |
  74 | impl LoweringContext {
     | -------------------- method in this implementation
...
4089 |     fn get_enum_variant_associated_type(
     |        ^^^^^^^^^^^^^^^^^^^^^^^^^^^^^^^^

warning: field `inlined_functions` is never read
  --> src/optimizations/inlining.rs:35:5
   |
30 | pub struct InliningPass {
   |            ------------ field in this struct
...
35 |     inlined_functions: HashSet<String>,
   |     ^^^^^^^^^^^^^^^^^
   |
   = note: `InliningPass` has a derived impl for the trait `Debug`, but this is intentionally ignored during dead code analysis

warning: fields `summaries` and `global_constants` are never read
  --> src/optimizations/interprocedural.rs:34:5
   |
29 | pub struct InterproceduralAnalysisPass {
   |            --------------------------- fields in this struct
...
34 |     summaries: HashMap<String, FunctionSummary>,
   |     ^^^^^^^^^
...
37 |     global_constants: GlobalConstantAnalysis,
   |     ^^^^^^^^^^^^^^^^
   |
   = note: `InterproceduralAnalysisPass` has a derived impl for the trait `Debug`, but this is intentionally ignored during dead code analysis

warning: fields `pure_functions`, `readonly_functions`, `modifying_functions`, `throwing_functions`, and `nonterminating_functions` are never read
  --> src/optimizations/interprocedural.rs:63:5
   |
61 | pub struct SideEffectAnalysis {
   |            ------------------ fields in this struct
62 |     /// Functions that are pure (no side effects)
63 |     pure_functions: HashSet<String>,
   |     ^^^^^^^^^^^^^^
...
66 |     readonly_functions: HashSet<String>,
   |     ^^^^^^^^^^^^^^^^^^
...
69 |     modifying_functions: HashSet<String>,
   |     ^^^^^^^^^^^^^^^^^^^
...
72 |     throwing_functions: HashSet<String>,
   |     ^^^^^^^^^^^^^^^^^^
...
75 |     nonterminating_functions: HashSet<String>,
   |     ^^^^^^^^^^^^^^^^^^^^^^^^
   |
   = note: `SideEffectAnalysis` has a derived impl for the trait `Debug`, but this is intentionally ignored during dead code analysis

warning: field `induction_variable` is never read
   --> src/optimizations/vectorization.rs:662:5
    |
659 | struct LoopInfo {
    |        -------- field in this struct
...
662 |     induction_variable: Option<Place>,
    |     ^^^^^^^^^^^^^^^^^^
    |
    = note: `LoopInfo` has derived impls for the traits `Clone` and `Debug`, but these are intentionally ignored during dead code analysis

warning: field `artifacts` is never read
  --> src/package/builder.rs:35:5
   |
30 | pub struct PackageBuilder {
   |            -------------- field in this struct
...
35 |     artifacts: Vec<BuildArtifact>,
   |     ^^^^^^^^^
   |
   = note: `PackageBuilder` has a derived impl for the trait `Debug`, but this is intentionally ignored during dead code analysis

warning: fields `artifacts`, `source_timestamps`, `dependency_timestamps`, `config_hash`, and `stats` are never read
  --> src/package/builder.rs:51:5
   |
49 | pub struct BuildCache {
   |            ---------- fields in this struct
50 |     /// Cached build artifacts
51 |     artifacts: HashMap<String, CachedArtifact>,
   |     ^^^^^^^^^
...
54 |     source_timestamps: HashMap<PathBuf, std::time::SystemTime>,
   |     ^^^^^^^^^^^^^^^^^
...
57 |     dependency_timestamps: HashMap<String, std::time::SystemTime>,
   |     ^^^^^^^^^^^^^^^^^^^^^
...
60 |     config_hash: Option<String>,
   |     ^^^^^^^^^^^
...
63 |     stats: BuildCacheStats,
   |     ^^^^^
   |
   = note: `BuildCache` has a derived impl for the trait `Debug`, but this is intentionally ignored during dead code analysis

warning: field `sandbox_config` is never read
   --> src/package/builder.rs:284:5
    |
282 | pub struct BuildScriptRunner {
    |            ----------------- field in this struct
283 |     /// Sandbox configuration
284 |     sandbox_config: SandboxConfig,
    |     ^^^^^^^^^^^^^^
    |
    = note: `BuildScriptRunner` has a derived impl for the trait `Debug`, but this is intentionally ignored during dead code analysis

warning: method `clear` is never used
   --> src/package/builder.rs:882:8
    |
881 | impl BuildCache {
    | --------------- method in this implementation
882 |     fn clear(&mut self) {
    |        ^^^^^

warning: methods `execute_shell_script`, `execute_python_script`, `execute_node_script`, `execute_custom_script`, and `execute_external_script` are never used
   --> src/package/builder.rs:949:8
    |
891 | impl BuildScriptRunner {
    | ---------------------- methods in this implementation
...
949 |     fn execute_shell_script(
    |        ^^^^^^^^^^^^^^^^^^^^
...
960 |     fn execute_python_script(
    |        ^^^^^^^^^^^^^^^^^^^^^
...
971 |     fn execute_node_script(
    |        ^^^^^^^^^^^^^^^^^^^
...
982 |     fn execute_custom_script(
    |        ^^^^^^^^^^^^^^^^^^^^^
...
994 |     fn execute_external_script(
    |        ^^^^^^^^^^^^^^^^^^^^^^^

warning: field `client` is never read
   --> src/package/registry.rs:109:5
    |
107 | pub struct HttpClient {
    |            ---------- field in this struct
108 |     /// HTTP client
109 |     client: reqwest::Client,
    |     ^^^^^^
    |
    = note: `HttpClient` has a derived impl for the trait `Debug`, but this is intentionally ignored during dead code analysis

warning: method `peek_keyword` is never used
   --> src/parser/mod.rs:555:8
    |
255 | impl Parser {
    | ----------- method in this implementation
...
555 |     fn peek_keyword(&self, expected: KeywordType) -> bool {
    |        ^^^^^^^^^^^^

warning: multiple methods are never used
   --> src/parser/v2.rs:210:8
    |
 80 | impl Parser {
    | ----------- methods in this implementation
...
210 |     fn synchronize(&mut self) {
    |        ^^^^^^^^^^^
...
245 |     fn synchronize_to_block_end(&mut self) {
    |        ^^^^^^^^^^^^^^^^^^^^^^^^
...
384 |     fn syntax_error(&self, message: &str, suggestion: Option<&str>) -> ParserError {
    |        ^^^^^^^^^^^^
...
393 |     fn missing_semicolon_error(&self) -> ParserError {
    |        ^^^^^^^^^^^^^^^^^^^^^^^
...
401 |     fn missing_type_error(&self, context: &str) -> ParserError {
    |        ^^^^^^^^^^^^^^^^^^
...
409 |     fn unexpected_token_error(&self, context: &str) -> ParserError {
    |        ^^^^^^^^^^^^^^^^^^^^^^
...
443 |     fn expected_expression_hint(&self) -> &'static str {
    |        ^^^^^^^^^^^^^^^^^^^^^^^^

warning: fields `cache` and `resolver` are never read
  --> src/patterns/composition.rs:31:5
   |
26 | pub struct CompositionEngine {
   |            ----------------- fields in this struct
...
31 |     cache: HashMap<String, ComposedPattern>,
   |     ^^^^^
...
34 |     resolver: ConflictResolver,
   |     ^^^^^^^^

warning: field `strategies` is never read
   --> src/patterns/composition.rs:149:5
    |
147 | pub struct ConflictResolver {
    |            ---------------- field in this struct
148 |     /// Resolution strategies
149 |     strategies: HashMap<ConflictType, ResolutionStrategy>,
    |     ^^^^^^^^^^

warning: variant `Sequential` is never constructed
    --> src/patterns/composition.rs:1075:5
     |
1073 | enum PatternRelationship {
     |      ------------------- variant in this enum
1074 |     Independent,
1075 |     Sequential,
     |     ^^^^^^^^^^
     |
     = note: `PatternRelationship` has derived impls for the traits `Clone` and `Debug`, but these are intentionally ignored during dead code analysis

warning: field `stdlib` is never read
   --> src/pipeline/mod.rs:183:5
    |
181 | pub struct CompilationPipeline {
    |            ------------------- field in this struct
182 |     options: CompileOptions,
183 |     stdlib: StandardLibrary,
    |     ^^^^^^

warning: fields `project_info`, `history`, `automation`, `artifacts`, `distribution`, and `packaging` are never read
  --> src/release/mod.rs:38:5
   |
36 | pub struct ReleaseManager {
   |            -------------- fields in this struct
37 |     /// Project information
38 |     project_info: ProjectInfo,
   |     ^^^^^^^^^^^^
...
41 |     history: ReleaseHistory,
   |     ^^^^^^^
...
44 |     automation: automation::AutomationPipeline,
   |     ^^^^^^^^^^
...
47 |     artifacts: artifacts::ArtifactManager,
   |     ^^^^^^^^^
...
50 |     distribution: distribution::DistributionManager,
   |     ^^^^^^^^^^^^
...
53 |     packaging: packaging::PackageBuilder,
   |     ^^^^^^^^^
   |
   = note: `ReleaseManager` has a derived impl for the trait `Debug`, but this is intentionally ignored during dead code analysis

warning: method `get_content_type` is never used
    --> src/release/distribution.rs:1077:8
     |
 945 | impl DistributionManager {
     | ------------------------ method in this implementation
...
1077 |     fn get_content_type(&self, format: &PackageFormat) -> String {
     |        ^^^^^^^^^^^^^^^^

warning: fields `formats` and `compression` are never read
  --> src/release/packaging.rs:38:5
   |
27 | pub struct PackageBuilder {
   |            -------------- fields in this struct
...
38 |     formats: Vec<PackageFormat>,
   |     ^^^^^^^
...
41 |     compression: CompressionSettings,
   |     ^^^^^^^^^^^
   |
   = note: `PackageBuilder` has a derived impl for the trait `Debug`, but this is intentionally ignored during dead code analysis

warning: field `settings` is never read
   --> src/release/updates.rs:644:5
    |
633 | pub struct UpdateCache<T> {
    |            ----------- field in this struct
...
644 |     settings: CacheSettings,
    |     ^^^^^^^^
    |
    = note: `UpdateCache` has a derived impl for the trait `Debug`, but this is intentionally ignored during dead code analysis

warning: fields `trusted_certs`, `signature_verification`, and `cert_validation` are never read
   --> src/release/updates.rs:878:5
    |
873 | pub struct UpdateSecurity {
    |            -------------- fields in this struct
...
878 |     trusted_certs: Vec<Certificate>,
    |     ^^^^^^^^^^^^^
...
881 |     signature_verification: SignatureVerificationConfig,
    |     ^^^^^^^^^^^^^^^^^^^^^^
...
884 |     cert_validation: CertificateValidation,
    |     ^^^^^^^^^^^^^^^
    |
    = note: `UpdateSecurity` has a derived impl for the trait `Debug`, but this is intentionally ignored during dead code analysis

warning: field `pools` is never read
  --> src/resource/analysis.rs:37:5
   |
26 | pub struct ResourceAnalyzer {
   |            ---------------- field in this struct
...
37 |     pools: HashMap<String, ResourcePool>,
   |     ^^^^^

warning: fields `depth` and `location` are never read
  --> src/resource/analysis.rs:48:5
   |
45 | struct ScopeInfo {
   |        --------- fields in this struct
...
48 |     depth: usize,
   |     ^^^^^
49 |     location: SourceLocation,
   |     ^^^^^^^^
   |
   = note: `ScopeInfo` has derived impls for the traits `Clone` and `Debug`, but these are intentionally ignored during dead code analysis

warning: function `create_external_function` is never used
  --> src/stdlib/mod.rs:95:15
   |
95 | pub(crate) fn create_external_function(
   |               ^^^^^^^^^^^^^^^^^^^^^^^^

warning: fields `assertions` and `variables` are never read
  --> src/verification/solver.rs:26:5
   |
24 | pub struct SmtSolver {
   |            --------- fields in this struct
25 |     /// SMT-LIB assertions
26 |     assertions: Vec<String>,
   |     ^^^^^^^^^^
...
29 |     variables: HashMap<String, String>,
   |     ^^^^^^^^^
   |
   = note: `SmtSolver` has a derived impl for the trait `Debug`, but this is intentionally ignored during dead code analysis

warning: hiding a lifetime that's elided elsewhere is confusing
   --> src/concurrency/sync_primitives.rs:395:17
    |
395 |     pub fn lock(&self) -> LockResult<MutexGuard> {
    |                 ^^^^^                ^^^^^^^^^^ the same lifetime is hidden here
    |                 |
    |                 the lifetime is elided here
    |
    = help: the same lifetime is referred to in inconsistent ways, making the signature confusing
    = note: `#[warn(mismatched_lifetime_syntaxes)]` on by default
help: use `'_` for type paths
    |
395 |     pub fn lock(&self) -> LockResult<MutexGuard<'_>> {
    |                                                ++++

warning: hiding a lifetime that's elided elsewhere is confusing
   --> src/concurrency/sync_primitives.rs:434:21
    |
434 |     pub fn try_lock(&self) -> LockResult<MutexGuard> {
    |                     ^^^^^                ^^^^^^^^^^ the same lifetime is hidden here
    |                     |
    |                     the lifetime is elided here
    |
    = help: the same lifetime is referred to in inconsistent ways, making the signature confusing
help: use `'_` for type paths
    |
434 |     pub fn try_lock(&self) -> LockResult<MutexGuard<'_>> {
    |                                                    ++++

warning: hiding a lifetime that's elided elsewhere is confusing
   --> src/concurrency/sync_primitives.rs:615:17
    |
615 |     pub fn read(&self) -> LockResult<ReadGuard> {
    |                 ^^^^^                ^^^^^^^^^ the same lifetime is hidden here
    |                 |
    |                 the lifetime is elided here
    |
    = help: the same lifetime is referred to in inconsistent ways, making the signature confusing
help: use `'_` for type paths
    |
615 |     pub fn read(&self) -> LockResult<ReadGuard<'_>> {
    |                                               ++++

warning: hiding a lifetime that's elided elsewhere is confusing
   --> src/concurrency/sync_primitives.rs:634:18
    |
634 |     pub fn write(&self) -> LockResult<WriteGuard> {
    |                  ^^^^^                ^^^^^^^^^^ the same lifetime is hidden here
    |                  |
    |                  the lifetime is elided here
    |
    = help: the same lifetime is referred to in inconsistent ways, making the signature confusing
help: use `'_` for type paths
    |
634 |     pub fn write(&self) -> LockResult<WriteGuard<'_>> {
    |                                                 ++++

warning: unused `Result` that must be used
   --> src/llvm_backend/mod.rs:453:29
    |
453 | ...                   builder.build_return(Some(&return_value));
    |                       ^^^^^^^^^^^^^^^^^^^^^^^^^^^^^^^^^^^^^^^^^
    |
    = note: this `Result` may be an `Err` variant, which should be handled
    = note: `#[warn(unused_must_use)]` (part of `#[warn(unused)]`) on by default
help: use `let _ = ...` to ignore the resulting value
    |
453 |                             let _ = builder.build_return(Some(&return_value));
    |                             +++++++

warning: unused `Result` that must be used
   --> src/llvm_backend/mod.rs:462:29
    |
462 | ...                   builder.build_return(Some(&i32_type.const_int(0, false)));
    |                       ^^^^^^^^^^^^^^^^^^^^^^^^^^^^^^^^^^^^^^^^^^^^^^^^^^^^^^^^^
    |
    = note: this `Result` may be an `Err` variant, which should be handled
help: use `let _ = ...` to ignore the resulting value
    |
462 |                             let _ = builder.build_return(Some(&i32_type.const_int(0, false)));
    |                             +++++++

warning: hiding a lifetime that's elided elsewhere is confusing
  --> src/llvm_backend/context.rs:47:26
   |
47 |     pub fn create_module(&self, name: &str) -> Module {
   |                          ^^^^^                 ^^^^^^ the same lifetime is hidden here
   |                          |
   |                          the lifetime is elided here
   |
   = help: the same lifetime is referred to in inconsistent ways, making the signature confusing
help: use `'_` for type paths
   |
47 |     pub fn create_module(&self, name: &str) -> Module<'_> {
   |                                                      ++++

warning: hiding a lifetime that's elided elsewhere is confusing
  --> src/llvm_backend/context.rs:58:27
   |
58 |     pub fn create_builder(&self) -> Builder {
   |                           ^^^^^     ^^^^^^^ the same lifetime is hidden here
   |                           |
   |                           the lifetime is elided here
   |
   = help: the same lifetime is referred to in inconsistent ways, making the signature confusing
help: use `'_` for type paths
   |
58 |     pub fn create_builder(&self) -> Builder<'_> {
   |                                            ++++

warning: using `.clone()` on a double reference, which returns `&version::Version` instead of cloning the inner type
   --> src/package/resolver.rs:538:61
    |
538 |                 Ok(compatible_versions.iter().max().unwrap().clone().clone())
    |                                                             ^^^^^^^^
    |
    = note: `#[warn(suspicious_double_ref_op)]` on by default

warning: using `.clone()` on a double reference, which returns `&version::Version` instead of cloning the inner type
   --> src/package/resolver.rs:541:61
    |
541 |                 Ok(compatible_versions.iter().min().unwrap().clone().clone())
    |                                                             ^^^^^^^^

warning: using `.clone()` on a double reference, which returns `&version::Version` instead of cloning the inner type
   --> src/package/resolver.rs:545:61
    |
545 |                 Ok(compatible_versions.iter().min().unwrap().clone().clone())
    |                                                             ^^^^^^^^

warning: using `.clone()` on a double reference, which returns `&version::Version` instead of cloning the inner type
   --> src/package/resolver.rs:549:61
    |
549 |                 Ok(compatible_versions.iter().max().unwrap().clone().clone())
    |                                                             ^^^^^^^^

warning: hiding a lifetime that's elided elsewhere is confusing
  --> src/profiling/mod.rs:91:24
   |
91 |     pub fn start_phase(&mut self, phase_name: &str) -> PhaseTimer {
   |                        ^^^^^^^^^                       ^^^^^^^^^^ the same lifetime is hidden here
   |                        |
   |                        the lifetime is elided here
   |
   = help: the same lifetime is referred to in inconsistent ways, making the signature confusing
help: use `'_` for type paths
   |
91 |     pub fn start_phase(&mut self, phase_name: &str) -> PhaseTimer<'_> {
   |                                                                  ++++

warning: unused `Result` that must be used
    --> src/semantic/mod.rs:2918:9
     |
2918 |         self.symbol_table.exit_scope();
     |         ^^^^^^^^^^^^^^^^^^^^^^^^^^^^^^
     |
     = note: this `Result` may be an `Err` variant, which should be handled
help: use `let _ = ...` to ignore the resulting value
     |
2918 |         let _ = self.symbol_table.exit_scope();
     |         +++++++

warning: `aether` (lib) generated 195 warnings (run `cargo fix --lib -p aether` to apply 46 suggestions)
    Finished `dev` profile [unoptimized + debuginfo] target(s) in 1.19s
     Running `target/debug/aether-compiler check tests/fixtures/simple_module.aether`
Error in tests/fixtures/simple_module.aether: Lexer error: Unterminated string literal at tests/fixtures/simple_module.aether:2:9
Compilation failed: Semantic error occurred

  left: 1
 right: 0

---- test_cli_tokens_output_to_directory stdout ----

thread 'test_cli_tokens_output_to_directory' (7564240) panicked at tests/cli_integration_tests.rs:213:5:
assertion `left == right` failed: Stderr:     Blocking waiting for file lock on package cache
    Blocking waiting for file lock on package cache
    Blocking waiting for file lock on build directory
warning: unused import: `ExampleType`
  --> src/docs/tutorial.rs:21:46
   |
21 |     CodeExample, DifficultyLevel, DocConfig, ExampleType, Exercise, Tutorial, TutorialSection,
   |                                              ^^^^^^^^^^^
   |
   = note: `#[warn(unused_imports)]` (part of `#[warn(unused)]`) on by default

warning: unused import: `std::path::Path`
  --> src/error/enhancement.rs:24:5
   |
24 | use std::path::Path;
   |     ^^^^^^^^^^^^^^^

warning: unused import: `BehavioralSpec`
  --> src/error/intent_analysis.rs:22:33
   |
22 | use crate::semantic::metadata::{BehavioralSpec, IntentSpec};
   |                                 ^^^^^^^^^^^^^^

warning: unused imports: `Expression`, `Statement`, and `TypeSpecifier`
  --> src/error/structured.rs:20:18
   |
20 | use crate::ast::{Expression, Statement, TypeSpecifier};
   |                  ^^^^^^^^^^  ^^^^^^^^^  ^^^^^^^^^^^^^

warning: unused import: `HashSet`
  --> src/llvm_backend/mod.rs:37:33
   |
37 | use std::collections::{HashMap, HashSet};
   |                                 ^^^^^^^

warning: unused import: `std::path::Path`
  --> src/lsp/server.rs:20:5
   |
20 | use std::path::Path;
   |     ^^^^^^^^^^^^^^^

warning: unused import: `BasicBlockId`
  --> src/optimizations/constant_propagation.rs:21:18
   |
21 | use crate::mir::{BasicBlockId, ConstantValue, Function, LocalId, Operand, Rvalue, Statement};
   |                  ^^^^^^^^^^^^

warning: unused imports: `BasicBlockId`, `LocalId`, `Place`, and `SourceInfo`
  --> src/optimizations/inlining.rs:22:5
   |
22 |     BasicBlockId, Function, LocalId, Operand, Place, Program, Rvalue, SourceInfo, Statement,
   |     ^^^^^^^^^^^^            ^^^^^^^           ^^^^^                   ^^^^^^^^^^

warning: unused import: `std::collections::HashMap`
  --> src/optimizations/inlining.rs:25:5
   |
25 | use std::collections::HashMap;
   |     ^^^^^^^^^^^^^^^^^^^^^^^^^

warning: unused import: `Constant`
  --> src/optimizations/interprocedural.rs:22:17
   |
22 |     BasicBlock, Constant, Function, Operand, Place, Program, Rvalue, Statement, Terminator,
   |                 ^^^^^^^^

warning: unused import: `BuildConfiguration`
  --> src/package/builder.rs:21:32
   |
21 | use crate::package::manifest::{BuildConfiguration, PackageManifest};
   |                                ^^^^^^^^^^^^^^^^^^

warning: unused import: `CacheStats`
  --> src/package/builder.rs:22:35
   |
22 | use crate::package::{BuildConfig, CacheStats};
   |                                   ^^^^^^^^^^

warning: unused imports: `BinaryOp` and `Expression as ContractExpr`
  --> src/patterns/catalog.rs:20:38
   |
20 | use crate::verification::contracts::{BinaryOp, Expression as ContractExpr};
   |                                      ^^^^^^^^  ^^^^^^^^^^^^^^^^^^^^^^^^^^

warning: unused imports: `Block`, `Expression`, `Function`, and `Statement`
  --> src/patterns/composition.rs:20:18
   |
20 | use crate::ast::{Block, Expression, Function, Statement};
   |                  ^^^^^  ^^^^^^^^^^  ^^^^^^^^  ^^^^^^^^^

warning: unused import: `crate::error::SourceLocation`
  --> src/patterns/composition.rs:21:5
   |
21 | use crate::error::SourceLocation;
   |     ^^^^^^^^^^^^^^^^^^^^^^^^^^^^

warning: unused import: `Function`
  --> src/patterns/mod.rs:23:37
   |
23 | use crate::ast::{Block, Expression, Function, Statement};
   |                                     ^^^^^^^^

warning: unused import: `crate::error::SourceLocation`
  --> src/patterns/mod.rs:24:5
   |
24 | use crate::error::SourceLocation;
   |     ^^^^^^^^^^^^^^^^^^^^^^^^^^^^

warning: unused imports: `FailoverConfig`, `FailoverThreshold`, `RecoveryConfig`, and `self`
  --> src/release/distribution.rs:23:22
   |
23 | use crate::release::{self, DistributionConfig, FailoverConfig, FailoverThreshold, RecoveryConfig};
   |                      ^^^^                      ^^^^^^^^^^^^^^  ^^^^^^^^^^^^^^^^^  ^^^^^^^^^^^^^^

warning: unused import: `crate::error::SemanticError`
  --> src/release/mod.rs:26:5
   |
26 | use crate::error::SemanticError;
   |     ^^^^^^^^^^^^^^^^^^^^^^^^^^^

warning: unused import: `OwnershipKind`
  --> src/semantic/mod.rs:32:20
   |
32 | use crate::types::{OwnershipKind, Type, TypeChecker};
   |                    ^^^^^^^^^^^^^

warning: unused import: `crate::types::Type`
  --> src/verification/contract_to_smt.rs:20:5
   |
20 | use crate::types::Type;
   |     ^^^^^^^^^^^^^^^^^^

warning: unused imports: `AggregateOp` and `TemporalOp`
  --> src/verification/contract_to_smt.rs:22:5
   |
22 |     AggregateOp, BinaryOp, ConstantValue, Expression, QuantifierKind, TemporalOp, UnaryOp,
   |     ^^^^^^^^^^^                                                       ^^^^^^^^^^

warning: unused imports: `Deserialize` and `Serialize`
  --> src/verification/contracts.rs:30:13
   |
30 | use serde::{Deserialize, Serialize};
   |             ^^^^^^^^^^^  ^^^^^^^^^

warning: unused import: `crate::ast::PrimitiveType`
  --> src/verification/vcgen.rs:23:5
   |
23 | use crate::ast::PrimitiveType;
   |     ^^^^^^^^^^^^^^^^^^^^^^^^^

warning: unused import: `crate::types::Type`
  --> src/verification/vcgen.rs:26:5
   |
26 | use crate::types::Type;
   |     ^^^^^^^^^^^^^^^^^^

warning: unused variable: `receiver`
   --> src/concurrency/actors.rs:377:22
    |
377 |         let (sender, receiver) = mpsc::channel();
    |                      ^^^^^^^^ help: if this is intentional, prefix it with an underscore: `_receiver`
    |
    = note: `#[warn(unused_variables)]` (part of `#[warn(unused)]`) on by default

warning: unused variable: `strategy`
   --> src/concurrency/actors.rs:622:12
    |
622 |     fn new(strategy: SupervisionStrategy) -> Self {
    |            ^^^^^^^^ help: if this is intentional, prefix it with an underscore: `_strategy`

warning: unused variable: `worker_id`
   --> src/concurrency/async_runtime.rs:350:13
    |
350 |         for worker_id in 0..self.config.worker_threads {
    |             ^^^^^^^^^ help: if this is intentional, prefix it with an underscore: `_worker_id`

warning: unused variable: `start_time`
   --> src/concurrency/sync_primitives.rs:568:13
    |
568 |         let start_time = Instant::now();
    |             ^^^^^^^^^^ help: if this is intentional, prefix it with an underscore: `_start_time`

warning: unused variable: `metrics`
   --> src/concurrency/sync_primitives.rs:711:23
    |
711 |         if let Ok(mut metrics) = self.rw_lock.metrics.lock() {}
    |                       ^^^^^^^ help: if this is intentional, prefix it with an underscore: `_metrics`

warning: variable does not need to be mutable
   --> src/concurrency/sync_primitives.rs:711:19
    |
711 |         if let Ok(mut metrics) = self.rw_lock.metrics.lock() {}
    |                   ----^^^^^^^
    |                   |
    |                   help: remove this `mut`
    |
    = note: `#[warn(unused_mut)]` (part of `#[warn(unused)]`) on by default

warning: unused variable: `metrics`
   --> src/concurrency/sync_primitives.rs:718:23
    |
718 |         if let Ok(mut metrics) = self.rw_lock.metrics.lock() {}
    |                       ^^^^^^^ help: if this is intentional, prefix it with an underscore: `_metrics`

warning: variable does not need to be mutable
   --> src/concurrency/sync_primitives.rs:718:19
    |
718 |         if let Ok(mut metrics) = self.rw_lock.metrics.lock() {}
    |                   ----^^^^^^^
    |                   |
    |                   help: remove this `mut`

warning: unused variable: `response_receiver`
   --> src/debug/debugger.rs:390:31
    |
390 |         let (response_sender, response_receiver) = channel();
    |                               ^^^^^^^^^^^^^^^^^ help: if this is intentional, prefix it with an underscore: `_response_receiver`

warning: unused variable: `debugger_process`
   --> src/debug/debugger.rs:393:13
    |
393 |         let debugger_process = self.start_debugger_process(&program_path)?;
    |             ^^^^^^^^^^^^^^^^ help: if this is intentional, prefix it with an underscore: `_debugger_process`

warning: unused variable: `target_info`
   --> src/debug/debugger.rs:401:13
    |
401 |         let target_info = TargetInfo {
    |             ^^^^^^^^^^^ help: if this is intentional, prefix it with an underscore: `_target_info`

warning: unused variable: `diagnostic`
   --> src/debug/lsp.rs:593:21
    |
593 |                 let diagnostic = Diagnostic {
    |                     ^^^^^^^^^^ help: if this is intentional, prefix it with an underscore: `_diagnostic`

warning: unused variable: `name`
   --> src/debug/lsp.rs:636:18
    |
636 |             for (name, symbol) in &semantic_info.symbols {
    |                  ^^^^ help: if this is intentional, prefix it with an underscore: `_name`

warning: unused variable: `uri`
   --> src/debug/lsp.rs:789:35
    |
789 |     pub fn get_diagnostics(&self, uri: &str) -> Vec<Diagnostic> {
    |                                   ^^^ help: if this is intentional, prefix it with an underscore: `_uri`

warning: unused variable: `categories`
   --> src/docs/examples.rs:132:13
    |
132 |         let categories = Self::create_example_categories();
    |             ^^^^^^^^^^ help: if this is intentional, prefix it with an underscore: `_categories`

warning: unused variable: `templates`
   --> src/docs/examples.rs:133:13
    |
133 |         let templates = Self::create_example_templates();
    |             ^^^^^^^^^ help: if this is intentional, prefix it with an underscore: `_templates`

warning: unused variable: `config`
   --> src/docs/examples.rs:131:16
    |
131 |     pub fn new(config: &DocConfig) -> Result<Self, SemanticError> {
    |                ^^^^^^ help: if this is intentional, prefix it with an underscore: `_config`

warning: unused variable: `output_dir`
  --> src/docs/generator.rs:21:16
   |
21 |     pub fn new(output_dir: String) -> Self {
   |                ^^^^^^^^^^ help: if this is intentional, prefix it with an underscore: `_output_dir`

warning: unused variable: `comment_parser`
   --> src/docs/parser.rs:132:13
    |
132 |         let comment_parser = CommentParser::new();
    |             ^^^^^^^^^^^^^^ help: if this is intentional, prefix it with an underscore: `_comment_parser`

warning: unused variable: `signature_parser`
   --> src/docs/parser.rs:133:13
    |
133 |         let signature_parser = SignatureParser::new();
    |             ^^^^^^^^^^^^^^^^ help: if this is intentional, prefix it with an underscore: `_signature_parser`

warning: unused variable: `config`
   --> src/docs/parser.rs:131:16
    |
131 |     pub fn new(config: &DocConfig) -> Result<Self, SemanticError> {
    |                ^^^^^^ help: if this is intentional, prefix it with an underscore: `_config`

warning: unused variable: `themes`
   --> src/docs/renderer.rs:368:13
    |
368 |         let themes = ThemeManager::new()?;
    |             ^^^^^^ help: if this is intentional, prefix it with an underscore: `_themes`

warning: unused variable: `search_paths`
   --> src/docs/renderer.rs:539:13
    |
539 |         let search_paths = vec![base_dir.join("templates"), PathBuf::from("templates")];
    |             ^^^^^^^^^^^^ help: if this is intentional, prefix it with an underscore: `_search_paths`

warning: unused variable: `helpers`
   --> src/docs/renderer.rs:558:13
    |
558 |         let helpers = Self::create_default_helpers();
    |             ^^^^^^^ help: if this is intentional, prefix it with an underscore: `_helpers`

warning: unused variable: `processors`
   --> src/docs/renderer.rs:879:13
    |
879 |         let processors: Vec<&dyn Fn(&str) -> String> = vec![];
    |             ^^^^^^^^^^ help: if this is intentional, prefix it with an underscore: `_processors`

warning: unused variable: `options`
    --> src/docs/renderer.rs:1185:13
     |
1185 |         let options = MarkdownOptions {
     |             ^^^^^^^ help: if this is intentional, prefix it with an underscore: `_options`

warning: unused variable: `toc_generator`
    --> src/docs/renderer.rs:1192:13
     |
1192 |         let toc_generator = TocGenerator {};
     |             ^^^^^^^^^^^^^ help: if this is intentional, prefix it with an underscore: `_toc_generator`

warning: unused variable: `options`
    --> src/docs/renderer.rs:1347:13
     |
1347 |         let options = PdfOptions {
     |             ^^^^^^^ help: if this is intentional, prefix it with an underscore: `_options`

warning: unused variable: `layout`
    --> src/docs/renderer.rs:1354:13
     |
1354 |         let layout = PageLayout {
     |             ^^^^^^ help: if this is intentional, prefix it with an underscore: `_layout`

warning: unused variable: `templates`
  --> src/docs/tutorial.rs:98:13
   |
98 |         let templates = Self::create_tutorial_templates();
   |             ^^^^^^^^^ help: if this is intentional, prefix it with an underscore: `_templates`

warning: unused variable: `config`
  --> src/docs/tutorial.rs:97:16
   |
97 |     pub fn new(config: &DocConfig) -> Result<Self, SemanticError> {
   |                ^^^^^^ help: if this is intentional, prefix it with an underscore: `_config`

warning: unused variable: `function`
   --> src/error/intent_analysis.rs:142:9
    |
142 |         function: &Function,
    |         ^^^^^^^^ help: if this is intentional, prefix it with an underscore: `_function`

warning: unused variable: `error`
   --> src/error/structured.rs:434:26
    |
434 |     fn fix_type_mismatch(error: &CompilerError) -> Vec<FixSuggestion> {
    |                          ^^^^^ help: if this is intentional, prefix it with an underscore: `_error`

warning: unused variable: `error`
   --> src/error/structured.rs:455:29
    |
455 |     fn fix_undefined_symbol(error: &CompilerError) -> Vec<FixSuggestion> {
    |                             ^^^^^ help: if this is intentional, prefix it with an underscore: `_error`

warning: unreachable pattern
   --> src/lexer/mod.rs:716:17
    |
685 |                 Some('\'') => {
    |                 ---------- matches all the relevant values
...
716 |                 Some('\'') => {
    |                 ^^^^^^^^^^ no value can reach this
    |
    = note: `#[warn(unreachable_patterns)]` (part of `#[warn(unused)]`) on by default

warning: unused variable: `function`
   --> src/llvm_backend/codegen.rs:157:13
    |
157 |         let function = self.module.add_function(name, fn_type, None);
    |             ^^^^^^^^ help: if this is intentional, prefix it with an underscore: `_function`

warning: unused variable: `i`
   --> src/llvm_backend/mod.rs:625:18
    |
625 |             for (i, stmt) in mir_block.statements.iter().enumerate() {
    |                  ^ help: if this is intentional, prefix it with an underscore: `_i`

warning: unnecessary `unsafe` block
   --> src/llvm_backend/mod.rs:919:41
    |
919 |                         let field_ptr = unsafe {
    |                                         ^^^^^^ unnecessary `unsafe` block
    |
    = note: `#[warn(unused_unsafe)]` (part of `#[warn(unused)]`) on by default

warning: unreachable pattern
    --> src/llvm_backend/mod.rs:2437:13
     |
 986 |             mir::Rvalue::AddressOf(place) => {
     |             ----------------------------- matches all the relevant values
...
2437 |             &mir::Rvalue::AddressOf(_) => todo!(),
     |             ^^^^^^^^^^^^^^^^^^^^^^^^^^ no value can reach this

warning: unused variable: `int_val`
    --> src/llvm_backend/mod.rs:1541:58
     |
1541 | ...                   BasicValueEnum::IntValue(int_val) => {
     |                                                ^^^^^^^ help: if this is intentional, prefix it with an underscore: `_int_val`

warning: unused variable: `field_names`
    --> src/llvm_backend/mod.rs:1836:61
     |
1836 |                     mir::AggregateKind::Struct(struct_name, field_names) => {
     |                                                             ^^^^^^^^^^^ help: if this is intentional, prefix it with an underscore: `_field_names`

warning: value assigned to `struct_size` is never read
    --> src/llvm_backend/mod.rs:1860:33
     |
1860 |                         let mut struct_size = 0u64;
     |                                 ^^^^^^^^^^^
     |
     = help: maybe it is overwritten before being read?
     = note: `#[warn(unused_assignments)]` (part of `#[warn(unused)]`) on by default

warning: variable does not need to be mutable
    --> src/llvm_backend/mod.rs:2152:29
     |
2152 |                         let mut current_type =
     |                             ----^^^^^^^^^^^^
     |                             |
     |                             help: remove this `mut`

warning: unused variable: `i64_type`
    --> src/llvm_backend/mod.rs:3210:13
     |
3210 |         let i64_type = self.context.i64_type();
     |             ^^^^^^^^ help: if this is intentional, prefix it with an underscore: `_i64_type`

warning: unused variable: `void_type`
    --> src/llvm_backend/mod.rs:3213:13
     |
3213 |         let void_type = self.context.void_type();
     |             ^^^^^^^^^ help: if this is intentional, prefix it with an underscore: `_void_type`

warning: unnecessary `unsafe` block
    --> src/llvm_backend/mod.rs:3662:33
     |
3662 |                 let field_ptr = unsafe {
     |                                 ^^^^^^ unnecessary `unsafe` block

warning: unused variable: `parent`
   --> src/memory/mod.rs:110:37
    |
110 |     pub fn create_region(&mut self, parent: Option<RegionId>) -> RegionId {
    |                                     ^^^^^^ help: if this is intentional, prefix it with an underscore: `_parent`

warning: unused variable: `operand`
   --> src/memory/mod.rs:307:48
    |
307 |                 if let Expression::AddressOf { operand, .. } = &**expr {
    |                                                ^^^^^^^-
    |                                                |
    |                                                help: try removing the field

warning: unused variable: `region_id`
   --> src/memory/mod.rs:441:38
    |
441 |     fn get_region_allocations(&self, region_id: &RegionId) -> Vec<AllocationInfo> {
    |                                      ^^^^^^^^^ help: if this is intentional, prefix it with an underscore: `_region_id`

warning: unused variable: `source_location`
   --> src/mir/lowering.rs:608:17
    |
608 |                 source_location,
    |                 ^^^^^^^^^^^^^^^ help: try ignoring the field: `source_location: _`

warning: unused variable: `source_location`
   --> src/mir/lowering.rs:621:17
    |
621 |                 source_location,
    |                 ^^^^^^^^^^^^^^^ help: try ignoring the field: `source_location: _`

warning: unused variable: `source_location`
   --> src/mir/lowering.rs:675:17
    |
675 |                 source_location,
    |                 ^^^^^^^^^^^^^^^ help: try ignoring the field: `source_location: _`

warning: unused variable: `source_location`
   --> src/mir/lowering.rs:685:17
    |
685 |                 source_location,
    |                 ^^^^^^^^^^^^^^^ help: try ignoring the field: `source_location: _`

warning: unused variable: `module`
    --> src/mir/lowering.rs:2544:33
     |
2544 |             Type::Named { name, module } => {
     |                                 ^^^^^^ help: try ignoring the field: `module: _`

warning: unused variable: `map`
    --> src/mir/lowering.rs:2668:47
     |
2668 |             ast::AssignmentTarget::MapValue { map, key } => {
     |                                               ^^^ help: try ignoring the field: `map: _`

warning: unused variable: `key`
    --> src/mir/lowering.rs:2668:52
     |
2668 |             ast::AssignmentTarget::MapValue { map, key } => {
     |                                                    ^^^ help: try ignoring the field: `key: _`

warning: unreachable pattern
    --> src/mir/lowering.rs:3998:13
     |
3934 |               ast::Pattern::Wildcard { binding, .. } => {
     |               -------------------------------------- matches all the relevant values
...
3998 | /             ast::Pattern::Wildcard {
3999 | |                 binding: Some(binding_name),
4000 | |                 source_location,
4001 | |             } => {
     | |_____________^ no value can reach this

warning: unreachable pattern
    --> src/mir/lowering.rs:4061:13
     |
3934 |             ast::Pattern::Wildcard { binding, .. } => {
     |             -------------------------------------- matches all the relevant values
...
4061 |             ast::Pattern::Wildcard { binding: None, .. } => {
     |             ^^^^^^^^^^^^^^^^^^^^^^^^^^^^^^^^^^^^^^^^^^^^ no value can reach this

warning: unused variable: `st`
    --> src/mir/lowering.rs:3792:49
     |
3792 |                     let data_type = if let Some(st) = &self.symbol_table {
     |                                                 ^^ help: if this is intentional, prefix it with an underscore: `_st`

warning: unused variable: `inner_variant`
    --> src/mir/lowering.rs:3819:43
     |
3819 | ...                   variant_name: inner_variant,
     |                                     ^^^^^^^^^^^^^ help: if this is intentional, prefix it with an underscore: `_inner_variant`

warning: unused variable: `target_type`
    --> src/mir/lowering.rs:4665:13
     |
4665 |         let target_type = match pointer_type {
     |             ^^^^^^^^^^^ help: if this is intentional, prefix it with an underscore: `_target_type`

warning: unused variable: `cycle`
   --> src/module_loader.rs:280:17
    |
280 |             let cycle: Vec<String> = stack[cycle_start..].to_vec();
    |                 ^^^^^ help: if this is intentional, prefix it with an underscore: `_cycle`

warning: unused variable: `depth`
  --> src/optimizations/inlining.rs:52:44
   |
52 |     pub fn set_max_inline_depth(&mut self, depth: usize) {}
   |                                            ^^^^^ help: if this is intentional, prefix it with an underscore: `_depth`

warning: unused variable: `function_name`
   --> src/optimizations/interprocedural.rs:667:14
    |
667 |         for (function_name, summary) in summaries {
    |              ^^^^^^^^^^^^^ help: if this is intentional, prefix it with an underscore: `_function_name`

warning: unused variable: `function_name`
   --> src/optimizations/interprocedural.rs:782:14
    |
782 |         for (function_name, function) in &program.functions {
    |              ^^^^^^^^^^^^^ help: if this is intentional, prefix it with an underscore: `_function_name`

warning: unused variable: `function`
   --> src/optimizations/interprocedural.rs:782:29
    |
782 |         for (function_name, function) in &program.functions {
    |                             ^^^^^^^^ help: if this is intentional, prefix it with an underscore: `_function`

warning: unused variable: `function_name`
   --> src/optimizations/interprocedural.rs:799:14
    |
799 |         for (function_name, function) in &program.functions {
    |              ^^^^^^^^^^^^^ help: if this is intentional, prefix it with an underscore: `_function_name`

warning: unused variable: `function_name`
   --> src/optimizations/interprocedural.rs:821:14
    |
821 |         for (function_name, function) in &program.functions {
    |              ^^^^^^^^^^^^^ help: if this is intentional, prefix it with an underscore: `_function_name`

warning: unused variable: `constant`
   --> src/optimizations/interprocedural.rs:856:21
    |
856 |         for (place, constant) in assignments {
    |                     ^^^^^^^^ help: if this is intentional, prefix it with an underscore: `_constant`

warning: unused variable: `var_name`
   --> src/optimizations/interprocedural.rs:857:17
    |
857 |             let var_name = format!("{}::{}", function.name, place.local);
    |                 ^^^^^^^^ help: if this is intentional, prefix it with an underscore: `_var_name`

warning: unused variable: `end_loc`
    --> src/parser/v2.rs:2883:17
     |
2883 |             let end_loc = self.current_location();
     |                 ^^^^^^^ help: if this is intentional, prefix it with an underscore: `_end_loc`

warning: unused variable: `field_location`
    --> src/parser/mod.rs:1420:17
     |
1420 |             let field_location = field_keyword.location.clone();
     |                 ^^^^^^^^^^^^^^ help: if this is intentional, prefix it with an underscore: `_field_location`

warning: variable does not need to be mutable
    --> src/parser/mod.rs:1875:13
     |
1875 |         let mut constraints = Vec::new();
     |             ----^^^^^^^^^^^
     |             |
     |             help: remove this `mut`

warning: variable `generic_parameters` is assigned to, but never used
    --> src/parser/mod.rs:1927:17
     |
1927 |         let mut generic_parameters = Vec::new();
     |                 ^^^^^^^^^^^^^^^^^^
     |
     = note: consider using `_generic_parameters` instead

warning: variable `lifetime_parameters` is assigned to, but never used
    --> src/parser/mod.rs:1928:17
     |
1928 |         let mut lifetime_parameters = Vec::new();
     |                 ^^^^^^^^^^^^^^^^^^^
     |
     = note: consider using `_lifetime_parameters` instead

warning: value assigned to `generic_parameters` is never read
    --> src/parser/mod.rs:1977:29
     |
1977 | ...                   generic_parameters = self.parse_generic_parameters()?;
     |                       ^^^^^^^^^^^^^^^^^^
     |
     = help: maybe it is overwritten before being read?

warning: value assigned to `lifetime_parameters` is never read
    --> src/parser/mod.rs:1981:29
     |
1981 | ...                   lifetime_parameters = self.parse_lifetime_parameters()?;
     |                       ^^^^^^^^^^^^^^^^^^^
     |
     = help: maybe it is overwritten before being read?

warning: variable does not need to be mutable
    --> src/parser/mod.rs:1926:13
     |
1926 |         let mut intent = None;
     |             ----^^^^^^
     |             |
     |             help: remove this `mut`

warning: unused variable: `nested_pattern`
    --> src/parser/mod.rs:4182:22
     |
4182 |                 let (nested_pattern, binding) = if let Some(token) = self.current_token() {
     |                      ^^^^^^^^^^^^^^ help: if this is intentional, prefix it with an underscore: `_nested_pattern`

warning: variable does not need to be mutable
    --> src/parser/mod.rs:4599:13
     |
4599 |         let mut invariants = Vec::new();
     |             ----^^^^^^^^^^
     |             |
     |             help: remove this `mut`

warning: variable does not need to be mutable
   --> src/patterns/catalog.rs:132:21
    |
132 |                 let mut contract = create_pattern_contract("safe_array_access");
    |                     ----^^^^^^^^
    |                     |
    |                     help: remove this `mut`

warning: variable does not need to be mutable
   --> src/patterns/catalog.rs:392:21
    |
392 |                 let mut contract = create_pattern_contract("binary_search");
    |                     ----^^^^^^^^
    |                     |
    |                     help: remove this `mut`

warning: variable does not need to be mutable
   --> src/patterns/catalog.rs:536:21
    |
536 |                 let mut contract = create_pattern_contract("map_filter_reduce");
    |                     ----^^^^^^^^
    |                     |
    |                     help: remove this `mut`

warning: variable does not need to be mutable
   --> src/patterns/catalog.rs:804:21
    |
804 |                 let mut contract = create_pattern_contract("raii_wrapper");
    |                     ----^^^^^^^^
    |                     |
    |                     help: remove this `mut`

warning: variable does not need to be mutable
   --> src/patterns/catalog.rs:931:21
    |
931 |                 let mut contract = create_pattern_contract("result_type");
    |                     ----^^^^^^^^
    |                     |
    |                     help: remove this `mut`

warning: variable does not need to be mutable
    --> src/patterns/catalog.rs:1049:21
     |
1049 |                 let mut contract = create_pattern_contract("input_validation");
     |                     ----^^^^^^^^
     |                     |
     |                     help: remove this `mut`

warning: unused variable: `data_flow`
   --> src/patterns/composition.rs:519:9
    |
519 |         data_flow: &DataFlowSpec,
    |         ^^^^^^^^^ help: if this is intentional, prefix it with an underscore: `_data_flow`

warning: unused variable: `config`
   --> src/release/distribution.rs:947:16
    |
947 |     pub fn new(config: DistributionConfig) -> Result<Self, SemanticError> {
    |                ^^^^^^ help: if this is intentional, prefix it with an underscore: `_config`

warning: unused variable: `cache_config`
    --> src/release/distribution.rs:1135:13
     |
1135 |         let cache_config = CacheConfig {
     |             ^^^^^^^^^^^^ help: if this is intentional, prefix it with an underscore: `_cache_config`

warning: unused variable: `c_string`
   --> src/runtime/mod.rs:170:9
    |
170 |     let c_string = result.as_ptr() as *mut c_char;
    |         ^^^^^^^^ help: if this is intentional, prefix it with an underscore: `_c_string`

warning: unused variable: `constraint`
   --> src/semantic/metadata.rs:462:25
    |
462 |             if let Some(constraint) = &sem_type.constraint {
    |                         ^^^^^^^^^^ help: if this is intentional, prefix it with an underscore: `_constraint`

warning: unused variable: `e`
  --> src/semantic/ownership.rs:41:32
   |
41 |                     if let Err(e) = self.symbol_table.mark_variable_moved(&name.name) {
   |                                ^ help: if this is intentional, prefix it with an underscore: `_e`

warning: unused variable: `e`
  --> src/semantic/ownership.rs:66:36
   |
66 |                         if let Err(e) = self.symbol_table.mark_variable_moved(&name.name) {
   |                                    ^ help: if this is intentional, prefix it with an underscore: `_e`

warning: unused variable: `enum_name`
    --> src/semantic/mod.rs:1549:17
     |
1549 |                 enum_name,
     |                 ^^^^^^^^^ help: try ignoring the field: `enum_name: _`

warning: unused variable: `source_location`
    --> src/semantic/mod.rs:1726:17
     |
1726 |                 source_location,
     |                 ^^^^^^^^^^^^^^^ help: try ignoring the field: `source_location: _`

warning: unused variable: `source_location`
    --> src/semantic/mod.rs:1921:17
     |
1921 |                 source_location,
     |                 ^^^^^^^^^^^^^^^ help: try ignoring the field: `source_location: _`

warning: unused variable: `size_type`
  --> src/stdlib/network.rs:41:9
   |
41 |     let size_type = TypeSpecifier::Primitive {
   |         ^^^^^^^^^ help: if this is intentional, prefix it with an underscore: `_size_type`

warning: unused variable: `contract`
   --> src/verification/contracts.rs:811:13
    |
811 |     let mut contract = FunctionContract::new(function.name.name.clone());
    |             ^^^^^^^^ help: if this is intentional, prefix it with an underscore: `_contract`

warning: variable does not need to be mutable
   --> src/verification/contracts.rs:811:9
    |
811 |     let mut contract = FunctionContract::new(function.name.name.clone());
    |         ----^^^^^^^^
    |         |
    |         help: remove this `mut`

warning: unused variable: `place`
   --> src/verification/vcgen.rs:382:25
    |
382 |             Rvalue::Len(place) => {
    |                         ^^^^^ help: if this is intentional, prefix it with an underscore: `_place`

warning: field `associated_mutex` is never read
  --> src/concurrency/sync_primitives.rs:89:5
   |
84 | pub struct AetherCondVar {
   |            ------------- field in this struct
...
89 |     associated_mutex: Option<String>,
   |     ^^^^^^^^^^^^^^^^
   |
   = note: `AetherCondVar` has a derived impl for the trait `Debug`, but this is intentionally ignored during dead code analysis
   = note: `#[warn(dead_code)]` (part of `#[warn(unused)]`) on by default

warning: struct `BarrierState` is never constructed
   --> src/concurrency/sync_primitives.rs:137:8
    |
137 | struct BarrierState {
    |        ^^^^^^^^^^^^

warning: field `barrier_cycles` is never read
   --> src/concurrency/sync_primitives.rs:200:5
    |
198 | struct BarrierMetrics {
    |        -------------- field in this struct
199 |     wait_count: u64,
200 |     barrier_cycles: u64,
    |     ^^^^^^^^^^^^^^
    |
    = note: `BarrierMetrics` has a derived impl for the trait `Debug`, but this is intentionally ignored during dead code analysis

warning: field `acquired_at` is never read
   --> src/concurrency/sync_primitives.rs:236:5
    |
234 | pub struct ReadGuard<'a> {
    |            --------- field in this struct
235 |     rw_lock: &'a AetherRwLock,
236 |     acquired_at: Instant,
    |     ^^^^^^^^^^^

warning: field `acquired_at` is never read
   --> src/concurrency/sync_primitives.rs:242:5
    |
240 | pub struct WriteGuard<'a> {
    |            ---------- field in this struct
241 |     rw_lock: &'a AetherRwLock,
242 |     acquired_at: Instant,
    |     ^^^^^^^^^^^

warning: fields `target_pid` and `breakpoints` are never read
  --> src/debug/debugger.rs:51:5
   |
49 | pub struct DebugSession {
   |            ------------ fields in this struct
50 |     /// Target process ID
51 |     target_pid: Option<u32>,
   |     ^^^^^^^^^^
...
57 |     breakpoints: Arc<Mutex<HashMap<String, Vec<Breakpoint>>>>,
   |     ^^^^^^^^^^^
   |
   = note: `DebugSession` has a derived impl for the trait `Debug`, but this is intentionally ignored during dead code analysis

warning: fields `diagnostics_provider` and `shutdown` are never read
  --> src/debug/lsp.rs:45:5
   |
34 | pub struct LanguageServer {
   |            -------------- fields in this struct
...
45 |     diagnostics_provider: DiagnosticsProvider,
   |     ^^^^^^^^^^^^^^^^^^^^
...
51 |     shutdown: Arc<AtomicBool>,
   |     ^^^^^^^^
   |
   = note: `LanguageServer` has a derived impl for the trait `Debug`, but this is intentionally ignored during dead code analysis

warning: field `diagnostics` is never read
   --> src/debug/lsp.rs:333:5
    |
331 | pub struct DiagnosticEngine {
    |            ---------------- field in this struct
332 |     /// Active diagnostics by document
333 |     diagnostics: HashMap<String, Vec<Diagnostic>>,
    |     ^^^^^^^^^^^
    |
    = note: `DiagnosticEngine` has a derived impl for the trait `Debug`, but this is intentionally ignored during dead code analysis

warning: field `snippets` is never read
   --> src/debug/lsp.rs:343:5
    |
338 | pub struct CompletionProvider {
    |            ------------------ field in this struct
...
343 |     snippets: HashMap<String, String>,
    |     ^^^^^^^^
    |
    = note: `CompletionProvider` has a derived impl for the trait `Debug`, but this is intentionally ignored during dead code analysis

warning: fields `source_parser` and `markdown_parser` are never read
  --> src/docs/parser.rs:39:5
   |
37 | pub struct DocParser {
   |            --------- fields in this struct
38 |     /// Source code parser
39 |     source_parser: SourceParser,
   |     ^^^^^^^^^^^^^
...
42 |     markdown_parser: MarkdownParser,
   |     ^^^^^^^^^^^^^^^
   |
   = note: `DocParser` has a derived impl for the trait `Debug`, but this is intentionally ignored during dead code analysis

warning: field `patterns` is never read
  --> src/docs/parser.rs:74:5
   |
72 | pub struct CommentParser {
   |            ------------- field in this struct
73 |     /// Comment prefix patterns
74 |     patterns: CommentPatterns,
   |     ^^^^^^^^
   |
   = note: `CommentParser` has a derived impl for the trait `Debug`, but this is intentionally ignored during dead code analysis

warning: field `location` is never read
   --> src/docs/parser.rs:725:5
    |
714 | struct ParsedItem {
    |        ---------- field in this struct
...
725 |     location: SourceLocation,
    |     ^^^^^^^^
    |
    = note: `ParsedItem` has derived impls for the traits `Clone` and `Debug`, but these are intentionally ignored during dead code analysis

warning: variants `Module`, `Enum`, `Trait`, `TypeAlias`, `Import`, and `Macro` are never constructed
   --> src/docs/parser.rs:731:5
    |
730 | enum ItemType {
    |      -------- variants in this enum
731 |     Module,
    |     ^^^^^^
...
734 |     Enum,
    |     ^^^^
735 |     Trait,
    |     ^^^^^
736 |     TypeAlias,
    |     ^^^^^^^^^
737 |     Constant,
738 |     Import,
    |     ^^^^^^
739 |     Macro,
    |     ^^^^^
    |
    = note: `ItemType` has derived impls for the traits `Clone` and `Debug`, but these are intentionally ignored during dead code analysis

warning: methods `parse_documentation`, `clean_comment_line`, `extract_tag`, `tag_to_section`, and `finalize_section` are never used
   --> src/docs/parser.rs:774:8
    |
761 | impl CommentParser {
    | ------------------ methods in this implementation
...
774 |     fn parse_documentation(&self, raw_docs: &str) -> Result<ParsedDoc, SemanticError> {
    |        ^^^^^^^^^^^^^^^^^^^
...
837 |     fn clean_comment_line(&self, line: &str) -> String {
    |        ^^^^^^^^^^^^^^^^^^
...
850 |     fn extract_tag(&self, line: &str) -> Option<String> {
    |        ^^^^^^^^^^^
...
862 |     fn tag_to_section(&self, tag: &str) -> DocSection {
    |        ^^^^^^^^^^^^^^
...
872 |     fn finalize_section(
    |        ^^^^^^^^^^^^^^^^

warning: variant `Tag` is never constructed
   --> src/docs/parser.rs:933:5
    |
927 | enum DocSection {
    |      ---------- variant in this enum
...
933 |     Tag(String),
    |     ^^^
    |
    = note: `DocSection` has derived impls for the traits `Clone` and `Debug`, but these are intentionally ignored during dead code analysis

warning: methods `parse_function_signature`, `parse_type_definition`, `extract_function_name`, and `extract_type_name` are never used
   --> src/docs/parser.rs:941:8
    |
936 | impl SignatureParser {
    | -------------------- methods in this implementation
...
941 |     fn parse_function_signature(&self, source: &str) -> Result<FunctionSignature, SemanticError> {
    |        ^^^^^^^^^^^^^^^^^^^^^^^^
...
957 |     fn parse_type_definition(&self, source: &str) -> Result<TypeInfo, SemanticError> {
    |        ^^^^^^^^^^^^^^^^^^^^^
...
970 |     fn extract_function_name(&self, source: &str) -> String {
    |        ^^^^^^^^^^^^^^^^^^^^^
...
981 |     fn extract_type_name(&self, source: &str) -> String {
    |        ^^^^^^^^^^^^^^^^^

warning: fields `template_engine` and `output_format` are never read
  --> src/docs/renderer.rs:32:5
   |
30 | pub struct DocRenderer {
   |            ----------- fields in this struct
31 |     /// Template engine for rendering
32 |     template_engine: TemplateEngine,
   |     ^^^^^^^^^^^^^^^
...
38 |     output_format: OutputFormat,
   |     ^^^^^^^^^^^^^
   |
   = note: `DocRenderer` has a derived impl for the trait `Debug`, but this is intentionally ignored during dead code analysis

warning: field `templates` is never read
  --> src/docs/renderer.rs:45:5
   |
43 | pub struct TemplateEngine {
   |            -------------- field in this struct
44 |     /// Loaded templates
45 |     templates: HashMap<String, String>,
   |     ^^^^^^^^^
   |
   = note: `TemplateEngine` has a derived impl for the trait `Debug`, but this is intentionally ignored during dead code analysis

warning: field `doc` is never read
   --> src/docs/renderer.rs:227:5
    |
225 | pub struct HtmlRenderer<'a> {
    |            ------------ field in this struct
226 |     /// Documentation to render
227 |     doc: &'a Documentation,
    |     ^^^
    |
    = note: `HtmlRenderer` has a derived impl for the trait `Debug`, but this is intentionally ignored during dead code analysis

warning: method `render_template` is never used
   --> src/docs/renderer.rs:849:8
    |
536 | impl TemplateEngine {
    | ------------------- method in this implementation
...
849 |     fn render_template(
    |        ^^^^^^^^^^^^^^^

warning: field `intent_keywords` is never read
   --> src/error/intent_analysis.rs:234:5
    |
233 | struct IntentPattern {
    |        ------------- field in this struct
234 |     intent_keywords: Vec<String>,
    |     ^^^^^^^^^^^^^^^

warning: field `patterns` is never read
   --> src/error/structured.rs:397:5
    |
396 | pub struct ErrorPatterns {
    |            ------------- field in this struct
397 |     patterns: HashMap<String, ErrorPattern>,
    |     ^^^^^^^^

warning: fields `code_prefix`, `matcher`, and `fixer` are never read
   --> src/error/structured.rs:402:5
    |
401 | struct ErrorPattern {
    |        ------------ fields in this struct
402 |     code_prefix: String,
    |     ^^^^^^^^^^^
403 |     matcher: fn(&CompilerError) -> bool,
    |     ^^^^^^^
404 |     fixer: fn(&CompilerError) -> Vec<FixSuggestion>,
    |     ^^^^^
    |
    = note: `ErrorPattern` has a derived impl for the trait `Clone`, but this is intentionally ignored during dead code analysis

warning: field `include_snippets` is never read
   --> src/error/structured.rs:510:5
    |
509 | pub struct LLMErrorFormatter {
    |            ----------------- field in this struct
510 |     include_snippets: bool,
    |     ^^^^^^^^^^^^^^^^

warning: method `read_quoted_identifier` is never used
   --> src/lexer/mod.rs:506:8
    |
 90 | impl Lexer {
    | ---------- method in this implementation
...
506 |     fn read_quoted_identifier(&mut self) -> Result<Token, LexerError> {
    |        ^^^^^^^^^^^^^^^^^^^^^^

warning: method `get_type_id` is never used
  --> src/llvm_backend/mod.rs:96:8
   |
65 | impl CleanupInfo {
   | ---------------- method in this implementation
...
96 |     fn get_type_id(&self, local_id: &mir::LocalId) -> TypeId {
   |        ^^^^^^^^^^^

warning: field `module` is never read
  --> src/lsp/server.rs:36:5
   |
34 | struct DocumentState {
   |        ------------- field in this struct
35 |     text: String,
36 |     module: Option<Module>,
   |     ^^^^^^
   |
   = note: `DocumentState` has a derived impl for the trait `Debug`, but this is intentionally ignored during dead code analysis

warning: fields `start`, `size`, `permissions`, and `status` are never read
  --> src/memory/mod.rs:61:5
   |
59 | struct MemoryRegion {
   |        ------------ fields in this struct
60 |     /// Start address
61 |     start: usize,
   |     ^^^^^
...
64 |     size: usize,
   |     ^^^^
...
67 |     permissions: MemoryPermissions,
   |     ^^^^^^^^^^^
...
70 |     status: AllocationStatus,
   |     ^^^^^^
   |
   = note: `MemoryRegion` has a derived impl for the trait `Debug`, but this is intentionally ignored during dead code analysis

warning: method `analyze_expression_memory` is never used
   --> src/memory/mod.rs:151:8
    |
 95 | impl MemoryAnalyzer {
    | ------------------- method in this implementation
...
151 |     fn analyze_expression_memory(
    |        ^^^^^^^^^^^^^^^^^^^^^^^^^

warning: field `parent` is never read
   --> src/mir/mod.rs:446:5
    |
445 | struct Scope {
    |        ----- field in this struct
446 |     parent: Option<ScopeId>,
    |     ^^^^^^

warning: method `get_enum_variant_associated_type` is never used
    --> src/mir/lowering.rs:4089:8
     |
  74 | impl LoweringContext {
     | -------------------- method in this implementation
...
4089 |     fn get_enum_variant_associated_type(
     |        ^^^^^^^^^^^^^^^^^^^^^^^^^^^^^^^^

warning: field `inlined_functions` is never read
  --> src/optimizations/inlining.rs:35:5
   |
30 | pub struct InliningPass {
   |            ------------ field in this struct
...
35 |     inlined_functions: HashSet<String>,
   |     ^^^^^^^^^^^^^^^^^
   |
   = note: `InliningPass` has a derived impl for the trait `Debug`, but this is intentionally ignored during dead code analysis

warning: fields `summaries` and `global_constants` are never read
  --> src/optimizations/interprocedural.rs:34:5
   |
29 | pub struct InterproceduralAnalysisPass {
   |            --------------------------- fields in this struct
...
34 |     summaries: HashMap<String, FunctionSummary>,
   |     ^^^^^^^^^
...
37 |     global_constants: GlobalConstantAnalysis,
   |     ^^^^^^^^^^^^^^^^
   |
   = note: `InterproceduralAnalysisPass` has a derived impl for the trait `Debug`, but this is intentionally ignored during dead code analysis

warning: fields `pure_functions`, `readonly_functions`, `modifying_functions`, `throwing_functions`, and `nonterminating_functions` are never read
  --> src/optimizations/interprocedural.rs:63:5
   |
61 | pub struct SideEffectAnalysis {
   |            ------------------ fields in this struct
62 |     /// Functions that are pure (no side effects)
63 |     pure_functions: HashSet<String>,
   |     ^^^^^^^^^^^^^^
...
66 |     readonly_functions: HashSet<String>,
   |     ^^^^^^^^^^^^^^^^^^
...
69 |     modifying_functions: HashSet<String>,
   |     ^^^^^^^^^^^^^^^^^^^
...
72 |     throwing_functions: HashSet<String>,
   |     ^^^^^^^^^^^^^^^^^^
...
75 |     nonterminating_functions: HashSet<String>,
   |     ^^^^^^^^^^^^^^^^^^^^^^^^
   |
   = note: `SideEffectAnalysis` has a derived impl for the trait `Debug`, but this is intentionally ignored during dead code analysis

warning: field `induction_variable` is never read
   --> src/optimizations/vectorization.rs:662:5
    |
659 | struct LoopInfo {
    |        -------- field in this struct
...
662 |     induction_variable: Option<Place>,
    |     ^^^^^^^^^^^^^^^^^^
    |
    = note: `LoopInfo` has derived impls for the traits `Clone` and `Debug`, but these are intentionally ignored during dead code analysis

warning: field `artifacts` is never read
  --> src/package/builder.rs:35:5
   |
30 | pub struct PackageBuilder {
   |            -------------- field in this struct
...
35 |     artifacts: Vec<BuildArtifact>,
   |     ^^^^^^^^^
   |
   = note: `PackageBuilder` has a derived impl for the trait `Debug`, but this is intentionally ignored during dead code analysis

warning: fields `artifacts`, `source_timestamps`, `dependency_timestamps`, `config_hash`, and `stats` are never read
  --> src/package/builder.rs:51:5
   |
49 | pub struct BuildCache {
   |            ---------- fields in this struct
50 |     /// Cached build artifacts
51 |     artifacts: HashMap<String, CachedArtifact>,
   |     ^^^^^^^^^
...
54 |     source_timestamps: HashMap<PathBuf, std::time::SystemTime>,
   |     ^^^^^^^^^^^^^^^^^
...
57 |     dependency_timestamps: HashMap<String, std::time::SystemTime>,
   |     ^^^^^^^^^^^^^^^^^^^^^
...
60 |     config_hash: Option<String>,
   |     ^^^^^^^^^^^
...
63 |     stats: BuildCacheStats,
   |     ^^^^^
   |
   = note: `BuildCache` has a derived impl for the trait `Debug`, but this is intentionally ignored during dead code analysis

warning: field `sandbox_config` is never read
   --> src/package/builder.rs:284:5
    |
282 | pub struct BuildScriptRunner {
    |            ----------------- field in this struct
283 |     /// Sandbox configuration
284 |     sandbox_config: SandboxConfig,
    |     ^^^^^^^^^^^^^^
    |
    = note: `BuildScriptRunner` has a derived impl for the trait `Debug`, but this is intentionally ignored during dead code analysis

warning: method `clear` is never used
   --> src/package/builder.rs:882:8
    |
881 | impl BuildCache {
    | --------------- method in this implementation
882 |     fn clear(&mut self) {
    |        ^^^^^

warning: methods `execute_shell_script`, `execute_python_script`, `execute_node_script`, `execute_custom_script`, and `execute_external_script` are never used
   --> src/package/builder.rs:949:8
    |
891 | impl BuildScriptRunner {
    | ---------------------- methods in this implementation
...
949 |     fn execute_shell_script(
    |        ^^^^^^^^^^^^^^^^^^^^
...
960 |     fn execute_python_script(
    |        ^^^^^^^^^^^^^^^^^^^^^
...
971 |     fn execute_node_script(
    |        ^^^^^^^^^^^^^^^^^^^
...
982 |     fn execute_custom_script(
    |        ^^^^^^^^^^^^^^^^^^^^^
...
994 |     fn execute_external_script(
    |        ^^^^^^^^^^^^^^^^^^^^^^^

warning: field `client` is never read
   --> src/package/registry.rs:109:5
    |
107 | pub struct HttpClient {
    |            ---------- field in this struct
108 |     /// HTTP client
109 |     client: reqwest::Client,
    |     ^^^^^^
    |
    = note: `HttpClient` has a derived impl for the trait `Debug`, but this is intentionally ignored during dead code analysis

warning: method `peek_keyword` is never used
   --> src/parser/mod.rs:555:8
    |
255 | impl Parser {
    | ----------- method in this implementation
...
555 |     fn peek_keyword(&self, expected: KeywordType) -> bool {
    |        ^^^^^^^^^^^^

warning: multiple methods are never used
   --> src/parser/v2.rs:210:8
    |
 80 | impl Parser {
    | ----------- methods in this implementation
...
210 |     fn synchronize(&mut self) {
    |        ^^^^^^^^^^^
...
245 |     fn synchronize_to_block_end(&mut self) {
    |        ^^^^^^^^^^^^^^^^^^^^^^^^
...
384 |     fn syntax_error(&self, message: &str, suggestion: Option<&str>) -> ParserError {
    |        ^^^^^^^^^^^^
...
393 |     fn missing_semicolon_error(&self) -> ParserError {
    |        ^^^^^^^^^^^^^^^^^^^^^^^
...
401 |     fn missing_type_error(&self, context: &str) -> ParserError {
    |        ^^^^^^^^^^^^^^^^^^
...
409 |     fn unexpected_token_error(&self, context: &str) -> ParserError {
    |        ^^^^^^^^^^^^^^^^^^^^^^
...
443 |     fn expected_expression_hint(&self) -> &'static str {
    |        ^^^^^^^^^^^^^^^^^^^^^^^^

warning: fields `cache` and `resolver` are never read
  --> src/patterns/composition.rs:31:5
   |
26 | pub struct CompositionEngine {
   |            ----------------- fields in this struct
...
31 |     cache: HashMap<String, ComposedPattern>,
   |     ^^^^^
...
34 |     resolver: ConflictResolver,
   |     ^^^^^^^^

warning: field `strategies` is never read
   --> src/patterns/composition.rs:149:5
    |
147 | pub struct ConflictResolver {
    |            ---------------- field in this struct
148 |     /// Resolution strategies
149 |     strategies: HashMap<ConflictType, ResolutionStrategy>,
    |     ^^^^^^^^^^

warning: variant `Sequential` is never constructed
    --> src/patterns/composition.rs:1075:5
     |
1073 | enum PatternRelationship {
     |      ------------------- variant in this enum
1074 |     Independent,
1075 |     Sequential,
     |     ^^^^^^^^^^
     |
     = note: `PatternRelationship` has derived impls for the traits `Clone` and `Debug`, but these are intentionally ignored during dead code analysis

warning: field `stdlib` is never read
   --> src/pipeline/mod.rs:183:5
    |
181 | pub struct CompilationPipeline {
    |            ------------------- field in this struct
182 |     options: CompileOptions,
183 |     stdlib: StandardLibrary,
    |     ^^^^^^

warning: fields `project_info`, `history`, `automation`, `artifacts`, `distribution`, and `packaging` are never read
  --> src/release/mod.rs:38:5
   |
36 | pub struct ReleaseManager {
   |            -------------- fields in this struct
37 |     /// Project information
38 |     project_info: ProjectInfo,
   |     ^^^^^^^^^^^^
...
41 |     history: ReleaseHistory,
   |     ^^^^^^^
...
44 |     automation: automation::AutomationPipeline,
   |     ^^^^^^^^^^
...
47 |     artifacts: artifacts::ArtifactManager,
   |     ^^^^^^^^^
...
50 |     distribution: distribution::DistributionManager,
   |     ^^^^^^^^^^^^
...
53 |     packaging: packaging::PackageBuilder,
   |     ^^^^^^^^^
   |
   = note: `ReleaseManager` has a derived impl for the trait `Debug`, but this is intentionally ignored during dead code analysis

warning: method `get_content_type` is never used
    --> src/release/distribution.rs:1077:8
     |
 945 | impl DistributionManager {
     | ------------------------ method in this implementation
...
1077 |     fn get_content_type(&self, format: &PackageFormat) -> String {
     |        ^^^^^^^^^^^^^^^^

warning: fields `formats` and `compression` are never read
  --> src/release/packaging.rs:38:5
   |
27 | pub struct PackageBuilder {
   |            -------------- fields in this struct
...
38 |     formats: Vec<PackageFormat>,
   |     ^^^^^^^
...
41 |     compression: CompressionSettings,
   |     ^^^^^^^^^^^
   |
   = note: `PackageBuilder` has a derived impl for the trait `Debug`, but this is intentionally ignored during dead code analysis

warning: field `settings` is never read
   --> src/release/updates.rs:644:5
    |
633 | pub struct UpdateCache<T> {
    |            ----------- field in this struct
...
644 |     settings: CacheSettings,
    |     ^^^^^^^^
    |
    = note: `UpdateCache` has a derived impl for the trait `Debug`, but this is intentionally ignored during dead code analysis

warning: fields `trusted_certs`, `signature_verification`, and `cert_validation` are never read
   --> src/release/updates.rs:878:5
    |
873 | pub struct UpdateSecurity {
    |            -------------- fields in this struct
...
878 |     trusted_certs: Vec<Certificate>,
    |     ^^^^^^^^^^^^^
...
881 |     signature_verification: SignatureVerificationConfig,
    |     ^^^^^^^^^^^^^^^^^^^^^^
...
884 |     cert_validation: CertificateValidation,
    |     ^^^^^^^^^^^^^^^
    |
    = note: `UpdateSecurity` has a derived impl for the trait `Debug`, but this is intentionally ignored during dead code analysis

warning: field `pools` is never read
  --> src/resource/analysis.rs:37:5
   |
26 | pub struct ResourceAnalyzer {
   |            ---------------- field in this struct
...
37 |     pools: HashMap<String, ResourcePool>,
   |     ^^^^^

warning: fields `depth` and `location` are never read
  --> src/resource/analysis.rs:48:5
   |
45 | struct ScopeInfo {
   |        --------- fields in this struct
...
48 |     depth: usize,
   |     ^^^^^
49 |     location: SourceLocation,
   |     ^^^^^^^^
   |
   = note: `ScopeInfo` has derived impls for the traits `Clone` and `Debug`, but these are intentionally ignored during dead code analysis

warning: function `create_external_function` is never used
  --> src/stdlib/mod.rs:95:15
   |
95 | pub(crate) fn create_external_function(
   |               ^^^^^^^^^^^^^^^^^^^^^^^^

warning: fields `assertions` and `variables` are never read
  --> src/verification/solver.rs:26:5
   |
24 | pub struct SmtSolver {
   |            --------- fields in this struct
25 |     /// SMT-LIB assertions
26 |     assertions: Vec<String>,
   |     ^^^^^^^^^^
...
29 |     variables: HashMap<String, String>,
   |     ^^^^^^^^^
   |
   = note: `SmtSolver` has a derived impl for the trait `Debug`, but this is intentionally ignored during dead code analysis

warning: hiding a lifetime that's elided elsewhere is confusing
   --> src/concurrency/sync_primitives.rs:395:17
    |
395 |     pub fn lock(&self) -> LockResult<MutexGuard> {
    |                 ^^^^^                ^^^^^^^^^^ the same lifetime is hidden here
    |                 |
    |                 the lifetime is elided here
    |
    = help: the same lifetime is referred to in inconsistent ways, making the signature confusing
    = note: `#[warn(mismatched_lifetime_syntaxes)]` on by default
help: use `'_` for type paths
    |
395 |     pub fn lock(&self) -> LockResult<MutexGuard<'_>> {
    |                                                ++++

warning: hiding a lifetime that's elided elsewhere is confusing
   --> src/concurrency/sync_primitives.rs:434:21
    |
434 |     pub fn try_lock(&self) -> LockResult<MutexGuard> {
    |                     ^^^^^                ^^^^^^^^^^ the same lifetime is hidden here
    |                     |
    |                     the lifetime is elided here
    |
    = help: the same lifetime is referred to in inconsistent ways, making the signature confusing
help: use `'_` for type paths
    |
434 |     pub fn try_lock(&self) -> LockResult<MutexGuard<'_>> {
    |                                                    ++++

warning: hiding a lifetime that's elided elsewhere is confusing
   --> src/concurrency/sync_primitives.rs:615:17
    |
615 |     pub fn read(&self) -> LockResult<ReadGuard> {
    |                 ^^^^^                ^^^^^^^^^ the same lifetime is hidden here
    |                 |
    |                 the lifetime is elided here
    |
    = help: the same lifetime is referred to in inconsistent ways, making the signature confusing
help: use `'_` for type paths
    |
615 |     pub fn read(&self) -> LockResult<ReadGuard<'_>> {
    |                                               ++++

warning: hiding a lifetime that's elided elsewhere is confusing
   --> src/concurrency/sync_primitives.rs:634:18
    |
634 |     pub fn write(&self) -> LockResult<WriteGuard> {
    |                  ^^^^^                ^^^^^^^^^^ the same lifetime is hidden here
    |                  |
    |                  the lifetime is elided here
    |
    = help: the same lifetime is referred to in inconsistent ways, making the signature confusing
help: use `'_` for type paths
    |
634 |     pub fn write(&self) -> LockResult<WriteGuard<'_>> {
    |                                                 ++++

warning: unused `Result` that must be used
   --> src/llvm_backend/mod.rs:453:29
    |
453 | ...                   builder.build_return(Some(&return_value));
    |                       ^^^^^^^^^^^^^^^^^^^^^^^^^^^^^^^^^^^^^^^^^
    |
    = note: this `Result` may be an `Err` variant, which should be handled
    = note: `#[warn(unused_must_use)]` (part of `#[warn(unused)]`) on by default
help: use `let _ = ...` to ignore the resulting value
    |
453 |                             let _ = builder.build_return(Some(&return_value));
    |                             +++++++

warning: unused `Result` that must be used
   --> src/llvm_backend/mod.rs:462:29
    |
462 | ...                   builder.build_return(Some(&i32_type.const_int(0, false)));
    |                       ^^^^^^^^^^^^^^^^^^^^^^^^^^^^^^^^^^^^^^^^^^^^^^^^^^^^^^^^^
    |
    = note: this `Result` may be an `Err` variant, which should be handled
help: use `let _ = ...` to ignore the resulting value
    |
462 |                             let _ = builder.build_return(Some(&i32_type.const_int(0, false)));
    |                             +++++++

warning: hiding a lifetime that's elided elsewhere is confusing
  --> src/llvm_backend/context.rs:47:26
   |
47 |     pub fn create_module(&self, name: &str) -> Module {
   |                          ^^^^^                 ^^^^^^ the same lifetime is hidden here
   |                          |
   |                          the lifetime is elided here
   |
   = help: the same lifetime is referred to in inconsistent ways, making the signature confusing
help: use `'_` for type paths
   |
47 |     pub fn create_module(&self, name: &str) -> Module<'_> {
   |                                                      ++++

warning: hiding a lifetime that's elided elsewhere is confusing
  --> src/llvm_backend/context.rs:58:27
   |
58 |     pub fn create_builder(&self) -> Builder {
   |                           ^^^^^     ^^^^^^^ the same lifetime is hidden here
   |                           |
   |                           the lifetime is elided here
   |
   = help: the same lifetime is referred to in inconsistent ways, making the signature confusing
help: use `'_` for type paths
   |
58 |     pub fn create_builder(&self) -> Builder<'_> {
   |                                            ++++

warning: using `.clone()` on a double reference, which returns `&version::Version` instead of cloning the inner type
   --> src/package/resolver.rs:538:61
    |
538 |                 Ok(compatible_versions.iter().max().unwrap().clone().clone())
    |                                                             ^^^^^^^^
    |
    = note: `#[warn(suspicious_double_ref_op)]` on by default

warning: using `.clone()` on a double reference, which returns `&version::Version` instead of cloning the inner type
   --> src/package/resolver.rs:541:61
    |
541 |                 Ok(compatible_versions.iter().min().unwrap().clone().clone())
    |                                                             ^^^^^^^^

warning: using `.clone()` on a double reference, which returns `&version::Version` instead of cloning the inner type
   --> src/package/resolver.rs:545:61
    |
545 |                 Ok(compatible_versions.iter().min().unwrap().clone().clone())
    |                                                             ^^^^^^^^

warning: using `.clone()` on a double reference, which returns `&version::Version` instead of cloning the inner type
   --> src/package/resolver.rs:549:61
    |
549 |                 Ok(compatible_versions.iter().max().unwrap().clone().clone())
    |                                                             ^^^^^^^^

warning: hiding a lifetime that's elided elsewhere is confusing
  --> src/profiling/mod.rs:91:24
   |
91 |     pub fn start_phase(&mut self, phase_name: &str) -> PhaseTimer {
   |                        ^^^^^^^^^                       ^^^^^^^^^^ the same lifetime is hidden here
   |                        |
   |                        the lifetime is elided here
   |
   = help: the same lifetime is referred to in inconsistent ways, making the signature confusing
help: use `'_` for type paths
   |
91 |     pub fn start_phase(&mut self, phase_name: &str) -> PhaseTimer<'_> {
   |                                                                  ++++

warning: unused `Result` that must be used
    --> src/semantic/mod.rs:2918:9
     |
2918 |         self.symbol_table.exit_scope();
     |         ^^^^^^^^^^^^^^^^^^^^^^^^^^^^^^
     |
     = note: this `Result` may be an `Err` variant, which should be handled
help: use `let _ = ...` to ignore the resulting value
     |
2918 |         let _ = self.symbol_table.exit_scope();
     |         +++++++

warning: `aether` (lib) generated 195 warnings (run `cargo fix --lib -p aether` to apply 46 suggestions)
    Finished `dev` profile [unoptimized + debuginfo] target(s) in 0.68s
     Running `target/debug/aether-compiler tokens tests/fixtures/simple_module.aether --output tests/output`
Lexer error: UnterminatedString { location: SourceLocation { file: "tests/fixtures/simple_module.aether", line: 2, column: 9, offset: 23 } }

  left: 1
 right: 0

---- test_performance_large_file stdout ----

thread 'test_performance_large_file' (7564412) panicked at tests/cli_integration_tests.rs:313:5:
assertion `left == right` failed: Stderr:     Blocking waiting for file lock on package cache
    Blocking waiting for file lock on build directory
warning: unused import: `ExampleType`
  --> src/docs/tutorial.rs:21:46
   |
21 |     CodeExample, DifficultyLevel, DocConfig, ExampleType, Exercise, Tutorial, TutorialSection,
   |                                              ^^^^^^^^^^^
   |
   = note: `#[warn(unused_imports)]` (part of `#[warn(unused)]`) on by default

warning: unused import: `std::path::Path`
  --> src/error/enhancement.rs:24:5
   |
24 | use std::path::Path;
   |     ^^^^^^^^^^^^^^^

warning: unused import: `BehavioralSpec`
  --> src/error/intent_analysis.rs:22:33
   |
22 | use crate::semantic::metadata::{BehavioralSpec, IntentSpec};
   |                                 ^^^^^^^^^^^^^^

warning: unused imports: `Expression`, `Statement`, and `TypeSpecifier`
  --> src/error/structured.rs:20:18
   |
20 | use crate::ast::{Expression, Statement, TypeSpecifier};
   |                  ^^^^^^^^^^  ^^^^^^^^^  ^^^^^^^^^^^^^

warning: unused import: `HashSet`
  --> src/llvm_backend/mod.rs:37:33
   |
37 | use std::collections::{HashMap, HashSet};
   |                                 ^^^^^^^

warning: unused import: `std::path::Path`
  --> src/lsp/server.rs:20:5
   |
20 | use std::path::Path;
   |     ^^^^^^^^^^^^^^^

warning: unused import: `BasicBlockId`
  --> src/optimizations/constant_propagation.rs:21:18
   |
21 | use crate::mir::{BasicBlockId, ConstantValue, Function, LocalId, Operand, Rvalue, Statement};
   |                  ^^^^^^^^^^^^

warning: unused imports: `BasicBlockId`, `LocalId`, `Place`, and `SourceInfo`
  --> src/optimizations/inlining.rs:22:5
   |
22 |     BasicBlockId, Function, LocalId, Operand, Place, Program, Rvalue, SourceInfo, Statement,
   |     ^^^^^^^^^^^^            ^^^^^^^           ^^^^^                   ^^^^^^^^^^

warning: unused import: `std::collections::HashMap`
  --> src/optimizations/inlining.rs:25:5
   |
25 | use std::collections::HashMap;
   |     ^^^^^^^^^^^^^^^^^^^^^^^^^

warning: unused import: `Constant`
  --> src/optimizations/interprocedural.rs:22:17
   |
22 |     BasicBlock, Constant, Function, Operand, Place, Program, Rvalue, Statement, Terminator,
   |                 ^^^^^^^^

warning: unused import: `BuildConfiguration`
  --> src/package/builder.rs:21:32
   |
21 | use crate::package::manifest::{BuildConfiguration, PackageManifest};
   |                                ^^^^^^^^^^^^^^^^^^

warning: unused import: `CacheStats`
  --> src/package/builder.rs:22:35
   |
22 | use crate::package::{BuildConfig, CacheStats};
   |                                   ^^^^^^^^^^

warning: unused imports: `BinaryOp` and `Expression as ContractExpr`
  --> src/patterns/catalog.rs:20:38
   |
20 | use crate::verification::contracts::{BinaryOp, Expression as ContractExpr};
   |                                      ^^^^^^^^  ^^^^^^^^^^^^^^^^^^^^^^^^^^

warning: unused imports: `Block`, `Expression`, `Function`, and `Statement`
  --> src/patterns/composition.rs:20:18
   |
20 | use crate::ast::{Block, Expression, Function, Statement};
   |                  ^^^^^  ^^^^^^^^^^  ^^^^^^^^  ^^^^^^^^^

warning: unused import: `crate::error::SourceLocation`
  --> src/patterns/composition.rs:21:5
   |
21 | use crate::error::SourceLocation;
   |     ^^^^^^^^^^^^^^^^^^^^^^^^^^^^

warning: unused import: `Function`
  --> src/patterns/mod.rs:23:37
   |
23 | use crate::ast::{Block, Expression, Function, Statement};
   |                                     ^^^^^^^^

warning: unused import: `crate::error::SourceLocation`
  --> src/patterns/mod.rs:24:5
   |
24 | use crate::error::SourceLocation;
   |     ^^^^^^^^^^^^^^^^^^^^^^^^^^^^

warning: unused imports: `FailoverConfig`, `FailoverThreshold`, `RecoveryConfig`, and `self`
  --> src/release/distribution.rs:23:22
   |
23 | use crate::release::{self, DistributionConfig, FailoverConfig, FailoverThreshold, RecoveryConfig};
   |                      ^^^^                      ^^^^^^^^^^^^^^  ^^^^^^^^^^^^^^^^^  ^^^^^^^^^^^^^^

warning: unused import: `crate::error::SemanticError`
  --> src/release/mod.rs:26:5
   |
26 | use crate::error::SemanticError;
   |     ^^^^^^^^^^^^^^^^^^^^^^^^^^^

warning: unused import: `OwnershipKind`
  --> src/semantic/mod.rs:32:20
   |
32 | use crate::types::{OwnershipKind, Type, TypeChecker};
   |                    ^^^^^^^^^^^^^

warning: unused import: `crate::types::Type`
  --> src/verification/contract_to_smt.rs:20:5
   |
20 | use crate::types::Type;
   |     ^^^^^^^^^^^^^^^^^^

warning: unused imports: `AggregateOp` and `TemporalOp`
  --> src/verification/contract_to_smt.rs:22:5
   |
22 |     AggregateOp, BinaryOp, ConstantValue, Expression, QuantifierKind, TemporalOp, UnaryOp,
   |     ^^^^^^^^^^^                                                       ^^^^^^^^^^

warning: unused imports: `Deserialize` and `Serialize`
  --> src/verification/contracts.rs:30:13
   |
30 | use serde::{Deserialize, Serialize};
   |             ^^^^^^^^^^^  ^^^^^^^^^

warning: unused import: `crate::ast::PrimitiveType`
  --> src/verification/vcgen.rs:23:5
   |
23 | use crate::ast::PrimitiveType;
   |     ^^^^^^^^^^^^^^^^^^^^^^^^^

warning: unused import: `crate::types::Type`
  --> src/verification/vcgen.rs:26:5
   |
26 | use crate::types::Type;
   |     ^^^^^^^^^^^^^^^^^^

warning: unused variable: `receiver`
   --> src/concurrency/actors.rs:377:22
    |
377 |         let (sender, receiver) = mpsc::channel();
    |                      ^^^^^^^^ help: if this is intentional, prefix it with an underscore: `_receiver`
    |
    = note: `#[warn(unused_variables)]` (part of `#[warn(unused)]`) on by default

warning: unused variable: `strategy`
   --> src/concurrency/actors.rs:622:12
    |
622 |     fn new(strategy: SupervisionStrategy) -> Self {
    |            ^^^^^^^^ help: if this is intentional, prefix it with an underscore: `_strategy`

warning: unused variable: `worker_id`
   --> src/concurrency/async_runtime.rs:350:13
    |
350 |         for worker_id in 0..self.config.worker_threads {
    |             ^^^^^^^^^ help: if this is intentional, prefix it with an underscore: `_worker_id`

warning: unused variable: `start_time`
   --> src/concurrency/sync_primitives.rs:568:13
    |
568 |         let start_time = Instant::now();
    |             ^^^^^^^^^^ help: if this is intentional, prefix it with an underscore: `_start_time`

warning: unused variable: `metrics`
   --> src/concurrency/sync_primitives.rs:711:23
    |
711 |         if let Ok(mut metrics) = self.rw_lock.metrics.lock() {}
    |                       ^^^^^^^ help: if this is intentional, prefix it with an underscore: `_metrics`

warning: variable does not need to be mutable
   --> src/concurrency/sync_primitives.rs:711:19
    |
711 |         if let Ok(mut metrics) = self.rw_lock.metrics.lock() {}
    |                   ----^^^^^^^
    |                   |
    |                   help: remove this `mut`
    |
    = note: `#[warn(unused_mut)]` (part of `#[warn(unused)]`) on by default

warning: unused variable: `metrics`
   --> src/concurrency/sync_primitives.rs:718:23
    |
718 |         if let Ok(mut metrics) = self.rw_lock.metrics.lock() {}
    |                       ^^^^^^^ help: if this is intentional, prefix it with an underscore: `_metrics`

warning: variable does not need to be mutable
   --> src/concurrency/sync_primitives.rs:718:19
    |
718 |         if let Ok(mut metrics) = self.rw_lock.metrics.lock() {}
    |                   ----^^^^^^^
    |                   |
    |                   help: remove this `mut`

warning: unused variable: `response_receiver`
   --> src/debug/debugger.rs:390:31
    |
390 |         let (response_sender, response_receiver) = channel();
    |                               ^^^^^^^^^^^^^^^^^ help: if this is intentional, prefix it with an underscore: `_response_receiver`

warning: unused variable: `debugger_process`
   --> src/debug/debugger.rs:393:13
    |
393 |         let debugger_process = self.start_debugger_process(&program_path)?;
    |             ^^^^^^^^^^^^^^^^ help: if this is intentional, prefix it with an underscore: `_debugger_process`

warning: unused variable: `target_info`
   --> src/debug/debugger.rs:401:13
    |
401 |         let target_info = TargetInfo {
    |             ^^^^^^^^^^^ help: if this is intentional, prefix it with an underscore: `_target_info`

warning: unused variable: `diagnostic`
   --> src/debug/lsp.rs:593:21
    |
593 |                 let diagnostic = Diagnostic {
    |                     ^^^^^^^^^^ help: if this is intentional, prefix it with an underscore: `_diagnostic`

warning: unused variable: `name`
   --> src/debug/lsp.rs:636:18
    |
636 |             for (name, symbol) in &semantic_info.symbols {
    |                  ^^^^ help: if this is intentional, prefix it with an underscore: `_name`

warning: unused variable: `uri`
   --> src/debug/lsp.rs:789:35
    |
789 |     pub fn get_diagnostics(&self, uri: &str) -> Vec<Diagnostic> {
    |                                   ^^^ help: if this is intentional, prefix it with an underscore: `_uri`

warning: unused variable: `categories`
   --> src/docs/examples.rs:132:13
    |
132 |         let categories = Self::create_example_categories();
    |             ^^^^^^^^^^ help: if this is intentional, prefix it with an underscore: `_categories`

warning: unused variable: `templates`
   --> src/docs/examples.rs:133:13
    |
133 |         let templates = Self::create_example_templates();
    |             ^^^^^^^^^ help: if this is intentional, prefix it with an underscore: `_templates`

warning: unused variable: `config`
   --> src/docs/examples.rs:131:16
    |
131 |     pub fn new(config: &DocConfig) -> Result<Self, SemanticError> {
    |                ^^^^^^ help: if this is intentional, prefix it with an underscore: `_config`

warning: unused variable: `output_dir`
  --> src/docs/generator.rs:21:16
   |
21 |     pub fn new(output_dir: String) -> Self {
   |                ^^^^^^^^^^ help: if this is intentional, prefix it with an underscore: `_output_dir`

warning: unused variable: `comment_parser`
   --> src/docs/parser.rs:132:13
    |
132 |         let comment_parser = CommentParser::new();
    |             ^^^^^^^^^^^^^^ help: if this is intentional, prefix it with an underscore: `_comment_parser`

warning: unused variable: `signature_parser`
   --> src/docs/parser.rs:133:13
    |
133 |         let signature_parser = SignatureParser::new();
    |             ^^^^^^^^^^^^^^^^ help: if this is intentional, prefix it with an underscore: `_signature_parser`

warning: unused variable: `config`
   --> src/docs/parser.rs:131:16
    |
131 |     pub fn new(config: &DocConfig) -> Result<Self, SemanticError> {
    |                ^^^^^^ help: if this is intentional, prefix it with an underscore: `_config`

warning: unused variable: `themes`
   --> src/docs/renderer.rs:368:13
    |
368 |         let themes = ThemeManager::new()?;
    |             ^^^^^^ help: if this is intentional, prefix it with an underscore: `_themes`

warning: unused variable: `search_paths`
   --> src/docs/renderer.rs:539:13
    |
539 |         let search_paths = vec![base_dir.join("templates"), PathBuf::from("templates")];
    |             ^^^^^^^^^^^^ help: if this is intentional, prefix it with an underscore: `_search_paths`

warning: unused variable: `helpers`
   --> src/docs/renderer.rs:558:13
    |
558 |         let helpers = Self::create_default_helpers();
    |             ^^^^^^^ help: if this is intentional, prefix it with an underscore: `_helpers`

warning: unused variable: `processors`
   --> src/docs/renderer.rs:879:13
    |
879 |         let processors: Vec<&dyn Fn(&str) -> String> = vec![];
    |             ^^^^^^^^^^ help: if this is intentional, prefix it with an underscore: `_processors`

warning: unused variable: `options`
    --> src/docs/renderer.rs:1185:13
     |
1185 |         let options = MarkdownOptions {
     |             ^^^^^^^ help: if this is intentional, prefix it with an underscore: `_options`

warning: unused variable: `toc_generator`
    --> src/docs/renderer.rs:1192:13
     |
1192 |         let toc_generator = TocGenerator {};
     |             ^^^^^^^^^^^^^ help: if this is intentional, prefix it with an underscore: `_toc_generator`

warning: unused variable: `options`
    --> src/docs/renderer.rs:1347:13
     |
1347 |         let options = PdfOptions {
     |             ^^^^^^^ help: if this is intentional, prefix it with an underscore: `_options`

warning: unused variable: `layout`
    --> src/docs/renderer.rs:1354:13
     |
1354 |         let layout = PageLayout {
     |             ^^^^^^ help: if this is intentional, prefix it with an underscore: `_layout`

warning: unused variable: `templates`
  --> src/docs/tutorial.rs:98:13
   |
98 |         let templates = Self::create_tutorial_templates();
   |             ^^^^^^^^^ help: if this is intentional, prefix it with an underscore: `_templates`

warning: unused variable: `config`
  --> src/docs/tutorial.rs:97:16
   |
97 |     pub fn new(config: &DocConfig) -> Result<Self, SemanticError> {
   |                ^^^^^^ help: if this is intentional, prefix it with an underscore: `_config`

warning: unused variable: `function`
   --> src/error/intent_analysis.rs:142:9
    |
142 |         function: &Function,
    |         ^^^^^^^^ help: if this is intentional, prefix it with an underscore: `_function`

warning: unused variable: `error`
   --> src/error/structured.rs:434:26
    |
434 |     fn fix_type_mismatch(error: &CompilerError) -> Vec<FixSuggestion> {
    |                          ^^^^^ help: if this is intentional, prefix it with an underscore: `_error`

warning: unused variable: `error`
   --> src/error/structured.rs:455:29
    |
455 |     fn fix_undefined_symbol(error: &CompilerError) -> Vec<FixSuggestion> {
    |                             ^^^^^ help: if this is intentional, prefix it with an underscore: `_error`

warning: unreachable pattern
   --> src/lexer/mod.rs:716:17
    |
685 |                 Some('\'') => {
    |                 ---------- matches all the relevant values
...
716 |                 Some('\'') => {
    |                 ^^^^^^^^^^ no value can reach this
    |
    = note: `#[warn(unreachable_patterns)]` (part of `#[warn(unused)]`) on by default

warning: unused variable: `function`
   --> src/llvm_backend/codegen.rs:157:13
    |
157 |         let function = self.module.add_function(name, fn_type, None);
    |             ^^^^^^^^ help: if this is intentional, prefix it with an underscore: `_function`

warning: unused variable: `i`
   --> src/llvm_backend/mod.rs:625:18
    |
625 |             for (i, stmt) in mir_block.statements.iter().enumerate() {
    |                  ^ help: if this is intentional, prefix it with an underscore: `_i`

warning: unnecessary `unsafe` block
   --> src/llvm_backend/mod.rs:919:41
    |
919 |                         let field_ptr = unsafe {
    |                                         ^^^^^^ unnecessary `unsafe` block
    |
    = note: `#[warn(unused_unsafe)]` (part of `#[warn(unused)]`) on by default

warning: unreachable pattern
    --> src/llvm_backend/mod.rs:2437:13
     |
 986 |             mir::Rvalue::AddressOf(place) => {
     |             ----------------------------- matches all the relevant values
...
2437 |             &mir::Rvalue::AddressOf(_) => todo!(),
     |             ^^^^^^^^^^^^^^^^^^^^^^^^^^ no value can reach this

warning: unused variable: `int_val`
    --> src/llvm_backend/mod.rs:1541:58
     |
1541 | ...                   BasicValueEnum::IntValue(int_val) => {
     |                                                ^^^^^^^ help: if this is intentional, prefix it with an underscore: `_int_val`

warning: unused variable: `field_names`
    --> src/llvm_backend/mod.rs:1836:61
     |
1836 |                     mir::AggregateKind::Struct(struct_name, field_names) => {
     |                                                             ^^^^^^^^^^^ help: if this is intentional, prefix it with an underscore: `_field_names`

warning: value assigned to `struct_size` is never read
    --> src/llvm_backend/mod.rs:1860:33
     |
1860 |                         let mut struct_size = 0u64;
     |                                 ^^^^^^^^^^^
     |
     = help: maybe it is overwritten before being read?
     = note: `#[warn(unused_assignments)]` (part of `#[warn(unused)]`) on by default

warning: variable does not need to be mutable
    --> src/llvm_backend/mod.rs:2152:29
     |
2152 |                         let mut current_type =
     |                             ----^^^^^^^^^^^^
     |                             |
     |                             help: remove this `mut`

warning: unused variable: `i64_type`
    --> src/llvm_backend/mod.rs:3210:13
     |
3210 |         let i64_type = self.context.i64_type();
     |             ^^^^^^^^ help: if this is intentional, prefix it with an underscore: `_i64_type`

warning: unused variable: `void_type`
    --> src/llvm_backend/mod.rs:3213:13
     |
3213 |         let void_type = self.context.void_type();
     |             ^^^^^^^^^ help: if this is intentional, prefix it with an underscore: `_void_type`

warning: unnecessary `unsafe` block
    --> src/llvm_backend/mod.rs:3662:33
     |
3662 |                 let field_ptr = unsafe {
     |                                 ^^^^^^ unnecessary `unsafe` block

warning: unused variable: `parent`
   --> src/memory/mod.rs:110:37
    |
110 |     pub fn create_region(&mut self, parent: Option<RegionId>) -> RegionId {
    |                                     ^^^^^^ help: if this is intentional, prefix it with an underscore: `_parent`

warning: unused variable: `operand`
   --> src/memory/mod.rs:307:48
    |
307 |                 if let Expression::AddressOf { operand, .. } = &**expr {
    |                                                ^^^^^^^-
    |                                                |
    |                                                help: try removing the field

warning: unused variable: `region_id`
   --> src/memory/mod.rs:441:38
    |
441 |     fn get_region_allocations(&self, region_id: &RegionId) -> Vec<AllocationInfo> {
    |                                      ^^^^^^^^^ help: if this is intentional, prefix it with an underscore: `_region_id`

warning: unused variable: `source_location`
   --> src/mir/lowering.rs:608:17
    |
608 |                 source_location,
    |                 ^^^^^^^^^^^^^^^ help: try ignoring the field: `source_location: _`

warning: unused variable: `source_location`
   --> src/mir/lowering.rs:621:17
    |
621 |                 source_location,
    |                 ^^^^^^^^^^^^^^^ help: try ignoring the field: `source_location: _`

warning: unused variable: `source_location`
   --> src/mir/lowering.rs:675:17
    |
675 |                 source_location,
    |                 ^^^^^^^^^^^^^^^ help: try ignoring the field: `source_location: _`

warning: unused variable: `source_location`
   --> src/mir/lowering.rs:685:17
    |
685 |                 source_location,
    |                 ^^^^^^^^^^^^^^^ help: try ignoring the field: `source_location: _`

warning: unused variable: `module`
    --> src/mir/lowering.rs:2544:33
     |
2544 |             Type::Named { name, module } => {
     |                                 ^^^^^^ help: try ignoring the field: `module: _`

warning: unused variable: `map`
    --> src/mir/lowering.rs:2668:47
     |
2668 |             ast::AssignmentTarget::MapValue { map, key } => {
     |                                               ^^^ help: try ignoring the field: `map: _`

warning: unused variable: `key`
    --> src/mir/lowering.rs:2668:52
     |
2668 |             ast::AssignmentTarget::MapValue { map, key } => {
     |                                                    ^^^ help: try ignoring the field: `key: _`

warning: unreachable pattern
    --> src/mir/lowering.rs:3998:13
     |
3934 |               ast::Pattern::Wildcard { binding, .. } => {
     |               -------------------------------------- matches all the relevant values
...
3998 | /             ast::Pattern::Wildcard {
3999 | |                 binding: Some(binding_name),
4000 | |                 source_location,
4001 | |             } => {
     | |_____________^ no value can reach this

warning: unreachable pattern
    --> src/mir/lowering.rs:4061:13
     |
3934 |             ast::Pattern::Wildcard { binding, .. } => {
     |             -------------------------------------- matches all the relevant values
...
4061 |             ast::Pattern::Wildcard { binding: None, .. } => {
     |             ^^^^^^^^^^^^^^^^^^^^^^^^^^^^^^^^^^^^^^^^^^^^ no value can reach this

warning: unused variable: `st`
    --> src/mir/lowering.rs:3792:49
     |
3792 |                     let data_type = if let Some(st) = &self.symbol_table {
     |                                                 ^^ help: if this is intentional, prefix it with an underscore: `_st`

warning: unused variable: `inner_variant`
    --> src/mir/lowering.rs:3819:43
     |
3819 | ...                   variant_name: inner_variant,
     |                                     ^^^^^^^^^^^^^ help: if this is intentional, prefix it with an underscore: `_inner_variant`

warning: unused variable: `target_type`
    --> src/mir/lowering.rs:4665:13
     |
4665 |         let target_type = match pointer_type {
     |             ^^^^^^^^^^^ help: if this is intentional, prefix it with an underscore: `_target_type`

warning: unused variable: `cycle`
   --> src/module_loader.rs:280:17
    |
280 |             let cycle: Vec<String> = stack[cycle_start..].to_vec();
    |                 ^^^^^ help: if this is intentional, prefix it with an underscore: `_cycle`

warning: unused variable: `depth`
  --> src/optimizations/inlining.rs:52:44
   |
52 |     pub fn set_max_inline_depth(&mut self, depth: usize) {}
   |                                            ^^^^^ help: if this is intentional, prefix it with an underscore: `_depth`

warning: unused variable: `function_name`
   --> src/optimizations/interprocedural.rs:667:14
    |
667 |         for (function_name, summary) in summaries {
    |              ^^^^^^^^^^^^^ help: if this is intentional, prefix it with an underscore: `_function_name`

warning: unused variable: `function_name`
   --> src/optimizations/interprocedural.rs:782:14
    |
782 |         for (function_name, function) in &program.functions {
    |              ^^^^^^^^^^^^^ help: if this is intentional, prefix it with an underscore: `_function_name`

warning: unused variable: `function`
   --> src/optimizations/interprocedural.rs:782:29
    |
782 |         for (function_name, function) in &program.functions {
    |                             ^^^^^^^^ help: if this is intentional, prefix it with an underscore: `_function`

warning: unused variable: `function_name`
   --> src/optimizations/interprocedural.rs:799:14
    |
799 |         for (function_name, function) in &program.functions {
    |              ^^^^^^^^^^^^^ help: if this is intentional, prefix it with an underscore: `_function_name`

warning: unused variable: `function_name`
   --> src/optimizations/interprocedural.rs:821:14
    |
821 |         for (function_name, function) in &program.functions {
    |              ^^^^^^^^^^^^^ help: if this is intentional, prefix it with an underscore: `_function_name`

warning: unused variable: `constant`
   --> src/optimizations/interprocedural.rs:856:21
    |
856 |         for (place, constant) in assignments {
    |                     ^^^^^^^^ help: if this is intentional, prefix it with an underscore: `_constant`

warning: unused variable: `var_name`
   --> src/optimizations/interprocedural.rs:857:17
    |
857 |             let var_name = format!("{}::{}", function.name, place.local);
    |                 ^^^^^^^^ help: if this is intentional, prefix it with an underscore: `_var_name`

warning: unused variable: `end_loc`
    --> src/parser/v2.rs:2883:17
     |
2883 |             let end_loc = self.current_location();
     |                 ^^^^^^^ help: if this is intentional, prefix it with an underscore: `_end_loc`

warning: unused variable: `field_location`
    --> src/parser/mod.rs:1420:17
     |
1420 |             let field_location = field_keyword.location.clone();
     |                 ^^^^^^^^^^^^^^ help: if this is intentional, prefix it with an underscore: `_field_location`

warning: variable does not need to be mutable
    --> src/parser/mod.rs:1875:13
     |
1875 |         let mut constraints = Vec::new();
     |             ----^^^^^^^^^^^
     |             |
     |             help: remove this `mut`

warning: variable `generic_parameters` is assigned to, but never used
    --> src/parser/mod.rs:1927:17
     |
1927 |         let mut generic_parameters = Vec::new();
     |                 ^^^^^^^^^^^^^^^^^^
     |
     = note: consider using `_generic_parameters` instead

warning: variable `lifetime_parameters` is assigned to, but never used
    --> src/parser/mod.rs:1928:17
     |
1928 |         let mut lifetime_parameters = Vec::new();
     |                 ^^^^^^^^^^^^^^^^^^^
     |
     = note: consider using `_lifetime_parameters` instead

warning: value assigned to `generic_parameters` is never read
    --> src/parser/mod.rs:1977:29
     |
1977 | ...                   generic_parameters = self.parse_generic_parameters()?;
     |                       ^^^^^^^^^^^^^^^^^^
     |
     = help: maybe it is overwritten before being read?

warning: value assigned to `lifetime_parameters` is never read
    --> src/parser/mod.rs:1981:29
     |
1981 | ...                   lifetime_parameters = self.parse_lifetime_parameters()?;
     |                       ^^^^^^^^^^^^^^^^^^^
     |
     = help: maybe it is overwritten before being read?

warning: variable does not need to be mutable
    --> src/parser/mod.rs:1926:13
     |
1926 |         let mut intent = None;
     |             ----^^^^^^
     |             |
     |             help: remove this `mut`

warning: unused variable: `nested_pattern`
    --> src/parser/mod.rs:4182:22
     |
4182 |                 let (nested_pattern, binding) = if let Some(token) = self.current_token() {
     |                      ^^^^^^^^^^^^^^ help: if this is intentional, prefix it with an underscore: `_nested_pattern`

warning: variable does not need to be mutable
    --> src/parser/mod.rs:4599:13
     |
4599 |         let mut invariants = Vec::new();
     |             ----^^^^^^^^^^
     |             |
     |             help: remove this `mut`

warning: variable does not need to be mutable
   --> src/patterns/catalog.rs:132:21
    |
132 |                 let mut contract = create_pattern_contract("safe_array_access");
    |                     ----^^^^^^^^
    |                     |
    |                     help: remove this `mut`

warning: variable does not need to be mutable
   --> src/patterns/catalog.rs:392:21
    |
392 |                 let mut contract = create_pattern_contract("binary_search");
    |                     ----^^^^^^^^
    |                     |
    |                     help: remove this `mut`

warning: variable does not need to be mutable
   --> src/patterns/catalog.rs:536:21
    |
536 |                 let mut contract = create_pattern_contract("map_filter_reduce");
    |                     ----^^^^^^^^
    |                     |
    |                     help: remove this `mut`

warning: variable does not need to be mutable
   --> src/patterns/catalog.rs:804:21
    |
804 |                 let mut contract = create_pattern_contract("raii_wrapper");
    |                     ----^^^^^^^^
    |                     |
    |                     help: remove this `mut`

warning: variable does not need to be mutable
   --> src/patterns/catalog.rs:931:21
    |
931 |                 let mut contract = create_pattern_contract("result_type");
    |                     ----^^^^^^^^
    |                     |
    |                     help: remove this `mut`

warning: variable does not need to be mutable
    --> src/patterns/catalog.rs:1049:21
     |
1049 |                 let mut contract = create_pattern_contract("input_validation");
     |                     ----^^^^^^^^
     |                     |
     |                     help: remove this `mut`

warning: unused variable: `data_flow`
   --> src/patterns/composition.rs:519:9
    |
519 |         data_flow: &DataFlowSpec,
    |         ^^^^^^^^^ help: if this is intentional, prefix it with an underscore: `_data_flow`

warning: unused variable: `config`
   --> src/release/distribution.rs:947:16
    |
947 |     pub fn new(config: DistributionConfig) -> Result<Self, SemanticError> {
    |                ^^^^^^ help: if this is intentional, prefix it with an underscore: `_config`

warning: unused variable: `cache_config`
    --> src/release/distribution.rs:1135:13
     |
1135 |         let cache_config = CacheConfig {
     |             ^^^^^^^^^^^^ help: if this is intentional, prefix it with an underscore: `_cache_config`

warning: unused variable: `c_string`
   --> src/runtime/mod.rs:170:9
    |
170 |     let c_string = result.as_ptr() as *mut c_char;
    |         ^^^^^^^^ help: if this is intentional, prefix it with an underscore: `_c_string`

warning: unused variable: `constraint`
   --> src/semantic/metadata.rs:462:25
    |
462 |             if let Some(constraint) = &sem_type.constraint {
    |                         ^^^^^^^^^^ help: if this is intentional, prefix it with an underscore: `_constraint`

warning: unused variable: `e`
  --> src/semantic/ownership.rs:41:32
   |
41 |                     if let Err(e) = self.symbol_table.mark_variable_moved(&name.name) {
   |                                ^ help: if this is intentional, prefix it with an underscore: `_e`

warning: unused variable: `e`
  --> src/semantic/ownership.rs:66:36
   |
66 |                         if let Err(e) = self.symbol_table.mark_variable_moved(&name.name) {
   |                                    ^ help: if this is intentional, prefix it with an underscore: `_e`

warning: unused variable: `enum_name`
    --> src/semantic/mod.rs:1549:17
     |
1549 |                 enum_name,
     |                 ^^^^^^^^^ help: try ignoring the field: `enum_name: _`

warning: unused variable: `source_location`
    --> src/semantic/mod.rs:1726:17
     |
1726 |                 source_location,
     |                 ^^^^^^^^^^^^^^^ help: try ignoring the field: `source_location: _`

warning: unused variable: `source_location`
    --> src/semantic/mod.rs:1921:17
     |
1921 |                 source_location,
     |                 ^^^^^^^^^^^^^^^ help: try ignoring the field: `source_location: _`

warning: unused variable: `size_type`
  --> src/stdlib/network.rs:41:9
   |
41 |     let size_type = TypeSpecifier::Primitive {
   |         ^^^^^^^^^ help: if this is intentional, prefix it with an underscore: `_size_type`

warning: unused variable: `contract`
   --> src/verification/contracts.rs:811:13
    |
811 |     let mut contract = FunctionContract::new(function.name.name.clone());
    |             ^^^^^^^^ help: if this is intentional, prefix it with an underscore: `_contract`

warning: variable does not need to be mutable
   --> src/verification/contracts.rs:811:9
    |
811 |     let mut contract = FunctionContract::new(function.name.name.clone());
    |         ----^^^^^^^^
    |         |
    |         help: remove this `mut`

warning: unused variable: `place`
   --> src/verification/vcgen.rs:382:25
    |
382 |             Rvalue::Len(place) => {
    |                         ^^^^^ help: if this is intentional, prefix it with an underscore: `_place`

warning: field `associated_mutex` is never read
  --> src/concurrency/sync_primitives.rs:89:5
   |
84 | pub struct AetherCondVar {
   |            ------------- field in this struct
...
89 |     associated_mutex: Option<String>,
   |     ^^^^^^^^^^^^^^^^
   |
   = note: `AetherCondVar` has a derived impl for the trait `Debug`, but this is intentionally ignored during dead code analysis
   = note: `#[warn(dead_code)]` (part of `#[warn(unused)]`) on by default

warning: struct `BarrierState` is never constructed
   --> src/concurrency/sync_primitives.rs:137:8
    |
137 | struct BarrierState {
    |        ^^^^^^^^^^^^

warning: field `barrier_cycles` is never read
   --> src/concurrency/sync_primitives.rs:200:5
    |
198 | struct BarrierMetrics {
    |        -------------- field in this struct
199 |     wait_count: u64,
200 |     barrier_cycles: u64,
    |     ^^^^^^^^^^^^^^
    |
    = note: `BarrierMetrics` has a derived impl for the trait `Debug`, but this is intentionally ignored during dead code analysis

warning: field `acquired_at` is never read
   --> src/concurrency/sync_primitives.rs:236:5
    |
234 | pub struct ReadGuard<'a> {
    |            --------- field in this struct
235 |     rw_lock: &'a AetherRwLock,
236 |     acquired_at: Instant,
    |     ^^^^^^^^^^^

warning: field `acquired_at` is never read
   --> src/concurrency/sync_primitives.rs:242:5
    |
240 | pub struct WriteGuard<'a> {
    |            ---------- field in this struct
241 |     rw_lock: &'a AetherRwLock,
242 |     acquired_at: Instant,
    |     ^^^^^^^^^^^

warning: fields `target_pid` and `breakpoints` are never read
  --> src/debug/debugger.rs:51:5
   |
49 | pub struct DebugSession {
   |            ------------ fields in this struct
50 |     /// Target process ID
51 |     target_pid: Option<u32>,
   |     ^^^^^^^^^^
...
57 |     breakpoints: Arc<Mutex<HashMap<String, Vec<Breakpoint>>>>,
   |     ^^^^^^^^^^^
   |
   = note: `DebugSession` has a derived impl for the trait `Debug`, but this is intentionally ignored during dead code analysis

warning: fields `diagnostics_provider` and `shutdown` are never read
  --> src/debug/lsp.rs:45:5
   |
34 | pub struct LanguageServer {
   |            -------------- fields in this struct
...
45 |     diagnostics_provider: DiagnosticsProvider,
   |     ^^^^^^^^^^^^^^^^^^^^
...
51 |     shutdown: Arc<AtomicBool>,
   |     ^^^^^^^^
   |
   = note: `LanguageServer` has a derived impl for the trait `Debug`, but this is intentionally ignored during dead code analysis

warning: field `diagnostics` is never read
   --> src/debug/lsp.rs:333:5
    |
331 | pub struct DiagnosticEngine {
    |            ---------------- field in this struct
332 |     /// Active diagnostics by document
333 |     diagnostics: HashMap<String, Vec<Diagnostic>>,
    |     ^^^^^^^^^^^
    |
    = note: `DiagnosticEngine` has a derived impl for the trait `Debug`, but this is intentionally ignored during dead code analysis

warning: field `snippets` is never read
   --> src/debug/lsp.rs:343:5
    |
338 | pub struct CompletionProvider {
    |            ------------------ field in this struct
...
343 |     snippets: HashMap<String, String>,
    |     ^^^^^^^^
    |
    = note: `CompletionProvider` has a derived impl for the trait `Debug`, but this is intentionally ignored during dead code analysis

warning: fields `source_parser` and `markdown_parser` are never read
  --> src/docs/parser.rs:39:5
   |
37 | pub struct DocParser {
   |            --------- fields in this struct
38 |     /// Source code parser
39 |     source_parser: SourceParser,
   |     ^^^^^^^^^^^^^
...
42 |     markdown_parser: MarkdownParser,
   |     ^^^^^^^^^^^^^^^
   |
   = note: `DocParser` has a derived impl for the trait `Debug`, but this is intentionally ignored during dead code analysis

warning: field `patterns` is never read
  --> src/docs/parser.rs:74:5
   |
72 | pub struct CommentParser {
   |            ------------- field in this struct
73 |     /// Comment prefix patterns
74 |     patterns: CommentPatterns,
   |     ^^^^^^^^
   |
   = note: `CommentParser` has a derived impl for the trait `Debug`, but this is intentionally ignored during dead code analysis

warning: field `location` is never read
   --> src/docs/parser.rs:725:5
    |
714 | struct ParsedItem {
    |        ---------- field in this struct
...
725 |     location: SourceLocation,
    |     ^^^^^^^^
    |
    = note: `ParsedItem` has derived impls for the traits `Clone` and `Debug`, but these are intentionally ignored during dead code analysis

warning: variants `Module`, `Enum`, `Trait`, `TypeAlias`, `Import`, and `Macro` are never constructed
   --> src/docs/parser.rs:731:5
    |
730 | enum ItemType {
    |      -------- variants in this enum
731 |     Module,
    |     ^^^^^^
...
734 |     Enum,
    |     ^^^^
735 |     Trait,
    |     ^^^^^
736 |     TypeAlias,
    |     ^^^^^^^^^
737 |     Constant,
738 |     Import,
    |     ^^^^^^
739 |     Macro,
    |     ^^^^^
    |
    = note: `ItemType` has derived impls for the traits `Clone` and `Debug`, but these are intentionally ignored during dead code analysis

warning: methods `parse_documentation`, `clean_comment_line`, `extract_tag`, `tag_to_section`, and `finalize_section` are never used
   --> src/docs/parser.rs:774:8
    |
761 | impl CommentParser {
    | ------------------ methods in this implementation
...
774 |     fn parse_documentation(&self, raw_docs: &str) -> Result<ParsedDoc, SemanticError> {
    |        ^^^^^^^^^^^^^^^^^^^
...
837 |     fn clean_comment_line(&self, line: &str) -> String {
    |        ^^^^^^^^^^^^^^^^^^
...
850 |     fn extract_tag(&self, line: &str) -> Option<String> {
    |        ^^^^^^^^^^^
...
862 |     fn tag_to_section(&self, tag: &str) -> DocSection {
    |        ^^^^^^^^^^^^^^
...
872 |     fn finalize_section(
    |        ^^^^^^^^^^^^^^^^

warning: variant `Tag` is never constructed
   --> src/docs/parser.rs:933:5
    |
927 | enum DocSection {
    |      ---------- variant in this enum
...
933 |     Tag(String),
    |     ^^^
    |
    = note: `DocSection` has derived impls for the traits `Clone` and `Debug`, but these are intentionally ignored during dead code analysis

warning: methods `parse_function_signature`, `parse_type_definition`, `extract_function_name`, and `extract_type_name` are never used
   --> src/docs/parser.rs:941:8
    |
936 | impl SignatureParser {
    | -------------------- methods in this implementation
...
941 |     fn parse_function_signature(&self, source: &str) -> Result<FunctionSignature, SemanticError> {
    |        ^^^^^^^^^^^^^^^^^^^^^^^^
...
957 |     fn parse_type_definition(&self, source: &str) -> Result<TypeInfo, SemanticError> {
    |        ^^^^^^^^^^^^^^^^^^^^^
...
970 |     fn extract_function_name(&self, source: &str) -> String {
    |        ^^^^^^^^^^^^^^^^^^^^^
...
981 |     fn extract_type_name(&self, source: &str) -> String {
    |        ^^^^^^^^^^^^^^^^^

warning: fields `template_engine` and `output_format` are never read
  --> src/docs/renderer.rs:32:5
   |
30 | pub struct DocRenderer {
   |            ----------- fields in this struct
31 |     /// Template engine for rendering
32 |     template_engine: TemplateEngine,
   |     ^^^^^^^^^^^^^^^
...
38 |     output_format: OutputFormat,
   |     ^^^^^^^^^^^^^
   |
   = note: `DocRenderer` has a derived impl for the trait `Debug`, but this is intentionally ignored during dead code analysis

warning: field `templates` is never read
  --> src/docs/renderer.rs:45:5
   |
43 | pub struct TemplateEngine {
   |            -------------- field in this struct
44 |     /// Loaded templates
45 |     templates: HashMap<String, String>,
   |     ^^^^^^^^^
   |
   = note: `TemplateEngine` has a derived impl for the trait `Debug`, but this is intentionally ignored during dead code analysis

warning: field `doc` is never read
   --> src/docs/renderer.rs:227:5
    |
225 | pub struct HtmlRenderer<'a> {
    |            ------------ field in this struct
226 |     /// Documentation to render
227 |     doc: &'a Documentation,
    |     ^^^
    |
    = note: `HtmlRenderer` has a derived impl for the trait `Debug`, but this is intentionally ignored during dead code analysis

warning: method `render_template` is never used
   --> src/docs/renderer.rs:849:8
    |
536 | impl TemplateEngine {
    | ------------------- method in this implementation
...
849 |     fn render_template(
    |        ^^^^^^^^^^^^^^^

warning: field `intent_keywords` is never read
   --> src/error/intent_analysis.rs:234:5
    |
233 | struct IntentPattern {
    |        ------------- field in this struct
234 |     intent_keywords: Vec<String>,
    |     ^^^^^^^^^^^^^^^

warning: field `patterns` is never read
   --> src/error/structured.rs:397:5
    |
396 | pub struct ErrorPatterns {
    |            ------------- field in this struct
397 |     patterns: HashMap<String, ErrorPattern>,
    |     ^^^^^^^^

warning: fields `code_prefix`, `matcher`, and `fixer` are never read
   --> src/error/structured.rs:402:5
    |
401 | struct ErrorPattern {
    |        ------------ fields in this struct
402 |     code_prefix: String,
    |     ^^^^^^^^^^^
403 |     matcher: fn(&CompilerError) -> bool,
    |     ^^^^^^^
404 |     fixer: fn(&CompilerError) -> Vec<FixSuggestion>,
    |     ^^^^^
    |
    = note: `ErrorPattern` has a derived impl for the trait `Clone`, but this is intentionally ignored during dead code analysis

warning: field `include_snippets` is never read
   --> src/error/structured.rs:510:5
    |
509 | pub struct LLMErrorFormatter {
    |            ----------------- field in this struct
510 |     include_snippets: bool,
    |     ^^^^^^^^^^^^^^^^

warning: method `read_quoted_identifier` is never used
   --> src/lexer/mod.rs:506:8
    |
 90 | impl Lexer {
    | ---------- method in this implementation
...
506 |     fn read_quoted_identifier(&mut self) -> Result<Token, LexerError> {
    |        ^^^^^^^^^^^^^^^^^^^^^^

warning: method `get_type_id` is never used
  --> src/llvm_backend/mod.rs:96:8
   |
65 | impl CleanupInfo {
   | ---------------- method in this implementation
...
96 |     fn get_type_id(&self, local_id: &mir::LocalId) -> TypeId {
   |        ^^^^^^^^^^^

warning: field `module` is never read
  --> src/lsp/server.rs:36:5
   |
34 | struct DocumentState {
   |        ------------- field in this struct
35 |     text: String,
36 |     module: Option<Module>,
   |     ^^^^^^
   |
   = note: `DocumentState` has a derived impl for the trait `Debug`, but this is intentionally ignored during dead code analysis

warning: fields `start`, `size`, `permissions`, and `status` are never read
  --> src/memory/mod.rs:61:5
   |
59 | struct MemoryRegion {
   |        ------------ fields in this struct
60 |     /// Start address
61 |     start: usize,
   |     ^^^^^
...
64 |     size: usize,
   |     ^^^^
...
67 |     permissions: MemoryPermissions,
   |     ^^^^^^^^^^^
...
70 |     status: AllocationStatus,
   |     ^^^^^^
   |
   = note: `MemoryRegion` has a derived impl for the trait `Debug`, but this is intentionally ignored during dead code analysis

warning: method `analyze_expression_memory` is never used
   --> src/memory/mod.rs:151:8
    |
 95 | impl MemoryAnalyzer {
    | ------------------- method in this implementation
...
151 |     fn analyze_expression_memory(
    |        ^^^^^^^^^^^^^^^^^^^^^^^^^

warning: field `parent` is never read
   --> src/mir/mod.rs:446:5
    |
445 | struct Scope {
    |        ----- field in this struct
446 |     parent: Option<ScopeId>,
    |     ^^^^^^

warning: method `get_enum_variant_associated_type` is never used
    --> src/mir/lowering.rs:4089:8
     |
  74 | impl LoweringContext {
     | -------------------- method in this implementation
...
4089 |     fn get_enum_variant_associated_type(
     |        ^^^^^^^^^^^^^^^^^^^^^^^^^^^^^^^^

warning: field `inlined_functions` is never read
  --> src/optimizations/inlining.rs:35:5
   |
30 | pub struct InliningPass {
   |            ------------ field in this struct
...
35 |     inlined_functions: HashSet<String>,
   |     ^^^^^^^^^^^^^^^^^
   |
   = note: `InliningPass` has a derived impl for the trait `Debug`, but this is intentionally ignored during dead code analysis

warning: fields `summaries` and `global_constants` are never read
  --> src/optimizations/interprocedural.rs:34:5
   |
29 | pub struct InterproceduralAnalysisPass {
   |            --------------------------- fields in this struct
...
34 |     summaries: HashMap<String, FunctionSummary>,
   |     ^^^^^^^^^
...
37 |     global_constants: GlobalConstantAnalysis,
   |     ^^^^^^^^^^^^^^^^
   |
   = note: `InterproceduralAnalysisPass` has a derived impl for the trait `Debug`, but this is intentionally ignored during dead code analysis

warning: fields `pure_functions`, `readonly_functions`, `modifying_functions`, `throwing_functions`, and `nonterminating_functions` are never read
  --> src/optimizations/interprocedural.rs:63:5
   |
61 | pub struct SideEffectAnalysis {
   |            ------------------ fields in this struct
62 |     /// Functions that are pure (no side effects)
63 |     pure_functions: HashSet<String>,
   |     ^^^^^^^^^^^^^^
...
66 |     readonly_functions: HashSet<String>,
   |     ^^^^^^^^^^^^^^^^^^
...
69 |     modifying_functions: HashSet<String>,
   |     ^^^^^^^^^^^^^^^^^^^
...
72 |     throwing_functions: HashSet<String>,
   |     ^^^^^^^^^^^^^^^^^^
...
75 |     nonterminating_functions: HashSet<String>,
   |     ^^^^^^^^^^^^^^^^^^^^^^^^
   |
   = note: `SideEffectAnalysis` has a derived impl for the trait `Debug`, but this is intentionally ignored during dead code analysis

warning: field `induction_variable` is never read
   --> src/optimizations/vectorization.rs:662:5
    |
659 | struct LoopInfo {
    |        -------- field in this struct
...
662 |     induction_variable: Option<Place>,
    |     ^^^^^^^^^^^^^^^^^^
    |
    = note: `LoopInfo` has derived impls for the traits `Clone` and `Debug`, but these are intentionally ignored during dead code analysis

warning: field `artifacts` is never read
  --> src/package/builder.rs:35:5
   |
30 | pub struct PackageBuilder {
   |            -------------- field in this struct
...
35 |     artifacts: Vec<BuildArtifact>,
   |     ^^^^^^^^^
   |
   = note: `PackageBuilder` has a derived impl for the trait `Debug`, but this is intentionally ignored during dead code analysis

warning: fields `artifacts`, `source_timestamps`, `dependency_timestamps`, `config_hash`, and `stats` are never read
  --> src/package/builder.rs:51:5
   |
49 | pub struct BuildCache {
   |            ---------- fields in this struct
50 |     /// Cached build artifacts
51 |     artifacts: HashMap<String, CachedArtifact>,
   |     ^^^^^^^^^
...
54 |     source_timestamps: HashMap<PathBuf, std::time::SystemTime>,
   |     ^^^^^^^^^^^^^^^^^
...
57 |     dependency_timestamps: HashMap<String, std::time::SystemTime>,
   |     ^^^^^^^^^^^^^^^^^^^^^
...
60 |     config_hash: Option<String>,
   |     ^^^^^^^^^^^
...
63 |     stats: BuildCacheStats,
   |     ^^^^^
   |
   = note: `BuildCache` has a derived impl for the trait `Debug`, but this is intentionally ignored during dead code analysis

warning: field `sandbox_config` is never read
   --> src/package/builder.rs:284:5
    |
282 | pub struct BuildScriptRunner {
    |            ----------------- field in this struct
283 |     /// Sandbox configuration
284 |     sandbox_config: SandboxConfig,
    |     ^^^^^^^^^^^^^^
    |
    = note: `BuildScriptRunner` has a derived impl for the trait `Debug`, but this is intentionally ignored during dead code analysis

warning: method `clear` is never used
   --> src/package/builder.rs:882:8
    |
881 | impl BuildCache {
    | --------------- method in this implementation
882 |     fn clear(&mut self) {
    |        ^^^^^

warning: methods `execute_shell_script`, `execute_python_script`, `execute_node_script`, `execute_custom_script`, and `execute_external_script` are never used
   --> src/package/builder.rs:949:8
    |
891 | impl BuildScriptRunner {
    | ---------------------- methods in this implementation
...
949 |     fn execute_shell_script(
    |        ^^^^^^^^^^^^^^^^^^^^
...
960 |     fn execute_python_script(
    |        ^^^^^^^^^^^^^^^^^^^^^
...
971 |     fn execute_node_script(
    |        ^^^^^^^^^^^^^^^^^^^
...
982 |     fn execute_custom_script(
    |        ^^^^^^^^^^^^^^^^^^^^^
...
994 |     fn execute_external_script(
    |        ^^^^^^^^^^^^^^^^^^^^^^^

warning: field `client` is never read
   --> src/package/registry.rs:109:5
    |
107 | pub struct HttpClient {
    |            ---------- field in this struct
108 |     /// HTTP client
109 |     client: reqwest::Client,
    |     ^^^^^^
    |
    = note: `HttpClient` has a derived impl for the trait `Debug`, but this is intentionally ignored during dead code analysis

warning: method `peek_keyword` is never used
   --> src/parser/mod.rs:555:8
    |
255 | impl Parser {
    | ----------- method in this implementation
...
555 |     fn peek_keyword(&self, expected: KeywordType) -> bool {
    |        ^^^^^^^^^^^^

warning: multiple methods are never used
   --> src/parser/v2.rs:210:8
    |
 80 | impl Parser {
    | ----------- methods in this implementation
...
210 |     fn synchronize(&mut self) {
    |        ^^^^^^^^^^^
...
245 |     fn synchronize_to_block_end(&mut self) {
    |        ^^^^^^^^^^^^^^^^^^^^^^^^
...
384 |     fn syntax_error(&self, message: &str, suggestion: Option<&str>) -> ParserError {
    |        ^^^^^^^^^^^^
...
393 |     fn missing_semicolon_error(&self) -> ParserError {
    |        ^^^^^^^^^^^^^^^^^^^^^^^
...
401 |     fn missing_type_error(&self, context: &str) -> ParserError {
    |        ^^^^^^^^^^^^^^^^^^
...
409 |     fn unexpected_token_error(&self, context: &str) -> ParserError {
    |        ^^^^^^^^^^^^^^^^^^^^^^
...
443 |     fn expected_expression_hint(&self) -> &'static str {
    |        ^^^^^^^^^^^^^^^^^^^^^^^^

warning: fields `cache` and `resolver` are never read
  --> src/patterns/composition.rs:31:5
   |
26 | pub struct CompositionEngine {
   |            ----------------- fields in this struct
...
31 |     cache: HashMap<String, ComposedPattern>,
   |     ^^^^^
...
34 |     resolver: ConflictResolver,
   |     ^^^^^^^^

warning: field `strategies` is never read
   --> src/patterns/composition.rs:149:5
    |
147 | pub struct ConflictResolver {
    |            ---------------- field in this struct
148 |     /// Resolution strategies
149 |     strategies: HashMap<ConflictType, ResolutionStrategy>,
    |     ^^^^^^^^^^

warning: variant `Sequential` is never constructed
    --> src/patterns/composition.rs:1075:5
     |
1073 | enum PatternRelationship {
     |      ------------------- variant in this enum
1074 |     Independent,
1075 |     Sequential,
     |     ^^^^^^^^^^
     |
     = note: `PatternRelationship` has derived impls for the traits `Clone` and `Debug`, but these are intentionally ignored during dead code analysis

warning: field `stdlib` is never read
   --> src/pipeline/mod.rs:183:5
    |
181 | pub struct CompilationPipeline {
    |            ------------------- field in this struct
182 |     options: CompileOptions,
183 |     stdlib: StandardLibrary,
    |     ^^^^^^

warning: fields `project_info`, `history`, `automation`, `artifacts`, `distribution`, and `packaging` are never read
  --> src/release/mod.rs:38:5
   |
36 | pub struct ReleaseManager {
   |            -------------- fields in this struct
37 |     /// Project information
38 |     project_info: ProjectInfo,
   |     ^^^^^^^^^^^^
...
41 |     history: ReleaseHistory,
   |     ^^^^^^^
...
44 |     automation: automation::AutomationPipeline,
   |     ^^^^^^^^^^
...
47 |     artifacts: artifacts::ArtifactManager,
   |     ^^^^^^^^^
...
50 |     distribution: distribution::DistributionManager,
   |     ^^^^^^^^^^^^
...
53 |     packaging: packaging::PackageBuilder,
   |     ^^^^^^^^^
   |
   = note: `ReleaseManager` has a derived impl for the trait `Debug`, but this is intentionally ignored during dead code analysis

warning: method `get_content_type` is never used
    --> src/release/distribution.rs:1077:8
     |
 945 | impl DistributionManager {
     | ------------------------ method in this implementation
...
1077 |     fn get_content_type(&self, format: &PackageFormat) -> String {
     |        ^^^^^^^^^^^^^^^^

warning: fields `formats` and `compression` are never read
  --> src/release/packaging.rs:38:5
   |
27 | pub struct PackageBuilder {
   |            -------------- fields in this struct
...
38 |     formats: Vec<PackageFormat>,
   |     ^^^^^^^
...
41 |     compression: CompressionSettings,
   |     ^^^^^^^^^^^
   |
   = note: `PackageBuilder` has a derived impl for the trait `Debug`, but this is intentionally ignored during dead code analysis

warning: field `settings` is never read
   --> src/release/updates.rs:644:5
    |
633 | pub struct UpdateCache<T> {
    |            ----------- field in this struct
...
644 |     settings: CacheSettings,
    |     ^^^^^^^^
    |
    = note: `UpdateCache` has a derived impl for the trait `Debug`, but this is intentionally ignored during dead code analysis

warning: fields `trusted_certs`, `signature_verification`, and `cert_validation` are never read
   --> src/release/updates.rs:878:5
    |
873 | pub struct UpdateSecurity {
    |            -------------- fields in this struct
...
878 |     trusted_certs: Vec<Certificate>,
    |     ^^^^^^^^^^^^^
...
881 |     signature_verification: SignatureVerificationConfig,
    |     ^^^^^^^^^^^^^^^^^^^^^^
...
884 |     cert_validation: CertificateValidation,
    |     ^^^^^^^^^^^^^^^
    |
    = note: `UpdateSecurity` has a derived impl for the trait `Debug`, but this is intentionally ignored during dead code analysis

warning: field `pools` is never read
  --> src/resource/analysis.rs:37:5
   |
26 | pub struct ResourceAnalyzer {
   |            ---------------- field in this struct
...
37 |     pools: HashMap<String, ResourcePool>,
   |     ^^^^^

warning: fields `depth` and `location` are never read
  --> src/resource/analysis.rs:48:5
   |
45 | struct ScopeInfo {
   |        --------- fields in this struct
...
48 |     depth: usize,
   |     ^^^^^
49 |     location: SourceLocation,
   |     ^^^^^^^^
   |
   = note: `ScopeInfo` has derived impls for the traits `Clone` and `Debug`, but these are intentionally ignored during dead code analysis

warning: function `create_external_function` is never used
  --> src/stdlib/mod.rs:95:15
   |
95 | pub(crate) fn create_external_function(
   |               ^^^^^^^^^^^^^^^^^^^^^^^^

warning: fields `assertions` and `variables` are never read
  --> src/verification/solver.rs:26:5
   |
24 | pub struct SmtSolver {
   |            --------- fields in this struct
25 |     /// SMT-LIB assertions
26 |     assertions: Vec<String>,
   |     ^^^^^^^^^^
...
29 |     variables: HashMap<String, String>,
   |     ^^^^^^^^^
   |
   = note: `SmtSolver` has a derived impl for the trait `Debug`, but this is intentionally ignored during dead code analysis

warning: hiding a lifetime that's elided elsewhere is confusing
   --> src/concurrency/sync_primitives.rs:395:17
    |
395 |     pub fn lock(&self) -> LockResult<MutexGuard> {
    |                 ^^^^^                ^^^^^^^^^^ the same lifetime is hidden here
    |                 |
    |                 the lifetime is elided here
    |
    = help: the same lifetime is referred to in inconsistent ways, making the signature confusing
    = note: `#[warn(mismatched_lifetime_syntaxes)]` on by default
help: use `'_` for type paths
    |
395 |     pub fn lock(&self) -> LockResult<MutexGuard<'_>> {
    |                                                ++++

warning: hiding a lifetime that's elided elsewhere is confusing
   --> src/concurrency/sync_primitives.rs:434:21
    |
434 |     pub fn try_lock(&self) -> LockResult<MutexGuard> {
    |                     ^^^^^                ^^^^^^^^^^ the same lifetime is hidden here
    |                     |
    |                     the lifetime is elided here
    |
    = help: the same lifetime is referred to in inconsistent ways, making the signature confusing
help: use `'_` for type paths
    |
434 |     pub fn try_lock(&self) -> LockResult<MutexGuard<'_>> {
    |                                                    ++++

warning: hiding a lifetime that's elided elsewhere is confusing
   --> src/concurrency/sync_primitives.rs:615:17
    |
615 |     pub fn read(&self) -> LockResult<ReadGuard> {
    |                 ^^^^^                ^^^^^^^^^ the same lifetime is hidden here
    |                 |
    |                 the lifetime is elided here
    |
    = help: the same lifetime is referred to in inconsistent ways, making the signature confusing
help: use `'_` for type paths
    |
615 |     pub fn read(&self) -> LockResult<ReadGuard<'_>> {
    |                                               ++++

warning: hiding a lifetime that's elided elsewhere is confusing
   --> src/concurrency/sync_primitives.rs:634:18
    |
634 |     pub fn write(&self) -> LockResult<WriteGuard> {
    |                  ^^^^^                ^^^^^^^^^^ the same lifetime is hidden here
    |                  |
    |                  the lifetime is elided here
    |
    = help: the same lifetime is referred to in inconsistent ways, making the signature confusing
help: use `'_` for type paths
    |
634 |     pub fn write(&self) -> LockResult<WriteGuard<'_>> {
    |                                                 ++++

warning: unused `Result` that must be used
   --> src/llvm_backend/mod.rs:453:29
    |
453 | ...                   builder.build_return(Some(&return_value));
    |                       ^^^^^^^^^^^^^^^^^^^^^^^^^^^^^^^^^^^^^^^^^
    |
    = note: this `Result` may be an `Err` variant, which should be handled
    = note: `#[warn(unused_must_use)]` (part of `#[warn(unused)]`) on by default
help: use `let _ = ...` to ignore the resulting value
    |
453 |                             let _ = builder.build_return(Some(&return_value));
    |                             +++++++

warning: unused `Result` that must be used
   --> src/llvm_backend/mod.rs:462:29
    |
462 | ...                   builder.build_return(Some(&i32_type.const_int(0, false)));
    |                       ^^^^^^^^^^^^^^^^^^^^^^^^^^^^^^^^^^^^^^^^^^^^^^^^^^^^^^^^^
    |
    = note: this `Result` may be an `Err` variant, which should be handled
help: use `let _ = ...` to ignore the resulting value
    |
462 |                             let _ = builder.build_return(Some(&i32_type.const_int(0, false)));
    |                             +++++++

warning: hiding a lifetime that's elided elsewhere is confusing
  --> src/llvm_backend/context.rs:47:26
   |
47 |     pub fn create_module(&self, name: &str) -> Module {
   |                          ^^^^^                 ^^^^^^ the same lifetime is hidden here
   |                          |
   |                          the lifetime is elided here
   |
   = help: the same lifetime is referred to in inconsistent ways, making the signature confusing
help: use `'_` for type paths
   |
47 |     pub fn create_module(&self, name: &str) -> Module<'_> {
   |                                                      ++++

warning: hiding a lifetime that's elided elsewhere is confusing
  --> src/llvm_backend/context.rs:58:27
   |
58 |     pub fn create_builder(&self) -> Builder {
   |                           ^^^^^     ^^^^^^^ the same lifetime is hidden here
   |                           |
   |                           the lifetime is elided here
   |
   = help: the same lifetime is referred to in inconsistent ways, making the signature confusing
help: use `'_` for type paths
   |
58 |     pub fn create_builder(&self) -> Builder<'_> {
   |                                            ++++

warning: using `.clone()` on a double reference, which returns `&version::Version` instead of cloning the inner type
   --> src/package/resolver.rs:538:61
    |
538 |                 Ok(compatible_versions.iter().max().unwrap().clone().clone())
    |                                                             ^^^^^^^^
    |
    = note: `#[warn(suspicious_double_ref_op)]` on by default

warning: using `.clone()` on a double reference, which returns `&version::Version` instead of cloning the inner type
   --> src/package/resolver.rs:541:61
    |
541 |                 Ok(compatible_versions.iter().min().unwrap().clone().clone())
    |                                                             ^^^^^^^^

warning: using `.clone()` on a double reference, which returns `&version::Version` instead of cloning the inner type
   --> src/package/resolver.rs:545:61
    |
545 |                 Ok(compatible_versions.iter().min().unwrap().clone().clone())
    |                                                             ^^^^^^^^

warning: using `.clone()` on a double reference, which returns `&version::Version` instead of cloning the inner type
   --> src/package/resolver.rs:549:61
    |
549 |                 Ok(compatible_versions.iter().max().unwrap().clone().clone())
    |                                                             ^^^^^^^^

warning: hiding a lifetime that's elided elsewhere is confusing
  --> src/profiling/mod.rs:91:24
   |
91 |     pub fn start_phase(&mut self, phase_name: &str) -> PhaseTimer {
   |                        ^^^^^^^^^                       ^^^^^^^^^^ the same lifetime is hidden here
   |                        |
   |                        the lifetime is elided here
   |
   = help: the same lifetime is referred to in inconsistent ways, making the signature confusing
help: use `'_` for type paths
   |
91 |     pub fn start_phase(&mut self, phase_name: &str) -> PhaseTimer<'_> {
   |                                                                  ++++

warning: unused `Result` that must be used
    --> src/semantic/mod.rs:2918:9
     |
2918 |         self.symbol_table.exit_scope();
     |         ^^^^^^^^^^^^^^^^^^^^^^^^^^^^^^
     |
     = note: this `Result` may be an `Err` variant, which should be handled
help: use `let _ = ...` to ignore the resulting value
     |
2918 |         let _ = self.symbol_table.exit_scope();
     |         +++++++

warning: `aether` (lib) generated 195 warnings (run `cargo fix --lib -p aether` to apply 46 suggestions)
    Finished `dev` profile [unoptimized + debuginfo] target(s) in 0.44s
     Running `target/debug/aether-compiler check tests/fixtures/large_file.aether`
Error in tests/fixtures/large_file.aether: Lexer error: Unterminated string literal at tests/fixtures/large_file.aether:2:9
Compilation failed: Semantic error occurred

  left: 1
 right: 0

---- test_cli_tokens_command stdout ----

thread 'test_cli_tokens_command' (7564213) panicked at tests/cli_integration_tests.rs:191:5:
assertion `left == right` failed: Stderr:     Blocking waiting for file lock on package cache
    Blocking waiting for file lock on package cache
    Blocking waiting for file lock on build directory
warning: unused import: `ExampleType`
  --> src/docs/tutorial.rs:21:46
   |
21 |     CodeExample, DifficultyLevel, DocConfig, ExampleType, Exercise, Tutorial, TutorialSection,
   |                                              ^^^^^^^^^^^
   |
   = note: `#[warn(unused_imports)]` (part of `#[warn(unused)]`) on by default

warning: unused import: `std::path::Path`
  --> src/error/enhancement.rs:24:5
   |
24 | use std::path::Path;
   |     ^^^^^^^^^^^^^^^

warning: unused import: `BehavioralSpec`
  --> src/error/intent_analysis.rs:22:33
   |
22 | use crate::semantic::metadata::{BehavioralSpec, IntentSpec};
   |                                 ^^^^^^^^^^^^^^

warning: unused imports: `Expression`, `Statement`, and `TypeSpecifier`
  --> src/error/structured.rs:20:18
   |
20 | use crate::ast::{Expression, Statement, TypeSpecifier};
   |                  ^^^^^^^^^^  ^^^^^^^^^  ^^^^^^^^^^^^^

warning: unused import: `HashSet`
  --> src/llvm_backend/mod.rs:37:33
   |
37 | use std::collections::{HashMap, HashSet};
   |                                 ^^^^^^^

warning: unused import: `std::path::Path`
  --> src/lsp/server.rs:20:5
   |
20 | use std::path::Path;
   |     ^^^^^^^^^^^^^^^

warning: unused import: `BasicBlockId`
  --> src/optimizations/constant_propagation.rs:21:18
   |
21 | use crate::mir::{BasicBlockId, ConstantValue, Function, LocalId, Operand, Rvalue, Statement};
   |                  ^^^^^^^^^^^^

warning: unused imports: `BasicBlockId`, `LocalId`, `Place`, and `SourceInfo`
  --> src/optimizations/inlining.rs:22:5
   |
22 |     BasicBlockId, Function, LocalId, Operand, Place, Program, Rvalue, SourceInfo, Statement,
   |     ^^^^^^^^^^^^            ^^^^^^^           ^^^^^                   ^^^^^^^^^^

warning: unused import: `std::collections::HashMap`
  --> src/optimizations/inlining.rs:25:5
   |
25 | use std::collections::HashMap;
   |     ^^^^^^^^^^^^^^^^^^^^^^^^^

warning: unused import: `Constant`
  --> src/optimizations/interprocedural.rs:22:17
   |
22 |     BasicBlock, Constant, Function, Operand, Place, Program, Rvalue, Statement, Terminator,
   |                 ^^^^^^^^

warning: unused import: `BuildConfiguration`
  --> src/package/builder.rs:21:32
   |
21 | use crate::package::manifest::{BuildConfiguration, PackageManifest};
   |                                ^^^^^^^^^^^^^^^^^^

warning: unused import: `CacheStats`
  --> src/package/builder.rs:22:35
   |
22 | use crate::package::{BuildConfig, CacheStats};
   |                                   ^^^^^^^^^^

warning: unused imports: `BinaryOp` and `Expression as ContractExpr`
  --> src/patterns/catalog.rs:20:38
   |
20 | use crate::verification::contracts::{BinaryOp, Expression as ContractExpr};
   |                                      ^^^^^^^^  ^^^^^^^^^^^^^^^^^^^^^^^^^^

warning: unused imports: `Block`, `Expression`, `Function`, and `Statement`
  --> src/patterns/composition.rs:20:18
   |
20 | use crate::ast::{Block, Expression, Function, Statement};
   |                  ^^^^^  ^^^^^^^^^^  ^^^^^^^^  ^^^^^^^^^

warning: unused import: `crate::error::SourceLocation`
  --> src/patterns/composition.rs:21:5
   |
21 | use crate::error::SourceLocation;
   |     ^^^^^^^^^^^^^^^^^^^^^^^^^^^^

warning: unused import: `Function`
  --> src/patterns/mod.rs:23:37
   |
23 | use crate::ast::{Block, Expression, Function, Statement};
   |                                     ^^^^^^^^

warning: unused import: `crate::error::SourceLocation`
  --> src/patterns/mod.rs:24:5
   |
24 | use crate::error::SourceLocation;
   |     ^^^^^^^^^^^^^^^^^^^^^^^^^^^^

warning: unused imports: `FailoverConfig`, `FailoverThreshold`, `RecoveryConfig`, and `self`
  --> src/release/distribution.rs:23:22
   |
23 | use crate::release::{self, DistributionConfig, FailoverConfig, FailoverThreshold, RecoveryConfig};
   |                      ^^^^                      ^^^^^^^^^^^^^^  ^^^^^^^^^^^^^^^^^  ^^^^^^^^^^^^^^

warning: unused import: `crate::error::SemanticError`
  --> src/release/mod.rs:26:5
   |
26 | use crate::error::SemanticError;
   |     ^^^^^^^^^^^^^^^^^^^^^^^^^^^

warning: unused import: `OwnershipKind`
  --> src/semantic/mod.rs:32:20
   |
32 | use crate::types::{OwnershipKind, Type, TypeChecker};
   |                    ^^^^^^^^^^^^^

warning: unused import: `crate::types::Type`
  --> src/verification/contract_to_smt.rs:20:5
   |
20 | use crate::types::Type;
   |     ^^^^^^^^^^^^^^^^^^

warning: unused imports: `AggregateOp` and `TemporalOp`
  --> src/verification/contract_to_smt.rs:22:5
   |
22 |     AggregateOp, BinaryOp, ConstantValue, Expression, QuantifierKind, TemporalOp, UnaryOp,
   |     ^^^^^^^^^^^                                                       ^^^^^^^^^^

warning: unused imports: `Deserialize` and `Serialize`
  --> src/verification/contracts.rs:30:13
   |
30 | use serde::{Deserialize, Serialize};
   |             ^^^^^^^^^^^  ^^^^^^^^^

warning: unused import: `crate::ast::PrimitiveType`
  --> src/verification/vcgen.rs:23:5
   |
23 | use crate::ast::PrimitiveType;
   |     ^^^^^^^^^^^^^^^^^^^^^^^^^

warning: unused import: `crate::types::Type`
  --> src/verification/vcgen.rs:26:5
   |
26 | use crate::types::Type;
   |     ^^^^^^^^^^^^^^^^^^

warning: unused variable: `receiver`
   --> src/concurrency/actors.rs:377:22
    |
377 |         let (sender, receiver) = mpsc::channel();
    |                      ^^^^^^^^ help: if this is intentional, prefix it with an underscore: `_receiver`
    |
    = note: `#[warn(unused_variables)]` (part of `#[warn(unused)]`) on by default

warning: unused variable: `strategy`
   --> src/concurrency/actors.rs:622:12
    |
622 |     fn new(strategy: SupervisionStrategy) -> Self {
    |            ^^^^^^^^ help: if this is intentional, prefix it with an underscore: `_strategy`

warning: unused variable: `worker_id`
   --> src/concurrency/async_runtime.rs:350:13
    |
350 |         for worker_id in 0..self.config.worker_threads {
    |             ^^^^^^^^^ help: if this is intentional, prefix it with an underscore: `_worker_id`

warning: unused variable: `start_time`
   --> src/concurrency/sync_primitives.rs:568:13
    |
568 |         let start_time = Instant::now();
    |             ^^^^^^^^^^ help: if this is intentional, prefix it with an underscore: `_start_time`

warning: unused variable: `metrics`
   --> src/concurrency/sync_primitives.rs:711:23
    |
711 |         if let Ok(mut metrics) = self.rw_lock.metrics.lock() {}
    |                       ^^^^^^^ help: if this is intentional, prefix it with an underscore: `_metrics`

warning: variable does not need to be mutable
   --> src/concurrency/sync_primitives.rs:711:19
    |
711 |         if let Ok(mut metrics) = self.rw_lock.metrics.lock() {}
    |                   ----^^^^^^^
    |                   |
    |                   help: remove this `mut`
    |
    = note: `#[warn(unused_mut)]` (part of `#[warn(unused)]`) on by default

warning: unused variable: `metrics`
   --> src/concurrency/sync_primitives.rs:718:23
    |
718 |         if let Ok(mut metrics) = self.rw_lock.metrics.lock() {}
    |                       ^^^^^^^ help: if this is intentional, prefix it with an underscore: `_metrics`

warning: variable does not need to be mutable
   --> src/concurrency/sync_primitives.rs:718:19
    |
718 |         if let Ok(mut metrics) = self.rw_lock.metrics.lock() {}
    |                   ----^^^^^^^
    |                   |
    |                   help: remove this `mut`

warning: unused variable: `response_receiver`
   --> src/debug/debugger.rs:390:31
    |
390 |         let (response_sender, response_receiver) = channel();
    |                               ^^^^^^^^^^^^^^^^^ help: if this is intentional, prefix it with an underscore: `_response_receiver`

warning: unused variable: `debugger_process`
   --> src/debug/debugger.rs:393:13
    |
393 |         let debugger_process = self.start_debugger_process(&program_path)?;
    |             ^^^^^^^^^^^^^^^^ help: if this is intentional, prefix it with an underscore: `_debugger_process`

warning: unused variable: `target_info`
   --> src/debug/debugger.rs:401:13
    |
401 |         let target_info = TargetInfo {
    |             ^^^^^^^^^^^ help: if this is intentional, prefix it with an underscore: `_target_info`

warning: unused variable: `diagnostic`
   --> src/debug/lsp.rs:593:21
    |
593 |                 let diagnostic = Diagnostic {
    |                     ^^^^^^^^^^ help: if this is intentional, prefix it with an underscore: `_diagnostic`

warning: unused variable: `name`
   --> src/debug/lsp.rs:636:18
    |
636 |             for (name, symbol) in &semantic_info.symbols {
    |                  ^^^^ help: if this is intentional, prefix it with an underscore: `_name`

warning: unused variable: `uri`
   --> src/debug/lsp.rs:789:35
    |
789 |     pub fn get_diagnostics(&self, uri: &str) -> Vec<Diagnostic> {
    |                                   ^^^ help: if this is intentional, prefix it with an underscore: `_uri`

warning: unused variable: `categories`
   --> src/docs/examples.rs:132:13
    |
132 |         let categories = Self::create_example_categories();
    |             ^^^^^^^^^^ help: if this is intentional, prefix it with an underscore: `_categories`

warning: unused variable: `templates`
   --> src/docs/examples.rs:133:13
    |
133 |         let templates = Self::create_example_templates();
    |             ^^^^^^^^^ help: if this is intentional, prefix it with an underscore: `_templates`

warning: unused variable: `config`
   --> src/docs/examples.rs:131:16
    |
131 |     pub fn new(config: &DocConfig) -> Result<Self, SemanticError> {
    |                ^^^^^^ help: if this is intentional, prefix it with an underscore: `_config`

warning: unused variable: `output_dir`
  --> src/docs/generator.rs:21:16
   |
21 |     pub fn new(output_dir: String) -> Self {
   |                ^^^^^^^^^^ help: if this is intentional, prefix it with an underscore: `_output_dir`

warning: unused variable: `comment_parser`
   --> src/docs/parser.rs:132:13
    |
132 |         let comment_parser = CommentParser::new();
    |             ^^^^^^^^^^^^^^ help: if this is intentional, prefix it with an underscore: `_comment_parser`

warning: unused variable: `signature_parser`
   --> src/docs/parser.rs:133:13
    |
133 |         let signature_parser = SignatureParser::new();
    |             ^^^^^^^^^^^^^^^^ help: if this is intentional, prefix it with an underscore: `_signature_parser`

warning: unused variable: `config`
   --> src/docs/parser.rs:131:16
    |
131 |     pub fn new(config: &DocConfig) -> Result<Self, SemanticError> {
    |                ^^^^^^ help: if this is intentional, prefix it with an underscore: `_config`

warning: unused variable: `themes`
   --> src/docs/renderer.rs:368:13
    |
368 |         let themes = ThemeManager::new()?;
    |             ^^^^^^ help: if this is intentional, prefix it with an underscore: `_themes`

warning: unused variable: `search_paths`
   --> src/docs/renderer.rs:539:13
    |
539 |         let search_paths = vec![base_dir.join("templates"), PathBuf::from("templates")];
    |             ^^^^^^^^^^^^ help: if this is intentional, prefix it with an underscore: `_search_paths`

warning: unused variable: `helpers`
   --> src/docs/renderer.rs:558:13
    |
558 |         let helpers = Self::create_default_helpers();
    |             ^^^^^^^ help: if this is intentional, prefix it with an underscore: `_helpers`

warning: unused variable: `processors`
   --> src/docs/renderer.rs:879:13
    |
879 |         let processors: Vec<&dyn Fn(&str) -> String> = vec![];
    |             ^^^^^^^^^^ help: if this is intentional, prefix it with an underscore: `_processors`

warning: unused variable: `options`
    --> src/docs/renderer.rs:1185:13
     |
1185 |         let options = MarkdownOptions {
     |             ^^^^^^^ help: if this is intentional, prefix it with an underscore: `_options`

warning: unused variable: `toc_generator`
    --> src/docs/renderer.rs:1192:13
     |
1192 |         let toc_generator = TocGenerator {};
     |             ^^^^^^^^^^^^^ help: if this is intentional, prefix it with an underscore: `_toc_generator`

warning: unused variable: `options`
    --> src/docs/renderer.rs:1347:13
     |
1347 |         let options = PdfOptions {
     |             ^^^^^^^ help: if this is intentional, prefix it with an underscore: `_options`

warning: unused variable: `layout`
    --> src/docs/renderer.rs:1354:13
     |
1354 |         let layout = PageLayout {
     |             ^^^^^^ help: if this is intentional, prefix it with an underscore: `_layout`

warning: unused variable: `templates`
  --> src/docs/tutorial.rs:98:13
   |
98 |         let templates = Self::create_tutorial_templates();
   |             ^^^^^^^^^ help: if this is intentional, prefix it with an underscore: `_templates`

warning: unused variable: `config`
  --> src/docs/tutorial.rs:97:16
   |
97 |     pub fn new(config: &DocConfig) -> Result<Self, SemanticError> {
   |                ^^^^^^ help: if this is intentional, prefix it with an underscore: `_config`

warning: unused variable: `function`
   --> src/error/intent_analysis.rs:142:9
    |
142 |         function: &Function,
    |         ^^^^^^^^ help: if this is intentional, prefix it with an underscore: `_function`

warning: unused variable: `error`
   --> src/error/structured.rs:434:26
    |
434 |     fn fix_type_mismatch(error: &CompilerError) -> Vec<FixSuggestion> {
    |                          ^^^^^ help: if this is intentional, prefix it with an underscore: `_error`

warning: unused variable: `error`
   --> src/error/structured.rs:455:29
    |
455 |     fn fix_undefined_symbol(error: &CompilerError) -> Vec<FixSuggestion> {
    |                             ^^^^^ help: if this is intentional, prefix it with an underscore: `_error`

warning: unreachable pattern
   --> src/lexer/mod.rs:716:17
    |
685 |                 Some('\'') => {
    |                 ---------- matches all the relevant values
...
716 |                 Some('\'') => {
    |                 ^^^^^^^^^^ no value can reach this
    |
    = note: `#[warn(unreachable_patterns)]` (part of `#[warn(unused)]`) on by default

warning: unused variable: `function`
   --> src/llvm_backend/codegen.rs:157:13
    |
157 |         let function = self.module.add_function(name, fn_type, None);
    |             ^^^^^^^^ help: if this is intentional, prefix it with an underscore: `_function`

warning: unused variable: `i`
   --> src/llvm_backend/mod.rs:625:18
    |
625 |             for (i, stmt) in mir_block.statements.iter().enumerate() {
    |                  ^ help: if this is intentional, prefix it with an underscore: `_i`

warning: unnecessary `unsafe` block
   --> src/llvm_backend/mod.rs:919:41
    |
919 |                         let field_ptr = unsafe {
    |                                         ^^^^^^ unnecessary `unsafe` block
    |
    = note: `#[warn(unused_unsafe)]` (part of `#[warn(unused)]`) on by default

warning: unreachable pattern
    --> src/llvm_backend/mod.rs:2437:13
     |
 986 |             mir::Rvalue::AddressOf(place) => {
     |             ----------------------------- matches all the relevant values
...
2437 |             &mir::Rvalue::AddressOf(_) => todo!(),
     |             ^^^^^^^^^^^^^^^^^^^^^^^^^^ no value can reach this

warning: unused variable: `int_val`
    --> src/llvm_backend/mod.rs:1541:58
     |
1541 | ...                   BasicValueEnum::IntValue(int_val) => {
     |                                                ^^^^^^^ help: if this is intentional, prefix it with an underscore: `_int_val`

warning: unused variable: `field_names`
    --> src/llvm_backend/mod.rs:1836:61
     |
1836 |                     mir::AggregateKind::Struct(struct_name, field_names) => {
     |                                                             ^^^^^^^^^^^ help: if this is intentional, prefix it with an underscore: `_field_names`

warning: value assigned to `struct_size` is never read
    --> src/llvm_backend/mod.rs:1860:33
     |
1860 |                         let mut struct_size = 0u64;
     |                                 ^^^^^^^^^^^
     |
     = help: maybe it is overwritten before being read?
     = note: `#[warn(unused_assignments)]` (part of `#[warn(unused)]`) on by default

warning: variable does not need to be mutable
    --> src/llvm_backend/mod.rs:2152:29
     |
2152 |                         let mut current_type =
     |                             ----^^^^^^^^^^^^
     |                             |
     |                             help: remove this `mut`

warning: unused variable: `i64_type`
    --> src/llvm_backend/mod.rs:3210:13
     |
3210 |         let i64_type = self.context.i64_type();
     |             ^^^^^^^^ help: if this is intentional, prefix it with an underscore: `_i64_type`

warning: unused variable: `void_type`
    --> src/llvm_backend/mod.rs:3213:13
     |
3213 |         let void_type = self.context.void_type();
     |             ^^^^^^^^^ help: if this is intentional, prefix it with an underscore: `_void_type`

warning: unnecessary `unsafe` block
    --> src/llvm_backend/mod.rs:3662:33
     |
3662 |                 let field_ptr = unsafe {
     |                                 ^^^^^^ unnecessary `unsafe` block

warning: unused variable: `parent`
   --> src/memory/mod.rs:110:37
    |
110 |     pub fn create_region(&mut self, parent: Option<RegionId>) -> RegionId {
    |                                     ^^^^^^ help: if this is intentional, prefix it with an underscore: `_parent`

warning: unused variable: `operand`
   --> src/memory/mod.rs:307:48
    |
307 |                 if let Expression::AddressOf { operand, .. } = &**expr {
    |                                                ^^^^^^^-
    |                                                |
    |                                                help: try removing the field

warning: unused variable: `region_id`
   --> src/memory/mod.rs:441:38
    |
441 |     fn get_region_allocations(&self, region_id: &RegionId) -> Vec<AllocationInfo> {
    |                                      ^^^^^^^^^ help: if this is intentional, prefix it with an underscore: `_region_id`

warning: unused variable: `source_location`
   --> src/mir/lowering.rs:608:17
    |
608 |                 source_location,
    |                 ^^^^^^^^^^^^^^^ help: try ignoring the field: `source_location: _`

warning: unused variable: `source_location`
   --> src/mir/lowering.rs:621:17
    |
621 |                 source_location,
    |                 ^^^^^^^^^^^^^^^ help: try ignoring the field: `source_location: _`

warning: unused variable: `source_location`
   --> src/mir/lowering.rs:675:17
    |
675 |                 source_location,
    |                 ^^^^^^^^^^^^^^^ help: try ignoring the field: `source_location: _`

warning: unused variable: `source_location`
   --> src/mir/lowering.rs:685:17
    |
685 |                 source_location,
    |                 ^^^^^^^^^^^^^^^ help: try ignoring the field: `source_location: _`

warning: unused variable: `module`
    --> src/mir/lowering.rs:2544:33
     |
2544 |             Type::Named { name, module } => {
     |                                 ^^^^^^ help: try ignoring the field: `module: _`

warning: unused variable: `map`
    --> src/mir/lowering.rs:2668:47
     |
2668 |             ast::AssignmentTarget::MapValue { map, key } => {
     |                                               ^^^ help: try ignoring the field: `map: _`

warning: unused variable: `key`
    --> src/mir/lowering.rs:2668:52
     |
2668 |             ast::AssignmentTarget::MapValue { map, key } => {
     |                                                    ^^^ help: try ignoring the field: `key: _`

warning: unreachable pattern
    --> src/mir/lowering.rs:3998:13
     |
3934 |               ast::Pattern::Wildcard { binding, .. } => {
     |               -------------------------------------- matches all the relevant values
...
3998 | /             ast::Pattern::Wildcard {
3999 | |                 binding: Some(binding_name),
4000 | |                 source_location,
4001 | |             } => {
     | |_____________^ no value can reach this

warning: unreachable pattern
    --> src/mir/lowering.rs:4061:13
     |
3934 |             ast::Pattern::Wildcard { binding, .. } => {
     |             -------------------------------------- matches all the relevant values
...
4061 |             ast::Pattern::Wildcard { binding: None, .. } => {
     |             ^^^^^^^^^^^^^^^^^^^^^^^^^^^^^^^^^^^^^^^^^^^^ no value can reach this

warning: unused variable: `st`
    --> src/mir/lowering.rs:3792:49
     |
3792 |                     let data_type = if let Some(st) = &self.symbol_table {
     |                                                 ^^ help: if this is intentional, prefix it with an underscore: `_st`

warning: unused variable: `inner_variant`
    --> src/mir/lowering.rs:3819:43
     |
3819 | ...                   variant_name: inner_variant,
     |                                     ^^^^^^^^^^^^^ help: if this is intentional, prefix it with an underscore: `_inner_variant`

warning: unused variable: `target_type`
    --> src/mir/lowering.rs:4665:13
     |
4665 |         let target_type = match pointer_type {
     |             ^^^^^^^^^^^ help: if this is intentional, prefix it with an underscore: `_target_type`

warning: unused variable: `cycle`
   --> src/module_loader.rs:280:17
    |
280 |             let cycle: Vec<String> = stack[cycle_start..].to_vec();
    |                 ^^^^^ help: if this is intentional, prefix it with an underscore: `_cycle`

warning: unused variable: `depth`
  --> src/optimizations/inlining.rs:52:44
   |
52 |     pub fn set_max_inline_depth(&mut self, depth: usize) {}
   |                                            ^^^^^ help: if this is intentional, prefix it with an underscore: `_depth`

warning: unused variable: `function_name`
   --> src/optimizations/interprocedural.rs:667:14
    |
667 |         for (function_name, summary) in summaries {
    |              ^^^^^^^^^^^^^ help: if this is intentional, prefix it with an underscore: `_function_name`

warning: unused variable: `function_name`
   --> src/optimizations/interprocedural.rs:782:14
    |
782 |         for (function_name, function) in &program.functions {
    |              ^^^^^^^^^^^^^ help: if this is intentional, prefix it with an underscore: `_function_name`

warning: unused variable: `function`
   --> src/optimizations/interprocedural.rs:782:29
    |
782 |         for (function_name, function) in &program.functions {
    |                             ^^^^^^^^ help: if this is intentional, prefix it with an underscore: `_function`

warning: unused variable: `function_name`
   --> src/optimizations/interprocedural.rs:799:14
    |
799 |         for (function_name, function) in &program.functions {
    |              ^^^^^^^^^^^^^ help: if this is intentional, prefix it with an underscore: `_function_name`

warning: unused variable: `function_name`
   --> src/optimizations/interprocedural.rs:821:14
    |
821 |         for (function_name, function) in &program.functions {
    |              ^^^^^^^^^^^^^ help: if this is intentional, prefix it with an underscore: `_function_name`

warning: unused variable: `constant`
   --> src/optimizations/interprocedural.rs:856:21
    |
856 |         for (place, constant) in assignments {
    |                     ^^^^^^^^ help: if this is intentional, prefix it with an underscore: `_constant`

warning: unused variable: `var_name`
   --> src/optimizations/interprocedural.rs:857:17
    |
857 |             let var_name = format!("{}::{}", function.name, place.local);
    |                 ^^^^^^^^ help: if this is intentional, prefix it with an underscore: `_var_name`

warning: unused variable: `end_loc`
    --> src/parser/v2.rs:2883:17
     |
2883 |             let end_loc = self.current_location();
     |                 ^^^^^^^ help: if this is intentional, prefix it with an underscore: `_end_loc`

warning: unused variable: `field_location`
    --> src/parser/mod.rs:1420:17
     |
1420 |             let field_location = field_keyword.location.clone();
     |                 ^^^^^^^^^^^^^^ help: if this is intentional, prefix it with an underscore: `_field_location`

warning: variable does not need to be mutable
    --> src/parser/mod.rs:1875:13
     |
1875 |         let mut constraints = Vec::new();
     |             ----^^^^^^^^^^^
     |             |
     |             help: remove this `mut`

warning: variable `generic_parameters` is assigned to, but never used
    --> src/parser/mod.rs:1927:17
     |
1927 |         let mut generic_parameters = Vec::new();
     |                 ^^^^^^^^^^^^^^^^^^
     |
     = note: consider using `_generic_parameters` instead

warning: variable `lifetime_parameters` is assigned to, but never used
    --> src/parser/mod.rs:1928:17
     |
1928 |         let mut lifetime_parameters = Vec::new();
     |                 ^^^^^^^^^^^^^^^^^^^
     |
     = note: consider using `_lifetime_parameters` instead

warning: value assigned to `generic_parameters` is never read
    --> src/parser/mod.rs:1977:29
     |
1977 | ...                   generic_parameters = self.parse_generic_parameters()?;
     |                       ^^^^^^^^^^^^^^^^^^
     |
     = help: maybe it is overwritten before being read?

warning: value assigned to `lifetime_parameters` is never read
    --> src/parser/mod.rs:1981:29
     |
1981 | ...                   lifetime_parameters = self.parse_lifetime_parameters()?;
     |                       ^^^^^^^^^^^^^^^^^^^
     |
     = help: maybe it is overwritten before being read?

warning: variable does not need to be mutable
    --> src/parser/mod.rs:1926:13
     |
1926 |         let mut intent = None;
     |             ----^^^^^^
     |             |
     |             help: remove this `mut`

warning: unused variable: `nested_pattern`
    --> src/parser/mod.rs:4182:22
     |
4182 |                 let (nested_pattern, binding) = if let Some(token) = self.current_token() {
     |                      ^^^^^^^^^^^^^^ help: if this is intentional, prefix it with an underscore: `_nested_pattern`

warning: variable does not need to be mutable
    --> src/parser/mod.rs:4599:13
     |
4599 |         let mut invariants = Vec::new();
     |             ----^^^^^^^^^^
     |             |
     |             help: remove this `mut`

warning: variable does not need to be mutable
   --> src/patterns/catalog.rs:132:21
    |
132 |                 let mut contract = create_pattern_contract("safe_array_access");
    |                     ----^^^^^^^^
    |                     |
    |                     help: remove this `mut`

warning: variable does not need to be mutable
   --> src/patterns/catalog.rs:392:21
    |
392 |                 let mut contract = create_pattern_contract("binary_search");
    |                     ----^^^^^^^^
    |                     |
    |                     help: remove this `mut`

warning: variable does not need to be mutable
   --> src/patterns/catalog.rs:536:21
    |
536 |                 let mut contract = create_pattern_contract("map_filter_reduce");
    |                     ----^^^^^^^^
    |                     |
    |                     help: remove this `mut`

warning: variable does not need to be mutable
   --> src/patterns/catalog.rs:804:21
    |
804 |                 let mut contract = create_pattern_contract("raii_wrapper");
    |                     ----^^^^^^^^
    |                     |
    |                     help: remove this `mut`

warning: variable does not need to be mutable
   --> src/patterns/catalog.rs:931:21
    |
931 |                 let mut contract = create_pattern_contract("result_type");
    |                     ----^^^^^^^^
    |                     |
    |                     help: remove this `mut`

warning: variable does not need to be mutable
    --> src/patterns/catalog.rs:1049:21
     |
1049 |                 let mut contract = create_pattern_contract("input_validation");
     |                     ----^^^^^^^^
     |                     |
     |                     help: remove this `mut`

warning: unused variable: `data_flow`
   --> src/patterns/composition.rs:519:9
    |
519 |         data_flow: &DataFlowSpec,
    |         ^^^^^^^^^ help: if this is intentional, prefix it with an underscore: `_data_flow`

warning: unused variable: `config`
   --> src/release/distribution.rs:947:16
    |
947 |     pub fn new(config: DistributionConfig) -> Result<Self, SemanticError> {
    |                ^^^^^^ help: if this is intentional, prefix it with an underscore: `_config`

warning: unused variable: `cache_config`
    --> src/release/distribution.rs:1135:13
     |
1135 |         let cache_config = CacheConfig {
     |             ^^^^^^^^^^^^ help: if this is intentional, prefix it with an underscore: `_cache_config`

warning: unused variable: `c_string`
   --> src/runtime/mod.rs:170:9
    |
170 |     let c_string = result.as_ptr() as *mut c_char;
    |         ^^^^^^^^ help: if this is intentional, prefix it with an underscore: `_c_string`

warning: unused variable: `constraint`
   --> src/semantic/metadata.rs:462:25
    |
462 |             if let Some(constraint) = &sem_type.constraint {
    |                         ^^^^^^^^^^ help: if this is intentional, prefix it with an underscore: `_constraint`

warning: unused variable: `e`
  --> src/semantic/ownership.rs:41:32
   |
41 |                     if let Err(e) = self.symbol_table.mark_variable_moved(&name.name) {
   |                                ^ help: if this is intentional, prefix it with an underscore: `_e`

warning: unused variable: `e`
  --> src/semantic/ownership.rs:66:36
   |
66 |                         if let Err(e) = self.symbol_table.mark_variable_moved(&name.name) {
   |                                    ^ help: if this is intentional, prefix it with an underscore: `_e`

warning: unused variable: `enum_name`
    --> src/semantic/mod.rs:1549:17
     |
1549 |                 enum_name,
     |                 ^^^^^^^^^ help: try ignoring the field: `enum_name: _`

warning: unused variable: `source_location`
    --> src/semantic/mod.rs:1726:17
     |
1726 |                 source_location,
     |                 ^^^^^^^^^^^^^^^ help: try ignoring the field: `source_location: _`

warning: unused variable: `source_location`
    --> src/semantic/mod.rs:1921:17
     |
1921 |                 source_location,
     |                 ^^^^^^^^^^^^^^^ help: try ignoring the field: `source_location: _`

warning: unused variable: `size_type`
  --> src/stdlib/network.rs:41:9
   |
41 |     let size_type = TypeSpecifier::Primitive {
   |         ^^^^^^^^^ help: if this is intentional, prefix it with an underscore: `_size_type`

warning: unused variable: `contract`
   --> src/verification/contracts.rs:811:13
    |
811 |     let mut contract = FunctionContract::new(function.name.name.clone());
    |             ^^^^^^^^ help: if this is intentional, prefix it with an underscore: `_contract`

warning: variable does not need to be mutable
   --> src/verification/contracts.rs:811:9
    |
811 |     let mut contract = FunctionContract::new(function.name.name.clone());
    |         ----^^^^^^^^
    |         |
    |         help: remove this `mut`

warning: unused variable: `place`
   --> src/verification/vcgen.rs:382:25
    |
382 |             Rvalue::Len(place) => {
    |                         ^^^^^ help: if this is intentional, prefix it with an underscore: `_place`

warning: field `associated_mutex` is never read
  --> src/concurrency/sync_primitives.rs:89:5
   |
84 | pub struct AetherCondVar {
   |            ------------- field in this struct
...
89 |     associated_mutex: Option<String>,
   |     ^^^^^^^^^^^^^^^^
   |
   = note: `AetherCondVar` has a derived impl for the trait `Debug`, but this is intentionally ignored during dead code analysis
   = note: `#[warn(dead_code)]` (part of `#[warn(unused)]`) on by default

warning: struct `BarrierState` is never constructed
   --> src/concurrency/sync_primitives.rs:137:8
    |
137 | struct BarrierState {
    |        ^^^^^^^^^^^^

warning: field `barrier_cycles` is never read
   --> src/concurrency/sync_primitives.rs:200:5
    |
198 | struct BarrierMetrics {
    |        -------------- field in this struct
199 |     wait_count: u64,
200 |     barrier_cycles: u64,
    |     ^^^^^^^^^^^^^^
    |
    = note: `BarrierMetrics` has a derived impl for the trait `Debug`, but this is intentionally ignored during dead code analysis

warning: field `acquired_at` is never read
   --> src/concurrency/sync_primitives.rs:236:5
    |
234 | pub struct ReadGuard<'a> {
    |            --------- field in this struct
235 |     rw_lock: &'a AetherRwLock,
236 |     acquired_at: Instant,
    |     ^^^^^^^^^^^

warning: field `acquired_at` is never read
   --> src/concurrency/sync_primitives.rs:242:5
    |
240 | pub struct WriteGuard<'a> {
    |            ---------- field in this struct
241 |     rw_lock: &'a AetherRwLock,
242 |     acquired_at: Instant,
    |     ^^^^^^^^^^^

warning: fields `target_pid` and `breakpoints` are never read
  --> src/debug/debugger.rs:51:5
   |
49 | pub struct DebugSession {
   |            ------------ fields in this struct
50 |     /// Target process ID
51 |     target_pid: Option<u32>,
   |     ^^^^^^^^^^
...
57 |     breakpoints: Arc<Mutex<HashMap<String, Vec<Breakpoint>>>>,
   |     ^^^^^^^^^^^
   |
   = note: `DebugSession` has a derived impl for the trait `Debug`, but this is intentionally ignored during dead code analysis

warning: fields `diagnostics_provider` and `shutdown` are never read
  --> src/debug/lsp.rs:45:5
   |
34 | pub struct LanguageServer {
   |            -------------- fields in this struct
...
45 |     diagnostics_provider: DiagnosticsProvider,
   |     ^^^^^^^^^^^^^^^^^^^^
...
51 |     shutdown: Arc<AtomicBool>,
   |     ^^^^^^^^
   |
   = note: `LanguageServer` has a derived impl for the trait `Debug`, but this is intentionally ignored during dead code analysis

warning: field `diagnostics` is never read
   --> src/debug/lsp.rs:333:5
    |
331 | pub struct DiagnosticEngine {
    |            ---------------- field in this struct
332 |     /// Active diagnostics by document
333 |     diagnostics: HashMap<String, Vec<Diagnostic>>,
    |     ^^^^^^^^^^^
    |
    = note: `DiagnosticEngine` has a derived impl for the trait `Debug`, but this is intentionally ignored during dead code analysis

warning: field `snippets` is never read
   --> src/debug/lsp.rs:343:5
    |
338 | pub struct CompletionProvider {
    |            ------------------ field in this struct
...
343 |     snippets: HashMap<String, String>,
    |     ^^^^^^^^
    |
    = note: `CompletionProvider` has a derived impl for the trait `Debug`, but this is intentionally ignored during dead code analysis

warning: fields `source_parser` and `markdown_parser` are never read
  --> src/docs/parser.rs:39:5
   |
37 | pub struct DocParser {
   |            --------- fields in this struct
38 |     /// Source code parser
39 |     source_parser: SourceParser,
   |     ^^^^^^^^^^^^^
...
42 |     markdown_parser: MarkdownParser,
   |     ^^^^^^^^^^^^^^^
   |
   = note: `DocParser` has a derived impl for the trait `Debug`, but this is intentionally ignored during dead code analysis

warning: field `patterns` is never read
  --> src/docs/parser.rs:74:5
   |
72 | pub struct CommentParser {
   |            ------------- field in this struct
73 |     /// Comment prefix patterns
74 |     patterns: CommentPatterns,
   |     ^^^^^^^^
   |
   = note: `CommentParser` has a derived impl for the trait `Debug`, but this is intentionally ignored during dead code analysis

warning: field `location` is never read
   --> src/docs/parser.rs:725:5
    |
714 | struct ParsedItem {
    |        ---------- field in this struct
...
725 |     location: SourceLocation,
    |     ^^^^^^^^
    |
    = note: `ParsedItem` has derived impls for the traits `Clone` and `Debug`, but these are intentionally ignored during dead code analysis

warning: variants `Module`, `Enum`, `Trait`, `TypeAlias`, `Import`, and `Macro` are never constructed
   --> src/docs/parser.rs:731:5
    |
730 | enum ItemType {
    |      -------- variants in this enum
731 |     Module,
    |     ^^^^^^
...
734 |     Enum,
    |     ^^^^
735 |     Trait,
    |     ^^^^^
736 |     TypeAlias,
    |     ^^^^^^^^^
737 |     Constant,
738 |     Import,
    |     ^^^^^^
739 |     Macro,
    |     ^^^^^
    |
    = note: `ItemType` has derived impls for the traits `Clone` and `Debug`, but these are intentionally ignored during dead code analysis

warning: methods `parse_documentation`, `clean_comment_line`, `extract_tag`, `tag_to_section`, and `finalize_section` are never used
   --> src/docs/parser.rs:774:8
    |
761 | impl CommentParser {
    | ------------------ methods in this implementation
...
774 |     fn parse_documentation(&self, raw_docs: &str) -> Result<ParsedDoc, SemanticError> {
    |        ^^^^^^^^^^^^^^^^^^^
...
837 |     fn clean_comment_line(&self, line: &str) -> String {
    |        ^^^^^^^^^^^^^^^^^^
...
850 |     fn extract_tag(&self, line: &str) -> Option<String> {
    |        ^^^^^^^^^^^
...
862 |     fn tag_to_section(&self, tag: &str) -> DocSection {
    |        ^^^^^^^^^^^^^^
...
872 |     fn finalize_section(
    |        ^^^^^^^^^^^^^^^^

warning: variant `Tag` is never constructed
   --> src/docs/parser.rs:933:5
    |
927 | enum DocSection {
    |      ---------- variant in this enum
...
933 |     Tag(String),
    |     ^^^
    |
    = note: `DocSection` has derived impls for the traits `Clone` and `Debug`, but these are intentionally ignored during dead code analysis

warning: methods `parse_function_signature`, `parse_type_definition`, `extract_function_name`, and `extract_type_name` are never used
   --> src/docs/parser.rs:941:8
    |
936 | impl SignatureParser {
    | -------------------- methods in this implementation
...
941 |     fn parse_function_signature(&self, source: &str) -> Result<FunctionSignature, SemanticError> {
    |        ^^^^^^^^^^^^^^^^^^^^^^^^
...
957 |     fn parse_type_definition(&self, source: &str) -> Result<TypeInfo, SemanticError> {
    |        ^^^^^^^^^^^^^^^^^^^^^
...
970 |     fn extract_function_name(&self, source: &str) -> String {
    |        ^^^^^^^^^^^^^^^^^^^^^
...
981 |     fn extract_type_name(&self, source: &str) -> String {
    |        ^^^^^^^^^^^^^^^^^

warning: fields `template_engine` and `output_format` are never read
  --> src/docs/renderer.rs:32:5
   |
30 | pub struct DocRenderer {
   |            ----------- fields in this struct
31 |     /// Template engine for rendering
32 |     template_engine: TemplateEngine,
   |     ^^^^^^^^^^^^^^^
...
38 |     output_format: OutputFormat,
   |     ^^^^^^^^^^^^^
   |
   = note: `DocRenderer` has a derived impl for the trait `Debug`, but this is intentionally ignored during dead code analysis

warning: field `templates` is never read
  --> src/docs/renderer.rs:45:5
   |
43 | pub struct TemplateEngine {
   |            -------------- field in this struct
44 |     /// Loaded templates
45 |     templates: HashMap<String, String>,
   |     ^^^^^^^^^
   |
   = note: `TemplateEngine` has a derived impl for the trait `Debug`, but this is intentionally ignored during dead code analysis

warning: field `doc` is never read
   --> src/docs/renderer.rs:227:5
    |
225 | pub struct HtmlRenderer<'a> {
    |            ------------ field in this struct
226 |     /// Documentation to render
227 |     doc: &'a Documentation,
    |     ^^^
    |
    = note: `HtmlRenderer` has a derived impl for the trait `Debug`, but this is intentionally ignored during dead code analysis

warning: method `render_template` is never used
   --> src/docs/renderer.rs:849:8
    |
536 | impl TemplateEngine {
    | ------------------- method in this implementation
...
849 |     fn render_template(
    |        ^^^^^^^^^^^^^^^

warning: field `intent_keywords` is never read
   --> src/error/intent_analysis.rs:234:5
    |
233 | struct IntentPattern {
    |        ------------- field in this struct
234 |     intent_keywords: Vec<String>,
    |     ^^^^^^^^^^^^^^^

warning: field `patterns` is never read
   --> src/error/structured.rs:397:5
    |
396 | pub struct ErrorPatterns {
    |            ------------- field in this struct
397 |     patterns: HashMap<String, ErrorPattern>,
    |     ^^^^^^^^

warning: fields `code_prefix`, `matcher`, and `fixer` are never read
   --> src/error/structured.rs:402:5
    |
401 | struct ErrorPattern {
    |        ------------ fields in this struct
402 |     code_prefix: String,
    |     ^^^^^^^^^^^
403 |     matcher: fn(&CompilerError) -> bool,
    |     ^^^^^^^
404 |     fixer: fn(&CompilerError) -> Vec<FixSuggestion>,
    |     ^^^^^
    |
    = note: `ErrorPattern` has a derived impl for the trait `Clone`, but this is intentionally ignored during dead code analysis

warning: field `include_snippets` is never read
   --> src/error/structured.rs:510:5
    |
509 | pub struct LLMErrorFormatter {
    |            ----------------- field in this struct
510 |     include_snippets: bool,
    |     ^^^^^^^^^^^^^^^^

warning: method `read_quoted_identifier` is never used
   --> src/lexer/mod.rs:506:8
    |
 90 | impl Lexer {
    | ---------- method in this implementation
...
506 |     fn read_quoted_identifier(&mut self) -> Result<Token, LexerError> {
    |        ^^^^^^^^^^^^^^^^^^^^^^

warning: method `get_type_id` is never used
  --> src/llvm_backend/mod.rs:96:8
   |
65 | impl CleanupInfo {
   | ---------------- method in this implementation
...
96 |     fn get_type_id(&self, local_id: &mir::LocalId) -> TypeId {
   |        ^^^^^^^^^^^

warning: field `module` is never read
  --> src/lsp/server.rs:36:5
   |
34 | struct DocumentState {
   |        ------------- field in this struct
35 |     text: String,
36 |     module: Option<Module>,
   |     ^^^^^^
   |
   = note: `DocumentState` has a derived impl for the trait `Debug`, but this is intentionally ignored during dead code analysis

warning: fields `start`, `size`, `permissions`, and `status` are never read
  --> src/memory/mod.rs:61:5
   |
59 | struct MemoryRegion {
   |        ------------ fields in this struct
60 |     /// Start address
61 |     start: usize,
   |     ^^^^^
...
64 |     size: usize,
   |     ^^^^
...
67 |     permissions: MemoryPermissions,
   |     ^^^^^^^^^^^
...
70 |     status: AllocationStatus,
   |     ^^^^^^
   |
   = note: `MemoryRegion` has a derived impl for the trait `Debug`, but this is intentionally ignored during dead code analysis

warning: method `analyze_expression_memory` is never used
   --> src/memory/mod.rs:151:8
    |
 95 | impl MemoryAnalyzer {
    | ------------------- method in this implementation
...
151 |     fn analyze_expression_memory(
    |        ^^^^^^^^^^^^^^^^^^^^^^^^^

warning: field `parent` is never read
   --> src/mir/mod.rs:446:5
    |
445 | struct Scope {
    |        ----- field in this struct
446 |     parent: Option<ScopeId>,
    |     ^^^^^^

warning: method `get_enum_variant_associated_type` is never used
    --> src/mir/lowering.rs:4089:8
     |
  74 | impl LoweringContext {
     | -------------------- method in this implementation
...
4089 |     fn get_enum_variant_associated_type(
     |        ^^^^^^^^^^^^^^^^^^^^^^^^^^^^^^^^

warning: field `inlined_functions` is never read
  --> src/optimizations/inlining.rs:35:5
   |
30 | pub struct InliningPass {
   |            ------------ field in this struct
...
35 |     inlined_functions: HashSet<String>,
   |     ^^^^^^^^^^^^^^^^^
   |
   = note: `InliningPass` has a derived impl for the trait `Debug`, but this is intentionally ignored during dead code analysis

warning: fields `summaries` and `global_constants` are never read
  --> src/optimizations/interprocedural.rs:34:5
   |
29 | pub struct InterproceduralAnalysisPass {
   |            --------------------------- fields in this struct
...
34 |     summaries: HashMap<String, FunctionSummary>,
   |     ^^^^^^^^^
...
37 |     global_constants: GlobalConstantAnalysis,
   |     ^^^^^^^^^^^^^^^^
   |
   = note: `InterproceduralAnalysisPass` has a derived impl for the trait `Debug`, but this is intentionally ignored during dead code analysis

warning: fields `pure_functions`, `readonly_functions`, `modifying_functions`, `throwing_functions`, and `nonterminating_functions` are never read
  --> src/optimizations/interprocedural.rs:63:5
   |
61 | pub struct SideEffectAnalysis {
   |            ------------------ fields in this struct
62 |     /// Functions that are pure (no side effects)
63 |     pure_functions: HashSet<String>,
   |     ^^^^^^^^^^^^^^
...
66 |     readonly_functions: HashSet<String>,
   |     ^^^^^^^^^^^^^^^^^^
...
69 |     modifying_functions: HashSet<String>,
   |     ^^^^^^^^^^^^^^^^^^^
...
72 |     throwing_functions: HashSet<String>,
   |     ^^^^^^^^^^^^^^^^^^
...
75 |     nonterminating_functions: HashSet<String>,
   |     ^^^^^^^^^^^^^^^^^^^^^^^^
   |
   = note: `SideEffectAnalysis` has a derived impl for the trait `Debug`, but this is intentionally ignored during dead code analysis

warning: field `induction_variable` is never read
   --> src/optimizations/vectorization.rs:662:5
    |
659 | struct LoopInfo {
    |        -------- field in this struct
...
662 |     induction_variable: Option<Place>,
    |     ^^^^^^^^^^^^^^^^^^
    |
    = note: `LoopInfo` has derived impls for the traits `Clone` and `Debug`, but these are intentionally ignored during dead code analysis

warning: field `artifacts` is never read
  --> src/package/builder.rs:35:5
   |
30 | pub struct PackageBuilder {
   |            -------------- field in this struct
...
35 |     artifacts: Vec<BuildArtifact>,
   |     ^^^^^^^^^
   |
   = note: `PackageBuilder` has a derived impl for the trait `Debug`, but this is intentionally ignored during dead code analysis

warning: fields `artifacts`, `source_timestamps`, `dependency_timestamps`, `config_hash`, and `stats` are never read
  --> src/package/builder.rs:51:5
   |
49 | pub struct BuildCache {
   |            ---------- fields in this struct
50 |     /// Cached build artifacts
51 |     artifacts: HashMap<String, CachedArtifact>,
   |     ^^^^^^^^^
...
54 |     source_timestamps: HashMap<PathBuf, std::time::SystemTime>,
   |     ^^^^^^^^^^^^^^^^^
...
57 |     dependency_timestamps: HashMap<String, std::time::SystemTime>,
   |     ^^^^^^^^^^^^^^^^^^^^^
...
60 |     config_hash: Option<String>,
   |     ^^^^^^^^^^^
...
63 |     stats: BuildCacheStats,
   |     ^^^^^
   |
   = note: `BuildCache` has a derived impl for the trait `Debug`, but this is intentionally ignored during dead code analysis

warning: field `sandbox_config` is never read
   --> src/package/builder.rs:284:5
    |
282 | pub struct BuildScriptRunner {
    |            ----------------- field in this struct
283 |     /// Sandbox configuration
284 |     sandbox_config: SandboxConfig,
    |     ^^^^^^^^^^^^^^
    |
    = note: `BuildScriptRunner` has a derived impl for the trait `Debug`, but this is intentionally ignored during dead code analysis

warning: method `clear` is never used
   --> src/package/builder.rs:882:8
    |
881 | impl BuildCache {
    | --------------- method in this implementation
882 |     fn clear(&mut self) {
    |        ^^^^^

warning: methods `execute_shell_script`, `execute_python_script`, `execute_node_script`, `execute_custom_script`, and `execute_external_script` are never used
   --> src/package/builder.rs:949:8
    |
891 | impl BuildScriptRunner {
    | ---------------------- methods in this implementation
...
949 |     fn execute_shell_script(
    |        ^^^^^^^^^^^^^^^^^^^^
...
960 |     fn execute_python_script(
    |        ^^^^^^^^^^^^^^^^^^^^^
...
971 |     fn execute_node_script(
    |        ^^^^^^^^^^^^^^^^^^^
...
982 |     fn execute_custom_script(
    |        ^^^^^^^^^^^^^^^^^^^^^
...
994 |     fn execute_external_script(
    |        ^^^^^^^^^^^^^^^^^^^^^^^

warning: field `client` is never read
   --> src/package/registry.rs:109:5
    |
107 | pub struct HttpClient {
    |            ---------- field in this struct
108 |     /// HTTP client
109 |     client: reqwest::Client,
    |     ^^^^^^
    |
    = note: `HttpClient` has a derived impl for the trait `Debug`, but this is intentionally ignored during dead code analysis

warning: method `peek_keyword` is never used
   --> src/parser/mod.rs:555:8
    |
255 | impl Parser {
    | ----------- method in this implementation
...
555 |     fn peek_keyword(&self, expected: KeywordType) -> bool {
    |        ^^^^^^^^^^^^

warning: multiple methods are never used
   --> src/parser/v2.rs:210:8
    |
 80 | impl Parser {
    | ----------- methods in this implementation
...
210 |     fn synchronize(&mut self) {
    |        ^^^^^^^^^^^
...
245 |     fn synchronize_to_block_end(&mut self) {
    |        ^^^^^^^^^^^^^^^^^^^^^^^^
...
384 |     fn syntax_error(&self, message: &str, suggestion: Option<&str>) -> ParserError {
    |        ^^^^^^^^^^^^
...
393 |     fn missing_semicolon_error(&self) -> ParserError {
    |        ^^^^^^^^^^^^^^^^^^^^^^^
...
401 |     fn missing_type_error(&self, context: &str) -> ParserError {
    |        ^^^^^^^^^^^^^^^^^^
...
409 |     fn unexpected_token_error(&self, context: &str) -> ParserError {
    |        ^^^^^^^^^^^^^^^^^^^^^^
...
443 |     fn expected_expression_hint(&self) -> &'static str {
    |        ^^^^^^^^^^^^^^^^^^^^^^^^

warning: fields `cache` and `resolver` are never read
  --> src/patterns/composition.rs:31:5
   |
26 | pub struct CompositionEngine {
   |            ----------------- fields in this struct
...
31 |     cache: HashMap<String, ComposedPattern>,
   |     ^^^^^
...
34 |     resolver: ConflictResolver,
   |     ^^^^^^^^

warning: field `strategies` is never read
   --> src/patterns/composition.rs:149:5
    |
147 | pub struct ConflictResolver {
    |            ---------------- field in this struct
148 |     /// Resolution strategies
149 |     strategies: HashMap<ConflictType, ResolutionStrategy>,
    |     ^^^^^^^^^^

warning: variant `Sequential` is never constructed
    --> src/patterns/composition.rs:1075:5
     |
1073 | enum PatternRelationship {
     |      ------------------- variant in this enum
1074 |     Independent,
1075 |     Sequential,
     |     ^^^^^^^^^^
     |
     = note: `PatternRelationship` has derived impls for the traits `Clone` and `Debug`, but these are intentionally ignored during dead code analysis

warning: field `stdlib` is never read
   --> src/pipeline/mod.rs:183:5
    |
181 | pub struct CompilationPipeline {
    |            ------------------- field in this struct
182 |     options: CompileOptions,
183 |     stdlib: StandardLibrary,
    |     ^^^^^^

warning: fields `project_info`, `history`, `automation`, `artifacts`, `distribution`, and `packaging` are never read
  --> src/release/mod.rs:38:5
   |
36 | pub struct ReleaseManager {
   |            -------------- fields in this struct
37 |     /// Project information
38 |     project_info: ProjectInfo,
   |     ^^^^^^^^^^^^
...
41 |     history: ReleaseHistory,
   |     ^^^^^^^
...
44 |     automation: automation::AutomationPipeline,
   |     ^^^^^^^^^^
...
47 |     artifacts: artifacts::ArtifactManager,
   |     ^^^^^^^^^
...
50 |     distribution: distribution::DistributionManager,
   |     ^^^^^^^^^^^^
...
53 |     packaging: packaging::PackageBuilder,
   |     ^^^^^^^^^
   |
   = note: `ReleaseManager` has a derived impl for the trait `Debug`, but this is intentionally ignored during dead code analysis

warning: method `get_content_type` is never used
    --> src/release/distribution.rs:1077:8
     |
 945 | impl DistributionManager {
     | ------------------------ method in this implementation
...
1077 |     fn get_content_type(&self, format: &PackageFormat) -> String {
     |        ^^^^^^^^^^^^^^^^

warning: fields `formats` and `compression` are never read
  --> src/release/packaging.rs:38:5
   |
27 | pub struct PackageBuilder {
   |            -------------- fields in this struct
...
38 |     formats: Vec<PackageFormat>,
   |     ^^^^^^^
...
41 |     compression: CompressionSettings,
   |     ^^^^^^^^^^^
   |
   = note: `PackageBuilder` has a derived impl for the trait `Debug`, but this is intentionally ignored during dead code analysis

warning: field `settings` is never read
   --> src/release/updates.rs:644:5
    |
633 | pub struct UpdateCache<T> {
    |            ----------- field in this struct
...
644 |     settings: CacheSettings,
    |     ^^^^^^^^
    |
    = note: `UpdateCache` has a derived impl for the trait `Debug`, but this is intentionally ignored during dead code analysis

warning: fields `trusted_certs`, `signature_verification`, and `cert_validation` are never read
   --> src/release/updates.rs:878:5
    |
873 | pub struct UpdateSecurity {
    |            -------------- fields in this struct
...
878 |     trusted_certs: Vec<Certificate>,
    |     ^^^^^^^^^^^^^
...
881 |     signature_verification: SignatureVerificationConfig,
    |     ^^^^^^^^^^^^^^^^^^^^^^
...
884 |     cert_validation: CertificateValidation,
    |     ^^^^^^^^^^^^^^^
    |
    = note: `UpdateSecurity` has a derived impl for the trait `Debug`, but this is intentionally ignored during dead code analysis

warning: field `pools` is never read
  --> src/resource/analysis.rs:37:5
   |
26 | pub struct ResourceAnalyzer {
   |            ---------------- field in this struct
...
37 |     pools: HashMap<String, ResourcePool>,
   |     ^^^^^

warning: fields `depth` and `location` are never read
  --> src/resource/analysis.rs:48:5
   |
45 | struct ScopeInfo {
   |        --------- fields in this struct
...
48 |     depth: usize,
   |     ^^^^^
49 |     location: SourceLocation,
   |     ^^^^^^^^
   |
   = note: `ScopeInfo` has derived impls for the traits `Clone` and `Debug`, but these are intentionally ignored during dead code analysis

warning: function `create_external_function` is never used
  --> src/stdlib/mod.rs:95:15
   |
95 | pub(crate) fn create_external_function(
   |               ^^^^^^^^^^^^^^^^^^^^^^^^

warning: fields `assertions` and `variables` are never read
  --> src/verification/solver.rs:26:5
   |
24 | pub struct SmtSolver {
   |            --------- fields in this struct
25 |     /// SMT-LIB assertions
26 |     assertions: Vec<String>,
   |     ^^^^^^^^^^
...
29 |     variables: HashMap<String, String>,
   |     ^^^^^^^^^
   |
   = note: `SmtSolver` has a derived impl for the trait `Debug`, but this is intentionally ignored during dead code analysis

warning: hiding a lifetime that's elided elsewhere is confusing
   --> src/concurrency/sync_primitives.rs:395:17
    |
395 |     pub fn lock(&self) -> LockResult<MutexGuard> {
    |                 ^^^^^                ^^^^^^^^^^ the same lifetime is hidden here
    |                 |
    |                 the lifetime is elided here
    |
    = help: the same lifetime is referred to in inconsistent ways, making the signature confusing
    = note: `#[warn(mismatched_lifetime_syntaxes)]` on by default
help: use `'_` for type paths
    |
395 |     pub fn lock(&self) -> LockResult<MutexGuard<'_>> {
    |                                                ++++

warning: hiding a lifetime that's elided elsewhere is confusing
   --> src/concurrency/sync_primitives.rs:434:21
    |
434 |     pub fn try_lock(&self) -> LockResult<MutexGuard> {
    |                     ^^^^^                ^^^^^^^^^^ the same lifetime is hidden here
    |                     |
    |                     the lifetime is elided here
    |
    = help: the same lifetime is referred to in inconsistent ways, making the signature confusing
help: use `'_` for type paths
    |
434 |     pub fn try_lock(&self) -> LockResult<MutexGuard<'_>> {
    |                                                    ++++

warning: hiding a lifetime that's elided elsewhere is confusing
   --> src/concurrency/sync_primitives.rs:615:17
    |
615 |     pub fn read(&self) -> LockResult<ReadGuard> {
    |                 ^^^^^                ^^^^^^^^^ the same lifetime is hidden here
    |                 |
    |                 the lifetime is elided here
    |
    = help: the same lifetime is referred to in inconsistent ways, making the signature confusing
help: use `'_` for type paths
    |
615 |     pub fn read(&self) -> LockResult<ReadGuard<'_>> {
    |                                               ++++

warning: hiding a lifetime that's elided elsewhere is confusing
   --> src/concurrency/sync_primitives.rs:634:18
    |
634 |     pub fn write(&self) -> LockResult<WriteGuard> {
    |                  ^^^^^                ^^^^^^^^^^ the same lifetime is hidden here
    |                  |
    |                  the lifetime is elided here
    |
    = help: the same lifetime is referred to in inconsistent ways, making the signature confusing
help: use `'_` for type paths
    |
634 |     pub fn write(&self) -> LockResult<WriteGuard<'_>> {
    |                                                 ++++

warning: unused `Result` that must be used
   --> src/llvm_backend/mod.rs:453:29
    |
453 | ...                   builder.build_return(Some(&return_value));
    |                       ^^^^^^^^^^^^^^^^^^^^^^^^^^^^^^^^^^^^^^^^^
    |
    = note: this `Result` may be an `Err` variant, which should be handled
    = note: `#[warn(unused_must_use)]` (part of `#[warn(unused)]`) on by default
help: use `let _ = ...` to ignore the resulting value
    |
453 |                             let _ = builder.build_return(Some(&return_value));
    |                             +++++++

warning: unused `Result` that must be used
   --> src/llvm_backend/mod.rs:462:29
    |
462 | ...                   builder.build_return(Some(&i32_type.const_int(0, false)));
    |                       ^^^^^^^^^^^^^^^^^^^^^^^^^^^^^^^^^^^^^^^^^^^^^^^^^^^^^^^^^
    |
    = note: this `Result` may be an `Err` variant, which should be handled
help: use `let _ = ...` to ignore the resulting value
    |
462 |                             let _ = builder.build_return(Some(&i32_type.const_int(0, false)));
    |                             +++++++

warning: hiding a lifetime that's elided elsewhere is confusing
  --> src/llvm_backend/context.rs:47:26
   |
47 |     pub fn create_module(&self, name: &str) -> Module {
   |                          ^^^^^                 ^^^^^^ the same lifetime is hidden here
   |                          |
   |                          the lifetime is elided here
   |
   = help: the same lifetime is referred to in inconsistent ways, making the signature confusing
help: use `'_` for type paths
   |
47 |     pub fn create_module(&self, name: &str) -> Module<'_> {
   |                                                      ++++

warning: hiding a lifetime that's elided elsewhere is confusing
  --> src/llvm_backend/context.rs:58:27
   |
58 |     pub fn create_builder(&self) -> Builder {
   |                           ^^^^^     ^^^^^^^ the same lifetime is hidden here
   |                           |
   |                           the lifetime is elided here
   |
   = help: the same lifetime is referred to in inconsistent ways, making the signature confusing
help: use `'_` for type paths
   |
58 |     pub fn create_builder(&self) -> Builder<'_> {
   |                                            ++++

warning: using `.clone()` on a double reference, which returns `&version::Version` instead of cloning the inner type
   --> src/package/resolver.rs:538:61
    |
538 |                 Ok(compatible_versions.iter().max().unwrap().clone().clone())
    |                                                             ^^^^^^^^
    |
    = note: `#[warn(suspicious_double_ref_op)]` on by default

warning: using `.clone()` on a double reference, which returns `&version::Version` instead of cloning the inner type
   --> src/package/resolver.rs:541:61
    |
541 |                 Ok(compatible_versions.iter().min().unwrap().clone().clone())
    |                                                             ^^^^^^^^

warning: using `.clone()` on a double reference, which returns `&version::Version` instead of cloning the inner type
   --> src/package/resolver.rs:545:61
    |
545 |                 Ok(compatible_versions.iter().min().unwrap().clone().clone())
    |                                                             ^^^^^^^^

warning: using `.clone()` on a double reference, which returns `&version::Version` instead of cloning the inner type
   --> src/package/resolver.rs:549:61
    |
549 |                 Ok(compatible_versions.iter().max().unwrap().clone().clone())
    |                                                             ^^^^^^^^

warning: hiding a lifetime that's elided elsewhere is confusing
  --> src/profiling/mod.rs:91:24
   |
91 |     pub fn start_phase(&mut self, phase_name: &str) -> PhaseTimer {
   |                        ^^^^^^^^^                       ^^^^^^^^^^ the same lifetime is hidden here
   |                        |
   |                        the lifetime is elided here
   |
   = help: the same lifetime is referred to in inconsistent ways, making the signature confusing
help: use `'_` for type paths
   |
91 |     pub fn start_phase(&mut self, phase_name: &str) -> PhaseTimer<'_> {
   |                                                                  ++++

warning: unused `Result` that must be used
    --> src/semantic/mod.rs:2918:9
     |
2918 |         self.symbol_table.exit_scope();
     |         ^^^^^^^^^^^^^^^^^^^^^^^^^^^^^^
     |
     = note: this `Result` may be an `Err` variant, which should be handled
help: use `let _ = ...` to ignore the resulting value
     |
2918 |         let _ = self.symbol_table.exit_scope();
     |         +++++++

warning: `aether` (lib) generated 195 warnings (run `cargo fix --lib -p aether` to apply 46 suggestions)
    Finished `dev` profile [unoptimized + debuginfo] target(s) in 0.75s
     Running `target/debug/aether-compiler tokens tests/fixtures/simple_module.aether`
Lexer error: UnterminatedString { location: SourceLocation { file: "tests/fixtures/simple_module.aether", line: 2, column: 9, offset: 23 } }

  left: 1
 right: 0


failures:
    test_cli_ast_command
    test_cli_ast_output_to_directory
    test_cli_check_debug_mode
    test_cli_check_invalid_file
    test_cli_check_mixed_files
    test_cli_check_multiple_files
    test_cli_check_valid_file
    test_cli_check_verbose_mode
    test_cli_compile_command
    test_cli_compile_with_output
    test_cli_global_debug_flag
    test_cli_global_verbose_flag
    test_cli_tokens_command
    test_cli_tokens_output_to_directory
    test_performance_large_file

test result: FAILED. 6 passed; 15 failed; 0 ignored; 0 measured; 0 filtered out; finished in 5.79s

error: test failed, to rerun pass `--test cli_integration_tests`
